{"stage": "structure", "method": "early_dynamic", "epoch": 0, "loss": 3.179928421974182}
{"stage": "structure", "method": "early_dynamic", "epoch": 25, "loss": 1.7413610219955444}
{"stage": "structure", "method": "early_dynamic", "epoch": 50, "loss": 1.3941592574119568}
{"stage": "structure", "method": "early_dynamic", "epoch": 75, "loss": 1.0942947566509247}
{"stage": "structure", "method": "early_dynamic", "epoch": 100, "loss": 1.014210268855095}
{"stage": "structure", "method": "early_dynamic", "epoch": 125, "loss": 1.0997952371835709}
{"stage": "structure", "method": "early_dynamic", "epoch": 150, "loss": 0.6589981764554977}
{"stage": "structure", "method": "early_dynamic", "epoch": 175, "loss": 0.8361657112836838}
{"stage": "structure", "method": "early_dynamic", "epoch": 200, "loss": 0.6046662032604218}
{"stage": "structure", "method": "early_dynamic", "epoch": 225, "loss": 0.8289202451705933}
{"stage": "structure", "method": "early_dynamic", "epoch": 250, "loss": 0.7575575560331345}
{"stage": "structure", "method": "early_dynamic", "epoch": 275, "loss": 0.6732526943087578}
{"stage": "ctm", "method": "early_dynamic", "epoch": 0, "ctm_loss": 0.06096339272335172, "pseudo_dsm_loss": 0.3331448324024677, "selection_loss": 0.09427787596359849}
{"stage": "ctm", "method": "early_dynamic", "epoch": 25, "ctm_loss": 0.09098464716225863, "pseudo_dsm_loss": 0.39304257556796074, "selection_loss": 0.1302889047190547}
{"stage": "ctm", "method": "early_dynamic", "epoch": 50, "ctm_loss": 0.059512477833777666, "pseudo_dsm_loss": 0.44672059267759323, "selection_loss": 0.104184537101537}
{"stage": "ctm", "method": "early_dynamic", "epoch": 75, "ctm_loss": 0.06497436389327049, "pseudo_dsm_loss": 0.40499311685562134, "selection_loss": 0.10547367557883264}
{"stage": "ctm", "method": "early_dynamic", "epoch": 100, "ctm_loss": 0.043992497492581606, "pseudo_dsm_loss": 0.30679359659552574, "selection_loss": 0.07467185715213417}
{"stage": "ctm", "method": "early_dynamic", "epoch": 125, "ctm_loss": 0.04796959552913904, "pseudo_dsm_loss": 0.2786940596997738, "selection_loss": 0.07583900149911642}
{"stage": "ctm", "method": "early_dynamic", "epoch": 150, "ctm_loss": 0.06526034418493509, "pseudo_dsm_loss": 0.30405913665890694, "selection_loss": 0.09566625785082579}
{"stage": "ctm", "method": "early_dynamic", "epoch": 175, "ctm_loss": 0.06801008060574532, "pseudo_dsm_loss": 0.3562716953456402, "selection_loss": 0.10363725014030933}
{"stage": "ctm", "method": "early_dynamic", "epoch": 200, "ctm_loss": 0.05009660217911005, "pseudo_dsm_loss": 0.31861814484000206, "selection_loss": 0.08195841666311027}
{"stage": "ctm", "method": "early_dynamic", "epoch": 225, "ctm_loss": 0.04752360191196203, "pseudo_dsm_loss": 0.22754387371242046, "selection_loss": 0.07027798928320408}
{"stage": "ctm", "method": "early_dynamic", "epoch": 250, "ctm_loss": 0.05253193713724613, "pseudo_dsm_loss": 0.2643051724880934, "selection_loss": 0.07896245438605547}
{"stage": "ctm", "method": "early_dynamic", "epoch": 275, "ctm_loss": 0.08234887849539518, "pseudo_dsm_loss": 0.3879629969596863, "selection_loss": 0.1211451781913638}
{"stage": "ctm", "method": "early_dynamic", "epoch": 300, "ctm_loss": 0.0452353754080832, "pseudo_dsm_loss": 0.31158069521188736, "selection_loss": 0.07639344492927194}
{"stage": "ctm", "method": "early_dynamic", "epoch": 325, "ctm_loss": 0.03922715038061142, "pseudo_dsm_loss": 0.27318352088332176, "selection_loss": 0.0665455024689436}
{"stage": "ctm", "method": "early_dynamic", "epoch": 350, "ctm_loss": 0.044340542051941156, "pseudo_dsm_loss": 0.38508667796850204, "selection_loss": 0.08284920984879136}
{"stage": "ctm", "method": "early_dynamic", "epoch": 375, "ctm_loss": 0.04076231364160776, "pseudo_dsm_loss": 0.33688605576753616, "selection_loss": 0.07445091921836139}
{"stage": "ctm", "method": "early_dynamic", "epoch": 400, "ctm_loss": 0.054998135194182396, "pseudo_dsm_loss": 0.32335111126303673, "selection_loss": 0.08733324632048607}
{"stage": "ctm", "method": "early_dynamic", "epoch": 425, "ctm_loss": 0.04106217576190829, "pseudo_dsm_loss": 0.30183665454387665, "selection_loss": 0.07124584121629596}
{"stage": "ctm", "method": "early_dynamic", "epoch": 450, "ctm_loss": 0.03992889169603586, "pseudo_dsm_loss": 0.1609649918973446, "selection_loss": 0.056025390885770326}
{"stage": "ctm", "method": "early_dynamic", "epoch": 475, "ctm_loss": 0.03452241327613592, "pseudo_dsm_loss": 0.2897031717002392, "selection_loss": 0.06349273044615984}
{
  "method": "early_dynamic",
  "student_architecture": {
    "layers": 3,
    "embed_dim": 48,
    "heads": 3
  },
  "multi_noise": 1,
  "endpoint_weight": 0.0,
  "mode_balanced_sampling": false,
  "stratified_multitime": false,
  "initialization": {
    "teacher_layers": [
      0,
      1,
      2
    ],
    "selected_heads": [
      0,
      1,
      2
    ],
    "selected_channels": [
      0,
      1,
      2,
      3,
      4,
      6,
      7,
      8,
      10,
      11,
      12,
      13,
      14,
      15,
      16,
      17,
      18,
      19,
      20,
      21,
      22,
      23,
      25,
      27,
      28,
      29,
      30,
      31,
      32,
      33,
      34,
      35,
      36,
      37,
      38,
      39,
      40,
      41,
      42,
      43,
      44,
      46,
      47,
      48,
      50,
      51,
      52,
      53
    ],
    "method": "early",
    "load_max_abs_diff": 0.0
  },
  "uses_original_demonstrations": false,
  "uses_expert_actions": false,
  "buffer": "logs/avoiding/teacher_generated_transfer/transfer_buffer.pt",
  "structure_dynamic_pretraining": true,
  "pretrain_epochs": 300,
  "ctm_epochs": 500,
  "best_epoch": 483,
  "best_selection_loss": 0.05328192450106144
}
