{"stage": "ctm", "method": "minilmv2_relation", "epoch": 0, "ctm_loss": 0.06717770756222308, "pseudo_dsm_loss": 0.22063098847866058, "endpoint_anchor_loss": 0.0, "mode_gram_loss": 0.0, "endpoint_mmd_loss": 0.0, "selection_loss": 0.08924080641008914}
{"stage": "ctm", "method": "minilmv2_relation", "epoch": 25, "ctm_loss": 0.037625421304255724, "pseudo_dsm_loss": 0.20600739121437073, "endpoint_anchor_loss": 0.0, "mode_gram_loss": 0.0, "endpoint_mmd_loss": 0.0, "selection_loss": 0.0582261604256928}
{"stage": "ctm", "method": "minilmv2_relation", "epoch": 50, "ctm_loss": 0.03581131738610566, "pseudo_dsm_loss": 0.1860052142292261, "endpoint_anchor_loss": 0.0, "mode_gram_loss": 0.0, "endpoint_mmd_loss": 0.0, "selection_loss": 0.054411838809028265}
{"stage": "ctm", "method": "minilmv2_relation", "epoch": 75, "ctm_loss": 0.09344117995351553, "pseudo_dsm_loss": 0.196112260222435, "endpoint_anchor_loss": 0.0, "mode_gram_loss": 0.0, "endpoint_mmd_loss": 0.0, "selection_loss": 0.11305240597575902}
{"stage": "ctm", "method": "minilmv2_relation", "epoch": 100, "ctm_loss": 0.029072230216115713, "pseudo_dsm_loss": 0.1840295623987913, "endpoint_anchor_loss": 0.0, "mode_gram_loss": 0.0, "endpoint_mmd_loss": 0.0, "selection_loss": 0.04747518645599484}
{"stage": "ctm", "method": "minilmv2_relation", "epoch": 125, "ctm_loss": 0.023640418658033013, "pseudo_dsm_loss": 0.21434077620506287, "endpoint_anchor_loss": 0.0, "mode_gram_loss": 0.0, "endpoint_mmd_loss": 0.0, "selection_loss": 0.0450744962785393}
{"stage": "ctm", "method": "minilmv2_relation", "epoch": 150, "ctm_loss": 0.018307187245227396, "pseudo_dsm_loss": 0.1983957327902317, "endpoint_anchor_loss": 0.0, "mode_gram_loss": 0.0, "endpoint_mmd_loss": 0.0, "selection_loss": 0.03814676052425057}
{"stage": "ctm", "method": "minilmv2_relation", "epoch": 175, "ctm_loss": 0.03798888373421505, "pseudo_dsm_loss": 0.1990365982055664, "endpoint_anchor_loss": 0.0, "mode_gram_loss": 0.0, "endpoint_mmd_loss": 0.0, "selection_loss": 0.05789254355477169}
{"stage": "ctm", "method": "minilmv2_relation", "epoch": 200, "ctm_loss": 0.026900640921667218, "pseudo_dsm_loss": 0.13204083405435085, "endpoint_anchor_loss": 0.0, "mode_gram_loss": 0.0, "endpoint_mmd_loss": 0.0, "selection_loss": 0.040104724327102305}
{"stage": "ctm", "method": "minilmv2_relation", "epoch": 225, "ctm_loss": 0.04319464531727135, "pseudo_dsm_loss": 0.202081810683012, "endpoint_anchor_loss": 0.0, "mode_gram_loss": 0.0, "endpoint_mmd_loss": 0.0, "selection_loss": 0.06340282638557256}
{"stage": "ctm", "method": "minilmv2_relation", "epoch": 250, "ctm_loss": 0.038235210347920656, "pseudo_dsm_loss": 0.10609428584575653, "endpoint_anchor_loss": 0.0, "mode_gram_loss": 0.0, "endpoint_mmd_loss": 0.0, "selection_loss": 0.04884463893249631}
{"stage": "ctm", "method": "minilmv2_relation", "epoch": 275, "ctm_loss": 0.03043075872119516, "pseudo_dsm_loss": 0.18627273477613926, "endpoint_anchor_loss": 0.0, "mode_gram_loss": 0.0, "endpoint_mmd_loss": 0.0, "selection_loss": 0.04905803219880909}
{"stage": "ctm", "method": "minilmv2_relation", "epoch": 300, "ctm_loss": 0.030973433051258326, "pseudo_dsm_loss": 0.15284649468958378, "endpoint_anchor_loss": 0.0, "mode_gram_loss": 0.0, "endpoint_mmd_loss": 0.0, "selection_loss": 0.0462580825202167}
{"stage": "ctm", "method": "minilmv2_relation", "epoch": 325, "ctm_loss": 0.031007858458906412, "pseudo_dsm_loss": 0.19190332293510437, "endpoint_anchor_loss": 0.0, "mode_gram_loss": 0.0, "endpoint_mmd_loss": 0.0, "selection_loss": 0.050198190752416855}
{"stage": "ctm", "method": "minilmv2_relation", "epoch": 350, "ctm_loss": 0.02780062600504607, "pseudo_dsm_loss": 0.1807489525526762, "endpoint_anchor_loss": 0.0, "mode_gram_loss": 0.0, "endpoint_mmd_loss": 0.0, "selection_loss": 0.04587552126031369}
{"stage": "ctm", "method": "minilmv2_relation", "epoch": 375, "ctm_loss": 0.02776247588917613, "pseudo_dsm_loss": 0.17724590003490448, "endpoint_anchor_loss": 0.0, "mode_gram_loss": 0.0, "endpoint_mmd_loss": 0.0, "selection_loss": 0.04548706589266658}
{"stage": "ctm", "method": "minilmv2_relation", "epoch": 400, "ctm_loss": 0.035729007329791784, "pseudo_dsm_loss": 0.12174238450825214, "endpoint_anchor_loss": 0.0, "mode_gram_loss": 0.0, "endpoint_mmd_loss": 0.0, "selection_loss": 0.047903245780617}
{"stage": "ctm", "method": "minilmv2_relation", "epoch": 425, "ctm_loss": 0.04944850550964475, "pseudo_dsm_loss": 0.1480274721980095, "endpoint_anchor_loss": 0.0, "mode_gram_loss": 0.0, "endpoint_mmd_loss": 0.0, "selection_loss": 0.0642512527294457}
{"stage": "ctm", "method": "minilmv2_relation", "epoch": 450, "ctm_loss": 0.03198622347554192, "pseudo_dsm_loss": 0.15556739643216133, "endpoint_anchor_loss": 0.0, "mode_gram_loss": 0.0, "endpoint_mmd_loss": 0.0, "selection_loss": 0.04754296311875805}
{"stage": "ctm", "method": "minilmv2_relation", "epoch": 475, "ctm_loss": 0.03197090234607458, "pseudo_dsm_loss": 0.1580764576792717, "endpoint_anchor_loss": 0.0, "mode_gram_loss": 0.0, "endpoint_mmd_loss": 0.0, "selection_loss": 0.047778548114001756}
{
  "method": "minilmv2_relation",
  "experiment_label": "demonstration_free_ctm",
  "demonstration_free": true,
  "ctm_data_source": "rollout",
  "ctm_balance_kind": "none",
  "ctm_latent_labels": null,
  "ctm_success_only": false,
  "demonstration_mixture_probability": 0.0,
  "student_architecture": {
    "layers": 3,
    "embed_dim": 48,
    "heads": 3
  },
  "multi_noise": 1,
  "endpoint_weight": 0.0,
  "mode_balanced_sampling": false,
  "stratified_multitime": false,
  "initialization": {
    "teacher_layers": [
      0,
      1,
      2
    ],
    "selected_heads": [
      0,
      1,
      2
    ],
    "selected_channels": [
      0,
      1,
      2,
      3,
      4,
      6,
      7,
      8,
      10,
      11,
      12,
      13,
      14,
      15,
      16,
      17,
      18,
      19,
      20,
      21,
      22,
      23,
      25,
      27,
      28,
      29,
      30,
      31,
      32,
      33,
      34,
      35,
      36,
      37,
      38,
      39,
      40,
      41,
      42,
      43,
      44,
      46,
      47,
      48,
      50,
      51,
      52,
      53
    ],
    "method": "early",
    "load_max_abs_diff": 0.0,
    "pretrained_structure": "logs/avoiding/teacher_generated_minilmv2_repair_accuracy/velocity_w1/model/pretrain_epoch_0250.pth"
  },
  "uses_original_demonstrations": false,
  "uses_expert_actions": false,
  "demonstration_dir": null,
  "buffer": "logs/avoiding/bmd_velocity250/transfer_buffer.pt",
  "structure_dynamic_pretraining": false,
  "pretrain_epochs": 0,
  "ctm_epochs": 500,
  "ctm_dsm_weight": 0.1,
  "ctm_endpoint_anchor_weight": 0.0,
  "ctm_mode_weight": 0.0,
  "ctm_endpoint_mmd_weight": 0.0,
  "ctm_conditional_samples": 4,
  "ctm_milestones": [
    100,
    250,
    500
  ],
  "best_epoch": 424,
  "best_selection_loss": 0.026127947680652144
}
