{"stage": "ctm", "method": "minilmv2_relation", "epoch": 0, "ctm_loss": 0.024937210837379098, "pseudo_dsm_loss": 0.17858434841036797, "endpoint_anchor_loss": 0.0, "mode_gram_loss": 0.0, "selection_loss": 0.0427956456784159}
{"stage": "ctm", "method": "minilmv2_relation", "epoch": 25, "ctm_loss": 0.0206114697502926, "pseudo_dsm_loss": 0.1817145198583603, "endpoint_anchor_loss": 0.0, "mode_gram_loss": 0.0, "selection_loss": 0.03878292173612863}
{"stage": "ctm", "method": "minilmv2_relation", "epoch": 50, "ctm_loss": 0.0632948512211442, "pseudo_dsm_loss": 0.1871301643550396, "endpoint_anchor_loss": 0.0, "mode_gram_loss": 0.0, "selection_loss": 0.08200786765664816}
{"stage": "ctm", "method": "minilmv2_relation", "epoch": 75, "ctm_loss": 0.019129318825434893, "pseudo_dsm_loss": 0.18516898527741432, "endpoint_anchor_loss": 0.0, "mode_gram_loss": 0.0, "selection_loss": 0.03764621735317633}
{"stage": "ctm", "method": "minilmv2_relation", "epoch": 100, "ctm_loss": 0.04070256755221635, "pseudo_dsm_loss": 0.18053199164569378, "endpoint_anchor_loss": 0.0, "mode_gram_loss": 0.0, "selection_loss": 0.05875576671678573}
{"stage": "ctm", "method": "minilmv2_relation", "epoch": 125, "ctm_loss": 0.019176609232090414, "pseudo_dsm_loss": 0.16077587008476257, "endpoint_anchor_loss": 0.0, "mode_gram_loss": 0.0, "selection_loss": 0.03525419624056667}
{"stage": "ctm", "method": "minilmv2_relation", "epoch": 150, "ctm_loss": 0.06425579404458404, "pseudo_dsm_loss": 0.17844292894005775, "endpoint_anchor_loss": 0.0, "mode_gram_loss": 0.0, "selection_loss": 0.0821000869385898}
{"stage": "ctm", "method": "minilmv2_relation", "epoch": 175, "ctm_loss": 0.03329039504751563, "pseudo_dsm_loss": 0.1531787347048521, "endpoint_anchor_loss": 0.0, "mode_gram_loss": 0.0, "selection_loss": 0.04860826851800084}
{"stage": "ctm", "method": "minilmv2_relation", "epoch": 200, "ctm_loss": 0.04396310285665095, "pseudo_dsm_loss": 0.1738625317811966, "endpoint_anchor_loss": 0.0, "mode_gram_loss": 0.0, "selection_loss": 0.06134935603477061}
{"stage": "ctm", "method": "minilmv2_relation", "epoch": 225, "ctm_loss": 0.05049891630187631, "pseudo_dsm_loss": 0.1312619149684906, "endpoint_anchor_loss": 0.0, "mode_gram_loss": 0.0, "selection_loss": 0.06362510779872536}
{"stage": "ctm", "method": "minilmv2_relation", "epoch": 250, "ctm_loss": 0.023588521871715784, "pseudo_dsm_loss": 0.15133276395499706, "endpoint_anchor_loss": 0.0, "mode_gram_loss": 0.0, "selection_loss": 0.03872179826721549}
{"stage": "ctm", "method": "minilmv2_relation", "epoch": 275, "ctm_loss": 0.023778796079568565, "pseudo_dsm_loss": 0.16944522596895695, "endpoint_anchor_loss": 0.0, "mode_gram_loss": 0.0, "selection_loss": 0.04072331867646426}
{"stage": "ctm", "method": "minilmv2_relation", "epoch": 300, "ctm_loss": 0.04019686617539264, "pseudo_dsm_loss": 0.1996491327881813, "endpoint_anchor_loss": 0.0, "mode_gram_loss": 0.0, "selection_loss": 0.06016177945421078}
{"stage": "ctm", "method": "minilmv2_relation", "epoch": 325, "ctm_loss": 0.022330649429932237, "pseudo_dsm_loss": 0.18985779210925102, "endpoint_anchor_loss": 0.0, "mode_gram_loss": 0.0, "selection_loss": 0.04131642864085734}
{"stage": "ctm", "method": "minilmv2_relation", "epoch": 350, "ctm_loss": 0.04798782104626298, "pseudo_dsm_loss": 0.18035807833075523, "endpoint_anchor_loss": 0.0, "mode_gram_loss": 0.0, "selection_loss": 0.0660236288793385}
{"stage": "ctm", "method": "minilmv2_relation", "epoch": 375, "ctm_loss": 0.043969955237116665, "pseudo_dsm_loss": 0.208904217928648, "endpoint_anchor_loss": 0.0, "mode_gram_loss": 0.0, "selection_loss": 0.06486037702998146}
{"stage": "ctm", "method": "minilmv2_relation", "epoch": 400, "ctm_loss": 0.02312331344000995, "pseudo_dsm_loss": 0.1935921348631382, "endpoint_anchor_loss": 0.0, "mode_gram_loss": 0.0, "selection_loss": 0.042482526926323774}
{"stage": "ctm", "method": "minilmv2_relation", "epoch": 425, "ctm_loss": 0.025148515589535236, "pseudo_dsm_loss": 0.11238199286162853, "endpoint_anchor_loss": 0.0, "mode_gram_loss": 0.0, "selection_loss": 0.03638671487569809}
{"stage": "ctm", "method": "minilmv2_relation", "epoch": 450, "ctm_loss": 0.03207736526383087, "pseudo_dsm_loss": 0.1690820064395666, "endpoint_anchor_loss": 0.0, "mode_gram_loss": 0.0, "selection_loss": 0.048985565907787534}
{"stage": "ctm", "method": "minilmv2_relation", "epoch": 475, "ctm_loss": 0.03498438617680222, "pseudo_dsm_loss": 0.14923416636884212, "endpoint_anchor_loss": 0.0, "mode_gram_loss": 0.0, "selection_loss": 0.04990780281368643}
{
  "method": "minilmv2_relation",
  "experiment_label": "demonstration_free_ctm",
  "demonstration_free": true,
  "ctm_data_source": "rollout",
  "ctm_balance_kind": "bmd_latent",
  "ctm_latent_labels": "logs/avoiding/bmd_velocity250/discovery/k4_seed42/discovery.npz",
  "ctm_success_only": false,
  "demonstration_mixture_probability": 0.0,
  "student_architecture": {
    "layers": 3,
    "embed_dim": 48,
    "heads": 3
  },
  "multi_noise": 1,
  "endpoint_weight": 0.0,
  "mode_balanced_sampling": false,
  "stratified_multitime": false,
  "initialization": {
    "teacher_layers": [
      0,
      1,
      2
    ],
    "selected_heads": [
      0,
      1,
      2
    ],
    "selected_channels": [
      0,
      1,
      2,
      3,
      4,
      6,
      7,
      8,
      10,
      11,
      12,
      13,
      14,
      15,
      16,
      17,
      18,
      19,
      20,
      21,
      22,
      23,
      25,
      27,
      28,
      29,
      30,
      31,
      32,
      33,
      34,
      35,
      36,
      37,
      38,
      39,
      40,
      41,
      42,
      43,
      44,
      46,
      47,
      48,
      50,
      51,
      52,
      53
    ],
    "method": "early",
    "load_max_abs_diff": 0.0,
    "pretrained_structure": "logs/avoiding/teacher_generated_minilmv2_repair_accuracy/velocity_w1/model/pretrain_epoch_0250.pth"
  },
  "uses_original_demonstrations": false,
  "uses_expert_actions": false,
  "demonstration_dir": null,
  "buffer": "logs/avoiding/bmd_velocity250/transfer_buffer.pt",
  "structure_dynamic_pretraining": false,
  "pretrain_epochs": 0,
  "ctm_epochs": 500,
  "ctm_dsm_weight": 0.1,
  "ctm_endpoint_anchor_weight": 0.0,
  "ctm_mode_weight": 0.0,
  "ctm_conditional_samples": 4,
  "ctm_milestones": [
    100,
    250,
    500
  ],
  "best_epoch": 37,
  "best_selection_loss": 0.026574499323032796
}
