{"epoch": 10, "loss": 2.6772529738289967, "validation": {"0.25": {"macro_f1": 0.053816526610644254, "balanced_accuracy": 0.08988095238095238, "per_class_recall": [0.0, 0.0, 1.0, 0.0, 0.8571428571428571, 0.0, 0.0, 0.0, 0.0, 0.0, 0.0, 0.0, 0.0, 0.0, 0.0, 0.0, 0.0, 0.0, 0.3, 0.0, 0.0, 0.0, 0.0, 0.0]}, "0.5": {"macro_f1": 0.04306034417577764, "balanced_accuracy": 0.06436387686387686, "per_class_recall": [0.3333333333333333, 0.0, 0.0, 0.0, 0.42857142857142855, 0.0, 0.0, 0.0, 0.0, 0.0, 0.0, 0.0, 0.5555555555555556, 0.0, 0.0, 0.0, 0.0, 0.0, 0.0, 0.0, 0.0, 0.0, 0.0, 0.22727272727272727]}, "0.75": {"macro_f1": 0.14324746405090738, "balanced_accuracy": 0.2260702260702261, "per_class_recall": [0.0, 0.0, 0.0, 0.0, 0.14285714285714285, 0.0, 1.0, 0.0, 0.5, 0.4, 1.0, 0.0, 0.5555555555555556, 0.0, 0.1, 0.0, 0.0, 0.0, 0.0, 0.0, 0.0, 0.0, 1.0, 0.7272727272727273]}, "1.0": {"macro_f1": 0.15543223155251457, "balanced_accuracy": 0.25578703703703703, "per_class_recall": [1.0, 0.0, 0.0, 0.0, 0.0, 1.0, 0.8571428571428571, 0.0, 1.0, 0.0, 0.42857142857142855, 0.5714285714285714, 0.2222222222222222, 0.0, 0.0, 0.0, 0.0, 0.0, 0.0, 0.0, 0.4166666666666667, 0.0, 0.6428571428571429, 0.0]}}, "selection_score": 0.1984925757282922}
{"epoch": 20, "loss": 2.3044839927128384, "validation": {"0.25": {"macro_f1": 0.08099225805388122, "balanced_accuracy": 0.11607142857142856, "per_class_recall": [1.0, 0.0, 0.0, 0.0, 0.7142857142857143, 0.0, 0.0, 0.5, 0.0, 0.0, 0.0, 0.0, 0.0, 0.0, 0.0, 0.0, 0.0, 0.0, 0.0, 0.0, 0.5, 0.0, 0.07142857142857142, 0.0]}, "0.5": {"macro_f1": 0.05087759462759462, "balanced_accuracy": 0.09756944444444444, "per_class_recall": [0.0, 0.0, 0.0, 0.0, 1.0, 0.0, 0.0, 0.0, 0.125, 0.0, 0.0, 0.0, 0.0, 0.0, 0.8, 0.0, 0.0, 0.0, 0.0, 0.0, 0.4166666666666667, 0.0, 0.0, 0.0]}, "0.75": {"macro_f1": 0.4336797351856818, "balanced_accuracy": 0.5268200549450549, "per_class_recall": [1.0, 0.5, 0.0, 1.0, 1.0, 0.0, 0.0, 0.0, 0.0, 0.9, 0.8571428571428571, 0.0, 0.0, 0.25, 0.8, 0.0, 1.0, 0.5384615384615384, 1.0, 0.875, 1.0, 0.9230769230769231, 1.0, 0.0]}, "1.0": {"macro_f1": 0.2945394867448202, "balanced_accuracy": 0.43226911976911975, "per_class_recall": [1.0, 1.0, 1.0, 0.8, 1.0, 0.0, 0.0, 0.0, 0.0, 0.6, 0.0, 0.0, 0.0, 0.0, 0.1, 0.6363636363636364, 1.0, 0.07692307692307693, 1.0, 0.25, 0.9166666666666666, 0.9230769230769231, 0.07142857142857142, 0.0]}}, "selection_score": 0.34541708137241484}
{"epoch": 30, "loss": 2.0487320252827237, "validation": {"0.25": {"macro_f1": 0.0596660779696494, "balanced_accuracy": 0.11621769434269434, "per_class_recall": [1.0, 0.0, 0.0, 0.0, 0.7142857142857143, 0.0, 0.0, 0.0, 0.0, 0.0, 0.0, 0.0, 0.4444444444444444, 0.0, 0.0, 0.0, 0.0, 0.0, 0.0, 0.125, 0.0, 0.07692307692307693, 0.42857142857142855, 0.0]}, "0.5": {"macro_f1": 0.0827427146024707, "balanced_accuracy": 0.13976671476671476, "per_class_recall": [0.6666666666666666, 0.0, 0.0, 0.0, 1.0, 0.0, 0.2857142857142857, 0.0, 0.0, 0.0, 0.0, 0.0, 0.1111111111111111, 0.0, 0.2, 1.0, 0.0, 0.0, 0.0, 0.0, 0.0, 0.0, 0.0, 0.09090909090909091]}, "0.75": {"macro_f1": 0.4493435839983155, "balanced_accuracy": 0.5522369991119991, "per_class_recall": [1.0, 0.0, 0.0, 0.4, 1.0, 0.0, 0.5714285714285714, 0.0, 0.0, 1.0, 1.0, 0.0, 0.0, 1.0, 0.5, 0.8181818181818182, 0.8571428571428571, 0.38461538461538464, 1.0, 0.875, 0.8333333333333334, 0.9230769230769231, 1.0, 0.09090909090909091]}, "1.0": {"macro_f1": 0.45402831672368266, "balanced_accuracy": 0.5498591686091686, "per_class_recall": [1.0, 0.5, 0.125, 1.0, 1.0, 1.0, 0.14285714285714285, 0.0, 0.0, 1.0, 0.0, 0.42857142857142855, 0.0, 0.375, 0.4, 0.6363636363636364, 1.0, 0.15384615384615385, 1.0, 1.0, 0.5833333333333334, 0.9230769230769231, 0.9285714285714286, 0.0]}}, "selection_score": 0.5367710313261533}
{"epoch": 40, "loss": 1.849372455051967, "validation": {"0.25": {"macro_f1": 0.08406537484538097, "balanced_accuracy": 0.12142857142857144, "per_class_recall": [0.0, 0.0, 0.0, 0.0, 0.8571428571428571, 0.0, 0.14285714285714285, 0.0, 0.0, 0.0, 0.0, 0.42857142857142855, 0.0, 0.0, 0.2, 0.0, 0.0, 0.0, 1.0, 0.0, 0.0, 0.0, 0.2857142857142857, 0.0]}, "0.5": {"macro_f1": 0.1477197266670951, "balanced_accuracy": 0.18949765512265512, "per_class_recall": [0.0, 0.0, 0.0, 0.2, 0.8571428571428571, 0.0, 0.2857142857142857, 0.0, 0.0, 0.0, 0.0, 0.0, 0.0, 0.875, 0.0, 1.0, 0.42857142857142855, 0.0, 0.0, 0.0, 0.5833333333333334, 0.0, 0.0, 0.3181818181818182]}, "0.75": {"macro_f1": 0.5539420965601306, "balanced_accuracy": 0.6250336469086469, "per_class_recall": [1.0, 1.0, 0.0, 0.8, 1.0, 0.0, 0.5714285714285714, 0.5, 0.125, 0.3, 1.0, 0.0, 0.0, 1.0, 0.0, 0.6363636363636364, 0.7142857142857143, 0.9230769230769231, 1.0, 1.0, 0.9166666666666666, 0.9230769230769231, 1.0, 0.5909090909090909]}, "1.0": {"macro_f1": 0.5493379602360694, "balanced_accuracy": 0.6470238095238096, "per_class_recall": [1.0, 1.0, 0.25, 1.0, 1.0, 0.6, 0.14285714285714285, 0.8333333333333334, 1.0, 1.0, 0.0, 0.8571428571428571, 0.0, 1.0, 0.0, 0.9090909090909091, 1.0, 0.0, 0.0, 1.0, 0.9166666666666666, 1.0, 0.9285714285714286, 0.09090909090909091]}}, "selection_score": 0.6970576869031645}
{"epoch": 50, "loss": 1.704871416091919, "validation": {"0.25": {"macro_f1": 0.0875081216195674, "balanced_accuracy": 0.16377314814814814, "per_class_recall": [0.0, 0.0, 0.625, 0.0, 0.8571428571428571, 0.0, 0.2857142857142857, 0.0, 0.75, 0.0, 0.0, 0.8571428571428571, 0.5555555555555556, 0.0, 0.0, 0.0, 0.0, 0.0, 0.0, 0.0, 0.0, 0.0, 0.0, 0.0]}, "0.5": {"macro_f1": 0.16247123118253148, "balanced_accuracy": 0.19757487882487879, "per_class_recall": [0.0, 0.0, 0.0, 0.4, 1.0, 0.0, 0.42857142857142855, 0.0, 0.0, 0.0, 0.0, 0.0, 0.1111111111111111, 1.0, 0.0, 0.2727272727272727, 0.42857142857142855, 0.0, 0.0, 0.0, 0.08333333333333333, 0.15384615384615385, 0.0, 0.8636363636363636]}, "0.75": {"macro_f1": 0.6320668215464148, "balanced_accuracy": 0.6925476144226145, "per_class_recall": [1.0, 1.0, 1.0, 0.8, 1.0, 0.8, 0.5714285714285714, 1.0, 0.875, 0.3, 1.0, 0.42857142857142855, 0.1111111111111111, 1.0, 0.1, 0.45454545454545453, 0.7142857142857143, 0.8461538461538461, 0.0, 1.0, 0.8333333333333334, 0.9230769230769231, 0.0, 0.8636363636363636]}, "1.0": {"macro_f1": 0.6393081557006995, "balanced_accuracy": 0.6848895317645317, "per_class_recall": [1.0, 1.0, 0.875, 1.0, 1.0, 1.0, 0.0, 0.5, 0.5, 1.0, 0.14285714285714285, 0.7142857142857143, 0.8888888888888888, 1.0, 0.2, 0.36363636363636365, 1.0, 0.07692307692307693, 0.6, 1.0, 0.16666666666666666, 1.0, 0.5, 0.9090909090909091]}}, "selection_score": 0.801779386883231}
{"epoch": 60, "loss": 1.606933695929391, "validation": {"0.25": {"macro_f1": 0.06310391179725129, "balanced_accuracy": 0.12665343915343916, "per_class_recall": [0.0, 0.0, 0.5, 0.2, 0.2857142857142857, 0.0, 0.14285714285714285, 0.0, 0.0, 0.0, 0.0, 1.0, 0.1111111111111111, 0.0, 0.0, 0.0, 0.0, 0.0, 0.8, 0.0, 0.0, 0.0, 0.0, 0.0]}, "0.5": {"macro_f1": 0.1643110523983628, "balanced_accuracy": 0.23028499278499281, "per_class_recall": [0.0, 0.0, 0.0, 0.6, 0.8571428571428571, 0.0, 0.42857142857142855, 0.0, 0.0, 0.0, 0.0, 0.0, 0.0, 1.0, 0.1, 0.7272727272727273, 0.5714285714285714, 0.0, 0.0, 0.0, 0.8333333333333334, 0.0, 0.0, 0.4090909090909091]}, "0.75": {"macro_f1": 0.6055102330632192, "balanced_accuracy": 0.6723099816849816, "per_class_recall": [1.0, 1.0, 1.0, 0.8, 1.0, 0.4, 0.5714285714285714, 1.0, 0.375, 0.1, 1.0, 0.42857142857142855, 0.0, 1.0, 0.1, 0.9090909090909091, 0.7142857142857143, 0.9230769230769231, 0.8, 1.0, 1.0, 0.9230769230769231, 0.0, 0.09090909090909091]}, "1.0": {"macro_f1": 0.641187720175056, "balanced_accuracy": 0.7096015096015096, "per_class_recall": [1.0, 1.0, 1.0, 1.0, 1.0, 0.8, 0.0, 1.0, 0.25, 0.1, 0.42857142857142855, 1.0, 0.3333333333333333, 1.0, 0.5, 0.8181818181818182, 1.0, 0.9230769230769231, 0.9, 1.0, 0.75, 1.0, 0.0, 0.22727272727272727]}}, "selection_score": 0.8054987725734188}
{"epoch": 70, "loss": 1.555429288319179, "validation": {"0.25": {"macro_f1": 0.1407088317751359, "balanced_accuracy": 0.19594202094202093, "per_class_recall": [0.3333333333333333, 0.25, 0.125, 0.0, 1.0, 0.0, 0.0, 0.0, 0.25, 0.0, 0.0, 0.5714285714285714, 0.8888888888888888, 0.0, 0.2, 0.0, 0.0, 0.0, 0.0, 0.125, 0.08333333333333333, 0.07692307692307693, 0.07142857142857142, 0.7272727272727273]}, "0.5": {"macro_f1": 0.17431503178785787, "balanced_accuracy": 0.21026774151774152, "per_class_recall": [0.0, 0.0, 0.0, 0.6, 1.0, 0.8, 0.2857142857142857, 0.0, 0.0, 0.0, 0.0, 0.0, 0.1111111111111111, 0.25, 0.1, 0.0, 0.7142857142857143, 0.0, 0.0, 0.0, 0.0, 0.23076923076923078, 0.0, 0.9545454545454546]}, "0.75": {"macro_f1": 0.6670302192361017, "balanced_accuracy": 0.7016009453509454, "per_class_recall": [1.0, 1.0, 0.25, 0.8, 1.0, 0.8, 0.42857142857142855, 1.0, 0.5, 0.1, 1.0, 0.42857142857142855, 0.2222222222222222, 1.0, 0.0, 0.45454545454545453, 0.7142857142857143, 0.8461538461538461, 0.7, 1.0, 0.8333333333333334, 0.9230769230769231, 0.9285714285714286, 0.9090909090909091]}, "1.0": {"macro_f1": 0.7003581854270796, "balanced_accuracy": 0.7480451261701262, "per_class_recall": [1.0, 1.0, 0.375, 1.0, 0.8571428571428571, 0.8, 0.0, 1.0, 0.0, 0.8, 1.0, 1.0, 0.5555555555555556, 1.0, 0.2, 0.0, 1.0, 0.6153846153846154, 1.0, 1.0, 0.75, 1.0, 1.0, 1.0]}}, "selection_score": 0.8746732172149375}
{"epoch": 80, "loss": 1.4492270946502686, "validation": {"0.25": {"macro_f1": 0.11413306456087731, "balanced_accuracy": 0.19230098605098603, "per_class_recall": [0.3333333333333333, 0.0, 0.25, 0.0, 1.0, 0.0, 0.0, 0.0, 0.0, 0.0, 0.0, 0.8571428571428571, 0.1111111111111111, 0.0, 0.7, 0.36363636363636365, 0.0, 0.0, 1.0, 0.0, 0.0, 0.0, 0.0, 0.0]}, "0.5": {"macro_f1": 0.2377934617096851, "balanced_accuracy": 0.30259670884670886, "per_class_recall": [0.6666666666666666, 0.0, 0.0, 0.6, 1.0, 0.6, 0.42857142857142855, 0.0, 0.0, 0.0, 0.0, 0.0, 0.0, 0.75, 0.8, 0.09090909090909091, 0.7142857142857143, 0.0, 1.0, 0.0, 0.0, 0.38461538461538464, 0.0, 0.22727272727272727]}, "0.75": {"macro_f1": 0.7146461291069134, "balanced_accuracy": 0.7578435453435454, "per_class_recall": [1.0, 1.0, 1.0, 1.0, 1.0, 0.8, 0.42857142857142855, 0.8333333333333334, 0.5, 0.9, 1.0, 0.8571428571428571, 0.0, 1.0, 0.7, 0.5454545454545454, 0.7142857142857143, 0.6153846153846154, 0.7, 1.0, 0.8333333333333334, 0.9230769230769231, 0.42857142857142855, 0.4090909090909091]}, "1.0": {"macro_f1": 0.7248274375693106, "balanced_accuracy": 0.7690439190439191, "per_class_recall": [1.0, 1.0, 1.0, 1.0, 1.0, 0.8, 0.0, 0.6666666666666666, 0.25, 1.0, 1.0, 1.0, 0.5555555555555556, 1.0, 0.6, 0.45454545454545453, 1.0, 0.38461538461538464, 1.0, 1.0, 0.5833333333333334, 1.0, 0.5714285714285714, 0.5909090909090909]}}, "selection_score": 0.9626208992789956}
{"epoch": 90, "loss": 1.3593974113464355, "validation": {"0.25": {"macro_f1": 0.13190605797997437, "balanced_accuracy": 0.18262327949827947, "per_class_recall": [0.0, 0.0, 0.375, 0.0, 1.0, 0.0, 0.0, 0.0, 0.0, 0.0, 0.0, 0.8571428571428571, 0.3333333333333333, 0.0, 0.7, 0.36363636363636365, 0.0, 0.15384615384615385, 0.6, 0.0, 0.0, 0.0, 0.0, 0.0]}, "0.5": {"macro_f1": 0.2751914936721556, "balanced_accuracy": 0.34827672327672327, "per_class_recall": [1.0, 0.0, 0.0, 0.8, 1.0, 0.6, 0.2857142857142857, 0.0, 0.125, 0.0, 0.0, 0.2857142857142857, 0.0, 0.375, 0.7, 0.36363636363636365, 0.8571428571428571, 0.0, 0.9, 0.0, 0.0, 0.38461538461538464, 0.0, 0.6818181818181818]}, "0.75": {"macro_f1": 0.7385093811274152, "balanced_accuracy": 0.7599398286898288, "per_class_recall": [1.0, 1.0, 0.375, 1.0, 1.0, 0.6, 0.5714285714285714, 1.0, 0.625, 0.9, 1.0, 0.7142857142857143, 0.2222222222222222, 1.0, 0.4, 0.6363636363636364, 0.7142857142857143, 0.7692307692307693, 0.7, 1.0, 0.75, 0.9230769230769231, 0.9285714285714286, 0.4090909090909091]}, "1.0": {"macro_f1": 0.7721838785920904, "balanced_accuracy": 0.8016832704332705, "per_class_recall": [1.0, 1.0, 1.0, 1.0, 1.0, 0.8, 0.0, 1.0, 0.5, 1.0, 1.0, 1.0, 0.4444444444444444, 1.0, 0.5, 0.6363636363636364, 1.0, 0.46153846153846156, 0.7, 1.0, 0.75, 1.0, 0.8571428571428571, 0.5909090909090909]}}, "selection_score": 1.047375372264246}
{"epoch": 100, "loss": 1.4026854549135481, "validation": {"0.25": {"macro_f1": 0.13964371707395754, "balanced_accuracy": 0.22060185185185185, "per_class_recall": [0.3333333333333333, 0.0, 0.25, 0.0, 1.0, 0.0, 0.0, 0.0, 0.0, 0.0, 0.0, 1.0, 0.1111111111111111, 0.0, 0.6, 0.6363636363636364, 0.0, 0.0, 1.0, 0.0, 0.0, 0.0, 0.0, 0.36363636363636365]}, "0.5": {"macro_f1": 0.29649191982628403, "balanced_accuracy": 0.36094657657157664, "per_class_recall": [0.6666666666666666, 0.0, 0.0, 0.8, 1.0, 0.6, 0.42857142857142855, 0.0, 0.0, 0.0, 0.0, 0.5714285714285714, 0.1111111111111111, 0.625, 0.8, 0.2727272727272727, 0.8571428571428571, 0.0, 1.0, 0.0, 0.0, 0.38461538461538464, 0.0, 0.5454545454545454]}, "0.75": {"macro_f1": 0.7375633491825976, "balanced_accuracy": 0.7687932437932439, "per_class_recall": [1.0, 1.0, 0.75, 1.0, 1.0, 0.4, 0.42857142857142855, 1.0, 0.5, 0.9, 1.0, 0.8571428571428571, 0.4444444444444444, 1.0, 0.6, 0.8181818181818182, 0.7142857142857143, 0.7692307692307693, 0.7, 1.0, 0.75, 0.9230769230769231, 0.7142857142857143, 0.18181818181818182]}, "1.0": {"macro_f1": 0.6972272163828959, "balanced_accuracy": 0.7550797582047583, "per_class_recall": [1.0, 1.0, 1.0, 1.0, 1.0, 0.8, 0.0, 1.0, 0.375, 0.9, 1.0, 1.0, 0.5555555555555556, 1.0, 0.2, 0.9090909090909091, 1.0, 0.6153846153846154, 0.9, 1.0, 0.75, 1.0, 0.07142857142857142, 0.045454545454545456]}}, "selection_score": 0.99371913620918}
{"epoch": 110, "loss": 1.305867075920105, "validation": {"0.25": {"macro_f1": 0.127811351042663, "balanced_accuracy": 0.20876819939319935, "per_class_recall": [0.6666666666666666, 0.0, 0.0, 0.0, 1.0, 0.0, 0.2857142857142857, 0.0, 0.0, 0.0, 0.0, 0.8571428571428571, 0.4444444444444444, 0.0, 0.4, 0.45454545454545453, 0.0, 0.0, 0.7, 0.125, 0.0, 0.07692307692307693, 0.0, 0.0]}, "0.5": {"macro_f1": 0.28241537093379554, "balanced_accuracy": 0.3311409655159655, "per_class_recall": [0.6666666666666666, 0.0, 0.0, 0.6, 1.0, 0.6, 0.2857142857142857, 0.0, 0.0, 0.1, 0.0, 0.14285714285714285, 0.1111111111111111, 0.375, 0.6, 0.36363636363636365, 0.7142857142857143, 0.0, 1.0, 0.0, 0.0, 0.6153846153846154, 0.0, 0.7727272727272727]}, "0.75": {"macro_f1": 0.7557587648586003, "balanced_accuracy": 0.7739680458430458, "per_class_recall": [1.0, 1.0, 0.125, 1.0, 1.0, 0.6, 0.5714285714285714, 1.0, 0.75, 0.9, 1.0, 0.7142857142857143, 0.3333333333333333, 1.0, 0.4, 0.5454545454545454, 0.7142857142857143, 0.6923076923076923, 0.7, 1.0, 0.8333333333333334, 0.9230769230769231, 1.0, 0.7727272727272727]}, "1.0": {"macro_f1": 0.8026327348436406, "balanced_accuracy": 0.8166643541643541, "per_class_recall": [1.0, 1.0, 0.75, 1.0, 1.0, 0.8, 0.14285714285714285, 1.0, 0.5, 0.8, 1.0, 1.0, 0.8888888888888888, 1.0, 0.7, 0.18181818181818182, 1.0, 0.6153846153846154, 0.8, 1.0, 0.5833333333333334, 1.0, 0.9285714285714286, 0.9090909090909091]}}, "selection_score": 1.0850481057774362}
{"epoch": 120, "loss": 1.2891389301845007, "validation": {"0.25": {"macro_f1": 0.15652161119116578, "balanced_accuracy": 0.25970869408369407, "per_class_recall": [1.0, 0.5, 0.5, 0.0, 1.0, 0.0, 0.14285714285714285, 0.0, 0.375, 0.0, 0.0, 1.0, 0.3333333333333333, 0.0, 0.4, 0.5454545454545454, 0.0, 0.0, 0.3, 0.0, 0.0, 0.0, 0.0, 0.13636363636363635]}, "0.5": {"macro_f1": 0.33552602273661386, "balanced_accuracy": 0.38907643282643284, "per_class_recall": [0.6666666666666666, 0.25, 0.125, 0.4, 1.0, 0.4, 0.7142857142857143, 0.0, 0.125, 0.1, 0.0, 0.2857142857142857, 0.4444444444444444, 0.75, 0.8, 0.18181818181818182, 0.8571428571428571, 0.0, 1.0, 0.0, 0.0, 0.6923076923076923, 0.0, 0.5454545454545454]}, "0.75": {"macro_f1": 0.7894618337813019, "balanced_accuracy": 0.8059440559440559, "per_class_recall": [1.0, 1.0, 0.375, 1.0, 1.0, 0.6, 0.5714285714285714, 1.0, 0.625, 0.9, 1.0, 0.8571428571428571, 0.6666666666666666, 1.0, 0.8, 0.6363636363636364, 0.7142857142857143, 0.6153846153846154, 0.7, 1.0, 0.8333333333333334, 1.0, 0.8571428571428571, 0.5909090909090909]}, "1.0": {"macro_f1": 0.8210488865827741, "balanced_accuracy": 0.8393460705960706, "per_class_recall": [1.0, 1.0, 0.875, 1.0, 1.0, 0.8, 0.14285714285714285, 1.0, 0.375, 1.0, 1.0, 1.0, 1.0, 1.0, 0.9, 0.5454545454545454, 1.0, 0.5384615384615384, 1.0, 1.0, 0.5, 1.0, 0.7857142857142857, 0.6818181818181818]}}, "selection_score": 1.156574909319388}
{"epoch": 130, "loss": 1.2730775730950492, "validation": {"0.25": {"macro_f1": 0.1313331474385284, "balanced_accuracy": 0.21799438986938988, "per_class_recall": [1.0, 0.0, 0.25, 0.2, 1.0, 0.0, 0.14285714285714285, 0.0, 0.0, 0.0, 0.0, 1.0, 0.1111111111111111, 0.0, 0.5, 0.45454545454545453, 0.0, 0.0, 0.3, 0.125, 0.0, 0.07692307692307693, 0.07142857142857142, 0.0]}, "0.5": {"macro_f1": 0.32338974387993996, "balanced_accuracy": 0.3896747927997928, "per_class_recall": [1.0, 0.0, 0.125, 0.6, 1.0, 0.6, 0.7142857142857143, 0.0, 0.125, 0.3, 0.0, 0.42857142857142855, 0.1111111111111111, 0.375, 0.7, 0.36363636363636365, 0.8571428571428571, 0.0, 1.0, 0.0, 0.0, 0.46153846153846156, 0.0, 0.5909090909090909]}, "0.75": {"macro_f1": 0.7835491266351121, "balanced_accuracy": 0.8016956423206424, "per_class_recall": [1.0, 1.0, 0.375, 1.0, 1.0, 0.8, 0.5714285714285714, 1.0, 0.625, 0.9, 1.0, 0.8571428571428571, 0.5555555555555556, 1.0, 0.8, 0.7272727272727273, 0.7142857142857143, 0.7692307692307693, 0.7, 0.875, 0.75, 1.0, 0.8571428571428571, 0.36363636363636365]}, "1.0": {"macro_f1": 0.8219200745735273, "balanced_accuracy": 0.8393765956265956, "per_class_recall": [1.0, 1.0, 1.0, 1.0, 1.0, 0.8, 0.14285714285714285, 1.0, 0.75, 0.8, 1.0, 1.0, 1.0, 1.0, 0.7, 0.6363636363636364, 1.0, 0.6153846153846154, 0.8, 1.0, 0.6666666666666666, 1.0, 0.6428571428571429, 0.5909090909090909]}}, "selection_score": 1.1453098184534674}
{"epoch": 140, "loss": 1.2434447833469935, "validation": {"0.25": {"macro_f1": 0.16527593445787575, "balanced_accuracy": 0.24852739852739855, "per_class_recall": [0.6666666666666666, 0.5, 0.25, 0.0, 1.0, 0.0, 0.5714285714285714, 0.0, 0.25, 0.0, 0.0, 0.8571428571428571, 0.4444444444444444, 0.0, 0.4, 0.5454545454545454, 0.14285714285714285, 0.0, 0.0, 0.0, 0.0, 0.07692307692307693, 0.21428571428571427, 0.045454545454545456]}, "0.5": {"macro_f1": 0.3847378808631869, "balanced_accuracy": 0.42358417045917046, "per_class_recall": [0.3333333333333333, 0.5, 0.125, 0.4, 1.0, 0.6, 0.5714285714285714, 0.0, 0.125, 0.6, 0.0, 0.2857142857142857, 0.5555555555555556, 0.625, 0.6, 0.36363636363636365, 0.8571428571428571, 0.0, 1.0, 0.0, 0.16666666666666666, 0.7692307692307693, 0.14285714285714285, 0.5454545454545454]}, "0.75": {"macro_f1": 0.7891892529147793, "balanced_accuracy": 0.8052094895844896, "per_class_recall": [1.0, 1.0, 0.5, 1.0, 1.0, 0.4, 0.7142857142857143, 1.0, 0.625, 0.9, 1.0, 0.8571428571428571, 0.8888888888888888, 1.0, 0.7, 0.6363636363636364, 0.7142857142857143, 0.6923076923076923, 0.7, 1.0, 0.75, 1.0, 0.9285714285714286, 0.3181818181818182]}, "1.0": {"macro_f1": 0.8249696149325979, "balanced_accuracy": 0.840747446997447, "per_class_recall": [1.0, 1.0, 1.0, 1.0, 1.0, 0.8, 0.5714285714285714, 1.0, 0.5, 0.8, 1.0, 1.0, 1.0, 1.0, 0.8, 0.6363636363636364, 1.0, 0.6153846153846154, 0.8, 1.0, 0.5833333333333334, 1.0, 0.5714285714285714, 0.5]}}, "selection_score": 1.2097074957957847}
{"epoch": 150, "loss": 1.272055217197963, "validation": {"0.25": {"macro_f1": 0.16347920419311823, "balanced_accuracy": 0.25001295001295, "per_class_recall": [1.0, 0.0, 0.0, 0.0, 1.0, 0.0, 0.14285714285714285, 0.0, 0.5, 0.0, 0.0, 1.0, 0.5555555555555556, 0.0, 0.5, 0.5454545454545454, 0.14285714285714285, 0.0, 0.2, 0.0, 0.0, 0.15384615384615385, 0.21428571428571427, 0.045454545454545456]}, "0.5": {"macro_f1": 0.37283211190096627, "balanced_accuracy": 0.4321214664964665, "per_class_recall": [1.0, 0.0, 0.125, 0.4, 1.0, 1.0, 0.42857142857142855, 0.0, 0.25, 0.2, 0.0, 0.42857142857142855, 0.5555555555555556, 0.5, 0.7, 0.5454545454545454, 0.8571428571428571, 0.0, 1.0, 0.0, 0.0, 0.6923076923076923, 0.14285714285714285, 0.5454545454545454]}, "0.75": {"macro_f1": 0.7888367291358495, "balanced_accuracy": 0.8138494607244606, "per_class_recall": [1.0, 1.0, 0.25, 1.0, 1.0, 0.8, 0.7142857142857143, 1.0, 0.75, 0.8, 1.0, 0.8571428571428571, 0.8888888888888888, 1.0, 0.8, 0.9090909090909091, 0.7142857142857143, 0.6923076923076923, 0.7, 0.875, 0.8333333333333334, 1.0, 0.8571428571428571, 0.09090909090909091]}, "1.0": {"macro_f1": 0.8432318849308014, "balanced_accuracy": 0.8559971278721278, "per_class_recall": [1.0, 1.0, 1.0, 1.0, 1.0, 0.8, 0.42857142857142855, 1.0, 0.625, 0.8, 1.0, 1.0, 1.0, 1.0, 0.7, 0.7272727272727273, 1.0, 0.6923076923076923, 0.8, 1.0, 0.75, 1.0, 0.8571428571428571, 0.36363636363636365]}}, "selection_score": 1.2160639968317677}
{"epoch": 160, "loss": 1.2823794739586967, "validation": {"0.25": {"macro_f1": 0.17348365458659576, "balanced_accuracy": 0.2601706164206164, "per_class_recall": [1.0, 0.25, 0.125, 0.0, 1.0, 0.0, 0.2857142857142857, 0.0, 0.375, 0.0, 0.0, 0.8571428571428571, 0.4444444444444444, 0.0, 0.5, 0.7272727272727273, 0.14285714285714285, 0.0, 0.2, 0.0, 0.0, 0.07692307692307693, 0.21428571428571427, 0.045454545454545456]}, "0.5": {"macro_f1": 0.37339287814709676, "balanced_accuracy": 0.43829677267177275, "per_class_recall": [1.0, 0.25, 0.125, 0.6, 1.0, 0.8, 0.5714285714285714, 0.0, 0.125, 0.5, 0.0, 0.2857142857142857, 0.3333333333333333, 0.375, 0.7, 0.6363636363636364, 0.8571428571428571, 0.0, 1.0, 0.0, 0.0, 0.7692307692307693, 0.0, 0.5909090909090909]}, "0.75": {"macro_f1": 0.7934374184567683, "balanced_accuracy": 0.8132432382432381, "per_class_recall": [1.0, 1.0, 0.25, 1.0, 1.0, 0.8, 0.7142857142857143, 1.0, 0.625, 0.9, 1.0, 0.8571428571428571, 0.7777777777777778, 1.0, 0.8, 0.9090909090909091, 0.7142857142857143, 0.6153846153846154, 0.8, 0.875, 0.75, 1.0, 0.8571428571428571, 0.2727272727272727]}, "1.0": {"macro_f1": 0.8552374533218187, "balanced_accuracy": 0.8647353803603804, "per_class_recall": [1.0, 1.0, 1.0, 1.0, 1.0, 0.8, 0.5714285714285714, 1.0, 0.5, 1.0, 1.0, 1.0, 0.8888888888888888, 0.875, 0.7, 0.7272727272727273, 1.0, 0.5384615384615384, 1.0, 1.0, 0.75, 1.0, 0.8571428571428571, 0.5454545454545454]}}, "selection_score": 1.2286303314689153}
{"epoch": 170, "loss": 1.233034951346261, "validation": {"0.25": {"macro_f1": 0.14768974357579823, "balanced_accuracy": 0.22021797646797645, "per_class_recall": [1.0, 0.0, 0.25, 0.0, 1.0, 0.0, 0.14285714285714285, 0.0, 0.0, 0.0, 0.0, 1.0, 0.3333333333333333, 0.0, 0.6, 0.5454545454545454, 0.14285714285714285, 0.0, 0.0, 0.0, 0.0, 0.15384615384615385, 0.07142857142857142, 0.045454545454545456]}, "0.5": {"macro_f1": 0.38511614821959644, "balanced_accuracy": 0.4454451798201798, "per_class_recall": [1.0, 0.5, 0.125, 0.4, 1.0, 0.4, 0.5714285714285714, 0.16666666666666666, 0.125, 0.5, 0.0, 0.7142857142857143, 0.3333333333333333, 0.625, 0.7, 0.36363636363636365, 0.8571428571428571, 0.0, 1.0, 0.0, 0.0, 0.6923076923076923, 0.07142857142857142, 0.5454545454545454]}, "0.75": {"macro_f1": 0.8124522053024373, "balanced_accuracy": 0.8249646187146187, "per_class_recall": [1.0, 1.0, 0.25, 1.0, 1.0, 0.8, 0.7142857142857143, 1.0, 0.875, 0.9, 1.0, 0.8571428571428571, 1.0, 1.0, 0.8, 0.7272727272727273, 0.7142857142857143, 0.6153846153846154, 0.7, 0.875, 0.75, 1.0, 0.8571428571428571, 0.36363636363636365]}, "1.0": {"macro_f1": 0.8560540392648236, "balanced_accuracy": 0.8671569171569171, "per_class_recall": [1.0, 1.0, 1.0, 1.0, 1.0, 0.8, 0.42857142857142855, 1.0, 0.75, 1.0, 1.0, 1.0, 0.8888888888888888, 1.0, 0.7, 0.7272727272727273, 1.0, 0.5384615384615384, 0.8, 1.0, 0.75, 1.0, 0.9285714285714286, 0.5]}}, "selection_score": 1.24117018748442}
{"epoch": 180, "loss": 1.2570945024490356, "validation": {"0.25": {"macro_f1": 0.14467093852105728, "balanced_accuracy": 0.23783369408369404, "per_class_recall": [1.0, 0.5, 0.25, 0.0, 1.0, 0.0, 0.14285714285714285, 0.0, 0.0, 0.0, 0.0, 0.8571428571428571, 0.3333333333333333, 0.0, 0.5, 0.6363636363636364, 0.0, 0.0, 0.3, 0.0, 0.0, 0.0, 0.14285714285714285, 0.045454545454545456]}, "0.5": {"macro_f1": 0.4065759941212839, "balanced_accuracy": 0.4577742858992859, "per_class_recall": [0.6666666666666666, 0.5, 0.125, 0.4, 1.0, 0.6, 0.5714285714285714, 0.16666666666666666, 0.125, 0.3, 0.0, 0.7142857142857143, 0.5555555555555556, 0.625, 0.7, 0.6363636363636364, 0.8571428571428571, 0.07692307692307693, 1.0, 0.0, 0.08333333333333333, 0.6923076923076923, 0.0, 0.5909090909090909]}, "0.75": {"macro_f1": 0.8136711803991216, "balanced_accuracy": 0.827332042957043, "per_class_recall": [1.0, 1.0, 0.25, 1.0, 1.0, 0.8, 0.7142857142857143, 1.0, 0.75, 0.9, 1.0, 0.8571428571428571, 1.0, 1.0, 0.8, 0.9090909090909091, 0.7142857142857143, 0.6153846153846154, 0.7, 0.875, 0.75, 1.0, 0.8571428571428571, 0.36363636363636365]}, "1.0": {"macro_f1": 0.8694966286370468, "balanced_accuracy": 0.8752487096237096, "per_class_recall": [1.0, 1.0, 1.0, 1.0, 1.0, 0.8, 0.7142857142857143, 1.0, 0.625, 0.8, 1.0, 1.0, 1.0, 1.0, 0.7, 0.7272727272727273, 1.0, 0.6153846153846154, 0.8, 1.0, 0.75, 1.0, 0.9285714285714286, 0.5454545454545454]}}, "selection_score": 1.2760726227583308}
{"epoch": 190, "loss": 1.2456969363348824, "validation": {"0.25": {"macro_f1": 0.14020239390843472, "balanced_accuracy": 0.22887806637806637, "per_class_recall": [1.0, 0.25, 0.25, 0.0, 1.0, 0.0, 0.14285714285714285, 0.0, 0.0, 0.0, 0.0, 1.0, 0.3333333333333333, 0.0, 0.6, 0.5454545454545454, 0.0, 0.0, 0.3, 0.0, 0.0, 0.0, 0.07142857142857142, 0.0]}, "0.5": {"macro_f1": 0.3885413451973867, "balanced_accuracy": 0.45463228900728897, "per_class_recall": [1.0, 0.5, 0.125, 0.4, 1.0, 0.6, 0.5714285714285714, 0.16666666666666666, 0.125, 0.4, 0.0, 0.7142857142857143, 0.5555555555555556, 0.375, 0.7, 0.45454545454545453, 0.8571428571428571, 0.0, 1.0, 0.0, 0.08333333333333333, 0.6923076923076923, 0.0, 0.5909090909090909]}, "0.75": {"macro_f1": 0.813099284974285, "balanced_accuracy": 0.8243964368964368, "per_class_recall": [1.0, 1.0, 0.25, 1.0, 1.0, 0.8, 0.7142857142857143, 1.0, 0.625, 0.9, 1.0, 0.8571428571428571, 1.0, 1.0, 0.8, 0.8181818181818182, 0.7142857142857143, 0.6153846153846154, 0.8, 0.875, 0.75, 1.0, 0.8571428571428571, 0.4090909090909091]}, "1.0": {"macro_f1": 0.8620255361330597, "balanced_accuracy": 0.8674023892773892, "per_class_recall": [1.0, 1.0, 1.0, 1.0, 1.0, 0.8, 0.5714285714285714, 1.0, 0.625, 0.8, 1.0, 1.0, 1.0, 1.0, 0.7, 0.6363636363636364, 1.0, 0.6153846153846154, 0.8, 1.0, 0.75, 1.0, 0.9285714285714286, 0.5909090909090909]}}, "selection_score": 1.2505668813304465}
{"epoch": 200, "loss": 1.2466141666684831, "validation": {"0.25": {"macro_f1": 0.13702206445929543, "balanced_accuracy": 0.21503878066378065, "per_class_recall": [1.0, 0.0, 0.125, 0.0, 1.0, 0.0, 0.14285714285714285, 0.0, 0.0, 0.0, 0.0, 1.0, 0.3333333333333333, 0.0, 0.6, 0.5454545454545454, 0.14285714285714285, 0.0, 0.2, 0.0, 0.0, 0.0, 0.07142857142857142, 0.0]}, "0.5": {"macro_f1": 0.39163653483189487, "balanced_accuracy": 0.4490181115181115, "per_class_recall": [1.0, 0.5, 0.125, 0.4, 1.0, 0.6, 0.42857142857142855, 0.16666666666666666, 0.25, 0.4, 0.0, 0.5714285714285714, 0.5555555555555556, 0.375, 0.7, 0.45454545454545453, 0.8571428571428571, 0.0, 1.0, 0.0, 0.08333333333333333, 0.6923076923076923, 0.07142857142857142, 0.5454545454545454]}, "0.75": {"macro_f1": 0.8068421835159452, "balanced_accuracy": 0.8187146187146186, "per_class_recall": [1.0, 1.0, 0.25, 1.0, 1.0, 0.8, 0.7142857142857143, 1.0, 0.625, 0.9, 1.0, 0.8571428571428571, 1.0, 1.0, 0.8, 0.7272727272727273, 0.7142857142857143, 0.6153846153846154, 0.8, 0.875, 0.75, 1.0, 0.8571428571428571, 0.36363636363636365]}, "1.0": {"macro_f1": 0.8727789590667152, "balanced_accuracy": 0.8772508741258741, "per_class_recall": [1.0, 1.0, 1.0, 1.0, 1.0, 0.8, 0.5714285714285714, 1.0, 0.625, 0.8, 1.0, 1.0, 1.0, 1.0, 0.7, 0.6363636363636364, 1.0, 0.6153846153846154, 0.9, 1.0, 0.75, 1.0, 0.9285714285714286, 0.7272727272727273]}}, "selection_score": 1.26441549389861}
{
  "model": "gru",
  "seed": 42,
  "labels_source": "logs/avoiding/bmd_velocity250_expanded/hierarchical_k24/shape_nowhite_spectral_seed42/discovery.npz",
  "uses_true_modes": false,
  "uses_binary_success_partition": true,
  "uses_original_demonstrations": false,
  "episodes": {
    "train": 998,
    "validation": 214,
    "test": 214
  },
  "best_epoch": 180,
  "validation_selection_score": 1.2760726227583308,
  "test": {
    "0.25": {
      "macro_f1": 0.13916642853101965,
      "balanced_accuracy": 0.22579665704665705,
      "per_class_recall": [
        0.5,
        0.5,
        0.375,
        0.5,
        1.0,
        0.0,
        0.14285714285714285,
        0.0,
        0.0,
        0.0,
        0.0,
        0.375,
        0.1111111111111111,
        0.0,
        0.5,
        0.9090909090909091,
        0.0,
        0.0,
        0.2727272727272727,
        0.0,
        0.0,
        0.16666666666666666,
        0.06666666666666667,
        0.0
      ]
    },
    "0.5": {
      "macro_f1": 0.45254784316021013,
      "balanced_accuracy": 0.514424001924002,
      "per_class_recall": [
        0.5,
        0.5,
        0.0,
        1.0,
        1.0,
        0.6,
        0.5714285714285714,
        0.0,
        0.25,
        0.5555555555555556,
        0.0,
        0.75,
        0.5555555555555556,
        1.0,
        0.8,
        0.8181818181818182,
        0.875,
        0.0,
        0.9090909090909091,
        0.125,
        0.4166666666666667,
        0.4166666666666667,
        0.06666666666666667,
        0.6363636363636364
      ]
    },
    "0.75": {
      "macro_f1": 0.8280053640572919,
      "balanced_accuracy": 0.844772126022126,
      "per_class_recall": [
        1.0,
        1.0,
        0.75,
        1.0,
        1.0,
        0.6,
        0.7142857142857143,
        0.5,
        0.875,
        0.7777777777777778,
        1.0,
        0.875,
        1.0,
        1.0,
        0.8,
        0.9090909090909091,
        1.0,
        0.7142857142857143,
        0.7272727272727273,
        1.0,
        1.0,
        0.9166666666666666,
        0.9333333333333333,
        0.18181818181818182
      ]
    },
    "1.0": {
      "macro_f1": 0.8646236020401724,
      "balanced_accuracy": 0.8740755772005772,
      "per_class_recall": [
        1.0,
        1.0,
        1.0,
        1.0,
        1.0,
        0.8,
        0.42857142857142855,
        0.6666666666666666,
        0.875,
        1.0,
        1.0,
        1.0,
        1.0,
        1.0,
        0.7,
        0.6363636363636364,
        1.0,
        0.5,
        0.9090909090909091,
        1.0,
        1.0,
        0.9166666666666666,
        1.0,
        0.5454545454545454
      ]
    }
  }
}
