{"stage": "ctm", "method": "minilmv2_relation", "epoch": 0, "ctm_loss": 0.03734934702515602, "pseudo_dsm_loss": 0.1729222908616066, "endpoint_anchor_loss": 0.0, "mode_gram_loss": 0.026262509170919657, "selection_loss": 0.05542945138644427}
{"stage": "ctm", "method": "minilmv2_relation", "epoch": 25, "ctm_loss": 0.041718372609466314, "pseudo_dsm_loss": 0.17019877210259438, "endpoint_anchor_loss": 0.0, "mode_gram_loss": 0.026237901765853167, "selection_loss": 0.05952538687270135}
{"stage": "ctm", "method": "minilmv2_relation", "epoch": 50, "ctm_loss": 0.0315716655459255, "pseudo_dsm_loss": 0.18563034757971764, "endpoint_anchor_loss": 0.0, "mode_gram_loss": 0.028967333026230335, "selection_loss": 0.05100372029468417}
{"stage": "ctm", "method": "minilmv2_relation", "epoch": 75, "ctm_loss": 0.04871773719787598, "pseudo_dsm_loss": 0.150414502248168, "endpoint_anchor_loss": 0.0, "mode_gram_loss": 0.027062025386840105, "selection_loss": 0.06457104818429799}
{"stage": "ctm", "method": "minilmv2_relation", "epoch": 100, "ctm_loss": 0.06101130601018667, "pseudo_dsm_loss": 0.16800121497362852, "endpoint_anchor_loss": 0.0, "mode_gram_loss": 0.025573314633220434, "selection_loss": 0.07857862694654613}
{"stage": "ctm", "method": "minilmv2_relation", "epoch": 125, "ctm_loss": 0.06193579966202378, "pseudo_dsm_loss": 0.18299752101302147, "endpoint_anchor_loss": 0.0, "mode_gram_loss": 0.02787309791892767, "selection_loss": 0.08107174470089376}
{"stage": "ctm", "method": "minilmv2_relation", "epoch": 150, "ctm_loss": 0.05063643679022789, "pseudo_dsm_loss": 0.12117571011185646, "endpoint_anchor_loss": 0.0, "mode_gram_loss": 0.027536395005881786, "selection_loss": 0.06358009965158999}
{"stage": "ctm", "method": "minilmv2_relation", "epoch": 175, "ctm_loss": 0.0217089339857921, "pseudo_dsm_loss": 0.1741953967139125, "endpoint_anchor_loss": 0.0, "mode_gram_loss": 0.028061240445822477, "selection_loss": 0.03997031087055802}
{"stage": "ctm", "method": "minilmv2_relation", "epoch": 200, "ctm_loss": 0.029942000226583332, "pseudo_dsm_loss": 0.16541294381022453, "endpoint_anchor_loss": 0.0, "mode_gram_loss": 0.02655684296041727, "selection_loss": 0.047279999896418304}
{"stage": "ctm", "method": "minilmv2_relation", "epoch": 225, "ctm_loss": 0.04363356693647802, "pseudo_dsm_loss": 0.1802937090396881, "endpoint_anchor_loss": 0.0, "mode_gram_loss": 0.026622414588928223, "selection_loss": 0.06246161027811468}
{"stage": "ctm", "method": "minilmv2_relation", "epoch": 250, "ctm_loss": 0.02029582462273538, "pseudo_dsm_loss": 0.20366326719522476, "endpoint_anchor_loss": 0.0, "mode_gram_loss": 0.02567815175279975, "selection_loss": 0.041432495894841846}
{"stage": "ctm", "method": "minilmv2_relation", "epoch": 275, "ctm_loss": 0.02319665133836679, "pseudo_dsm_loss": 0.18577652983367443, "endpoint_anchor_loss": 0.0, "mode_gram_loss": 0.025432211812585592, "selection_loss": 0.0425372706761118}
{"stage": "ctm", "method": "minilmv2_relation", "epoch": 300, "ctm_loss": 0.021236442727968097, "pseudo_dsm_loss": 0.16821232624351978, "endpoint_anchor_loss": 0.0, "mode_gram_loss": 0.028905884828418493, "selection_loss": 0.03892485189717263}
{"stage": "ctm", "method": "minilmv2_relation", "epoch": 325, "ctm_loss": 0.03521233331412077, "pseudo_dsm_loss": 0.16435331478714943, "endpoint_anchor_loss": 0.0, "mode_gram_loss": 0.027359106112271547, "selection_loss": 0.052468437976203854}
{"stage": "ctm", "method": "minilmv2_relation", "epoch": 350, "ctm_loss": 0.04292714037001133, "pseudo_dsm_loss": 0.15470137260854244, "endpoint_anchor_loss": 0.0, "mode_gram_loss": 0.025394124444574118, "selection_loss": 0.0591591013642028}
{"stage": "ctm", "method": "minilmv2_relation", "epoch": 375, "ctm_loss": 0.04131492372835055, "pseudo_dsm_loss": 0.1808885782957077, "endpoint_anchor_loss": 0.0, "mode_gram_loss": 0.029043068177998066, "selection_loss": 0.060275073603261266}
{"stage": "ctm", "method": "minilmv2_relation", "epoch": 400, "ctm_loss": 0.038695384515449405, "pseudo_dsm_loss": 0.17094568349421024, "endpoint_anchor_loss": 0.0, "mode_gram_loss": 0.025984685868024826, "selection_loss": 0.056569493440911174}
{"stage": "ctm", "method": "minilmv2_relation", "epoch": 425, "ctm_loss": 0.037876220885664225, "pseudo_dsm_loss": 0.13218251708894968, "endpoint_anchor_loss": 0.0, "mode_gram_loss": 0.02767258184030652, "selection_loss": 0.051924650049768394}
{"stage": "ctm", "method": "minilmv2_relation", "epoch": 450, "ctm_loss": 0.027542445342987776, "pseudo_dsm_loss": 0.13550106901675463, "endpoint_anchor_loss": 0.0, "mode_gram_loss": 0.027638782281428576, "selection_loss": 0.04192171571310609}
{"stage": "ctm", "method": "minilmv2_relation", "epoch": 475, "ctm_loss": 0.057061901898123324, "pseudo_dsm_loss": 0.20180203765630722, "endpoint_anchor_loss": 0.0, "mode_gram_loss": 0.02852821536362171, "selection_loss": 0.0780979521246627}
{
  "method": "minilmv2_relation",
  "student_architecture": {
    "layers": 3,
    "embed_dim": 48,
    "heads": 3
  },
  "multi_noise": 1,
  "endpoint_weight": 0.0,
  "mode_balanced_sampling": false,
  "stratified_multitime": false,
  "initialization": {
    "teacher_layers": [
      0,
      1,
      2
    ],
    "selected_heads": [
      0,
      1,
      2
    ],
    "selected_channels": [
      0,
      1,
      2,
      3,
      4,
      6,
      7,
      8,
      10,
      11,
      12,
      13,
      14,
      15,
      16,
      17,
      18,
      19,
      20,
      21,
      22,
      23,
      25,
      27,
      28,
      29,
      30,
      31,
      32,
      33,
      34,
      35,
      36,
      37,
      38,
      39,
      40,
      41,
      42,
      43,
      44,
      46,
      47,
      48,
      50,
      51,
      52,
      53
    ],
    "method": "early",
    "load_max_abs_diff": 0.0,
    "pretrained_structure": "logs/avoiding/teacher_generated_minilmv2_repair_accuracy/velocity_w1/model/pretrain_epoch_0250.pth"
  },
  "uses_original_demonstrations": false,
  "uses_expert_actions": false,
  "buffer": "logs/avoiding/teacher_generated_transfer/transfer_buffer.pt",
  "structure_dynamic_pretraining": false,
  "pretrain_epochs": 0,
  "ctm_epochs": 500,
  "ctm_dsm_weight": 0.1,
  "ctm_endpoint_anchor_weight": 0.0,
  "ctm_mode_weight": 0.03,
  "ctm_conditional_samples": 4,
  "ctm_milestones": [
    100,
    250,
    500
  ],
  "best_epoch": 499,
  "best_selection_loss": 0.028146545290946963
}
