{
  "protocol": "Standard-120: require SR>=0.75 and coverage>=20; then maximize SR, coverage, entropy",
  "rows": [
    {
      "epoch": 100,
      "success_rate": 0.5583333333333333,
      "coverage": 18,
      "entropy": 0.8172521369159083,
      "metrics": "logs/avoiding/p6_strong_teacher_structure_repair/velocity_relation_endpoint/eval120_epoch100/metrics.json"
    },
    {
      "epoch": 250,
      "success_rate": 0.575,
      "coverage": 19,
      "entropy": 0.8088678479424576,
      "metrics": "logs/avoiding/p6_strong_teacher_structure_repair/velocity_relation_endpoint/eval120_epoch250/metrics.json"
    },
    {
      "epoch": 500,
      "success_rate": 0.6,
      "coverage": 19,
      "entropy": 0.800885908461844,
      "metrics": "logs/avoiding/p6_strong_teacher_structure_repair/velocity_relation_endpoint/eval120_epoch500/metrics.json",
      "passed_gate": false
    }
  ],
  "selected": {
    "epoch": 500,
    "success_rate": 0.6,
    "coverage": 19,
    "entropy": 0.800885908461844,
    "metrics": "logs/avoiding/p6_strong_teacher_structure_repair/velocity_relation_endpoint/eval120_epoch500/metrics.json",
    "passed_gate": false
  }
}
