{"stage": "ctm", "method": "early_multinoise_endpoint", "epoch": 0, "ctm_loss": 0.08006148971617222, "pseudo_dsm_loss": 0.5801618695259094, "selection_loss": 0.13807767666876317}
{"stage": "ctm", "method": "early_multinoise_endpoint", "epoch": 25, "ctm_loss": 0.07500930223613977, "pseudo_dsm_loss": 0.5905729159712791, "selection_loss": 0.1340665938332677}
{"stage": "ctm", "method": "early_multinoise_endpoint", "epoch": 50, "ctm_loss": 0.06539213564246893, "pseudo_dsm_loss": 0.6061938926577568, "selection_loss": 0.1260115249082446}
{"stage": "ctm", "method": "early_multinoise_endpoint", "epoch": 75, "ctm_loss": 0.06390170659869909, "pseudo_dsm_loss": 0.45342816784977913, "selection_loss": 0.10924452338367702}
{"stage": "ctm", "method": "early_multinoise_endpoint", "epoch": 100, "ctm_loss": 0.06713961157947779, "pseudo_dsm_loss": 0.5173846129328012, "selection_loss": 0.11887807287275792}
{"stage": "ctm", "method": "early_multinoise_endpoint", "epoch": 125, "ctm_loss": 0.06909169256687164, "pseudo_dsm_loss": 0.5479626506567001, "selection_loss": 0.12388795763254165}
{"stage": "ctm", "method": "early_multinoise_endpoint", "epoch": 150, "ctm_loss": 0.06785761844366789, "pseudo_dsm_loss": 0.32117343693971634, "selection_loss": 0.09997496213763953}
{"stage": "ctm", "method": "early_multinoise_endpoint", "epoch": 175, "ctm_loss": 0.05378343164920807, "pseudo_dsm_loss": 0.5316597055643797, "selection_loss": 0.10694940220564604}
{"stage": "ctm", "method": "early_multinoise_endpoint", "epoch": 200, "ctm_loss": 0.04730520211160183, "pseudo_dsm_loss": 0.4148484282195568, "selection_loss": 0.08879004493355752}
{"stage": "ctm", "method": "early_multinoise_endpoint", "epoch": 225, "ctm_loss": 0.05762836430221796, "pseudo_dsm_loss": 0.49731171131134033, "selection_loss": 0.107359535433352}
{"stage": "ctm", "method": "early_multinoise_endpoint", "epoch": 250, "ctm_loss": 0.048059810884296894, "pseudo_dsm_loss": 0.590112641453743, "selection_loss": 0.1070710750296712}
{"stage": "ctm", "method": "early_multinoise_endpoint", "epoch": 275, "ctm_loss": 0.05355948908254504, "pseudo_dsm_loss": 0.5155823715031147, "selection_loss": 0.1051177262328565}
{"stage": "ctm", "method": "early_multinoise_endpoint", "epoch": 300, "ctm_loss": 0.04334511235356331, "pseudo_dsm_loss": 0.3825727254152298, "selection_loss": 0.08160238489508628}
{"stage": "ctm", "method": "early_multinoise_endpoint", "epoch": 325, "ctm_loss": 0.04588085971772671, "pseudo_dsm_loss": 0.3257487043738365, "selection_loss": 0.07845573015511037}
{"stage": "ctm", "method": "early_multinoise_endpoint", "epoch": 350, "ctm_loss": 0.05982576124370098, "pseudo_dsm_loss": 0.3607867620885372, "selection_loss": 0.0959044374525547}
{"stage": "ctm", "method": "early_multinoise_endpoint", "epoch": 375, "ctm_loss": 0.062048657331615686, "pseudo_dsm_loss": 0.43087534233927727, "selection_loss": 0.10513619156554341}
{"stage": "ctm", "method": "early_multinoise_endpoint", "epoch": 400, "ctm_loss": 0.050880213268101215, "pseudo_dsm_loss": 0.37160081043839455, "selection_loss": 0.08804029431194067}
{"stage": "ctm", "method": "early_multinoise_endpoint", "epoch": 425, "ctm_loss": 0.05052298493683338, "pseudo_dsm_loss": 0.2549654357135296, "selection_loss": 0.07601952850818634}
{"stage": "ctm", "method": "early_multinoise_endpoint", "epoch": 450, "ctm_loss": 0.05676404293626547, "pseudo_dsm_loss": 0.3185658995062113, "selection_loss": 0.0886206328868866}
{"stage": "ctm", "method": "early_multinoise_endpoint", "epoch": 475, "ctm_loss": 0.08269339939579368, "pseudo_dsm_loss": 0.4662099555134773, "selection_loss": 0.12931439494714142}
{
  "method": "early_multinoise_endpoint",
  "student_architecture": {
    "layers": 3,
    "embed_dim": 48,
    "heads": 3
  },
  "multi_noise": 4,
  "endpoint_weight": 0.03,
  "mode_balanced_sampling": false,
  "stratified_multitime": false,
  "initialization": {
    "teacher_layers": [
      0,
      1,
      2
    ],
    "selected_heads": [
      0,
      1,
      2
    ],
    "selected_channels": [
      0,
      1,
      2,
      3,
      4,
      6,
      7,
      8,
      10,
      11,
      12,
      13,
      14,
      15,
      16,
      17,
      18,
      19,
      20,
      21,
      22,
      23,
      25,
      27,
      28,
      29,
      30,
      31,
      32,
      33,
      34,
      35,
      36,
      37,
      38,
      39,
      40,
      41,
      42,
      43,
      44,
      46,
      47,
      48,
      50,
      51,
      52,
      53
    ],
    "method": "early",
    "load_max_abs_diff": 0.0
  },
  "uses_original_demonstrations": false,
  "uses_expert_actions": false,
  "buffer": "logs/avoiding/teacher_generated_transfer/transfer_buffer.pt",
  "structure_dynamic_pretraining": false,
  "pretrain_epochs": 0,
  "ctm_epochs": 500,
  "best_epoch": 354,
  "best_selection_loss": 0.06149490233510733
}
