{"stage": "ctm", "method": "minilmv2_relation", "epoch": 0, "ctm_loss": 0.04341844312148169, "pseudo_dsm_loss": 0.20872894302010536, "endpoint_anchor_loss": 0.0, "mode_gram_loss": 0.0, "endpoint_mmd_loss": 0.0, "selection_loss": 0.06429133742349222}
{"stage": "ctm", "method": "minilmv2_relation", "epoch": 25, "ctm_loss": 0.0590870144078508, "pseudo_dsm_loss": 0.21548049338161945, "endpoint_anchor_loss": 0.0, "mode_gram_loss": 0.0, "endpoint_mmd_loss": 0.0, "selection_loss": 0.08063506374601274}
{"stage": "ctm", "method": "minilmv2_relation", "epoch": 50, "ctm_loss": 0.046532323001883924, "pseudo_dsm_loss": 0.22408948093652725, "endpoint_anchor_loss": 0.0, "mode_gram_loss": 0.0, "endpoint_mmd_loss": 0.0, "selection_loss": 0.06894127109553665}
{"stage": "ctm", "method": "minilmv2_relation", "epoch": 75, "ctm_loss": 0.035314218141138554, "pseudo_dsm_loss": 0.2132985219359398, "endpoint_anchor_loss": 0.0, "mode_gram_loss": 0.0, "endpoint_mmd_loss": 0.0, "selection_loss": 0.05664407033473254}
{"stage": "ctm", "method": "minilmv2_relation", "epoch": 100, "ctm_loss": 0.038673186441883445, "pseudo_dsm_loss": 0.20511576533317566, "endpoint_anchor_loss": 0.0, "mode_gram_loss": 0.0, "endpoint_mmd_loss": 0.0, "selection_loss": 0.05918476297520101}
{"stage": "ctm", "method": "minilmv2_relation", "epoch": 125, "ctm_loss": 0.04357097134925425, "pseudo_dsm_loss": 0.17373604979366064, "endpoint_anchor_loss": 0.0, "mode_gram_loss": 0.0, "endpoint_mmd_loss": 0.0, "selection_loss": 0.06094457632862031}
{"stage": "ctm", "method": "minilmv2_relation", "epoch": 150, "ctm_loss": 0.022684812545776367, "pseudo_dsm_loss": 0.1716708093881607, "endpoint_anchor_loss": 0.0, "mode_gram_loss": 0.0, "endpoint_mmd_loss": 0.0, "selection_loss": 0.039851893484592435}
{"stage": "ctm", "method": "minilmv2_relation", "epoch": 175, "ctm_loss": 0.03443557024002075, "pseudo_dsm_loss": 0.14689555577933788, "endpoint_anchor_loss": 0.0, "mode_gram_loss": 0.0, "endpoint_mmd_loss": 0.0, "selection_loss": 0.04912512581795454}
{"stage": "ctm", "method": "minilmv2_relation", "epoch": 200, "ctm_loss": 0.05895464401692152, "pseudo_dsm_loss": 0.19680407643318176, "endpoint_anchor_loss": 0.0, "mode_gram_loss": 0.0, "endpoint_mmd_loss": 0.0, "selection_loss": 0.0786350516602397}
{"stage": "ctm", "method": "minilmv2_relation", "epoch": 225, "ctm_loss": 0.03627346851862967, "pseudo_dsm_loss": 0.17760801315307617, "endpoint_anchor_loss": 0.0, "mode_gram_loss": 0.0, "endpoint_mmd_loss": 0.0, "selection_loss": 0.05403426983393729}
{"stage": "ctm", "method": "minilmv2_relation", "epoch": 250, "ctm_loss": 0.03750028379727155, "pseudo_dsm_loss": 0.20839591324329376, "endpoint_anchor_loss": 0.0, "mode_gram_loss": 0.0, "endpoint_mmd_loss": 0.0, "selection_loss": 0.05833987512160092}
{"stage": "ctm", "method": "minilmv2_relation", "epoch": 275, "ctm_loss": 0.02885230118408799, "pseudo_dsm_loss": 0.1980229876935482, "endpoint_anchor_loss": 0.0, "mode_gram_loss": 0.0, "endpoint_mmd_loss": 0.0, "selection_loss": 0.04865459995344282}
{"stage": "ctm", "method": "minilmv2_relation", "epoch": 300, "ctm_loss": 0.036214439664036036, "pseudo_dsm_loss": 0.13988826423883438, "endpoint_anchor_loss": 0.0, "mode_gram_loss": 0.0, "endpoint_mmd_loss": 0.0, "selection_loss": 0.050203266087919474}
{"stage": "ctm", "method": "minilmv2_relation", "epoch": 325, "ctm_loss": 0.043718570144847035, "pseudo_dsm_loss": 0.16150561347603798, "endpoint_anchor_loss": 0.0, "mode_gram_loss": 0.0, "endpoint_mmd_loss": 0.0, "selection_loss": 0.059869131492450836}
{"stage": "ctm", "method": "minilmv2_relation", "epoch": 350, "ctm_loss": 0.06358532514423132, "pseudo_dsm_loss": 0.21175963431596756, "endpoint_anchor_loss": 0.0, "mode_gram_loss": 0.0, "endpoint_mmd_loss": 0.0, "selection_loss": 0.08476128857582807}
{"stage": "ctm", "method": "minilmv2_relation", "epoch": 375, "ctm_loss": 0.0063420337392017245, "pseudo_dsm_loss": 0.2078383006155491, "endpoint_anchor_loss": 0.0, "mode_gram_loss": 0.0, "endpoint_mmd_loss": 0.0, "selection_loss": 0.027125863800756635}
{"stage": "ctm", "method": "minilmv2_relation", "epoch": 400, "ctm_loss": 0.039674737490713596, "pseudo_dsm_loss": 0.21678399667143822, "endpoint_anchor_loss": 0.0, "mode_gram_loss": 0.0, "endpoint_mmd_loss": 0.0, "selection_loss": 0.061353137157857424}
{"stage": "ctm", "method": "minilmv2_relation", "epoch": 425, "ctm_loss": 0.050556468311697245, "pseudo_dsm_loss": 0.15265246853232384, "endpoint_anchor_loss": 0.0, "mode_gram_loss": 0.0, "endpoint_mmd_loss": 0.0, "selection_loss": 0.06582171516492963}
{"stage": "ctm", "method": "minilmv2_relation", "epoch": 450, "ctm_loss": 0.020306916208937764, "pseudo_dsm_loss": 0.19217484071850777, "endpoint_anchor_loss": 0.0, "mode_gram_loss": 0.0, "endpoint_mmd_loss": 0.0, "selection_loss": 0.039524400280788546}
{"stage": "ctm", "method": "minilmv2_relation", "epoch": 475, "ctm_loss": 0.03584792744368315, "pseudo_dsm_loss": 0.2142689749598503, "endpoint_anchor_loss": 0.0, "mode_gram_loss": 0.0, "endpoint_mmd_loss": 0.0, "selection_loss": 0.05727482493966818}
{
  "method": "minilmv2_relation",
  "experiment_label": "demonstration_free_ctm",
  "demonstration_free": true,
  "ctm_data_source": "rollout",
  "ctm_balance_kind": "ground_truth_mode_oracle",
  "ctm_latent_labels": null,
  "ctm_success_only": false,
  "demonstration_mixture_probability": 0.0,
  "student_architecture": {
    "layers": 3,
    "embed_dim": 48,
    "heads": 3
  },
  "multi_noise": 1,
  "endpoint_weight": 0.0,
  "mode_balanced_sampling": false,
  "stratified_multitime": false,
  "initialization": {
    "teacher_layers": [
      0,
      1,
      2
    ],
    "selected_heads": [
      0,
      1,
      2
    ],
    "selected_channels": [
      0,
      1,
      2,
      3,
      4,
      6,
      7,
      8,
      10,
      11,
      12,
      13,
      14,
      15,
      16,
      17,
      18,
      19,
      20,
      21,
      22,
      23,
      25,
      27,
      28,
      29,
      30,
      31,
      32,
      33,
      34,
      35,
      36,
      37,
      38,
      39,
      40,
      41,
      42,
      43,
      44,
      46,
      47,
      48,
      50,
      51,
      52,
      53
    ],
    "method": "early",
    "load_max_abs_diff": 0.0,
    "pretrained_structure": "logs/avoiding/teacher_generated_minilmv2_repair_accuracy/velocity_w1/model/pretrain_epoch_0250.pth"
  },
  "uses_original_demonstrations": false,
  "uses_expert_actions": false,
  "demonstration_dir": null,
  "buffer": "logs/avoiding/bmd_velocity250/transfer_buffer.pt",
  "structure_dynamic_pretraining": false,
  "pretrain_epochs": 0,
  "ctm_epochs": 500,
  "ctm_dsm_weight": 0.1,
  "ctm_endpoint_anchor_weight": 0.0,
  "ctm_mode_weight": 0.0,
  "ctm_endpoint_mmd_weight": 0.0,
  "ctm_conditional_samples": 4,
  "ctm_milestones": [
    100,
    250,
    500
  ],
  "best_epoch": 375,
  "best_selection_loss": 0.027125863800756635
}
