{"stage": "ctm", "method": "minilmv2_relation", "epoch": 0, "ctm_loss": 0.06778196897357702, "pseudo_dsm_loss": 0.19460186176002026, "endpoint_anchor_loss": 0.0, "mode_gram_loss": 0.0, "endpoint_mmd_loss": 0.0, "trajectory_mmd_loss": 3.012518209288828e-05, "selection_loss": 0.08724305890504183}
{"stage": "ctm", "method": "minilmv2_relation", "epoch": 25, "ctm_loss": 0.04527726396918297, "pseudo_dsm_loss": 0.21671998873353004, "endpoint_anchor_loss": 0.0, "mode_gram_loss": 0.0, "endpoint_mmd_loss": 0.0, "trajectory_mmd_loss": 2.4591262899775757e-05, "selection_loss": 0.06695000058042296}
{"stage": "ctm", "method": "minilmv2_relation", "epoch": 50, "ctm_loss": 0.04465410020202398, "pseudo_dsm_loss": 0.21332041919231415, "endpoint_anchor_loss": 0.0, "mode_gram_loss": 0.0, "endpoint_mmd_loss": 0.0, "trajectory_mmd_loss": 2.2757799342798535e-05, "selection_loss": 0.06598682485523567}
{"stage": "ctm", "method": "minilmv2_relation", "epoch": 75, "ctm_loss": 0.0618704785592854, "pseudo_dsm_loss": 0.21449968218803406, "endpoint_anchor_loss": 0.0, "mode_gram_loss": 0.0, "endpoint_mmd_loss": 0.0, "trajectory_mmd_loss": 2.3901463464426342e-05, "selection_loss": 0.08332116382199274}
{"stage": "ctm", "method": "minilmv2_relation", "epoch": 100, "ctm_loss": 0.03416154719889164, "pseudo_dsm_loss": 0.13973744679242373, "endpoint_anchor_loss": 0.0, "mode_gram_loss": 0.0, "endpoint_mmd_loss": 0.0, "trajectory_mmd_loss": 2.5192897737724707e-05, "selection_loss": 0.04813604766506614}
{"stage": "ctm", "method": "minilmv2_relation", "epoch": 125, "ctm_loss": 0.020464471454033628, "pseudo_dsm_loss": 0.205129686743021, "endpoint_anchor_loss": 0.0, "mode_gram_loss": 0.0, "endpoint_mmd_loss": 0.0, "trajectory_mmd_loss": 2.6356430225860095e-05, "selection_loss": 0.04097823082124251}
{"stage": "ctm", "method": "minilmv2_relation", "epoch": 150, "ctm_loss": 0.04283157526515424, "pseudo_dsm_loss": 0.19107218086719513, "endpoint_anchor_loss": 0.0, "mode_gram_loss": 0.0, "endpoint_mmd_loss": 0.0, "trajectory_mmd_loss": 2.0422042325662915e-05, "selection_loss": 0.06193940601314353}
{"stage": "ctm", "method": "minilmv2_relation", "epoch": 175, "ctm_loss": 0.048576463013887405, "pseudo_dsm_loss": 0.15998256113380194, "endpoint_anchor_loss": 0.0, "mode_gram_loss": 0.0, "endpoint_mmd_loss": 0.0, "trajectory_mmd_loss": 2.617513200675603e-05, "selection_loss": 0.0645755043812278}
{"stage": "ctm", "method": "minilmv2_relation", "epoch": 200, "ctm_loss": 0.048746648244559765, "pseudo_dsm_loss": 0.14989314787089825, "endpoint_anchor_loss": 0.0, "mode_gram_loss": 0.0, "endpoint_mmd_loss": 0.0, "trajectory_mmd_loss": 2.8220316835358972e-05, "selection_loss": 0.06373680964115465}
{"stage": "ctm", "method": "minilmv2_relation", "epoch": 225, "ctm_loss": 0.029993023839779198, "pseudo_dsm_loss": 0.16120687779039145, "endpoint_anchor_loss": 0.0, "mode_gram_loss": 0.0, "endpoint_mmd_loss": 0.0, "trajectory_mmd_loss": 2.3641934149054578e-05, "selection_loss": 0.04611442087684282}
{"stage": "ctm", "method": "minilmv2_relation", "epoch": 250, "ctm_loss": 0.035435746365692466, "pseudo_dsm_loss": 0.20412538573145866, "endpoint_anchor_loss": 0.0, "mode_gram_loss": 0.0, "endpoint_mmd_loss": 0.0, "trajectory_mmd_loss": 2.2367885321727954e-05, "selection_loss": 0.05584895597539799}
{"stage": "ctm", "method": "minilmv2_relation", "epoch": 275, "ctm_loss": 0.009318306983914226, "pseudo_dsm_loss": 0.2182517610490322, "endpoint_anchor_loss": 0.0, "mode_gram_loss": 0.0, "endpoint_mmd_loss": 0.0, "trajectory_mmd_loss": 2.4009496883081738e-05, "selection_loss": 0.031144203373723943}
{"stage": "ctm", "method": "minilmv2_relation", "epoch": 300, "ctm_loss": 0.030118245165795088, "pseudo_dsm_loss": 0.16304912976920605, "endpoint_anchor_loss": 0.0, "mode_gram_loss": 0.0, "endpoint_mmd_loss": 0.0, "trajectory_mmd_loss": 1.9942721337429248e-05, "selection_loss": 0.04642375642435582}
{"stage": "ctm", "method": "minilmv2_relation", "epoch": 325, "ctm_loss": 0.029280572198331356, "pseudo_dsm_loss": 0.12511578015983105, "endpoint_anchor_loss": 0.0, "mode_gram_loss": 0.0, "endpoint_mmd_loss": 0.0, "trajectory_mmd_loss": 2.5638690658524865e-05, "selection_loss": 0.04179291937503422}
{"stage": "ctm", "method": "minilmv2_relation", "epoch": 350, "ctm_loss": 0.021103251725435257, "pseudo_dsm_loss": 0.15101290307939053, "endpoint_anchor_loss": 0.0, "mode_gram_loss": 0.0, "endpoint_mmd_loss": 0.0, "trajectory_mmd_loss": 2.220521400886355e-05, "selection_loss": 0.03620520818979458}
{"stage": "ctm", "method": "minilmv2_relation", "epoch": 375, "ctm_loss": 0.042549774050712585, "pseudo_dsm_loss": 0.16332110203802586, "endpoint_anchor_loss": 0.0, "mode_gram_loss": 0.0, "endpoint_mmd_loss": 0.0, "trajectory_mmd_loss": 2.0518899873422924e-05, "selection_loss": 0.05888249982151137}
{"stage": "ctm", "method": "minilmv2_relation", "epoch": 400, "ctm_loss": 0.04509441368281841, "pseudo_dsm_loss": 0.15086844190955162, "endpoint_anchor_loss": 0.0, "mode_gram_loss": 0.0, "endpoint_mmd_loss": 0.0, "trajectory_mmd_loss": 2.3828199118725024e-05, "selection_loss": 0.06018197271974714}
{"stage": "ctm", "method": "minilmv2_relation", "epoch": 425, "ctm_loss": 0.022464863024652004, "pseudo_dsm_loss": 0.18158678896725178, "endpoint_anchor_loss": 0.0, "mode_gram_loss": 0.0, "endpoint_mmd_loss": 0.0, "trajectory_mmd_loss": 2.6919569336314453e-05, "selection_loss": 0.04062434950845727}
{"stage": "ctm", "method": "minilmv2_relation", "epoch": 450, "ctm_loss": 0.026670648832805455, "pseudo_dsm_loss": 0.18632904812693596, "endpoint_anchor_loss": 0.0, "mode_gram_loss": 0.0, "endpoint_mmd_loss": 0.0, "trajectory_mmd_loss": 2.8436383217922412e-05, "selection_loss": 0.04530440673699559}
{"stage": "ctm", "method": "minilmv2_relation", "epoch": 475, "ctm_loss": 0.07366421446204185, "pseudo_dsm_loss": 0.21494614332914352, "endpoint_anchor_loss": 0.0, "mode_gram_loss": 0.0, "endpoint_mmd_loss": 0.0, "trajectory_mmd_loss": 2.1081418253743323e-05, "selection_loss": 0.09515946123750382}
{
  "method": "minilmv2_relation",
  "experiment_label": "demonstration_free_ctm",
  "demonstration_free": true,
  "ctm_data_source": "rollout",
  "ctm_balance_kind": "bmd_latent",
  "ctm_labels_for_loss_only": true,
  "ctm_balancing_protocol": "none_labels_used_only_by_auxiliary_loss",
  "ctm_latent_labels": "logs/avoiding/bmd_velocity250/hierarchical_k24/shape_nowhite_spectral_seed42/discovery.npz",
  "ctm_success_only": false,
  "demonstration_mixture_probability": 0.0,
  "student_architecture": {
    "layers": 3,
    "embed_dim": 48,
    "heads": 3
  },
  "multi_noise": 1,
  "endpoint_weight": 0.0,
  "mode_balanced_sampling": false,
  "stratified_multitime": false,
  "initialization": {
    "teacher_layers": [
      0,
      1,
      2
    ],
    "selected_heads": [
      0,
      1,
      2
    ],
    "selected_channels": [
      0,
      1,
      2,
      3,
      4,
      6,
      7,
      8,
      10,
      11,
      12,
      13,
      14,
      15,
      16,
      17,
      18,
      19,
      20,
      21,
      22,
      23,
      25,
      27,
      28,
      29,
      30,
      31,
      32,
      33,
      34,
      35,
      36,
      37,
      38,
      39,
      40,
      41,
      42,
      43,
      44,
      46,
      47,
      48,
      50,
      51,
      52,
      53
    ],
    "method": "early",
    "load_max_abs_diff": 0.0,
    "pretrained_structure": "logs/avoiding/teacher_generated_minilmv2_repair_accuracy/velocity_w1/model/pretrain_epoch_0250.pth"
  },
  "uses_original_demonstrations": false,
  "uses_expert_actions": false,
  "demonstration_dir": null,
  "buffer": "logs/avoiding/bmd_velocity250/transfer_buffer.pt",
  "structure_dynamic_pretraining": false,
  "pretrain_epochs": 0,
  "ctm_epochs": 500,
  "ctm_dsm_weight": 0.1,
  "ctm_endpoint_anchor_weight": 0.0,
  "ctm_mode_weight": 0.0,
  "ctm_endpoint_mmd_weight": 0.0,
  "ctm_trajectory_mmd_weight": 0.03,
  "ctm_trajectory_horizon": 4,
  "ctm_conditional_samples": 4,
  "ctm_milestones": [
    100,
    250,
    500
  ],
  "best_epoch": 169,
  "best_selection_loss": 0.02708839534201161
}
