{"stage": "ctm", "method": "minilmv2_relation", "epoch": 0, "ctm_loss": 0.06601367052644491, "pseudo_dsm_loss": 0.1978838685899973, "endpoint_anchor_loss": 0.0, "mode_gram_loss": 0.0, "endpoint_mmd_loss": 0.0, "trajectory_mmd_loss": 4.454516056284774e-05, "selection_loss": 0.08580651190150092}
{"stage": "ctm", "method": "minilmv2_relation", "epoch": 25, "ctm_loss": 0.044409500900655985, "pseudo_dsm_loss": 0.2168656513094902, "endpoint_anchor_loss": 0.0, "mode_gram_loss": 0.0, "endpoint_mmd_loss": 0.0, "trajectory_mmd_loss": 3.100559160884586e-05, "selection_loss": 0.0660991665907659}
{"stage": "ctm", "method": "minilmv2_relation", "epoch": 50, "ctm_loss": 0.04445008281618357, "pseudo_dsm_loss": 0.21111050993204117, "endpoint_anchor_loss": 0.0, "mode_gram_loss": 0.0, "endpoint_mmd_loss": 0.0, "trajectory_mmd_loss": 5.07521162944613e-05, "selection_loss": 0.06556620902101713}
{"stage": "ctm", "method": "minilmv2_relation", "epoch": 75, "ctm_loss": 0.06285284040495753, "pseudo_dsm_loss": 0.2125386856496334, "endpoint_anchor_loss": 0.0, "mode_gram_loss": 0.0, "endpoint_mmd_loss": 0.0, "trajectory_mmd_loss": 2.247591874038335e-05, "selection_loss": 0.0841089565617949}
{"stage": "ctm", "method": "minilmv2_relation", "epoch": 100, "ctm_loss": 0.034006744623184204, "pseudo_dsm_loss": 0.1374954804778099, "endpoint_anchor_loss": 0.0, "mode_gram_loss": 0.0, "endpoint_mmd_loss": 0.0, "trajectory_mmd_loss": 2.6959927254210925e-05, "selection_loss": 0.04775898866369061}
{"stage": "ctm", "method": "minilmv2_relation", "epoch": 125, "ctm_loss": 0.025271147082094103, "pseudo_dsm_loss": 0.1576296053826809, "endpoint_anchor_loss": 0.0, "mode_gram_loss": 0.0, "endpoint_mmd_loss": 0.0, "trajectory_mmd_loss": 2.713004823817755e-05, "selection_loss": 0.04103682062518601}
{"stage": "ctm", "method": "minilmv2_relation", "epoch": 150, "ctm_loss": 0.04234329564496875, "pseudo_dsm_loss": 0.190098088234663, "endpoint_anchor_loss": 0.0, "mode_gram_loss": 0.0, "endpoint_mmd_loss": 0.0, "trajectory_mmd_loss": 2.372264862060547e-05, "selection_loss": 0.06135547673329711}
{"stage": "ctm", "method": "minilmv2_relation", "epoch": 175, "ctm_loss": 0.03306152019649744, "pseudo_dsm_loss": 0.13383295573294163, "endpoint_anchor_loss": 0.0, "mode_gram_loss": 0.0, "endpoint_mmd_loss": 0.0, "trajectory_mmd_loss": 2.652282591952826e-05, "selection_loss": 0.04644746805238356}
{"stage": "ctm", "method": "minilmv2_relation", "epoch": 200, "ctm_loss": 0.04699593968689442, "pseudo_dsm_loss": 0.16624387353658676, "endpoint_anchor_loss": 0.0, "mode_gram_loss": 0.0, "endpoint_mmd_loss": 0.0, "trajectory_mmd_loss": 2.7254224733042065e-05, "selection_loss": 0.0636230524630264}
{"stage": "ctm", "method": "minilmv2_relation", "epoch": 225, "ctm_loss": 0.034886559238657355, "pseudo_dsm_loss": 0.16848725639283657, "endpoint_anchor_loss": 0.0, "mode_gram_loss": 0.0, "endpoint_mmd_loss": 0.0, "trajectory_mmd_loss": 2.1828960143466247e-05, "selection_loss": 0.05173746777395537}
{"stage": "ctm", "method": "minilmv2_relation", "epoch": 250, "ctm_loss": 0.03452315489994362, "pseudo_dsm_loss": 0.18491105735301971, "endpoint_anchor_loss": 0.0, "mode_gram_loss": 0.0, "endpoint_mmd_loss": 0.0, "trajectory_mmd_loss": 2.6473155230632983e-05, "selection_loss": 0.05301690795076865}
{"stage": "ctm", "method": "minilmv2_relation", "epoch": 275, "ctm_loss": 0.01370783883612603, "pseudo_dsm_loss": 0.18000036291778088, "endpoint_anchor_loss": 0.0, "mode_gram_loss": 0.0, "endpoint_mmd_loss": 0.0, "trajectory_mmd_loss": 2.5505821213300806e-05, "selection_loss": 0.03171042571002544}
{"stage": "ctm", "method": "minilmv2_relation", "epoch": 300, "ctm_loss": 0.044751988258212805, "pseudo_dsm_loss": 0.16966959834098816, "endpoint_anchor_loss": 0.0, "mode_gram_loss": 0.0, "endpoint_mmd_loss": 0.0, "trajectory_mmd_loss": 3.1244010642694775e-05, "selection_loss": 0.0617220724933759}
{"stage": "ctm", "method": "minilmv2_relation", "epoch": 325, "ctm_loss": 0.0254529204685241, "pseudo_dsm_loss": 0.14965151995420456, "endpoint_anchor_loss": 0.0, "mode_gram_loss": 0.0, "endpoint_mmd_loss": 0.0, "trajectory_mmd_loss": 3.245659263484413e-05, "selection_loss": 0.04042131812320804}
{"stage": "ctm", "method": "minilmv2_relation", "epoch": 350, "ctm_loss": 0.025216349167749286, "pseudo_dsm_loss": 0.13850784301757812, "endpoint_anchor_loss": 0.0, "mode_gram_loss": 0.0, "endpoint_mmd_loss": 0.0, "trajectory_mmd_loss": 2.5252501927752746e-05, "selection_loss": 0.03906965871969987}
{"stage": "ctm", "method": "minilmv2_relation", "epoch": 375, "ctm_loss": 0.04303030529990792, "pseudo_dsm_loss": 0.1956457644701004, "endpoint_anchor_loss": 0.0, "mode_gram_loss": 0.0, "endpoint_mmd_loss": 0.0, "trajectory_mmd_loss": 4.051253290526802e-05, "selection_loss": 0.0625989330002085}
{"stage": "ctm", "method": "minilmv2_relation", "epoch": 400, "ctm_loss": 0.037787768873386085, "pseudo_dsm_loss": 0.16279547847807407, "endpoint_anchor_loss": 0.0, "mode_gram_loss": 0.0, "endpoint_mmd_loss": 0.0, "trajectory_mmd_loss": 2.1753833152615698e-05, "selection_loss": 0.05406949210450876}
{"stage": "ctm", "method": "minilmv2_relation", "epoch": 425, "ctm_loss": 0.02663819259032607, "pseudo_dsm_loss": 0.15996295399963856, "endpoint_anchor_loss": 0.0, "mode_gram_loss": 0.0, "endpoint_mmd_loss": 0.0, "trajectory_mmd_loss": 3.090500877078739e-05, "selection_loss": 0.04263757849116701}
{"stage": "ctm", "method": "minilmv2_relation", "epoch": 450, "ctm_loss": 0.021034748700913042, "pseudo_dsm_loss": 0.1967451609671116, "endpoint_anchor_loss": 0.0, "mode_gram_loss": 0.0, "endpoint_mmd_loss": 0.0, "trajectory_mmd_loss": 2.360344024054939e-05, "selection_loss": 0.04071162514164825}
{"stage": "ctm", "method": "minilmv2_relation", "epoch": 475, "ctm_loss": 0.026723754010163248, "pseudo_dsm_loss": 0.18891943618655205, "endpoint_anchor_loss": 0.0, "mode_gram_loss": 0.0, "endpoint_mmd_loss": 0.0, "trajectory_mmd_loss": 2.69895140263543e-05, "selection_loss": 0.045618396580221085}
{
  "method": "minilmv2_relation",
  "experiment_label": "demonstration_free_ctm",
  "demonstration_free": true,
  "ctm_data_source": "rollout",
  "ctm_balance_kind": "bmd_latent",
  "ctm_labels_for_loss_only": true,
  "ctm_balancing_protocol": "none_labels_used_only_by_auxiliary_loss",
  "ctm_latent_labels": "logs/avoiding/bmd_velocity250/hierarchical_k24/shape_nowhite_spectral_seed42/discovery.npz",
  "ctm_success_only": false,
  "demonstration_mixture_probability": 0.0,
  "student_architecture": {
    "layers": 3,
    "embed_dim": 48,
    "heads": 3
  },
  "multi_noise": 1,
  "endpoint_weight": 0.0,
  "mode_balanced_sampling": false,
  "stratified_multitime": false,
  "initialization": {
    "teacher_layers": [
      0,
      1,
      2
    ],
    "selected_heads": [
      0,
      1,
      2
    ],
    "selected_channels": [
      0,
      1,
      2,
      3,
      4,
      6,
      7,
      8,
      10,
      11,
      12,
      13,
      14,
      15,
      16,
      17,
      18,
      19,
      20,
      21,
      22,
      23,
      25,
      27,
      28,
      29,
      30,
      31,
      32,
      33,
      34,
      35,
      36,
      37,
      38,
      39,
      40,
      41,
      42,
      43,
      44,
      46,
      47,
      48,
      50,
      51,
      52,
      53
    ],
    "method": "early",
    "load_max_abs_diff": 0.0,
    "pretrained_structure": "logs/avoiding/teacher_generated_minilmv2_repair_accuracy/velocity_w1/model/pretrain_epoch_0250.pth"
  },
  "uses_original_demonstrations": false,
  "uses_expert_actions": false,
  "demonstration_dir": null,
  "buffer": "logs/avoiding/bmd_velocity250/transfer_buffer.pt",
  "structure_dynamic_pretraining": false,
  "pretrain_epochs": 0,
  "ctm_epochs": 500,
  "ctm_dsm_weight": 0.1,
  "ctm_endpoint_anchor_weight": 0.0,
  "ctm_mode_weight": 0.0,
  "ctm_endpoint_mmd_weight": 0.0,
  "ctm_trajectory_mmd_weight": 0.1,
  "ctm_trajectory_horizon": 8,
  "ctm_conditional_samples": 4,
  "ctm_milestones": [
    100,
    250,
    500
  ],
  "best_epoch": 192,
  "best_selection_loss": 0.027276525101342486
}
