{"stage": "ctm", "method": "early_multinoise_endpoint", "epoch": 0, "ctm_loss": 0.07776515185832977, "pseudo_dsm_loss": 0.3604334853589535, "selection_loss": 0.11380850039422513}
{"stage": "ctm", "method": "early_multinoise_endpoint", "epoch": 25, "ctm_loss": 0.0837581418454647, "pseudo_dsm_loss": 0.360514298081398, "selection_loss": 0.11980957165360451}
{"stage": "ctm", "method": "early_multinoise_endpoint", "epoch": 50, "ctm_loss": 0.06595005188137293, "pseudo_dsm_loss": 0.38840731978416443, "selection_loss": 0.10479078385978938}
{"stage": "ctm", "method": "early_multinoise_endpoint", "epoch": 75, "ctm_loss": 0.07700418401509523, "pseudo_dsm_loss": 0.2981369383633137, "selection_loss": 0.1068178778514266}
{"stage": "ctm", "method": "early_multinoise_endpoint", "epoch": 100, "ctm_loss": 0.09065784607082605, "pseudo_dsm_loss": 0.33555394038558006, "selection_loss": 0.12421324010938406}
{"stage": "ctm", "method": "early_multinoise_endpoint", "epoch": 125, "ctm_loss": 0.09014475531876087, "pseudo_dsm_loss": 0.353643573820591, "selection_loss": 0.12550911270081996}
{"stage": "ctm", "method": "early_multinoise_endpoint", "epoch": 150, "ctm_loss": 0.07394209410995245, "pseudo_dsm_loss": 0.2286507710814476, "selection_loss": 0.0968071712180972}
{"stage": "ctm", "method": "early_multinoise_endpoint", "epoch": 175, "ctm_loss": 0.05263813817873597, "pseudo_dsm_loss": 0.36886116117239, "selection_loss": 0.08952425429597496}
{"stage": "ctm", "method": "early_multinoise_endpoint", "epoch": 200, "ctm_loss": 0.0394311873242259, "pseudo_dsm_loss": 0.3073716536164284, "selection_loss": 0.07016835268586874}
{"stage": "ctm", "method": "early_multinoise_endpoint", "epoch": 225, "ctm_loss": 0.06319665350019932, "pseudo_dsm_loss": 0.36766937747597694, "selection_loss": 0.09996359124779702}
{"stage": "ctm", "method": "early_multinoise_endpoint", "epoch": 250, "ctm_loss": 0.0413860643748194, "pseudo_dsm_loss": 0.42510877549648285, "selection_loss": 0.08389694192446769}
{"stage": "ctm", "method": "early_multinoise_endpoint", "epoch": 275, "ctm_loss": 0.05030515952967107, "pseudo_dsm_loss": 0.3796509802341461, "selection_loss": 0.08827025755308568}
{"stage": "ctm", "method": "early_multinoise_endpoint", "epoch": 300, "ctm_loss": 0.037516108714044094, "pseudo_dsm_loss": 0.3052895963191986, "selection_loss": 0.06804506834596395}
{"stage": "ctm", "method": "early_multinoise_endpoint", "epoch": 325, "ctm_loss": 0.040916948579251766, "pseudo_dsm_loss": 0.2722844146192074, "selection_loss": 0.06814539004117251}
{"stage": "ctm", "method": "early_multinoise_endpoint", "epoch": 350, "ctm_loss": 0.05708556529134512, "pseudo_dsm_loss": 0.28893260285258293, "selection_loss": 0.08597882557660341}
{"stage": "ctm", "method": "early_multinoise_endpoint", "epoch": 375, "ctm_loss": 0.059507610742002726, "pseudo_dsm_loss": 0.34180625155568123, "selection_loss": 0.09368823589757086}
{"stage": "ctm", "method": "early_multinoise_endpoint", "epoch": 400, "ctm_loss": 0.04476788127794862, "pseudo_dsm_loss": 0.31117719039320946, "selection_loss": 0.07588560031726957}
{"stage": "ctm", "method": "early_multinoise_endpoint", "epoch": 425, "ctm_loss": 0.045317758340388536, "pseudo_dsm_loss": 0.22263739258050919, "selection_loss": 0.06758149759843946}
{"stage": "ctm", "method": "early_multinoise_endpoint", "epoch": 450, "ctm_loss": 0.05042112711817026, "pseudo_dsm_loss": 0.2583516761660576, "selection_loss": 0.07625629473477602}
{"stage": "ctm", "method": "early_multinoise_endpoint", "epoch": 475, "ctm_loss": 0.07669257093220949, "pseudo_dsm_loss": 0.3740386888384819, "selection_loss": 0.11409643981605769}
{
  "method": "early_multinoise_endpoint",
  "student_architecture": {
    "layers": 3,
    "embed_dim": 48,
    "heads": 3
  },
  "multi_noise": 4,
  "endpoint_weight": 0.03,
  "mode_balanced_sampling": false,
  "stratified_multitime": false,
  "initialization": {
    "teacher_layers": [
      0,
      1,
      2
    ],
    "selected_heads": [
      0,
      1,
      2
    ],
    "selected_channels": [
      0,
      1,
      2,
      3,
      4,
      6,
      7,
      8,
      10,
      11,
      12,
      13,
      14,
      15,
      16,
      17,
      18,
      19,
      20,
      21,
      22,
      23,
      25,
      27,
      28,
      29,
      30,
      31,
      32,
      33,
      34,
      35,
      36,
      37,
      38,
      39,
      40,
      41,
      42,
      43,
      44,
      46,
      47,
      48,
      50,
      51,
      52,
      53
    ],
    "method": "early",
    "load_max_abs_diff": 0.0
  },
  "uses_original_demonstrations": false,
  "uses_expert_actions": false,
  "buffer": "logs/avoiding/teacher_generated_transfer/transfer_buffer.pt",
  "structure_dynamic_pretraining": false,
  "pretrain_epochs": 0,
  "ctm_epochs": 500,
  "best_epoch": 354,
  "best_selection_loss": 0.05323514621704817
}
