{"stage": "ctm", "method": "minilmv2_relation", "epoch": 0, "ctm_loss": 0.023105246713384986, "pseudo_dsm_loss": 0.18520531989634037, "endpoint_anchor_loss": 0.0, "mode_gram_loss": 0.0, "selection_loss": 0.04162577870301902}
{"stage": "ctm", "method": "minilmv2_relation", "epoch": 25, "ctm_loss": 0.022445547743700445, "pseudo_dsm_loss": 0.19291598536074162, "endpoint_anchor_loss": 0.0, "mode_gram_loss": 0.0, "selection_loss": 0.04173714627977461}
{"stage": "ctm", "method": "minilmv2_relation", "epoch": 50, "ctm_loss": 0.07134355790913105, "pseudo_dsm_loss": 0.20244191959500313, "endpoint_anchor_loss": 0.0, "mode_gram_loss": 0.0, "selection_loss": 0.09158774986863136}
{"stage": "ctm", "method": "minilmv2_relation", "epoch": 75, "ctm_loss": 0.02154661185340956, "pseudo_dsm_loss": 0.20835458487272263, "endpoint_anchor_loss": 0.0, "mode_gram_loss": 0.0, "selection_loss": 0.042382070340681824}
{"stage": "ctm", "method": "minilmv2_relation", "epoch": 100, "ctm_loss": 0.04703249770682305, "pseudo_dsm_loss": 0.19606434740126133, "endpoint_anchor_loss": 0.0, "mode_gram_loss": 0.0, "selection_loss": 0.06663893244694918}
{"stage": "ctm", "method": "minilmv2_relation", "epoch": 125, "ctm_loss": 0.023217824171297252, "pseudo_dsm_loss": 0.17010764963924885, "endpoint_anchor_loss": 0.0, "mode_gram_loss": 0.0, "selection_loss": 0.040228589135222134}
{"stage": "ctm", "method": "minilmv2_relation", "epoch": 150, "ctm_loss": 0.07255133846774697, "pseudo_dsm_loss": 0.19601167738437653, "endpoint_anchor_loss": 0.0, "mode_gram_loss": 0.0, "selection_loss": 0.09215250620618462}
{"stage": "ctm", "method": "minilmv2_relation", "epoch": 175, "ctm_loss": 0.036826802825089544, "pseudo_dsm_loss": 0.162395054474473, "endpoint_anchor_loss": 0.0, "mode_gram_loss": 0.0, "selection_loss": 0.05306630827253685}
{"stage": "ctm", "method": "minilmv2_relation", "epoch": 200, "ctm_loss": 0.04674985058954917, "pseudo_dsm_loss": 0.18867493979632854, "endpoint_anchor_loss": 0.0, "mode_gram_loss": 0.0, "selection_loss": 0.06561734456918203}
{"stage": "ctm", "method": "minilmv2_relation", "epoch": 225, "ctm_loss": 0.05333593161776662, "pseudo_dsm_loss": 0.13516762852668762, "endpoint_anchor_loss": 0.0, "mode_gram_loss": 0.0, "selection_loss": 0.06685269447043538}
{"stage": "ctm", "method": "minilmv2_relation", "epoch": 250, "ctm_loss": 0.03061979077756405, "pseudo_dsm_loss": 0.1668841317296028, "endpoint_anchor_loss": 0.0, "mode_gram_loss": 0.0, "selection_loss": 0.04730820395052433}
{"stage": "ctm", "method": "minilmv2_relation", "epoch": 275, "ctm_loss": 0.02935889200307429, "pseudo_dsm_loss": 0.1885551642626524, "endpoint_anchor_loss": 0.0, "mode_gram_loss": 0.0, "selection_loss": 0.04821440842933953}
{"stage": "ctm", "method": "minilmv2_relation", "epoch": 300, "ctm_loss": 0.04607651210972108, "pseudo_dsm_loss": 0.22061946615576744, "endpoint_anchor_loss": 0.0, "mode_gram_loss": 0.0, "selection_loss": 0.06813845872529782}
{"stage": "ctm", "method": "minilmv2_relation", "epoch": 325, "ctm_loss": 0.02702961166505702, "pseudo_dsm_loss": 0.21190058812499046, "endpoint_anchor_loss": 0.0, "mode_gram_loss": 0.0, "selection_loss": 0.04821967047755607}
{"stage": "ctm", "method": "minilmv2_relation", "epoch": 350, "ctm_loss": 0.054304827470332384, "pseudo_dsm_loss": 0.18830668926239014, "endpoint_anchor_loss": 0.0, "mode_gram_loss": 0.0, "selection_loss": 0.0731354963965714}
{"stage": "ctm", "method": "minilmv2_relation", "epoch": 375, "ctm_loss": 0.049908180721104145, "pseudo_dsm_loss": 0.2310173660516739, "endpoint_anchor_loss": 0.0, "mode_gram_loss": 0.0, "selection_loss": 0.07300991732627153}
{"stage": "ctm", "method": "minilmv2_relation", "epoch": 400, "ctm_loss": 0.02917405287735164, "pseudo_dsm_loss": 0.20947329327464104, "endpoint_anchor_loss": 0.0, "mode_gram_loss": 0.0, "selection_loss": 0.05012138220481575}
{"stage": "ctm", "method": "minilmv2_relation", "epoch": 425, "ctm_loss": 0.028684053104370832, "pseudo_dsm_loss": 0.1166974026709795, "endpoint_anchor_loss": 0.0, "mode_gram_loss": 0.0, "selection_loss": 0.040353793371468785}
{"stage": "ctm", "method": "minilmv2_relation", "epoch": 450, "ctm_loss": 0.03667835256783292, "pseudo_dsm_loss": 0.19009505957365036, "endpoint_anchor_loss": 0.0, "mode_gram_loss": 0.0, "selection_loss": 0.055687858525197954}
{"stage": "ctm", "method": "minilmv2_relation", "epoch": 475, "ctm_loss": 0.039670899393968284, "pseudo_dsm_loss": 0.15811778977513313, "endpoint_anchor_loss": 0.0, "mode_gram_loss": 0.0, "selection_loss": 0.0554826783714816}
{
  "method": "minilmv2_relation",
  "experiment_label": "demonstration_free_ctm",
  "demonstration_free": true,
  "ctm_data_source": "rollout",
  "ctm_balance_kind": "ground_truth_mode_oracle",
  "ctm_latent_labels": null,
  "ctm_success_only": false,
  "demonstration_mixture_probability": 0.0,
  "student_architecture": {
    "layers": 3,
    "embed_dim": 48,
    "heads": 3
  },
  "multi_noise": 1,
  "endpoint_weight": 0.0,
  "mode_balanced_sampling": false,
  "stratified_multitime": false,
  "initialization": {
    "teacher_layers": [
      0,
      1,
      2
    ],
    "selected_heads": [
      0,
      1,
      2
    ],
    "selected_channels": [
      0,
      1,
      2,
      3,
      4,
      6,
      7,
      8,
      10,
      11,
      12,
      13,
      14,
      15,
      16,
      17,
      18,
      19,
      20,
      21,
      22,
      23,
      25,
      27,
      28,
      29,
      30,
      31,
      32,
      33,
      34,
      35,
      36,
      37,
      38,
      39,
      40,
      41,
      42,
      43,
      44,
      46,
      47,
      48,
      50,
      51,
      52,
      53
    ],
    "method": "early",
    "load_max_abs_diff": 0.0,
    "pretrained_structure": "logs/avoiding/teacher_generated_minilmv2_repair_accuracy/velocity_w1/model/pretrain_epoch_0250.pth"
  },
  "uses_original_demonstrations": false,
  "uses_expert_actions": false,
  "demonstration_dir": null,
  "buffer": "logs/avoiding/bmd_velocity250/transfer_buffer.pt",
  "structure_dynamic_pretraining": false,
  "pretrain_epochs": 0,
  "ctm_epochs": 500,
  "ctm_dsm_weight": 0.1,
  "ctm_endpoint_anchor_weight": 0.0,
  "ctm_mode_weight": 0.0,
  "ctm_conditional_samples": 4,
  "ctm_milestones": [
    100,
    250,
    500
  ],
  "best_epoch": 37,
  "best_selection_loss": 0.03021951315458864
}
