{"stage": "ctm", "method": "minilmv2_relation", "epoch": 0, "ctm_loss": 0.03771766275167465, "pseudo_dsm_loss": 0.16980781964957714, "endpoint_anchor_loss": 0.0, "mode_gram_loss": 0.0, "selection_loss": 0.05469844471663236}
{"stage": "ctm", "method": "minilmv2_relation", "epoch": 25, "ctm_loss": 0.04186638118699193, "pseudo_dsm_loss": 0.16851668804883957, "endpoint_anchor_loss": 0.0, "mode_gram_loss": 0.0, "selection_loss": 0.05871804999187589}
{"stage": "ctm", "method": "minilmv2_relation", "epoch": 50, "ctm_loss": 0.030433055013418198, "pseudo_dsm_loss": 0.18688814714550972, "endpoint_anchor_loss": 0.0, "mode_gram_loss": 0.0, "selection_loss": 0.04912186972796917}
{"stage": "ctm", "method": "minilmv2_relation", "epoch": 75, "ctm_loss": 0.04791649850085378, "pseudo_dsm_loss": 0.14654867351055145, "endpoint_anchor_loss": 0.0, "mode_gram_loss": 0.0, "selection_loss": 0.06257136585190892}
{"stage": "ctm", "method": "minilmv2_relation", "epoch": 100, "ctm_loss": 0.06208006897941232, "pseudo_dsm_loss": 0.16920832078903913, "endpoint_anchor_loss": 0.0, "mode_gram_loss": 0.0, "selection_loss": 0.07900090105831623}
{"stage": "ctm", "method": "minilmv2_relation", "epoch": 125, "ctm_loss": 0.06331071024760604, "pseudo_dsm_loss": 0.18200449645519257, "endpoint_anchor_loss": 0.0, "mode_gram_loss": 0.0, "selection_loss": 0.0815111598931253}
{"stage": "ctm", "method": "minilmv2_relation", "epoch": 150, "ctm_loss": 0.05114412633702159, "pseudo_dsm_loss": 0.12268225476145744, "endpoint_anchor_loss": 0.0, "mode_gram_loss": 0.0, "selection_loss": 0.06341235181316733}
{"stage": "ctm", "method": "minilmv2_relation", "epoch": 175, "ctm_loss": 0.02266989112831652, "pseudo_dsm_loss": 0.17891664896160364, "endpoint_anchor_loss": 0.0, "mode_gram_loss": 0.0, "selection_loss": 0.04056155602447689}
{"stage": "ctm", "method": "minilmv2_relation", "epoch": 200, "ctm_loss": 0.02886360214324668, "pseudo_dsm_loss": 0.1643591970205307, "endpoint_anchor_loss": 0.0, "mode_gram_loss": 0.0, "selection_loss": 0.045299521845299756}
{"stage": "ctm", "method": "minilmv2_relation", "epoch": 225, "ctm_loss": 0.043492493219673634, "pseudo_dsm_loss": 0.1837708279490471, "endpoint_anchor_loss": 0.0, "mode_gram_loss": 0.0, "selection_loss": 0.06186957601457835}
{"stage": "ctm", "method": "minilmv2_relation", "epoch": 250, "ctm_loss": 0.02066302252933383, "pseudo_dsm_loss": 0.20416389033198357, "endpoint_anchor_loss": 0.0, "mode_gram_loss": 0.0, "selection_loss": 0.041079411562532184}
{"stage": "ctm", "method": "minilmv2_relation", "epoch": 275, "ctm_loss": 0.024403237825026736, "pseudo_dsm_loss": 0.18583839386701584, "endpoint_anchor_loss": 0.0, "mode_gram_loss": 0.0, "selection_loss": 0.04298707721172832}
{"stage": "ctm", "method": "minilmv2_relation", "epoch": 300, "ctm_loss": 0.02212290419265628, "pseudo_dsm_loss": 0.16765019483864307, "endpoint_anchor_loss": 0.0, "mode_gram_loss": 0.0, "selection_loss": 0.03888792367652059}
{"stage": "ctm", "method": "minilmv2_relation", "epoch": 325, "ctm_loss": 0.03527110954746604, "pseudo_dsm_loss": 0.16279538348317146, "endpoint_anchor_loss": 0.0, "mode_gram_loss": 0.0, "selection_loss": 0.05155064789578319}
{"stage": "ctm", "method": "minilmv2_relation", "epoch": 350, "ctm_loss": 0.04117013607174158, "pseudo_dsm_loss": 0.1548658050596714, "endpoint_anchor_loss": 0.0, "mode_gram_loss": 0.0, "selection_loss": 0.056656716577708724}
{"stage": "ctm", "method": "minilmv2_relation", "epoch": 375, "ctm_loss": 0.039921540243085474, "pseudo_dsm_loss": 0.18049096874892712, "endpoint_anchor_loss": 0.0, "mode_gram_loss": 0.0, "selection_loss": 0.05797063711797819}
{"stage": "ctm", "method": "minilmv2_relation", "epoch": 400, "ctm_loss": 0.03720225067809224, "pseudo_dsm_loss": 0.16897421143949032, "endpoint_anchor_loss": 0.0, "mode_gram_loss": 0.0, "selection_loss": 0.05409967182204127}
{"stage": "ctm", "method": "minilmv2_relation", "epoch": 425, "ctm_loss": 0.037800231482833624, "pseudo_dsm_loss": 0.13220603577792645, "endpoint_anchor_loss": 0.0, "mode_gram_loss": 0.0, "selection_loss": 0.05102083506062627}
{"stage": "ctm", "method": "minilmv2_relation", "epoch": 450, "ctm_loss": 0.028388633858412504, "pseudo_dsm_loss": 0.13303769752383232, "endpoint_anchor_loss": 0.0, "mode_gram_loss": 0.0, "selection_loss": 0.041692403610795736}
{"stage": "ctm", "method": "minilmv2_relation", "epoch": 475, "ctm_loss": 0.05904651735909283, "pseudo_dsm_loss": 0.20394251868128777, "endpoint_anchor_loss": 0.0, "mode_gram_loss": 0.0, "selection_loss": 0.07944076922722161}
{
  "method": "minilmv2_relation",
  "student_architecture": {
    "layers": 3,
    "embed_dim": 48,
    "heads": 3
  },
  "multi_noise": 1,
  "endpoint_weight": 0.0,
  "mode_balanced_sampling": false,
  "stratified_multitime": false,
  "initialization": {
    "teacher_layers": [
      0,
      1,
      2
    ],
    "selected_heads": [
      0,
      1,
      2
    ],
    "selected_channels": [
      0,
      1,
      2,
      3,
      4,
      6,
      7,
      8,
      10,
      11,
      12,
      13,
      14,
      15,
      16,
      17,
      18,
      19,
      20,
      21,
      22,
      23,
      25,
      27,
      28,
      29,
      30,
      31,
      32,
      33,
      34,
      35,
      36,
      37,
      38,
      39,
      40,
      41,
      42,
      43,
      44,
      46,
      47,
      48,
      50,
      51,
      52,
      53
    ],
    "method": "early",
    "load_max_abs_diff": 0.0,
    "pretrained_structure": "logs/avoiding/teacher_generated_minilmv2_repair_accuracy/velocity_w1/model/pretrain_epoch_0250.pth"
  },
  "uses_original_demonstrations": false,
  "uses_expert_actions": false,
  "buffer": "logs/avoiding/teacher_generated_transfer/transfer_buffer.pt",
  "structure_dynamic_pretraining": false,
  "pretrain_epochs": 0,
  "ctm_epochs": 500,
  "ctm_dsm_weight": 0.1,
  "ctm_endpoint_anchor_weight": 0.0,
  "ctm_mode_weight": 0.0,
  "ctm_conditional_samples": 4,
  "ctm_milestones": [
    100,
    250,
    500
  ],
  "best_epoch": 499,
  "best_selection_loss": 0.027555162250064314
}
