{
  "protocol": "Standard-120: require SR>=0.75 and coverage>=20; then maximize SR, coverage, entropy",
  "rows": [
    {
      "epoch": 50,
      "success_rate": 0.6416666666666667,
      "coverage": 18,
      "entropy": 0.8148941266812536,
      "metrics": "logs/avoiding/p6_intervention_dagger_repair/h4_recovery/eval120_epoch50/metrics.json"
    },
    {
      "epoch": 100,
      "success_rate": 0.6333333333333333,
      "coverage": 18,
      "entropy": 0.820134573917386,
      "metrics": "logs/avoiding/p6_intervention_dagger_repair/h4_recovery/eval120_epoch100/metrics.json"
    },
    {
      "epoch": 250,
      "success_rate": 0.6583333333333333,
      "coverage": 19,
      "entropy": 0.8368102381513243,
      "metrics": "logs/avoiding/p6_intervention_dagger_repair/h4_recovery/eval120_epoch250/metrics.json",
      "passed_gate": false
    }
  ],
  "selected": {
    "epoch": 250,
    "success_rate": 0.6583333333333333,
    "coverage": 19,
    "entropy": 0.8368102381513243,
    "metrics": "logs/avoiding/p6_intervention_dagger_repair/h4_recovery/eval120_epoch250/metrics.json",
    "passed_gate": false
  }
}
