pybullet build time: Jan 29 2025 23:16:28
{
  "episodes": 1000,
  "teacher": {
    "n_trajectories": 1000,
    "success_rate": 0.965,
    "successful_trajectories": 965,
    "unique_successful_modes": 24,
    "normalized_mode_entropy": 0.9310655578487397
  },
  "student": {
    "n_trajectories": 1000,
    "success_rate": 0.799,
    "successful_trajectories": 799,
    "unique_successful_modes": 17,
    "normalized_mode_entropy": 0.35167095870892284
  },
  "teacher_success_to_student_failure": 186,
  "teacher_success_to_student_failure_rate": 0.1927461139896373,
  "exact_mode_retention_over_teacher_success": 0.02383419689119171,
  "exact_mode_retention_when_both_succeed": 0.029525032092426188,
  "successful_mode_js_divergence": 0.42132434028881793,
  "mutual_information": 0.15490208655791593,
  "normalized_mutual_information": 0.07563623275238042,
  "student_given_teacher_entropy": 1.2398692708773664,
  "level_1_exact_retention_over_teacher_success": 0.46528497409326425,
  "level_2_exact_retention_over_teacher_success": 0.10880829015544041
}
