pybullet build time: Jan 29 2025 23:16:28
/jet/home/qzhou7/workspace/anaconda3/envs/d3il/lib/python3.10/site-packages/hydra/_internal/defaults_list.py:251: UserWarning: In 'avoiding_config': Defaults list is missing `_self_`. See https://hydra.cc/docs/upgrades/1.0_to_1.1/default_composition_order for more information
  warnings.warn(msg, UserWarning)
Final IK error (78 iterations):  7.2858622740646e-06
Final IK error (0 iterations):  7.2858622740646e-06
{"rollout_progress": {"completed": 10, "total": 120, "successful_so_far": 9, "elapsed_seconds": 34.592873680987395, "finished": false}}
{"rollout_progress": {"completed": 20, "total": 120, "successful_so_far": 19, "elapsed_seconds": 71.45183504198212, "finished": false}}
{"rollout_progress": {"completed": 30, "total": 120, "successful_so_far": 29, "elapsed_seconds": 106.39747222990263, "finished": false}}
{"rollout_progress": {"completed": 40, "total": 120, "successful_so_far": 39, "elapsed_seconds": 145.2365505549824, "finished": false}}
{"rollout_progress": {"completed": 50, "total": 120, "successful_so_far": 48, "elapsed_seconds": 179.81374887388665, "finished": false}}
{"rollout_progress": {"completed": 60, "total": 120, "successful_so_far": 56, "elapsed_seconds": 214.37322236294858, "finished": false}}
{"rollout_progress": {"completed": 70, "total": 120, "successful_so_far": 66, "elapsed_seconds": 254.6524144639261, "finished": false}}
{"rollout_progress": {"completed": 80, "total": 120, "successful_so_far": 75, "elapsed_seconds": 290.93616423697677, "finished": false}}
{"rollout_progress": {"completed": 90, "total": 120, "successful_so_far": 85, "elapsed_seconds": 330.18169258895796, "finished": false}}
{"rollout_progress": {"completed": 100, "total": 120, "successful_so_far": 94, "elapsed_seconds": 365.32852813089266, "finished": false}}
{"rollout_progress": {"completed": 110, "total": 120, "successful_so_far": 103, "elapsed_seconds": 399.0146603049943, "finished": false}}
{"rollout_progress": {"completed": 120, "total": 120, "successful_so_far": 113, "elapsed_seconds": 436.2254296808969, "finished": true}}
{
  "Flow-Matching": {
    "n_trajectories": 120,
    "success_rate": 0.9416666666666667,
    "successful_trajectories": 113,
    "unique_successful_modes": 18,
    "normalized_mode_entropy": 0.8174292586992021
  }
}
