pybullet build time: Jan 29 2025 23:16:28
/jet/home/qzhou7/workspace/anaconda3/envs/d3il/lib/python3.10/site-packages/hydra/_internal/defaults_list.py:251: UserWarning: In 'avoiding_config': Defaults list is missing `_self_`. See https://hydra.cc/docs/upgrades/1.0_to_1.1/default_composition_order for more information
  warnings.warn(msg, UserWarning)
Final IK error (78 iterations):  7.2858622740646e-06
Final IK error (0 iterations):  7.2858622740646e-06
{"rollout_progress": {"completed": 10, "total": 120, "successful_so_far": 10, "elapsed_seconds": 39.77014431299176, "finished": false}}
{"rollout_progress": {"completed": 20, "total": 120, "successful_so_far": 20, "elapsed_seconds": 81.26059202302713, "finished": false}}
{"rollout_progress": {"completed": 30, "total": 120, "successful_so_far": 30, "elapsed_seconds": 122.80978078604676, "finished": false}}
{"rollout_progress": {"completed": 40, "total": 120, "successful_so_far": 38, "elapsed_seconds": 159.47407501097769, "finished": false}}
{"rollout_progress": {"completed": 50, "total": 120, "successful_so_far": 47, "elapsed_seconds": 192.99191654205788, "finished": false}}
{"rollout_progress": {"completed": 60, "total": 120, "successful_so_far": 57, "elapsed_seconds": 230.3176485960139, "finished": false}}
{"rollout_progress": {"completed": 70, "total": 120, "successful_so_far": 66, "elapsed_seconds": 266.9724128450034, "finished": false}}
{"rollout_progress": {"completed": 80, "total": 120, "successful_so_far": 76, "elapsed_seconds": 306.09023994696327, "finished": false}}
{"rollout_progress": {"completed": 90, "total": 120, "successful_so_far": 84, "elapsed_seconds": 343.7623557159677, "finished": false}}
{"rollout_progress": {"completed": 100, "total": 120, "successful_so_far": 93, "elapsed_seconds": 383.94399093301035, "finished": false}}
{"rollout_progress": {"completed": 110, "total": 120, "successful_so_far": 102, "elapsed_seconds": 422.3332460350357, "finished": false}}
{"rollout_progress": {"completed": 120, "total": 120, "successful_so_far": 108, "elapsed_seconds": 454.38701555901207, "finished": true}}
{
  "Flow-Matching": {
    "n_trajectories": 120,
    "success_rate": 0.9,
    "successful_trajectories": 108,
    "unique_successful_modes": 18,
    "normalized_mode_entropy": 0.786734426823887
  }
}
