pybullet build time: Jan 29 2025 23:16:28
/jet/home/qzhou7/workspace/anaconda3/envs/d3il/lib/python3.10/site-packages/hydra/_internal/defaults_list.py:251: UserWarning: In 'avoiding_config': Defaults list is missing `_self_`. See https://hydra.cc/docs/upgrades/1.0_to_1.1/default_composition_order for more information
  warnings.warn(msg, UserWarning)
Final IK error (78 iterations):  7.2858622740646e-06
Final IK error (0 iterations):  7.2858622740646e-06
{"rollout_progress": {"completed": 10, "total": 120, "successful_so_far": 7, "elapsed_seconds": 38.13911937107332, "finished": false}}
{"rollout_progress": {"completed": 20, "total": 120, "successful_so_far": 17, "elapsed_seconds": 77.05422927404288, "finished": false}}
{"rollout_progress": {"completed": 30, "total": 120, "successful_so_far": 27, "elapsed_seconds": 117.56718302809168, "finished": false}}
{"rollout_progress": {"completed": 40, "total": 120, "successful_so_far": 37, "elapsed_seconds": 158.61543243704364, "finished": false}}
{"rollout_progress": {"completed": 50, "total": 120, "successful_so_far": 47, "elapsed_seconds": 200.64320663304534, "finished": false}}
{"rollout_progress": {"completed": 60, "total": 120, "successful_so_far": 55, "elapsed_seconds": 237.1407670470653, "finished": false}}
{"rollout_progress": {"completed": 70, "total": 120, "successful_so_far": 65, "elapsed_seconds": 275.8687132470077, "finished": false}}
{"rollout_progress": {"completed": 80, "total": 120, "successful_so_far": 74, "elapsed_seconds": 313.77000413509086, "finished": false}}
{"rollout_progress": {"completed": 90, "total": 120, "successful_so_far": 84, "elapsed_seconds": 354.31928631302435, "finished": false}}
{"rollout_progress": {"completed": 100, "total": 120, "successful_so_far": 91, "elapsed_seconds": 393.92654639610555, "finished": false}}
{"rollout_progress": {"completed": 110, "total": 120, "successful_so_far": 101, "elapsed_seconds": 433.84222008206416, "finished": false}}
{"rollout_progress": {"completed": 120, "total": 120, "successful_so_far": 110, "elapsed_seconds": 470.0678101540543, "finished": true}}
{
  "Flow-Matching": {
    "n_trajectories": 120,
    "success_rate": 0.9166666666666666,
    "successful_trajectories": 110,
    "unique_successful_modes": 17,
    "normalized_mode_entropy": 0.800283008248881
  }
}
