pybullet build time: Jan 29 2025 23:16:28
/jet/home/qzhou7/workspace/anaconda3/envs/d3il/lib/python3.10/site-packages/hydra/_internal/defaults_list.py:251: UserWarning: In 'avoiding_config': Defaults list is missing `_self_`. See https://hydra.cc/docs/upgrades/1.0_to_1.1/default_composition_order for more information
  warnings.warn(msg, UserWarning)
Final IK error (78 iterations):  7.2858622740646e-06
Final IK error (0 iterations):  7.2858622740646e-06
{"rollout_progress": {"completed": 10, "total": 120, "successful_so_far": 10, "elapsed_seconds": 41.343958254903555, "finished": false}}
{"rollout_progress": {"completed": 20, "total": 120, "successful_so_far": 19, "elapsed_seconds": 78.73127617698628, "finished": false}}
{"rollout_progress": {"completed": 30, "total": 120, "successful_so_far": 28, "elapsed_seconds": 115.0964930729242, "finished": false}}
{"rollout_progress": {"completed": 40, "total": 120, "successful_so_far": 38, "elapsed_seconds": 153.6846566629829, "finished": false}}
{"rollout_progress": {"completed": 50, "total": 120, "successful_so_far": 45, "elapsed_seconds": 190.54043106397148, "finished": false}}
{"rollout_progress": {"completed": 60, "total": 120, "successful_so_far": 54, "elapsed_seconds": 228.92094790691044, "finished": false}}
{"rollout_progress": {"completed": 70, "total": 120, "successful_so_far": 64, "elapsed_seconds": 266.4883829948958, "finished": false}}
{"rollout_progress": {"completed": 80, "total": 120, "successful_so_far": 72, "elapsed_seconds": 303.6043903999962, "finished": false}}
{"rollout_progress": {"completed": 90, "total": 120, "successful_so_far": 82, "elapsed_seconds": 341.1844606649829, "finished": false}}
{"rollout_progress": {"completed": 100, "total": 120, "successful_so_far": 91, "elapsed_seconds": 381.03707273094915, "finished": false}}
{"rollout_progress": {"completed": 110, "total": 120, "successful_so_far": 99, "elapsed_seconds": 417.2911594029283, "finished": false}}
{"rollout_progress": {"completed": 120, "total": 120, "successful_so_far": 109, "elapsed_seconds": 458.2760379099054, "finished": true}}
{
  "Flow-Matching": {
    "n_trajectories": 120,
    "success_rate": 0.9083333333333333,
    "successful_trajectories": 109,
    "unique_successful_modes": 17,
    "normalized_mode_entropy": 0.7995185470536479
  }
}
