pybullet build time: Jan 29 2025 23:16:28
/jet/home/qzhou7/workspace/anaconda3/envs/d3il/lib/python3.10/site-packages/hydra/_internal/defaults_list.py:251: UserWarning: In 'avoiding_config': Defaults list is missing `_self_`. See https://hydra.cc/docs/upgrades/1.0_to_1.1/default_composition_order for more information
  warnings.warn(msg, UserWarning)
/jet/home/qzhou7/workspace/anaconda3/envs/d3il/lib/python3.10/site-packages/hydra/_internal/defaults_list.py:251: UserWarning: In 'avoiding_config': Defaults list is missing `_self_`. See https://hydra.cc/docs/upgrades/1.0_to_1.1/default_composition_order for more information
  warnings.warn(msg, UserWarning)
Final IK error (78 iterations):  7.2858622740646e-06
Final IK error (0 iterations):  7.2858622740646e-06
{"paired_progress": {"episode_start": 0, "completed": 10, "total": 250, "teacher_successes": 10, "student_successes": 9, "finished": false}}
{"paired_progress": {"episode_start": 0, "completed": 20, "total": 250, "teacher_successes": 20, "student_successes": 16, "finished": false}}
{"paired_progress": {"episode_start": 0, "completed": 30, "total": 250, "teacher_successes": 30, "student_successes": 24, "finished": false}}
{"paired_progress": {"episode_start": 0, "completed": 40, "total": 250, "teacher_successes": 40, "student_successes": 33, "finished": false}}
{"paired_progress": {"episode_start": 0, "completed": 50, "total": 250, "teacher_successes": 49, "student_successes": 43, "finished": false}}
{"paired_progress": {"episode_start": 0, "completed": 60, "total": 250, "teacher_successes": 59, "student_successes": 50, "finished": false}}
{"paired_progress": {"episode_start": 0, "completed": 70, "total": 250, "teacher_successes": 69, "student_successes": 59, "finished": false}}
{"paired_progress": {"episode_start": 0, "completed": 80, "total": 250, "teacher_successes": 77, "student_successes": 67, "finished": false}}
{"paired_progress": {"episode_start": 0, "completed": 90, "total": 250, "teacher_successes": 85, "student_successes": 77, "finished": false}}
{"paired_progress": {"episode_start": 0, "completed": 100, "total": 250, "teacher_successes": 94, "student_successes": 85, "finished": false}}
{"paired_progress": {"episode_start": 0, "completed": 110, "total": 250, "teacher_successes": 104, "student_successes": 94, "finished": false}}
{"paired_progress": {"episode_start": 0, "completed": 120, "total": 250, "teacher_successes": 114, "student_successes": 101, "finished": false}}
{"paired_progress": {"episode_start": 0, "completed": 130, "total": 250, "teacher_successes": 123, "student_successes": 108, "finished": false}}
{"paired_progress": {"episode_start": 0, "completed": 140, "total": 250, "teacher_successes": 133, "student_successes": 116, "finished": false}}
{"paired_progress": {"episode_start": 0, "completed": 150, "total": 250, "teacher_successes": 142, "student_successes": 126, "finished": false}}
{"paired_progress": {"episode_start": 0, "completed": 160, "total": 250, "teacher_successes": 151, "student_successes": 134, "finished": false}}
{"paired_progress": {"episode_start": 0, "completed": 170, "total": 250, "teacher_successes": 160, "student_successes": 143, "finished": false}}
{"paired_progress": {"episode_start": 0, "completed": 180, "total": 250, "teacher_successes": 170, "student_successes": 151, "finished": false}}
{"paired_progress": {"episode_start": 0, "completed": 190, "total": 250, "teacher_successes": 179, "student_successes": 161, "finished": false}}
{"paired_progress": {"episode_start": 0, "completed": 200, "total": 250, "teacher_successes": 188, "student_successes": 171, "finished": false}}
{"paired_progress": {"episode_start": 0, "completed": 210, "total": 250, "teacher_successes": 198, "student_successes": 180, "finished": false}}
{"paired_progress": {"episode_start": 0, "completed": 220, "total": 250, "teacher_successes": 208, "student_successes": 190, "finished": false}}
{"paired_progress": {"episode_start": 0, "completed": 230, "total": 250, "teacher_successes": 217, "student_successes": 199, "finished": false}}
{"paired_progress": {"episode_start": 0, "completed": 240, "total": 250, "teacher_successes": 226, "student_successes": 206, "finished": false}}
{"paired_progress": {"episode_start": 0, "completed": 250, "total": 250, "teacher_successes": 236, "student_successes": 216, "finished": true}}
