{"stage": "ctm", "method": "minilmv2_relation", "epoch": 0, "ctm_loss": 0.021696672774851322, "pseudo_dsm_loss": 0.1727672815322876, "endpoint_anchor_loss": 0.0, "mode_gram_loss": 0.0, "selection_loss": 0.03897340092808008}
{"stage": "ctm", "method": "minilmv2_relation", "epoch": 25, "ctm_loss": 0.018560870608780533, "pseudo_dsm_loss": 0.18114926852285862, "endpoint_anchor_loss": 0.0, "mode_gram_loss": 0.0, "selection_loss": 0.036675797461066396}
{"stage": "ctm", "method": "minilmv2_relation", "epoch": 50, "ctm_loss": 0.0636915024369955, "pseudo_dsm_loss": 0.18045324832201004, "endpoint_anchor_loss": 0.0, "mode_gram_loss": 0.0, "selection_loss": 0.08173682726919651}
{"stage": "ctm", "method": "minilmv2_relation", "epoch": 75, "ctm_loss": 0.019794530933722854, "pseudo_dsm_loss": 0.18954142555594444, "endpoint_anchor_loss": 0.0, "mode_gram_loss": 0.0, "selection_loss": 0.0387486734893173}
{"stage": "ctm", "method": "minilmv2_relation", "epoch": 100, "ctm_loss": 0.03890708484686911, "pseudo_dsm_loss": 0.1733596008270979, "endpoint_anchor_loss": 0.0, "mode_gram_loss": 0.0, "selection_loss": 0.056243044929578906}
{"stage": "ctm", "method": "minilmv2_relation", "epoch": 125, "ctm_loss": 0.019721590913832188, "pseudo_dsm_loss": 0.16418572515249252, "endpoint_anchor_loss": 0.0, "mode_gram_loss": 0.0, "selection_loss": 0.03614016342908144}
{"stage": "ctm", "method": "minilmv2_relation", "epoch": 150, "ctm_loss": 0.06447573564946651, "pseudo_dsm_loss": 0.17337317392230034, "endpoint_anchor_loss": 0.0, "mode_gram_loss": 0.0, "selection_loss": 0.08181305304169655}
{"stage": "ctm", "method": "minilmv2_relation", "epoch": 175, "ctm_loss": 0.03203767025843263, "pseudo_dsm_loss": 0.1571452021598816, "endpoint_anchor_loss": 0.0, "mode_gram_loss": 0.0, "selection_loss": 0.04775219047442079}
{"stage": "ctm", "method": "minilmv2_relation", "epoch": 200, "ctm_loss": 0.043995398649713024, "pseudo_dsm_loss": 0.17443942930549383, "endpoint_anchor_loss": 0.0, "mode_gram_loss": 0.0, "selection_loss": 0.06143934158026241}
{"stage": "ctm", "method": "minilmv2_relation", "epoch": 225, "ctm_loss": 0.05148922186344862, "pseudo_dsm_loss": 0.1329190880060196, "endpoint_anchor_loss": 0.0, "mode_gram_loss": 0.0, "selection_loss": 0.06478113066405058}
{"stage": "ctm", "method": "minilmv2_relation", "epoch": 250, "ctm_loss": 0.024488475639373064, "pseudo_dsm_loss": 0.15260818786919117, "endpoint_anchor_loss": 0.0, "mode_gram_loss": 0.0, "selection_loss": 0.03974929442629218}
{"stage": "ctm", "method": "minilmv2_relation", "epoch": 275, "ctm_loss": 0.024948361795395613, "pseudo_dsm_loss": 0.1707905139774084, "endpoint_anchor_loss": 0.0, "mode_gram_loss": 0.0, "selection_loss": 0.04202741319313645}
{"stage": "ctm", "method": "minilmv2_relation", "epoch": 300, "ctm_loss": 0.040980686084367335, "pseudo_dsm_loss": 0.19995850697159767, "endpoint_anchor_loss": 0.0, "mode_gram_loss": 0.0, "selection_loss": 0.060976536781527105}
{"stage": "ctm", "method": "minilmv2_relation", "epoch": 325, "ctm_loss": 0.02174260572064668, "pseudo_dsm_loss": 0.19068288430571556, "endpoint_anchor_loss": 0.0, "mode_gram_loss": 0.0, "selection_loss": 0.04081089415121823}
{"stage": "ctm", "method": "minilmv2_relation", "epoch": 350, "ctm_loss": 0.047479507047683, "pseudo_dsm_loss": 0.17277731746435165, "endpoint_anchor_loss": 0.0, "mode_gram_loss": 0.0, "selection_loss": 0.06475723879411817}
{"stage": "ctm", "method": "minilmv2_relation", "epoch": 375, "ctm_loss": 0.04328023985726759, "pseudo_dsm_loss": 0.2058211788535118, "endpoint_anchor_loss": 0.0, "mode_gram_loss": 0.0, "selection_loss": 0.06386235774261877}
{"stage": "ctm", "method": "minilmv2_relation", "epoch": 400, "ctm_loss": 0.024119529640302062, "pseudo_dsm_loss": 0.18945790082216263, "endpoint_anchor_loss": 0.0, "mode_gram_loss": 0.0, "selection_loss": 0.04306531972251833}
{"stage": "ctm", "method": "minilmv2_relation", "epoch": 425, "ctm_loss": 0.024950563441962004, "pseudo_dsm_loss": 0.10913795232772827, "endpoint_anchor_loss": 0.0, "mode_gram_loss": 0.0, "selection_loss": 0.03586435867473483}
{"stage": "ctm", "method": "minilmv2_relation", "epoch": 450, "ctm_loss": 0.033195473573869094, "pseudo_dsm_loss": 0.16673504933714867, "endpoint_anchor_loss": 0.0, "mode_gram_loss": 0.0, "selection_loss": 0.04986897850758396}
{"stage": "ctm", "method": "minilmv2_relation", "epoch": 475, "ctm_loss": 0.034545540693216026, "pseudo_dsm_loss": 0.1498089861124754, "endpoint_anchor_loss": 0.0, "mode_gram_loss": 0.0, "selection_loss": 0.049526439304463564}
{
  "method": "minilmv2_relation",
  "experiment_label": "demonstration_free_ctm",
  "demonstration_free": true,
  "ctm_data_source": "rollout",
  "ctm_balance_kind": "bmd_latent",
  "ctm_latent_labels": "logs/avoiding/bmd_velocity250/discovery/k4_seed42/discovery.npz",
  "ctm_success_only": true,
  "demonstration_mixture_probability": 0.0,
  "student_architecture": {
    "layers": 3,
    "embed_dim": 48,
    "heads": 3
  },
  "multi_noise": 1,
  "endpoint_weight": 0.0,
  "mode_balanced_sampling": false,
  "stratified_multitime": false,
  "initialization": {
    "teacher_layers": [
      0,
      1,
      2
    ],
    "selected_heads": [
      0,
      1,
      2
    ],
    "selected_channels": [
      0,
      1,
      2,
      3,
      4,
      6,
      7,
      8,
      10,
      11,
      12,
      13,
      14,
      15,
      16,
      17,
      18,
      19,
      20,
      21,
      22,
      23,
      25,
      27,
      28,
      29,
      30,
      31,
      32,
      33,
      34,
      35,
      36,
      37,
      38,
      39,
      40,
      41,
      42,
      43,
      44,
      46,
      47,
      48,
      50,
      51,
      52,
      53
    ],
    "method": "early",
    "load_max_abs_diff": 0.0,
    "pretrained_structure": "logs/avoiding/teacher_generated_minilmv2_repair_accuracy/velocity_w1/model/pretrain_epoch_0250.pth"
  },
  "uses_original_demonstrations": false,
  "uses_expert_actions": false,
  "demonstration_dir": null,
  "buffer": "logs/avoiding/bmd_velocity250/transfer_buffer.pt",
  "structure_dynamic_pretraining": false,
  "pretrain_epochs": 0,
  "ctm_epochs": 500,
  "ctm_dsm_weight": 0.1,
  "ctm_endpoint_anchor_weight": 0.0,
  "ctm_mode_weight": 0.0,
  "ctm_conditional_samples": 4,
  "ctm_milestones": [
    100,
    250,
    500
  ],
  "best_epoch": 316,
  "best_selection_loss": 0.02717181242769584
}
