{
  "method": "offline_trajectory_bmd_proxy",
  "full_paper_ppo_steering": false,
  "uses_original_demonstrations": false,
  "uses_ground_truth_modes_for_training": false,
  "ground_truth_modes_used_for_posthoc_evaluation": true,
  "feature_kind": "basic",
  "pca_whiten": true,
  "clusterer": "gmm_diag",
  "hierarchical_success": true,
  "uses_binary_success_feedback_for_partition": true,
  "failure_clusters": 4,
  "clusters": 24,
  "seed": 43,
  "episodes": 2400,
  "successful_episodes": 2326,
  "silhouette": 0.2511259030407975,
  "gmm_bic": 44986.165975634685,
  "failure_gmm_bic": 3618.170444183902,
  "nmi_all": 0.8750124617230606,
  "ari_all": 0.671999745058552,
  "nmi_success": 0.8815121712866706,
  "ari_success": 0.677335991120788,
  "purity_success": 0.8417884780739467,
  "occupied_latents": 24,
  "min_latent_size": 47,
  "max_latent_size": 248,
  "latent_occupancy": [
    56,
    114,
    98,
    75,
    235,
    49,
    134,
    91,
    91,
    63,
    130,
    47,
    139,
    106,
    55,
    68,
    83,
    55,
    51,
    51,
    60,
    248,
    91,
    136
  ],
  "latent_success_rate": [
    1.0,
    1.0,
    1.0,
    1.0,
    1.0,
    1.0,
    1.0,
    1.0,
    1.0,
    1.0,
    1.0,
    1.0,
    1.0,
    1.0,
    1.0,
    1.0,
    1.0,
    1.0,
    1.0,
    1.0,
    1.0,
    1.0,
    1.0,
    1.0
  ],
  "latent_success_count": [
    56,
    114,
    98,
    75,
    235,
    49,
    134,
    91,
    91,
    63,
    130,
    47,
    139,
    106,
    55,
    68,
    83,
    55,
    51,
    51,
    60,
    248,
    91,
    136
  ],
  "latent_true_mode_coverage": [
    1,
    2,
    1,
    1,
    1,
    1,
    2,
    1,
    1,
    1,
    2,
    1,
    1,
    1,
    1,
    1,
    2,
    1,
    1,
    9,
    1,
    5,
    1,
    2
  ]
}
