{
  "method": "offline_trajectory_bmd_proxy",
  "full_paper_ppo_steering": false,
  "uses_original_demonstrations": false,
  "uses_ground_truth_modes_for_training": false,
  "ground_truth_modes_used_for_posthoc_evaluation": true,
  "feature_kind": "basic",
  "pca_whiten": false,
  "clusterer": "gmm_full",
  "hierarchical_success": true,
  "uses_binary_success_feedback_for_partition": true,
  "failure_clusters": 4,
  "clusters": 24,
  "seed": 43,
  "episodes": 2400,
  "successful_episodes": 2326,
  "silhouette": 0.4381156677924659,
  "gmm_bic": 49265.99174372291,
  "failure_gmm_bic": 3475.124336859536,
  "nmi_all": 0.9214660509502779,
  "ari_all": 0.7793560514951247,
  "nmi_success": 0.9305370465927233,
  "ari_success": 0.7865306362012774,
  "purity_success": 0.9097162510748066,
  "occupied_latents": 24,
  "min_latent_size": 48,
  "max_latent_size": 234,
  "latent_occupancy": [
    126,
    86,
    234,
    63,
    63,
    151,
    80,
    162,
    58,
    147,
    134,
    76,
    91,
    96,
    121,
    56,
    65,
    59,
    59,
    51,
    93,
    107,
    48,
    100
  ],
  "latent_success_rate": [
    1.0,
    1.0,
    1.0,
    1.0,
    1.0,
    1.0,
    1.0,
    1.0,
    1.0,
    1.0,
    1.0,
    1.0,
    1.0,
    1.0,
    1.0,
    1.0,
    1.0,
    1.0,
    1.0,
    1.0,
    1.0,
    1.0,
    1.0,
    1.0
  ],
  "latent_success_count": [
    126,
    86,
    234,
    63,
    63,
    151,
    80,
    162,
    58,
    147,
    134,
    76,
    91,
    96,
    121,
    56,
    65,
    59,
    59,
    51,
    93,
    107,
    48,
    100
  ],
  "latent_true_mode_coverage": [
    2,
    2,
    1,
    1,
    2,
    1,
    1,
    2,
    1,
    2,
    2,
    1,
    1,
    1,
    1,
    1,
    1,
    1,
    1,
    2,
    1,
    1,
    1,
    1
  ]
}
