{
  "method": "offline_trajectory_bmd_proxy",
  "full_paper_ppo_steering": false,
  "uses_original_demonstrations": false,
  "uses_ground_truth_modes_for_training": false,
  "ground_truth_modes_used_for_posthoc_evaluation": true,
  "feature_kind": "kinematic",
  "pca_whiten": false,
  "clusterer": "gmm_full",
  "hierarchical_success": true,
  "uses_binary_success_feedback_for_partition": true,
  "failure_clusters": 4,
  "clusters": 24,
  "seed": 42,
  "episodes": 2400,
  "successful_episodes": 2326,
  "silhouette": 0.4364311874122982,
  "gmm_bic": 90953.0471256932,
  "failure_gmm_bic": 4589.692184463618,
  "nmi_all": 0.9004193671534486,
  "ari_all": 0.7159694807662418,
  "nmi_success": 0.9083655470927212,
  "ari_success": 0.7219257603840784,
  "purity_success": 0.8632846087704213,
  "occupied_latents": 24,
  "min_latent_size": 40,
  "max_latent_size": 236,
  "latent_occupancy": [
    139,
    91,
    160,
    134,
    56,
    46,
    221,
    138,
    114,
    66,
    76,
    63,
    236,
    95,
    105,
    148,
    49,
    67,
    57,
    56,
    50,
    40,
    59,
    60
  ],
  "latent_success_rate": [
    1.0,
    1.0,
    1.0,
    1.0,
    1.0,
    1.0,
    1.0,
    1.0,
    1.0,
    1.0,
    1.0,
    1.0,
    1.0,
    1.0,
    1.0,
    1.0,
    1.0,
    1.0,
    1.0,
    1.0,
    1.0,
    1.0,
    1.0,
    1.0
  ],
  "latent_success_count": [
    139,
    91,
    160,
    134,
    56,
    46,
    221,
    138,
    114,
    66,
    76,
    63,
    236,
    95,
    105,
    148,
    49,
    67,
    57,
    56,
    50,
    40,
    59,
    60
  ],
  "latent_true_mode_coverage": [
    1,
    1,
    2,
    2,
    1,
    1,
    2,
    2,
    2,
    2,
    1,
    1,
    1,
    1,
    1,
    3,
    1,
    2,
    1,
    1,
    1,
    1,
    2,
    2
  ]
}
