/jet/home/qzhou7/workspace/anaconda3/envs/d3il/lib/python3.10/site-packages/sklearn/manifold/_spectral_embedding.py:328: UserWarning: Graph is not fully connected, spectral embedding may not work as expected.
  warnings.warn(
{
  "method": "offline_trajectory_bmd_proxy",
  "full_paper_ppo_steering": false,
  "uses_original_demonstrations": false,
  "uses_ground_truth_modes_for_training": false,
  "ground_truth_modes_used_for_posthoc_evaluation": true,
  "feature_kind": "shape",
  "pca_whiten": false,
  "clusterer": "spectral",
  "hierarchical_success": true,
  "uses_binary_success_feedback_for_partition": true,
  "failure_clusters": 4,
  "clusters": 24,
  "seed": 42,
  "episodes": 2400,
  "successful_episodes": 2326,
  "silhouette": 0.2554029177934885,
  "gmm_bic": null,
  "failure_gmm_bic": null,
  "nmi_all": 0.8806596824327045,
  "ari_all": 0.6522537762972064,
  "nmi_success": 0.887584653836422,
  "ari_success": 0.6567448637488182,
  "purity_success": 0.8000859845227859,
  "occupied_latents": 24,
  "min_latent_size": 25,
  "max_latent_size": 297,
  "latent_occupancy": [
    25,
    28,
    46,
    40,
    40,
    42,
    60,
    79,
    49,
    56,
    63,
    95,
    76,
    66,
    67,
    170,
    105,
    92,
    114,
    135,
    164,
    138,
    297,
    279
  ],
  "latent_success_rate": [
    1.0,
    1.0,
    1.0,
    1.0,
    1.0,
    1.0,
    1.0,
    1.0,
    1.0,
    1.0,
    1.0,
    1.0,
    1.0,
    1.0,
    1.0,
    1.0,
    1.0,
    1.0,
    1.0,
    1.0,
    1.0,
    1.0,
    1.0,
    1.0
  ],
  "latent_success_count": [
    25,
    28,
    46,
    40,
    40,
    42,
    60,
    79,
    49,
    56,
    63,
    95,
    76,
    66,
    67,
    170,
    105,
    92,
    114,
    135,
    164,
    138,
    297,
    279
  ],
  "latent_true_mode_coverage": [
    1,
    1,
    2,
    1,
    1,
    2,
    2,
    2,
    1,
    1,
    1,
    1,
    1,
    1,
    1,
    1,
    2,
    1,
    2,
    3,
    2,
    1,
    3,
    3
  ]
}
