[2026-07-16 23:28:50,587][agents.models.diffusion.diffusion_models][INFO] - number of parameters: 2.748260e+05
[2026-07-16 23:29:02,434][root][INFO] - Loading Sorting Dataset
[2026-07-16 23:29:04,675][root][INFO] - Loading Sorting Dataset
[2026-07-16 23:29:05,142][agents.utils.scaler][INFO] - Datset Info: state min: [-2.3854534  -1.52318297 -2.5436591  -1.47282681] and max: [2.68851348 1.91139402 2.31634682 1.92205774], action min: [-1.83908446 -2.15521727] and max: [1.93458139 0.68739523]
[2026-07-16 23:29:05,142][agents.utils.scaler][INFO] - Training dataset size: input (7305, 4) target (7305, 2)
[2026-07-16 23:29:05,142][agents.base_agent][INFO] - The model has a total amount of 274826 parameters
[2026-07-16 23:29:26,029][agents.ddpm_agent][INFO] - Epoch 9: Mean test mse is 0.2758593601839883
[2026-07-16 23:29:26,223][agents.ddpm_agent][INFO] - New best test loss. Stored weights have been updated!
[2026-07-16 23:29:30,324][agents.ddpm_agent][INFO] - Epoch 19: Mean test mse is 0.2075324718441282
[2026-07-16 23:29:30,367][agents.ddpm_agent][INFO] - New best test loss. Stored weights have been updated!
[2026-07-16 23:29:34,180][agents.ddpm_agent][INFO] - Epoch 29: Mean test mse is 0.17376603611877986
[2026-07-16 23:29:34,198][agents.ddpm_agent][INFO] - New best test loss. Stored weights have been updated!
[2026-07-16 23:29:38,334][agents.ddpm_agent][INFO] - Epoch 39: Mean test mse is 0.16132170174803054
[2026-07-16 23:29:38,371][agents.ddpm_agent][INFO] - New best test loss. Stored weights have been updated!
[2026-07-16 23:29:42,407][agents.ddpm_agent][INFO] - Epoch 49: Mean test mse is 0.14648461980479105
[2026-07-16 23:29:43,016][agents.ddpm_agent][INFO] - New best test loss. Stored weights have been updated!
[2026-07-16 23:29:47,144][agents.ddpm_agent][INFO] - Epoch 59: Mean test mse is 0.13734004646539688
[2026-07-16 23:29:47,711][agents.ddpm_agent][INFO] - New best test loss. Stored weights have been updated!
[2026-07-16 23:29:52,039][agents.ddpm_agent][INFO] - Epoch 69: Mean test mse is 0.13244475317852838
[2026-07-16 23:29:52,256][agents.ddpm_agent][INFO] - New best test loss. Stored weights have been updated!
[2026-07-16 23:29:56,202][agents.ddpm_agent][INFO] - Epoch 79: Mean test mse is 0.12678643422467367
[2026-07-16 23:29:56,519][agents.ddpm_agent][INFO] - New best test loss. Stored weights have been updated!
[2026-07-16 23:30:00,586][agents.ddpm_agent][INFO] - Epoch 89: Mean test mse is 0.1242838693516595
[2026-07-16 23:30:00,834][agents.ddpm_agent][INFO] - New best test loss. Stored weights have been updated!
[2026-07-16 23:30:04,968][agents.ddpm_agent][INFO] - Epoch 99: Mean test mse is 0.11687799436705452
[2026-07-16 23:30:05,555][agents.ddpm_agent][INFO] - New best test loss. Stored weights have been updated!
[2026-07-16 23:30:09,667][agents.ddpm_agent][INFO] - Epoch 109: Mean test mse is 0.11153506700481687
[2026-07-16 23:30:09,686][agents.ddpm_agent][INFO] - New best test loss. Stored weights have been updated!
[2026-07-16 23:30:13,737][agents.ddpm_agent][INFO] - Epoch 119: Mean test mse is 0.11023905979735511
[2026-07-16 23:30:13,884][agents.ddpm_agent][INFO] - New best test loss. Stored weights have been updated!
[2026-07-16 23:30:17,734][agents.ddpm_agent][INFO] - Epoch 129: Mean test mse is 0.11200093797274999
[2026-07-16 23:30:21,814][agents.ddpm_agent][INFO] - Epoch 139: Mean test mse is 0.1097959897347859
[2026-07-16 23:30:22,195][agents.ddpm_agent][INFO] - New best test loss. Stored weights have been updated!
[2026-07-16 23:30:26,254][agents.ddpm_agent][INFO] - Epoch 149: Mean test mse is 0.1065417890037809
[2026-07-16 23:30:26,273][agents.ddpm_agent][INFO] - New best test loss. Stored weights have been updated!
[2026-07-16 23:30:30,354][agents.ddpm_agent][INFO] - Epoch 159: Mean test mse is 0.10242905467748642
[2026-07-16 23:30:30,373][agents.ddpm_agent][INFO] - New best test loss. Stored weights have been updated!
[2026-07-16 23:30:34,533][agents.ddpm_agent][INFO] - Epoch 169: Mean test mse is 0.10335047543048859
[2026-07-16 23:30:39,008][agents.ddpm_agent][INFO] - Epoch 179: Mean test mse is 0.09874311089515686
[2026-07-16 23:30:39,028][agents.ddpm_agent][INFO] - New best test loss. Stored weights have been updated!
[2026-07-16 23:30:43,228][agents.ddpm_agent][INFO] - Epoch 189: Mean test mse is 0.10000301365341459
[2026-07-16 23:30:47,600][agents.ddpm_agent][INFO] - Epoch 199: Mean test mse is 0.09670816042593547
[2026-07-16 23:30:47,620][agents.ddpm_agent][INFO] - New best test loss. Stored weights have been updated!
[2026-07-16 23:30:52,097][agents.ddpm_agent][INFO] - Epoch 209: Mean test mse is 0.09929066577128001
[2026-07-16 23:30:56,311][agents.ddpm_agent][INFO] - Epoch 219: Mean test mse is 0.1002231729882104
[2026-07-16 23:31:00,260][agents.ddpm_agent][INFO] - Epoch 229: Mean test mse is 0.09628055138247353
[2026-07-16 23:31:00,280][agents.ddpm_agent][INFO] - New best test loss. Stored weights have been updated!
[2026-07-16 23:31:04,514][agents.ddpm_agent][INFO] - Epoch 239: Mean test mse is 0.09384526418788093
[2026-07-16 23:31:04,534][agents.ddpm_agent][INFO] - New best test loss. Stored weights have been updated!
[2026-07-16 23:31:08,852][agents.ddpm_agent][INFO] - Epoch 249: Mean test mse is 0.0938456973859242
[2026-07-16 23:31:13,283][agents.ddpm_agent][INFO] - Epoch 259: Mean test mse is 0.0890435054898262
[2026-07-16 23:31:13,301][agents.ddpm_agent][INFO] - New best test loss. Stored weights have been updated!
[2026-07-16 23:31:17,368][agents.ddpm_agent][INFO] - Epoch 269: Mean test mse is 0.08649899810552597
[2026-07-16 23:31:17,387][agents.ddpm_agent][INFO] - New best test loss. Stored weights have been updated!
[2026-07-16 23:31:21,708][agents.ddpm_agent][INFO] - Epoch 279: Mean test mse is 0.09068150392600469
[2026-07-16 23:31:25,995][agents.ddpm_agent][INFO] - Epoch 289: Mean test mse is 0.08859821621860776
[2026-07-16 23:31:30,248][agents.ddpm_agent][INFO] - Epoch 299: Mean test mse is 0.08745505554335457
[2026-07-16 23:31:34,419][agents.ddpm_agent][INFO] - Epoch 309: Mean test mse is 0.08645074814558029
[2026-07-16 23:31:34,457][agents.ddpm_agent][INFO] - New best test loss. Stored weights have been updated!
[2026-07-16 23:31:38,588][agents.ddpm_agent][INFO] - Epoch 319: Mean test mse is 0.08473758293049675
[2026-07-16 23:31:38,607][agents.ddpm_agent][INFO] - New best test loss. Stored weights have been updated!
[2026-07-16 23:31:42,718][agents.ddpm_agent][INFO] - Epoch 329: Mean test mse is 0.0873144439288548
[2026-07-16 23:31:46,638][agents.ddpm_agent][INFO] - Epoch 339: Mean test mse is 0.08502521472317832
[2026-07-16 23:31:50,814][agents.ddpm_agent][INFO] - Epoch 349: Mean test mse is 0.08295090390103203
[2026-07-16 23:31:50,866][agents.ddpm_agent][INFO] - New best test loss. Stored weights have been updated!
[2026-07-16 23:31:55,068][agents.ddpm_agent][INFO] - Epoch 359: Mean test mse is 0.08126943984201976
[2026-07-16 23:31:56,071][agents.ddpm_agent][INFO] - New best test loss. Stored weights have been updated!
[2026-07-16 23:32:00,227][agents.ddpm_agent][INFO] - Epoch 369: Mean test mse is 0.08038837143353053
[2026-07-16 23:32:00,333][agents.ddpm_agent][INFO] - New best test loss. Stored weights have been updated!
[2026-07-16 23:32:04,742][agents.ddpm_agent][INFO] - Epoch 379: Mean test mse is 0.0798162232552256
[2026-07-16 23:32:04,761][agents.ddpm_agent][INFO] - New best test loss. Stored weights have been updated!
[2026-07-16 23:32:08,829][agents.ddpm_agent][INFO] - Epoch 389: Mean test mse is 0.07893406386886324
[2026-07-16 23:32:08,848][agents.ddpm_agent][INFO] - New best test loss. Stored weights have been updated!
[2026-07-16 23:32:13,215][agents.ddpm_agent][INFO] - Epoch 399: Mean test mse is 0.07950159375156675
[2026-07-16 23:32:17,638][agents.ddpm_agent][INFO] - Epoch 409: Mean test mse is 0.07903752156666347
[2026-07-16 23:32:21,716][agents.ddpm_agent][INFO] - Epoch 419: Mean test mse is 0.08000048356396812
[2026-07-16 23:32:25,947][agents.ddpm_agent][INFO] - Epoch 429: Mean test mse is 0.08255148572581154
[2026-07-16 23:32:30,343][agents.ddpm_agent][INFO] - Epoch 439: Mean test mse is 0.0782703086733818
[2026-07-16 23:32:30,363][agents.ddpm_agent][INFO] - New best test loss. Stored weights have been updated!
[2026-07-16 23:32:34,493][agents.ddpm_agent][INFO] - Epoch 449: Mean test mse is 0.07387926003762654
[2026-07-16 23:32:34,512][agents.ddpm_agent][INFO] - New best test loss. Stored weights have been updated!
[2026-07-16 23:32:38,930][agents.ddpm_agent][INFO] - Epoch 459: Mean test mse is 0.0748988368681499
[2026-07-16 23:32:43,116][agents.ddpm_agent][INFO] - Epoch 469: Mean test mse is 0.07409824963126864
[2026-07-16 23:32:47,337][agents.ddpm_agent][INFO] - Epoch 479: Mean test mse is 0.07584416653428759
[2026-07-16 23:32:51,568][agents.ddpm_agent][INFO] - Epoch 489: Mean test mse is 0.0778178625873157
[2026-07-16 23:32:55,654][agents.ddpm_agent][INFO] - Epoch 499: Mean test mse is 0.0764108555657523
[2026-07-16 23:32:59,748][agents.ddpm_agent][INFO] - Epoch 509: Mean test mse is 0.07641778886318207
[2026-07-16 23:33:03,949][agents.ddpm_agent][INFO] - Epoch 519: Mean test mse is 0.07323457832847323
[2026-07-16 23:33:03,969][agents.ddpm_agent][INFO] - New best test loss. Stored weights have been updated!
[2026-07-16 23:33:08,202][agents.ddpm_agent][INFO] - Epoch 529: Mean test mse is 0.07281220917190824
[2026-07-16 23:33:08,220][agents.ddpm_agent][INFO] - New best test loss. Stored weights have been updated!
[2026-07-16 23:33:12,213][agents.ddpm_agent][INFO] - Epoch 539: Mean test mse is 0.07137973393712725
[2026-07-16 23:33:12,232][agents.ddpm_agent][INFO] - New best test loss. Stored weights have been updated!
[2026-07-16 23:33:16,407][agents.ddpm_agent][INFO] - Epoch 549: Mean test mse is 0.07339914036648613
[2026-07-16 23:33:20,681][agents.ddpm_agent][INFO] - Epoch 559: Mean test mse is 0.07188370823860168
[2026-07-16 23:33:24,802][agents.ddpm_agent][INFO] - Epoch 569: Mean test mse is 0.07454936099903924
[2026-07-16 23:33:28,898][agents.ddpm_agent][INFO] - Epoch 579: Mean test mse is 0.07198449703199523
[2026-07-16 23:33:33,046][agents.ddpm_agent][INFO] - Epoch 589: Mean test mse is 0.07324938901833125
[2026-07-16 23:33:37,299][agents.ddpm_agent][INFO] - Epoch 599: Mean test mse is 0.07308579502361161
[2026-07-16 23:33:41,757][agents.ddpm_agent][INFO] - Epoch 609: Mean test mse is 0.07331545544522149
[2026-07-16 23:33:45,596][agents.ddpm_agent][INFO] - Epoch 619: Mean test mse is 0.06699969246983528
[2026-07-16 23:33:45,614][agents.ddpm_agent][INFO] - New best test loss. Stored weights have been updated!
[2026-07-16 23:33:49,723][agents.ddpm_agent][INFO] - Epoch 629: Mean test mse is 0.07044076174497604
[2026-07-16 23:33:54,168][agents.ddpm_agent][INFO] - Epoch 639: Mean test mse is 0.06437221382345472
[2026-07-16 23:33:54,188][agents.ddpm_agent][INFO] - New best test loss. Stored weights have been updated!
[2026-07-16 23:33:58,577][agents.ddpm_agent][INFO] - Epoch 649: Mean test mse is 0.06890225623335157
[2026-07-16 23:34:02,657][agents.ddpm_agent][INFO] - Epoch 659: Mean test mse is 0.0712697756077562
[2026-07-16 23:34:06,826][agents.ddpm_agent][INFO] - Epoch 669: Mean test mse is 0.0692884868809155
[2026-07-16 23:34:10,968][agents.ddpm_agent][INFO] - Epoch 679: Mean test mse is 0.07137580907770566
[2026-07-16 23:34:15,127][agents.ddpm_agent][INFO] - Epoch 689: Mean test mse is 0.06824405810662679
[2026-07-16 23:34:19,547][agents.ddpm_agent][INFO] - Epoch 699: Mean test mse is 0.06583962057318006
[2026-07-16 23:34:23,788][agents.ddpm_agent][INFO] - Epoch 709: Mean test mse is 0.06427250696080071
[2026-07-16 23:34:23,808][agents.ddpm_agent][INFO] - New best test loss. Stored weights have been updated!
[2026-07-16 23:34:27,510][agents.ddpm_agent][INFO] - Epoch 719: Mean test mse is 0.06798537554485458
[2026-07-16 23:34:31,453][agents.ddpm_agent][INFO] - Epoch 729: Mean test mse is 0.06442273514611381
[2026-07-16 23:34:35,514][agents.ddpm_agent][INFO] - Epoch 739: Mean test mse is 0.06413729542068072
[2026-07-16 23:34:35,532][agents.ddpm_agent][INFO] - New best test loss. Stored weights have been updated!
[2026-07-16 23:34:39,736][agents.ddpm_agent][INFO] - Epoch 749: Mean test mse is 0.06577117368578911
[2026-07-16 23:34:43,960][agents.ddpm_agent][INFO] - Epoch 759: Mean test mse is 0.06591247873646873
[2026-07-16 23:34:48,122][agents.ddpm_agent][INFO] - Epoch 769: Mean test mse is 0.0666256280882018
[2026-07-16 23:34:52,253][agents.ddpm_agent][INFO] - Epoch 779: Mean test mse is 0.06474460129226957
[2026-07-16 23:34:56,414][agents.ddpm_agent][INFO] - Epoch 789: Mean test mse is 0.06182043839778219
[2026-07-16 23:34:56,434][agents.ddpm_agent][INFO] - New best test loss. Stored weights have been updated!
[2026-07-16 23:35:00,695][agents.ddpm_agent][INFO] - Epoch 799: Mean test mse is 0.06267449206539563
[2026-07-16 23:35:04,908][agents.ddpm_agent][INFO] - Epoch 809: Mean test mse is 0.06530145928263664
[2026-07-16 23:35:09,107][agents.ddpm_agent][INFO] - Epoch 819: Mean test mse is 0.06383651282106127
[2026-07-16 23:35:13,227][agents.ddpm_agent][INFO] - Epoch 829: Mean test mse is 0.06048177235892841
[2026-07-16 23:35:13,246][agents.ddpm_agent][INFO] - New best test loss. Stored weights have been updated!
[2026-07-16 23:35:17,440][agents.ddpm_agent][INFO] - Epoch 839: Mean test mse is 0.06327421005283083
[2026-07-16 23:35:21,664][agents.ddpm_agent][INFO] - Epoch 849: Mean test mse is 0.06280283576675824
[2026-07-16 23:35:25,811][agents.ddpm_agent][INFO] - Epoch 859: Mean test mse is 0.0625952487545354
[2026-07-16 23:35:30,046][agents.ddpm_agent][INFO] - Epoch 869: Mean test mse is 0.060881981892245154
[2026-07-16 23:35:34,322][agents.ddpm_agent][INFO] - Epoch 879: Mean test mse is 0.06405299422996384
[2026-07-16 23:35:38,401][agents.ddpm_agent][INFO] - Epoch 889: Mean test mse is 0.06174150747912271
[2026-07-16 23:35:42,603][agents.ddpm_agent][INFO] - Epoch 899: Mean test mse is 0.058679518422910144
[2026-07-16 23:35:42,651][agents.ddpm_agent][INFO] - New best test loss. Stored weights have been updated!
[2026-07-16 23:35:46,548][agents.ddpm_agent][INFO] - Epoch 909: Mean test mse is 0.06234668780650411
[2026-07-16 23:35:50,729][agents.ddpm_agent][INFO] - Epoch 919: Mean test mse is 0.057603219257933755
[2026-07-16 23:35:50,748][agents.ddpm_agent][INFO] - New best test loss. Stored weights have been updated!
[2026-07-16 23:35:54,814][agents.ddpm_agent][INFO] - Epoch 929: Mean test mse is 0.0627779769045966
[2026-07-16 23:35:58,795][agents.ddpm_agent][INFO] - Epoch 939: Mean test mse is 0.06201387303216117
[2026-07-16 23:36:02,764][agents.ddpm_agent][INFO] - Epoch 949: Mean test mse is 0.061734541186264584
[2026-07-16 23:36:06,965][agents.ddpm_agent][INFO] - Epoch 959: Mean test mse is 0.061248905424560816
[2026-07-16 23:36:11,114][agents.ddpm_agent][INFO] - Epoch 969: Mean test mse is 0.05847595791731562
[2026-07-16 23:36:15,163][agents.ddpm_agent][INFO] - Epoch 979: Mean test mse is 0.06077767802136285
[2026-07-16 23:36:19,477][agents.ddpm_agent][INFO] - Epoch 989: Mean test mse is 0.05894372718674796
[2026-07-16 23:36:23,729][agents.ddpm_agent][INFO] - Epoch 999: Mean test mse is 0.05976961925625801
[2026-07-16 23:36:27,668][agents.ddpm_agent][INFO] - Epoch 1009: Mean test mse is 0.05954866483807564
[2026-07-16 23:36:31,704][agents.ddpm_agent][INFO] - Epoch 1019: Mean test mse is 0.05785351672342846
[2026-07-16 23:36:35,699][agents.ddpm_agent][INFO] - Epoch 1029: Mean test mse is 0.06016830142055239
[2026-07-16 23:36:40,097][agents.ddpm_agent][INFO] - Epoch 1039: Mean test mse is 0.05889899656176567
[2026-07-16 23:36:44,136][agents.ddpm_agent][INFO] - Epoch 1049: Mean test mse is 0.058767475719962804
[2026-07-16 23:36:48,284][agents.ddpm_agent][INFO] - Epoch 1059: Mean test mse is 0.05897489402975355
[2026-07-16 23:36:52,676][agents.ddpm_agent][INFO] - Epoch 1069: Mean test mse is 0.057795300015381405
[2026-07-16 23:36:57,053][agents.ddpm_agent][INFO] - Epoch 1079: Mean test mse is 0.05801261429275785
[2026-07-16 23:37:01,515][agents.ddpm_agent][INFO] - Epoch 1089: Mean test mse is 0.05998243072203228
[2026-07-16 23:37:05,472][agents.ddpm_agent][INFO] - Epoch 1099: Mean test mse is 0.05652947883520808
[2026-07-16 23:37:05,509][agents.ddpm_agent][INFO] - New best test loss. Stored weights have been updated!
[2026-07-16 23:37:09,640][agents.ddpm_agent][INFO] - Epoch 1109: Mean test mse is 0.056662212525095255
[2026-07-16 23:37:13,802][agents.ddpm_agent][INFO] - Epoch 1119: Mean test mse is 0.056358070245810916
[2026-07-16 23:37:13,822][agents.ddpm_agent][INFO] - New best test loss. Stored weights have been updated!
[2026-07-16 23:37:17,654][agents.ddpm_agent][INFO] - Epoch 1129: Mean test mse is 0.05571130503501211
[2026-07-16 23:37:17,969][agents.ddpm_agent][INFO] - New best test loss. Stored weights have been updated!
[2026-07-16 23:37:22,106][agents.ddpm_agent][INFO] - Epoch 1139: Mean test mse is 0.056467928524528234
[2026-07-16 23:37:26,351][agents.ddpm_agent][INFO] - Epoch 1149: Mean test mse is 0.05935215098517282
[2026-07-16 23:37:30,521][agents.ddpm_agent][INFO] - Epoch 1159: Mean test mse is 0.05720139986702374
[2026-07-16 23:37:34,512][agents.ddpm_agent][INFO] - Epoch 1169: Mean test mse is 0.05894803149359567
[2026-07-16 23:37:38,435][agents.ddpm_agent][INFO] - Epoch 1179: Mean test mse is 0.05619063228368759
[2026-07-16 23:37:42,646][agents.ddpm_agent][INFO] - Epoch 1189: Mean test mse is 0.05631633635078158
[2026-07-16 23:37:46,870][agents.ddpm_agent][INFO] - Epoch 1199: Mean test mse is 0.057233240987573354
[2026-07-16 23:37:50,888][agents.ddpm_agent][INFO] - Epoch 1209: Mean test mse is 0.05821826042873519
[2026-07-16 23:37:54,861][agents.ddpm_agent][INFO] - Epoch 1219: Mean test mse is 0.05264909139701298
[2026-07-16 23:37:54,880][agents.ddpm_agent][INFO] - New best test loss. Stored weights have been updated!
[2026-07-16 23:37:58,950][agents.ddpm_agent][INFO] - Epoch 1229: Mean test mse is 0.05526993476918766
[2026-07-16 23:38:03,174][agents.ddpm_agent][INFO] - Epoch 1239: Mean test mse is 0.05378639219062669
[2026-07-16 23:38:07,349][agents.ddpm_agent][INFO] - Epoch 1249: Mean test mse is 0.0565193093248776
[2026-07-16 23:38:11,188][agents.ddpm_agent][INFO] - Epoch 1259: Mean test mse is 0.05456884737525668
[2026-07-16 23:38:15,430][agents.ddpm_agent][INFO] - Epoch 1269: Mean test mse is 0.05517855020506041
[2026-07-16 23:38:19,824][agents.ddpm_agent][INFO] - Epoch 1279: Mean test mse is 0.05313755305750029
[2026-07-16 23:38:23,850][agents.ddpm_agent][INFO] - Epoch 1289: Mean test mse is 0.05587393471172878
[2026-07-16 23:38:27,942][agents.ddpm_agent][INFO] - Epoch 1299: Mean test mse is 0.0566912405192852
[2026-07-16 23:38:32,077][agents.ddpm_agent][INFO] - Epoch 1309: Mean test mse is 0.05367408639618328
[2026-07-16 23:38:36,067][agents.ddpm_agent][INFO] - Epoch 1319: Mean test mse is 0.05435035590614591
[2026-07-16 23:38:40,133][agents.ddpm_agent][INFO] - Epoch 1329: Mean test mse is 0.05290285125374794
[2026-07-16 23:38:44,126][agents.ddpm_agent][INFO] - Epoch 1339: Mean test mse is 0.05441196795020785
[2026-07-16 23:38:48,401][agents.ddpm_agent][INFO] - Epoch 1349: Mean test mse is 0.05484325332301004
[2026-07-16 23:38:52,719][agents.ddpm_agent][INFO] - Epoch 1359: Mean test mse is 0.05245852044650486
[2026-07-16 23:38:52,738][agents.ddpm_agent][INFO] - New best test loss. Stored weights have been updated!
[2026-07-16 23:38:56,695][agents.ddpm_agent][INFO] - Epoch 1369: Mean test mse is 0.054879252931901386
[2026-07-16 23:39:00,735][agents.ddpm_agent][INFO] - Epoch 1379: Mean test mse is 0.05372322829706328
[2026-07-16 23:39:04,881][agents.ddpm_agent][INFO] - Epoch 1389: Mean test mse is 0.053383427539042065
[2026-07-16 23:39:08,933][agents.ddpm_agent][INFO] - Epoch 1399: Mean test mse is 0.05511644695486341
[2026-07-16 23:39:13,175][agents.ddpm_agent][INFO] - Epoch 1409: Mean test mse is 0.05127078720501491
[2026-07-16 23:39:13,195][agents.ddpm_agent][INFO] - New best test loss. Stored weights have been updated!
[2026-07-16 23:39:17,379][agents.ddpm_agent][INFO] - Epoch 1419: Mean test mse is 0.053022214876753945
[2026-07-16 23:39:21,470][agents.ddpm_agent][INFO] - Epoch 1429: Mean test mse is 0.05227076581546238
[2026-07-16 23:39:25,502][agents.ddpm_agent][INFO] - Epoch 1439: Mean test mse is 0.05401254338877542
[2026-07-16 23:39:29,381][agents.ddpm_agent][INFO] - Epoch 1449: Mean test mse is 0.051832902644361765
[2026-07-16 23:39:33,470][agents.ddpm_agent][INFO] - Epoch 1459: Mean test mse is 0.05469141687665667
[2026-07-16 23:39:37,707][agents.ddpm_agent][INFO] - Epoch 1469: Mean test mse is 0.05449516432625907
[2026-07-16 23:39:41,757][agents.ddpm_agent][INFO] - Epoch 1479: Mean test mse is 0.05269618917788778
[2026-07-16 23:39:45,853][agents.ddpm_agent][INFO] - Epoch 1489: Mean test mse is 0.053383630833455493
[2026-07-16 23:39:49,788][agents.ddpm_agent][INFO] - Epoch 1499: Mean test mse is 0.053782417838062556
[2026-07-16 23:39:53,751][agents.ddpm_agent][INFO] - Epoch 1509: Mean test mse is 0.05328324117830822
[2026-07-16 23:39:57,794][agents.ddpm_agent][INFO] - Epoch 1519: Mean test mse is 0.05407546620283808
[2026-07-16 23:40:01,914][agents.ddpm_agent][INFO] - Epoch 1529: Mean test mse is 0.05233916959592274
[2026-07-16 23:40:05,968][agents.ddpm_agent][INFO] - Epoch 1539: Mean test mse is 0.053114177393061776
[2026-07-16 23:40:09,995][agents.ddpm_agent][INFO] - Epoch 1549: Mean test mse is 0.05028812321169036
[2026-07-16 23:40:10,051][agents.ddpm_agent][INFO] - New best test loss. Stored weights have been updated!
[2026-07-16 23:40:14,219][agents.ddpm_agent][INFO] - Epoch 1559: Mean test mse is 0.04823705447571618
[2026-07-16 23:40:14,238][agents.ddpm_agent][INFO] - New best test loss. Stored weights have been updated!
[2026-07-16 23:40:18,393][agents.ddpm_agent][INFO] - Epoch 1569: Mean test mse is 0.05044476528252874
[2026-07-16 23:40:22,496][agents.ddpm_agent][INFO] - Epoch 1579: Mean test mse is 0.05002409113304956
[2026-07-16 23:40:26,610][agents.ddpm_agent][INFO] - Epoch 1589: Mean test mse is 0.05067567207983562
[2026-07-16 23:40:30,652][agents.ddpm_agent][INFO] - Epoch 1599: Mean test mse is 0.05172793034996305
[2026-07-16 23:40:34,939][agents.ddpm_agent][INFO] - Epoch 1609: Mean test mse is 0.05091931830559458
[2026-07-16 23:40:39,160][agents.ddpm_agent][INFO] - Epoch 1619: Mean test mse is 0.05122748443058559
[2026-07-16 23:40:43,468][agents.ddpm_agent][INFO] - Epoch 1629: Mean test mse is 0.05129867419600487
[2026-07-16 23:40:47,805][agents.ddpm_agent][INFO] - Epoch 1639: Mean test mse is 0.05186031386256218
[2026-07-16 23:40:52,206][agents.ddpm_agent][INFO] - Epoch 1649: Mean test mse is 0.050851937915597646
[2026-07-16 23:40:56,560][agents.ddpm_agent][INFO] - Epoch 1659: Mean test mse is 0.05210676257099424
[2026-07-16 23:41:00,754][agents.ddpm_agent][INFO] - Epoch 1669: Mean test mse is 0.04894357014979635
[2026-07-16 23:41:05,087][agents.ddpm_agent][INFO] - Epoch 1679: Mean test mse is 0.04953171472464289
[2026-07-16 23:41:09,263][agents.ddpm_agent][INFO] - Epoch 1689: Mean test mse is 0.04917710487331663
[2026-07-16 23:41:13,573][agents.ddpm_agent][INFO] - Epoch 1699: Mean test mse is 0.0497064260499818
[2026-07-16 23:41:17,846][agents.ddpm_agent][INFO] - Epoch 1709: Mean test mse is 0.04948153240340097
[2026-07-16 23:41:22,072][agents.ddpm_agent][INFO] - Epoch 1719: Mean test mse is 0.048447582338537486
[2026-07-16 23:41:26,019][agents.ddpm_agent][INFO] - Epoch 1729: Mean test mse is 0.0492539501615933
[2026-07-16 23:41:30,165][agents.ddpm_agent][INFO] - Epoch 1739: Mean test mse is 0.04909018161041396
[2026-07-16 23:41:34,354][agents.ddpm_agent][INFO] - Epoch 1749: Mean test mse is 0.0506182536482811
[2026-07-16 23:41:38,542][agents.ddpm_agent][INFO] - Epoch 1759: Mean test mse is 0.04958643817475864
[2026-07-16 23:41:42,798][agents.ddpm_agent][INFO] - Epoch 1769: Mean test mse is 0.0488959646650723
[2026-07-16 23:41:47,041][agents.ddpm_agent][INFO] - Epoch 1779: Mean test mse is 0.047397189906665256
[2026-07-16 23:41:47,061][agents.ddpm_agent][INFO] - New best test loss. Stored weights have been updated!
[2026-07-16 23:41:51,484][agents.ddpm_agent][INFO] - Epoch 1789: Mean test mse is 0.04772726393171719
[2026-07-16 23:41:56,409][agents.ddpm_agent][INFO] - Epoch 1799: Mean test mse is 0.048813064715691974
[2026-07-16 23:42:00,549][agents.ddpm_agent][INFO] - Epoch 1809: Mean test mse is 0.049309012080941884
[2026-07-16 23:42:04,793][agents.ddpm_agent][INFO] - Epoch 1819: Mean test mse is 0.04878541295017515
[2026-07-16 23:42:08,811][agents.ddpm_agent][INFO] - Epoch 1829: Mean test mse is 0.04981864456619535
[2026-07-16 23:42:14,156][agents.ddpm_agent][INFO] - Epoch 1839: Mean test mse is 0.04867966579539435
[2026-07-16 23:42:18,370][agents.ddpm_agent][INFO] - Epoch 1849: Mean test mse is 0.047962547945124764
[2026-07-16 23:42:23,599][agents.ddpm_agent][INFO] - Epoch 1859: Mean test mse is 0.047611896480832784
[2026-07-16 23:42:29,036][agents.ddpm_agent][INFO] - Epoch 1869: Mean test mse is 0.04738622424857957
[2026-07-16 23:42:29,063][agents.ddpm_agent][INFO] - New best test loss. Stored weights have been updated!
[2026-07-16 23:42:33,315][agents.ddpm_agent][INFO] - Epoch 1879: Mean test mse is 0.046667800950152535
[2026-07-16 23:42:33,334][agents.ddpm_agent][INFO] - New best test loss. Stored weights have been updated!
[2026-07-16 23:42:37,540][agents.ddpm_agent][INFO] - Epoch 1889: Mean test mse is 0.04722316137381962
[2026-07-16 23:42:42,244][agents.ddpm_agent][INFO] - Epoch 1899: Mean test mse is 0.04664152009146554
[2026-07-16 23:42:42,280][agents.ddpm_agent][INFO] - New best test loss. Stored weights have been updated!
[2026-07-16 23:42:48,094][agents.ddpm_agent][INFO] - Epoch 1909: Mean test mse is 0.04862021654844284
[2026-07-16 23:42:52,538][agents.ddpm_agent][INFO] - Epoch 1919: Mean test mse is 0.046855383685656955
[2026-07-16 23:42:58,382][agents.ddpm_agent][INFO] - Epoch 1929: Mean test mse is 0.0465672995362963
[2026-07-16 23:42:58,401][agents.ddpm_agent][INFO] - New best test loss. Stored weights have been updated!
[2026-07-16 23:43:04,196][agents.ddpm_agent][INFO] - Epoch 1939: Mean test mse is 0.04852342020188059
[2026-07-16 23:43:08,444][agents.ddpm_agent][INFO] - Epoch 1949: Mean test mse is 0.04893996353660311
[2026-07-16 23:43:12,737][agents.ddpm_agent][INFO] - Epoch 1959: Mean test mse is 0.0463749643947397
[2026-07-16 23:43:12,755][agents.ddpm_agent][INFO] - New best test loss. Stored weights have been updated!
[2026-07-16 23:43:18,246][agents.ddpm_agent][INFO] - Epoch 1969: Mean test mse is 0.04843495999063764
[2026-07-16 23:43:24,146][agents.ddpm_agent][INFO] - Epoch 1979: Mean test mse is 0.05007881298661232
[2026-07-16 23:43:28,885][agents.ddpm_agent][INFO] - Epoch 1989: Mean test mse is 0.046433153961385996
[2026-07-16 23:43:34,906][agents.ddpm_agent][INFO] - Epoch 1999: Mean test mse is 0.04681707652551787
[2026-07-16 23:43:40,940][agents.ddpm_agent][INFO] - Epoch 2009: Mean test mse is 0.047685518328632624
[2026-07-16 23:43:45,224][agents.ddpm_agent][INFO] - Epoch 2019: Mean test mse is 0.045444417744874954
[2026-07-16 23:43:45,251][agents.ddpm_agent][INFO] - New best test loss. Stored weights have been updated!
[2026-07-16 23:43:49,762][agents.ddpm_agent][INFO] - Epoch 2029: Mean test mse is 0.0470081301672118
[2026-07-16 23:43:55,744][agents.ddpm_agent][INFO] - Epoch 2039: Mean test mse is 0.04583812611443656
[2026-07-16 23:44:01,618][agents.ddpm_agent][INFO] - Epoch 2049: Mean test mse is 0.04762516649706023
[2026-07-16 23:44:07,701][agents.ddpm_agent][INFO] - Epoch 2059: Mean test mse is 0.046356137841939926
[2026-07-16 23:44:13,864][agents.ddpm_agent][INFO] - Epoch 2069: Mean test mse is 0.04497625253030232
[2026-07-16 23:44:14,075][agents.ddpm_agent][INFO] - New best test loss. Stored weights have been updated!
[2026-07-16 23:44:20,068][agents.ddpm_agent][INFO] - Epoch 2079: Mean test mse is 0.04501957446336746
[2026-07-16 23:44:25,622][agents.ddpm_agent][INFO] - Epoch 2089: Mean test mse is 0.0443719918174403
[2026-07-16 23:44:26,015][agents.ddpm_agent][INFO] - New best test loss. Stored weights have been updated!
[2026-07-16 23:44:31,533][agents.ddpm_agent][INFO] - Epoch 2099: Mean test mse is 0.04487926938704082
[2026-07-16 23:44:37,286][agents.ddpm_agent][INFO] - Epoch 2109: Mean test mse is 0.046420401228325706
[2026-07-16 23:44:43,162][agents.ddpm_agent][INFO] - Epoch 2119: Mean test mse is 0.04441081466419356
[2026-07-16 23:44:49,011][agents.ddpm_agent][INFO] - Epoch 2129: Mean test mse is 0.0455106007201331
[2026-07-16 23:44:55,004][agents.ddpm_agent][INFO] - Epoch 2139: Mean test mse is 0.04612905425684793
[2026-07-16 23:45:00,917][agents.ddpm_agent][INFO] - Epoch 2149: Mean test mse is 0.04712532088160515
[2026-07-16 23:45:07,146][agents.ddpm_agent][INFO] - Epoch 2159: Mean test mse is 0.04474034160375595
[2026-07-16 23:45:11,517][agents.ddpm_agent][INFO] - Epoch 2169: Mean test mse is 0.046225067760263173
[2026-07-16 23:45:15,640][agents.ddpm_agent][INFO] - Epoch 2179: Mean test mse is 0.04530802156244006
[2026-07-16 23:45:19,612][agents.ddpm_agent][INFO] - Epoch 2189: Mean test mse is 0.04494066696081843
[2026-07-16 23:45:23,768][agents.ddpm_agent][INFO] - Epoch 2199: Mean test mse is 0.04573430759566171
[2026-07-16 23:45:27,868][agents.ddpm_agent][INFO] - Epoch 2209: Mean test mse is 0.04400380754045078
[2026-07-16 23:45:27,887][agents.ddpm_agent][INFO] - New best test loss. Stored weights have been updated!
[2026-07-16 23:45:32,122][agents.ddpm_agent][INFO] - Epoch 2219: Mean test mse is 0.04786296880670956
[2026-07-16 23:45:36,298][agents.ddpm_agent][INFO] - Epoch 2229: Mean test mse is 0.04458951896854809
[2026-07-16 23:45:40,698][agents.ddpm_agent][INFO] - Epoch 2239: Mean test mse is 0.04634039316858564
[2026-07-16 23:45:44,867][agents.ddpm_agent][INFO] - Epoch 2249: Mean test mse is 0.04524688635553632
[2026-07-16 23:45:48,878][agents.ddpm_agent][INFO] - Epoch 2259: Mean test mse is 0.04517264664173126
[2026-07-16 23:45:53,094][agents.ddpm_agent][INFO] - Epoch 2269: Mean test mse is 0.04326365568808147
[2026-07-16 23:45:53,374][agents.ddpm_agent][INFO] - New best test loss. Stored weights have been updated!
[2026-07-16 23:45:57,700][agents.ddpm_agent][INFO] - Epoch 2279: Mean test mse is 0.04425671058041709
[2026-07-16 23:46:01,986][agents.ddpm_agent][INFO] - Epoch 2289: Mean test mse is 0.04829359959278788
[2026-07-16 23:46:06,059][agents.ddpm_agent][INFO] - Epoch 2299: Mean test mse is 0.043178943651063104
[2026-07-16 23:46:06,136][agents.ddpm_agent][INFO] - New best test loss. Stored weights have been updated!
[2026-07-16 23:46:10,371][agents.ddpm_agent][INFO] - Epoch 2309: Mean test mse is 0.04347674974373409
[2026-07-16 23:46:14,557][agents.ddpm_agent][INFO] - Epoch 2319: Mean test mse is 0.04650617071560451
[2026-07-16 23:46:18,336][agents.ddpm_agent][INFO] - Epoch 2329: Mean test mse is 0.04409473389387131
[2026-07-16 23:46:22,126][agents.ddpm_agent][INFO] - Epoch 2339: Mean test mse is 0.04519677960446903
[2026-07-16 23:46:26,445][agents.ddpm_agent][INFO] - Epoch 2349: Mean test mse is 0.04209893729005541
[2026-07-16 23:46:26,518][agents.ddpm_agent][INFO] - New best test loss. Stored weights have been updated!
[2026-07-16 23:46:30,902][agents.ddpm_agent][INFO] - Epoch 2359: Mean test mse is 0.04371173573391778
[2026-07-16 23:46:34,763][agents.ddpm_agent][INFO] - Epoch 2369: Mean test mse is 0.04551738500595093
[2026-07-16 23:46:38,976][agents.ddpm_agent][INFO] - Epoch 2379: Mean test mse is 0.04524633501257215
[2026-07-16 23:46:43,127][agents.ddpm_agent][INFO] - Epoch 2389: Mean test mse is 0.04480064074907984
[2026-07-16 23:46:47,271][agents.ddpm_agent][INFO] - Epoch 2399: Mean test mse is 0.0431307532957622
[2026-07-16 23:46:51,277][agents.ddpm_agent][INFO] - Epoch 2409: Mean test mse is 0.04649068149072783
[2026-07-16 23:46:55,547][agents.ddpm_agent][INFO] - Epoch 2419: Mean test mse is 0.04365656790988786
[2026-07-16 23:46:59,688][agents.ddpm_agent][INFO] - Epoch 2429: Mean test mse is 0.04447622011814799
[2026-07-16 23:47:03,845][agents.ddpm_agent][INFO] - Epoch 2439: Mean test mse is 0.04552501280392919
[2026-07-16 23:47:07,974][agents.ddpm_agent][INFO] - Epoch 2449: Mean test mse is 0.042259513799633296
[2026-07-16 23:47:12,319][agents.ddpm_agent][INFO] - Epoch 2459: Mean test mse is 0.04503199245248522
[2026-07-16 23:47:16,538][agents.ddpm_agent][INFO] - Epoch 2469: Mean test mse is 0.045150683394500186
[2026-07-16 23:47:20,544][agents.ddpm_agent][INFO] - Epoch 2479: Mean test mse is 0.044422165623732975
[2026-07-16 23:47:24,689][agents.ddpm_agent][INFO] - Epoch 2489: Mean test mse is 0.04321316789303507
[2026-07-16 23:47:28,923][agents.ddpm_agent][INFO] - Epoch 2499: Mean test mse is 0.0450360370533807
[2026-07-16 23:47:33,205][agents.ddpm_agent][INFO] - Epoch 2509: Mean test mse is 0.041981841304472516
[2026-07-16 23:47:33,225][agents.ddpm_agent][INFO] - New best test loss. Stored weights have been updated!
[2026-07-16 23:47:37,396][agents.ddpm_agent][INFO] - Epoch 2519: Mean test mse is 0.04303081652947834
[2026-07-16 23:47:41,508][agents.ddpm_agent][INFO] - Epoch 2529: Mean test mse is 0.042522377733673365
[2026-07-16 23:47:45,633][agents.ddpm_agent][INFO] - Epoch 2539: Mean test mse is 0.04613702744245529
[2026-07-16 23:47:49,889][agents.ddpm_agent][INFO] - Epoch 2549: Mean test mse is 0.042241321078368595
[2026-07-16 23:47:53,921][agents.ddpm_agent][INFO] - Epoch 2559: Mean test mse is 0.04418021121195385
[2026-07-16 23:47:58,123][agents.ddpm_agent][INFO] - Epoch 2569: Mean test mse is 0.044224273945604055
[2026-07-16 23:48:02,390][agents.ddpm_agent][INFO] - Epoch 2579: Mean test mse is 0.04239572531410626
[2026-07-16 23:48:06,539][agents.ddpm_agent][INFO] - Epoch 2589: Mean test mse is 0.04220304851021085
[2026-07-16 23:48:10,613][agents.ddpm_agent][INFO] - Epoch 2599: Mean test mse is 0.0427274044070925
[2026-07-16 23:48:14,808][agents.ddpm_agent][INFO] - Epoch 2609: Mean test mse is 0.04495447767632348
[2026-07-16 23:48:19,237][agents.ddpm_agent][INFO] - Epoch 2619: Mean test mse is 0.04193538746663502
[2026-07-16 23:48:19,721][agents.ddpm_agent][INFO] - New best test loss. Stored weights have been updated!
[2026-07-16 23:48:23,890][agents.ddpm_agent][INFO] - Epoch 2629: Mean test mse is 0.04220271270189967
[2026-07-16 23:48:27,924][agents.ddpm_agent][INFO] - Epoch 2639: Mean test mse is 0.044830436153071265
[2026-07-16 23:48:32,264][agents.ddpm_agent][INFO] - Epoch 2649: Mean test mse is 0.042617253959178925
[2026-07-16 23:48:36,316][agents.ddpm_agent][INFO] - Epoch 2659: Mean test mse is 0.04214941497359957
[2026-07-16 23:48:40,644][agents.ddpm_agent][INFO] - Epoch 2669: Mean test mse is 0.043909527893577306
[2026-07-16 23:48:44,937][agents.ddpm_agent][INFO] - Epoch 2679: Mean test mse is 0.043358943824257166
[2026-07-16 23:48:49,023][agents.ddpm_agent][INFO] - Epoch 2689: Mean test mse is 0.04185758637530463
[2026-07-16 23:48:49,376][agents.ddpm_agent][INFO] - New best test loss. Stored weights have been updated!
[2026-07-16 23:48:53,287][agents.ddpm_agent][INFO] - Epoch 2699: Mean test mse is 0.04079246999961989
[2026-07-16 23:48:53,308][agents.ddpm_agent][INFO] - New best test loss. Stored weights have been updated!
[2026-07-16 23:48:57,540][agents.ddpm_agent][INFO] - Epoch 2709: Mean test mse is 0.043383492422955375
[2026-07-16 23:49:01,965][agents.ddpm_agent][INFO] - Epoch 2719: Mean test mse is 0.04193972796201706
[2026-07-16 23:49:06,251][agents.ddpm_agent][INFO] - Epoch 2729: Mean test mse is 0.040943055280617306
[2026-07-16 23:49:10,359][agents.ddpm_agent][INFO] - Epoch 2739: Mean test mse is 0.04220066272786686
[2026-07-16 23:49:14,607][agents.ddpm_agent][INFO] - Epoch 2749: Mean test mse is 0.04095071979931423
[2026-07-16 23:49:18,823][agents.ddpm_agent][INFO] - Epoch 2759: Mean test mse is 0.04251232902918543
[2026-07-16 23:49:23,187][agents.ddpm_agent][INFO] - Epoch 2769: Mean test mse is 0.04196635740143912
[2026-07-16 23:49:27,340][agents.ddpm_agent][INFO] - Epoch 2779: Mean test mse is 0.042955943516322544
[2026-07-16 23:49:31,530][agents.ddpm_agent][INFO] - Epoch 2789: Mean test mse is 0.04074163734912872
[2026-07-16 23:49:31,549][agents.ddpm_agent][INFO] - New best test loss. Stored weights have been updated!
[2026-07-16 23:49:35,893][agents.ddpm_agent][INFO] - Epoch 2799: Mean test mse is 0.04112897174698966
[2026-07-16 23:49:40,240][agents.ddpm_agent][INFO] - Epoch 2809: Mean test mse is 0.04170989032302584
[2026-07-16 23:49:44,371][agents.ddpm_agent][INFO] - Epoch 2819: Mean test mse is 0.0424581521323749
[2026-07-16 23:49:48,482][agents.ddpm_agent][INFO] - Epoch 2829: Mean test mse is 0.03906240261026791
[2026-07-16 23:49:48,502][agents.ddpm_agent][INFO] - New best test loss. Stored weights have been updated!
[2026-07-16 23:49:52,775][agents.ddpm_agent][INFO] - Epoch 2839: Mean test mse is 0.04080625783119883
[2026-07-16 23:49:56,994][agents.ddpm_agent][INFO] - Epoch 2849: Mean test mse is 0.04240084120205471
[2026-07-16 23:50:00,849][agents.ddpm_agent][INFO] - Epoch 2859: Mean test mse is 0.04005531008754458
[2026-07-16 23:50:05,053][agents.ddpm_agent][INFO] - Epoch 2869: Mean test mse is 0.03854250322495188
[2026-07-16 23:50:05,072][agents.ddpm_agent][INFO] - New best test loss. Stored weights have been updated!
[2026-07-16 23:50:09,392][agents.ddpm_agent][INFO] - Epoch 2879: Mean test mse is 0.04176640723432813
[2026-07-16 23:50:13,665][agents.ddpm_agent][INFO] - Epoch 2889: Mean test mse is 0.039177172418151586
[2026-07-16 23:50:17,639][agents.ddpm_agent][INFO] - Epoch 2899: Mean test mse is 0.03942068134035383
[2026-07-16 23:50:21,926][agents.ddpm_agent][INFO] - Epoch 2909: Mean test mse is 0.040028469903128486
[2026-07-16 23:50:26,173][agents.ddpm_agent][INFO] - Epoch 2919: Mean test mse is 0.04046527509178434
[2026-07-16 23:50:30,375][agents.ddpm_agent][INFO] - Epoch 2929: Mean test mse is 0.04018027920808111
[2026-07-16 23:50:34,548][agents.ddpm_agent][INFO] - Epoch 2939: Mean test mse is 0.04116351583174297
[2026-07-16 23:50:38,605][agents.ddpm_agent][INFO] - Epoch 2949: Mean test mse is 0.041989406304700036
[2026-07-16 23:50:42,879][agents.ddpm_agent][INFO] - Epoch 2959: Mean test mse is 0.03925666372690882
[2026-07-16 23:50:47,062][agents.ddpm_agent][INFO] - Epoch 2969: Mean test mse is 0.04123404622077942
[2026-07-16 23:50:51,385][agents.ddpm_agent][INFO] - Epoch 2979: Mean test mse is 0.04140922586832728
[2026-07-16 23:50:55,419][agents.ddpm_agent][INFO] - Epoch 2989: Mean test mse is 0.03959886889372553
[2026-07-16 23:50:59,623][agents.ddpm_agent][INFO] - Epoch 2999: Mean test mse is 0.04041225676025663
[2026-07-16 23:51:03,798][agents.ddpm_agent][INFO] - Epoch 3009: Mean test mse is 0.03953436017036438
[2026-07-16 23:51:07,927][agents.ddpm_agent][INFO] - Epoch 3019: Mean test mse is 0.04138178804091045
[2026-07-16 23:51:13,903][agents.ddpm_agent][INFO] - Epoch 3029: Mean test mse is 0.04140828815954072
[2026-07-16 23:51:18,098][agents.ddpm_agent][INFO] - Epoch 3039: Mean test mse is 0.04102001818163054
[2026-07-16 23:51:22,099][agents.ddpm_agent][INFO] - Epoch 3049: Mean test mse is 0.040762078016996384
[2026-07-16 23:51:26,170][agents.ddpm_agent][INFO] - Epoch 3059: Mean test mse is 0.03921630499618394
[2026-07-16 23:51:30,485][agents.ddpm_agent][INFO] - Epoch 3069: Mean test mse is 0.04171479120850563
[2026-07-16 23:51:34,709][agents.ddpm_agent][INFO] - Epoch 3079: Mean test mse is 0.04209205614668982
[2026-07-16 23:51:38,849][agents.ddpm_agent][INFO] - Epoch 3089: Mean test mse is 0.03870118249739919
[2026-07-16 23:51:42,996][agents.ddpm_agent][INFO] - Epoch 3099: Mean test mse is 0.040922204830816815
[2026-07-16 23:51:47,204][agents.ddpm_agent][INFO] - Epoch 3109: Mean test mse is 0.03972311264702252
[2026-07-16 23:51:51,313][agents.ddpm_agent][INFO] - Epoch 3119: Mean test mse is 0.04104287336979594
[2026-07-16 23:51:55,327][agents.ddpm_agent][INFO] - Epoch 3129: Mean test mse is 0.04022822209766933
[2026-07-16 23:51:59,525][agents.ddpm_agent][INFO] - Epoch 3139: Mean test mse is 0.039907822119338174
[2026-07-16 23:52:03,790][agents.ddpm_agent][INFO] - Epoch 3149: Mean test mse is 0.04081199797136443
[2026-07-16 23:52:08,018][agents.ddpm_agent][INFO] - Epoch 3159: Mean test mse is 0.04113010423524039
[2026-07-16 23:52:12,063][agents.ddpm_agent][INFO] - Epoch 3169: Mean test mse is 0.04101174431187766
[2026-07-16 23:52:16,184][agents.ddpm_agent][INFO] - Epoch 3179: Mean test mse is 0.04049832427075931
[2026-07-16 23:52:20,314][agents.ddpm_agent][INFO] - Epoch 3189: Mean test mse is 0.04036527818867138
[2026-07-16 23:52:24,562][agents.ddpm_agent][INFO] - Epoch 3199: Mean test mse is 0.039486318826675415
[2026-07-16 23:52:28,501][agents.ddpm_agent][INFO] - Epoch 3209: Mean test mse is 0.03959082652415548
[2026-07-16 23:52:32,737][agents.ddpm_agent][INFO] - Epoch 3219: Mean test mse is 0.04107876281653132
[2026-07-16 23:52:36,870][agents.ddpm_agent][INFO] - Epoch 3229: Mean test mse is 0.041744171508720944
[2026-07-16 23:52:40,994][agents.ddpm_agent][INFO] - Epoch 3239: Mean test mse is 0.0418937232877527
[2026-07-16 23:52:45,133][agents.ddpm_agent][INFO] - Epoch 3249: Mean test mse is 0.038689225379909785
[2026-07-16 23:52:49,343][agents.ddpm_agent][INFO] - Epoch 3259: Mean test mse is 0.04096741388951029
[2026-07-16 23:52:53,479][agents.ddpm_agent][INFO] - Epoch 3269: Mean test mse is 0.03963072012577738
[2026-07-16 23:52:57,585][agents.ddpm_agent][INFO] - Epoch 3279: Mean test mse is 0.040252002754381726
[2026-07-16 23:53:01,748][agents.ddpm_agent][INFO] - Epoch 3289: Mean test mse is 0.03934242044176374
[2026-07-16 23:53:05,843][agents.ddpm_agent][INFO] - Epoch 3299: Mean test mse is 0.03846926508205278
[2026-07-16 23:53:05,903][agents.ddpm_agent][INFO] - New best test loss. Stored weights have been updated!
[2026-07-16 23:53:10,037][agents.ddpm_agent][INFO] - Epoch 3309: Mean test mse is 0.04246500400560243
[2026-07-16 23:53:14,098][agents.ddpm_agent][INFO] - Epoch 3319: Mean test mse is 0.04055387047784669
[2026-07-16 23:53:18,038][agents.ddpm_agent][INFO] - Epoch 3329: Mean test mse is 0.04087877007467406
[2026-07-16 23:53:22,299][agents.ddpm_agent][INFO] - Epoch 3339: Mean test mse is 0.040733697691134045
[2026-07-16 23:53:26,544][agents.ddpm_agent][INFO] - Epoch 3349: Mean test mse is 0.03870502273951258
[2026-07-16 23:53:30,887][agents.ddpm_agent][INFO] - Epoch 3359: Mean test mse is 0.038440393550055366
[2026-07-16 23:53:32,375][agents.ddpm_agent][INFO] - New best test loss. Stored weights have been updated!
[2026-07-16 23:53:36,656][agents.ddpm_agent][INFO] - Epoch 3369: Mean test mse is 0.03734796600682395
[2026-07-16 23:53:36,675][agents.ddpm_agent][INFO] - New best test loss. Stored weights have been updated!
[2026-07-16 23:53:41,101][agents.ddpm_agent][INFO] - Epoch 3379: Mean test mse is 0.03945121754493032
[2026-07-16 23:53:45,212][agents.ddpm_agent][INFO] - Epoch 3389: Mean test mse is 0.04010016577584403
[2026-07-16 23:53:49,190][agents.ddpm_agent][INFO] - Epoch 3399: Mean test mse is 0.03893484281642096
[2026-07-16 23:53:53,272][agents.ddpm_agent][INFO] - Epoch 3409: Mean test mse is 0.039512967956917625
[2026-07-16 23:53:57,440][agents.ddpm_agent][INFO] - Epoch 3419: Mean test mse is 0.03981861897877285
[2026-07-16 23:54:01,718][agents.ddpm_agent][INFO] - Epoch 3429: Mean test mse is 0.04027197776096208
[2026-07-16 23:54:06,014][agents.ddpm_agent][INFO] - Epoch 3439: Mean test mse is 0.03793322827134814
[2026-07-16 23:54:10,334][agents.ddpm_agent][INFO] - Epoch 3449: Mean test mse is 0.03974907898477146
[2026-07-16 23:54:14,545][agents.ddpm_agent][INFO] - Epoch 3459: Mean test mse is 0.042337281363351006
[2026-07-16 23:54:18,803][agents.ddpm_agent][INFO] - Epoch 3469: Mean test mse is 0.03662147878536156
[2026-07-16 23:54:18,998][agents.ddpm_agent][INFO] - New best test loss. Stored weights have been updated!
[2026-07-16 23:54:22,994][agents.ddpm_agent][INFO] - Epoch 3479: Mean test mse is 0.0398114701466901
[2026-07-16 23:54:27,194][agents.ddpm_agent][INFO] - Epoch 3489: Mean test mse is 0.03994246678692954
[2026-07-16 23:54:31,657][agents.ddpm_agent][INFO] - Epoch 3499: Mean test mse is 0.039954530873468945
[2026-07-16 23:54:35,875][agents.ddpm_agent][INFO] - Epoch 3509: Mean test mse is 0.03991731788430895
[2026-07-16 23:54:40,178][agents.ddpm_agent][INFO] - Epoch 3519: Mean test mse is 0.03939443188054221
[2026-07-16 23:54:44,443][agents.ddpm_agent][INFO] - Epoch 3529: Mean test mse is 0.0396499793444361
[2026-07-16 23:54:48,687][agents.ddpm_agent][INFO] - Epoch 3539: Mean test mse is 0.037805794339094846
[2026-07-16 23:54:53,052][agents.ddpm_agent][INFO] - Epoch 3549: Mean test mse is 0.03864018778715815
[2026-07-16 23:54:57,261][agents.ddpm_agent][INFO] - Epoch 3559: Mean test mse is 0.03879055726741042
[2026-07-16 23:55:01,373][agents.ddpm_agent][INFO] - Epoch 3569: Mean test mse is 0.03822744318417141
[2026-07-16 23:55:05,634][agents.ddpm_agent][INFO] - Epoch 3579: Mean test mse is 0.03703248660479273
[2026-07-16 23:55:09,578][agents.ddpm_agent][INFO] - Epoch 3589: Mean test mse is 0.04114926499979837
[2026-07-16 23:55:13,738][agents.ddpm_agent][INFO] - Epoch 3599: Mean test mse is 0.04010081450854029
[2026-07-16 23:55:17,858][agents.ddpm_agent][INFO] - Epoch 3609: Mean test mse is 0.03761230143053191
[2026-07-16 23:55:22,012][agents.ddpm_agent][INFO] - Epoch 3619: Mean test mse is 0.03948628742780004
[2026-07-16 23:55:26,361][agents.ddpm_agent][INFO] - Epoch 3629: Mean test mse is 0.03787570260465145
[2026-07-16 23:55:30,516][agents.ddpm_agent][INFO] - Epoch 3639: Mean test mse is 0.03865504903452737
[2026-07-16 23:55:34,672][agents.ddpm_agent][INFO] - Epoch 3649: Mean test mse is 0.039685074772153585
[2026-07-16 23:55:38,783][agents.ddpm_agent][INFO] - Epoch 3659: Mean test mse is 0.03993949666619301
[2026-07-16 23:55:43,065][agents.ddpm_agent][INFO] - Epoch 3669: Mean test mse is 0.040134258036102564
[2026-07-16 23:55:47,050][agents.ddpm_agent][INFO] - Epoch 3679: Mean test mse is 0.03822843890104975
[2026-07-16 23:55:51,195][agents.ddpm_agent][INFO] - Epoch 3689: Mean test mse is 0.04033347964286804
[2026-07-16 23:55:55,457][agents.ddpm_agent][INFO] - Epoch 3699: Mean test mse is 0.0391841610627515
[2026-07-16 23:55:59,637][agents.ddpm_agent][INFO] - Epoch 3709: Mean test mse is 0.03836376326424735
[2026-07-16 23:56:03,613][agents.ddpm_agent][INFO] - Epoch 3719: Mean test mse is 0.03856682937060084
[2026-07-16 23:56:07,644][agents.ddpm_agent][INFO] - Epoch 3729: Mean test mse is 0.03891381514923913
[2026-07-16 23:56:11,956][agents.ddpm_agent][INFO] - Epoch 3739: Mean test mse is 0.038891936519316266
[2026-07-16 23:56:16,223][agents.ddpm_agent][INFO] - Epoch 3749: Mean test mse is 0.039645934743540626
[2026-07-16 23:56:20,461][agents.ddpm_agent][INFO] - Epoch 3759: Mean test mse is 0.03855610213109425
[2026-07-16 23:56:24,722][agents.ddpm_agent][INFO] - Epoch 3769: Mean test mse is 0.037294894989047735
[2026-07-16 23:56:29,070][agents.ddpm_agent][INFO] - Epoch 3779: Mean test mse is 0.039229577141148705
[2026-07-16 23:56:33,391][agents.ddpm_agent][INFO] - Epoch 3789: Mean test mse is 0.039859339594841
[2026-07-16 23:56:37,676][agents.ddpm_agent][INFO] - Epoch 3799: Mean test mse is 0.03802742383309773
[2026-07-16 23:56:41,987][agents.ddpm_agent][INFO] - Epoch 3809: Mean test mse is 0.03722231462597847
[2026-07-16 23:56:46,145][agents.ddpm_agent][INFO] - Epoch 3819: Mean test mse is 0.03937443611877305
[2026-07-16 23:56:50,567][agents.ddpm_agent][INFO] - Epoch 3829: Mean test mse is 0.03930383601358959
[2026-07-16 23:56:54,645][agents.ddpm_agent][INFO] - Epoch 3839: Mean test mse is 0.04019941229905401
[2026-07-16 23:56:58,963][agents.ddpm_agent][INFO] - Epoch 3849: Mean test mse is 0.039417430226291926
[2026-07-16 23:57:03,223][agents.ddpm_agent][INFO] - Epoch 3859: Mean test mse is 0.04027488135865757
[2026-07-16 23:57:07,513][agents.ddpm_agent][INFO] - Epoch 3869: Mean test mse is 0.039464280541454046
[2026-07-16 23:57:11,467][agents.ddpm_agent][INFO] - Epoch 3879: Mean test mse is 0.03904210137469428
[2026-07-16 23:57:15,727][agents.ddpm_agent][INFO] - Epoch 3889: Mean test mse is 0.0392384800527777
[2026-07-16 23:57:19,952][agents.ddpm_agent][INFO] - Epoch 3899: Mean test mse is 0.03824333207947867
[2026-07-16 23:57:24,205][agents.ddpm_agent][INFO] - Epoch 3909: Mean test mse is 0.038143779816372056
[2026-07-16 23:57:28,446][agents.ddpm_agent][INFO] - Epoch 3919: Mean test mse is 0.03789226125393595
[2026-07-16 23:57:32,565][agents.ddpm_agent][INFO] - Epoch 3929: Mean test mse is 0.03851472320301192
[2026-07-16 23:57:36,951][agents.ddpm_agent][INFO] - Epoch 3939: Mean test mse is 0.038850151002407074
[2026-07-16 23:57:41,143][agents.ddpm_agent][INFO] - Epoch 3949: Mean test mse is 0.039637207984924316
[2026-07-16 23:57:45,345][agents.ddpm_agent][INFO] - Epoch 3959: Mean test mse is 0.037643605044909885
[2026-07-16 23:57:49,499][agents.ddpm_agent][INFO] - Epoch 3969: Mean test mse is 0.03908804378339222
[2026-07-16 23:57:53,742][agents.ddpm_agent][INFO] - Epoch 3979: Mean test mse is 0.041660740439380915
[2026-07-16 23:57:58,133][agents.ddpm_agent][INFO] - Epoch 3989: Mean test mse is 0.03900135840688433
[2026-07-16 23:58:02,472][agents.ddpm_agent][INFO] - Epoch 3999: Mean test mse is 0.037722863256931305
[2026-07-16 23:58:02,888][agents.ddpm_agent][INFO] - Training done!
[2026-07-16 23:58:02,890][__main__][INFO] - Training-only mode enabled; skipping simulation.
