{
  "protocol": "Standard-120: require SR>=0.75 and coverage>=20; then maximize SR, coverage, entropy",
  "rows": [
    {
      "epoch": 100,
      "success_rate": 0.575,
      "coverage": 19,
      "entropy": 0.8100065871768805,
      "metrics": "logs/avoiding/p6_strong_teacher_structure_repair/velocity_relation/eval120_epoch100/metrics.json"
    },
    {
      "epoch": 250,
      "success_rate": 0.6166666666666667,
      "coverage": 18,
      "entropy": 0.8213148396795378,
      "metrics": "logs/avoiding/p6_strong_teacher_structure_repair/velocity_relation/eval120_epoch250/metrics.json",
      "passed_gate": false
    },
    {
      "epoch": 500,
      "success_rate": 0.5416666666666666,
      "coverage": 19,
      "entropy": 0.800437101381804,
      "metrics": "logs/avoiding/p6_strong_teacher_structure_repair/velocity_relation/eval120_epoch500/metrics.json"
    }
  ],
  "selected": {
    "epoch": 250,
    "success_rate": 0.6166666666666667,
    "coverage": 18,
    "entropy": 0.8213148396795378,
    "metrics": "logs/avoiding/p6_strong_teacher_structure_repair/velocity_relation/eval120_epoch250/metrics.json",
    "passed_gate": false
  }
}
