{"stage": "structure", "method": "early_multinoise_endpoint", "epoch": 0, "loss": 3.08522818595171}
{"stage": "structure", "method": "early_multinoise_endpoint", "epoch": 25, "loss": 1.7906275057792664}
{"stage": "structure", "method": "early_multinoise_endpoint", "epoch": 50, "loss": 1.5089402624964714}
{"stage": "structure", "method": "early_multinoise_endpoint", "epoch": 75, "loss": 1.147082551419735}
{"stage": "structure", "method": "early_multinoise_endpoint", "epoch": 100, "loss": 1.0975264345109463}
{"stage": "structure", "method": "early_multinoise_endpoint", "epoch": 125, "loss": 1.1542426662147045}
{"stage": "structure", "method": "early_multinoise_endpoint", "epoch": 150, "loss": 0.7403694687783718}
{"stage": "structure", "method": "early_multinoise_endpoint", "epoch": 175, "loss": 0.8674127548933029}
{"stage": "structure", "method": "early_multinoise_endpoint", "epoch": 200, "loss": 0.6746942995488644}
{"stage": "structure", "method": "early_multinoise_endpoint", "epoch": 225, "loss": 0.9489277938008308}
{"stage": "structure", "method": "early_multinoise_endpoint", "epoch": 250, "loss": 0.7831876634061337}
{"stage": "structure", "method": "early_multinoise_endpoint", "epoch": 275, "loss": 0.777464471757412}
{"stage": "ctm", "method": "early_multinoise_endpoint", "epoch": 0, "ctm_loss": 0.06382909137755632, "pseudo_dsm_loss": 0.34373054653406143, "selection_loss": 0.09820214603096247}
{"stage": "ctm", "method": "early_multinoise_endpoint", "epoch": 25, "ctm_loss": 0.0892055407166481, "pseudo_dsm_loss": 0.39972809702157974, "selection_loss": 0.12917835041880607}
{"stage": "ctm", "method": "early_multinoise_endpoint", "epoch": 50, "ctm_loss": 0.05838706390932202, "pseudo_dsm_loss": 0.46592456847429276, "selection_loss": 0.1049795207567513}
{"stage": "ctm", "method": "early_multinoise_endpoint", "epoch": 75, "ctm_loss": 0.06347729964181781, "pseudo_dsm_loss": 0.4098237082362175, "selection_loss": 0.10445967046543955}
{"stage": "ctm", "method": "early_multinoise_endpoint", "epoch": 100, "ctm_loss": 0.044146683532744646, "pseudo_dsm_loss": 0.3174767680466175, "selection_loss": 0.0758943603374064}
{"stage": "ctm", "method": "early_multinoise_endpoint", "epoch": 125, "ctm_loss": 0.04736390383914113, "pseudo_dsm_loss": 0.2854801006615162, "selection_loss": 0.07591191390529275}
{"stage": "ctm", "method": "early_multinoise_endpoint", "epoch": 150, "ctm_loss": 0.06656684633344412, "pseudo_dsm_loss": 0.31203897669911385, "selection_loss": 0.0977707440033555}
{"stage": "ctm", "method": "early_multinoise_endpoint", "epoch": 175, "ctm_loss": 0.06795877078548074, "pseudo_dsm_loss": 0.3701782710850239, "selection_loss": 0.10497659789398313}
{"stage": "ctm", "method": "early_multinoise_endpoint", "epoch": 200, "ctm_loss": 0.04990124702453613, "pseudo_dsm_loss": 0.3237130045890808, "selection_loss": 0.08227254748344422}
{"stage": "ctm", "method": "early_multinoise_endpoint", "epoch": 225, "ctm_loss": 0.04761824198067188, "pseudo_dsm_loss": 0.22996794059872627, "selection_loss": 0.0706150360405445}
{"stage": "ctm", "method": "early_multinoise_endpoint", "epoch": 250, "ctm_loss": 0.052059962414205074, "pseudo_dsm_loss": 0.2705582566559315, "selection_loss": 0.07911578807979822}
{"stage": "ctm", "method": "early_multinoise_endpoint", "epoch": 275, "ctm_loss": 0.08095665462315083, "pseudo_dsm_loss": 0.3902274817228317, "selection_loss": 0.11997940279543401}
{"stage": "ctm", "method": "early_multinoise_endpoint", "epoch": 300, "ctm_loss": 0.04423937760293484, "pseudo_dsm_loss": 0.3172919135540724, "selection_loss": 0.07596856895834209}
{"stage": "ctm", "method": "early_multinoise_endpoint", "epoch": 325, "ctm_loss": 0.03943900857120752, "pseudo_dsm_loss": 0.27410225570201874, "selection_loss": 0.06684923414140939}
{"stage": "ctm", "method": "early_multinoise_endpoint", "epoch": 350, "ctm_loss": 0.042654652148485184, "pseudo_dsm_loss": 0.3860318064689636, "selection_loss": 0.08125783279538154}
{"stage": "ctm", "method": "early_multinoise_endpoint", "epoch": 375, "ctm_loss": 0.0405841926112771, "pseudo_dsm_loss": 0.33655526489019394, "selection_loss": 0.0742397191002965}
{"stage": "ctm", "method": "early_multinoise_endpoint", "epoch": 400, "ctm_loss": 0.05566608812659979, "pseudo_dsm_loss": 0.3247177228331566, "selection_loss": 0.08813786040991545}
{"stage": "ctm", "method": "early_multinoise_endpoint", "epoch": 425, "ctm_loss": 0.04166768956929445, "pseudo_dsm_loss": 0.3107590824365616, "selection_loss": 0.07274359781295062}
{"stage": "ctm", "method": "early_multinoise_endpoint", "epoch": 450, "ctm_loss": 0.04036259092390537, "pseudo_dsm_loss": 0.16183266043663025, "selection_loss": 0.0565458569675684}
{"stage": "ctm", "method": "early_multinoise_endpoint", "epoch": 475, "ctm_loss": 0.034138308838009834, "pseudo_dsm_loss": 0.28959519043564796, "selection_loss": 0.06309782788157463}
{
  "method": "early_multinoise_endpoint",
  "student_architecture": {
    "layers": 3,
    "embed_dim": 48,
    "heads": 3
  },
  "multi_noise": 4,
  "endpoint_weight": 0.03,
  "mode_balanced_sampling": false,
  "stratified_multitime": false,
  "initialization": {
    "teacher_layers": [
      0,
      1,
      2
    ],
    "selected_heads": [
      0,
      1,
      2
    ],
    "selected_channels": [
      0,
      1,
      2,
      3,
      4,
      6,
      7,
      8,
      10,
      11,
      12,
      13,
      14,
      15,
      16,
      17,
      18,
      19,
      20,
      21,
      22,
      23,
      25,
      27,
      28,
      29,
      30,
      31,
      32,
      33,
      34,
      35,
      36,
      37,
      38,
      39,
      40,
      41,
      42,
      43,
      44,
      46,
      47,
      48,
      50,
      51,
      52,
      53
    ],
    "method": "early",
    "load_max_abs_diff": 0.0
  },
  "uses_original_demonstrations": false,
  "uses_expert_actions": false,
  "buffer": "logs/avoiding/teacher_generated_transfer/transfer_buffer.pt",
  "structure_dynamic_pretraining": true,
  "pretrain_epochs": 300,
  "ctm_epochs": 500,
  "best_epoch": 483,
  "best_selection_loss": 0.05390390325337649
}
