{"stage": "ctm", "method": "minilmv2_relation", "epoch": 0, "ctm_loss": 0.06553336465731263, "pseudo_dsm_loss": 0.1965255569666624, "endpoint_anchor_loss": 0.0, "mode_gram_loss": 0.0, "endpoint_mmd_loss": 0.0, "trajectory_mmd_loss": 3.993511336375377e-05, "selection_loss": 0.08518711840737979}
{"stage": "ctm", "method": "minilmv2_relation", "epoch": 25, "ctm_loss": 0.044785532634705305, "pseudo_dsm_loss": 0.21676765009760857, "endpoint_anchor_loss": 0.0, "mode_gram_loss": 0.0, "endpoint_mmd_loss": 0.0, "trajectory_mmd_loss": 3.6574901059793774e-05, "selection_loss": 0.06646339489149795}
{"stage": "ctm", "method": "minilmv2_relation", "epoch": 50, "ctm_loss": 0.04439598601311445, "pseudo_dsm_loss": 0.21016066148877144, "endpoint_anchor_loss": 0.0, "mode_gram_loss": 0.0, "endpoint_mmd_loss": 0.0, "trajectory_mmd_loss": 3.119077655355795e-05, "selection_loss": 0.06541298788528821}
{"stage": "ctm", "method": "minilmv2_relation", "epoch": 75, "ctm_loss": 0.05488358670845628, "pseudo_dsm_loss": 0.20748688653111458, "endpoint_anchor_loss": 0.0, "mode_gram_loss": 0.0, "endpoint_mmd_loss": 0.0, "trajectory_mmd_loss": 2.944097059298656e-05, "selection_loss": 0.07563315859068552}
{"stage": "ctm", "method": "minilmv2_relation", "epoch": 100, "ctm_loss": 0.035795568488538265, "pseudo_dsm_loss": 0.14171557780355215, "endpoint_anchor_loss": 0.0, "mode_gram_loss": 0.0, "endpoint_mmd_loss": 0.0, "trajectory_mmd_loss": 5.4248298511083703e-05, "selection_loss": 0.04996875371784881}
{"stage": "ctm", "method": "minilmv2_relation", "epoch": 125, "ctm_loss": 0.028559828089782968, "pseudo_dsm_loss": 0.1683993935585022, "endpoint_anchor_loss": 0.0, "mode_gram_loss": 0.0, "endpoint_mmd_loss": 0.0, "trajectory_mmd_loss": 3.934527558158152e-05, "selection_loss": 0.04540094780390064}
{"stage": "ctm", "method": "minilmv2_relation", "epoch": 150, "ctm_loss": 0.03682521963492036, "pseudo_dsm_loss": 0.17817407473921776, "endpoint_anchor_loss": 0.0, "mode_gram_loss": 0.0, "endpoint_mmd_loss": 0.0, "trajectory_mmd_loss": 3.54871172021376e-05, "selection_loss": 0.0546436917223582}
{"stage": "ctm", "method": "minilmv2_relation", "epoch": 175, "ctm_loss": 0.03514092316618189, "pseudo_dsm_loss": 0.16199170239269733, "endpoint_anchor_loss": 0.0, "mode_gram_loss": 0.0, "endpoint_mmd_loss": 0.0, "trajectory_mmd_loss": 0.0006979468362260377, "selection_loss": 0.05136103181053841}
{"stage": "ctm", "method": "minilmv2_relation", "epoch": 200, "ctm_loss": 0.030282085295766592, "pseudo_dsm_loss": 0.1639511827379465, "endpoint_anchor_loss": 0.0, "mode_gram_loss": 0.0, "endpoint_mmd_loss": 0.0, "trajectory_mmd_loss": 3.211572811778751e-05, "selection_loss": 0.04667816704140478}
{"stage": "ctm", "method": "minilmv2_relation", "epoch": 225, "ctm_loss": 0.028649303130805492, "pseudo_dsm_loss": 0.21160431951284409, "endpoint_anchor_loss": 0.0, "mode_gram_loss": 0.0, "endpoint_mmd_loss": 0.0, "trajectory_mmd_loss": 3.2510608889424475e-05, "selection_loss": 0.04981071040035658}
{"stage": "ctm", "method": "minilmv2_relation", "epoch": 250, "ctm_loss": 0.0335326949134469, "pseudo_dsm_loss": 0.1617036573588848, "endpoint_anchor_loss": 0.0, "mode_gram_loss": 0.0, "endpoint_mmd_loss": 0.0, "trajectory_mmd_loss": 3.0238182262110058e-05, "selection_loss": 0.049703967794803246}
{"stage": "ctm", "method": "minilmv2_relation", "epoch": 275, "ctm_loss": 0.036821036133915186, "pseudo_dsm_loss": 0.18281923979520798, "endpoint_anchor_loss": 0.0, "mode_gram_loss": 0.0, "endpoint_mmd_loss": 0.0, "trajectory_mmd_loss": 2.6553869702183874e-05, "selection_loss": 0.055103756729527054}
{"stage": "ctm", "method": "minilmv2_relation", "epoch": 300, "ctm_loss": 0.029349230462685227, "pseudo_dsm_loss": 0.17418809793889523, "endpoint_anchor_loss": 0.0, "mode_gram_loss": 0.0, "endpoint_mmd_loss": 0.0, "trajectory_mmd_loss": 3.1168262921710266e-05, "selection_loss": 0.046768975304462404}
{"stage": "ctm", "method": "minilmv2_relation", "epoch": 325, "ctm_loss": 0.0435134822037071, "pseudo_dsm_loss": 0.1637452244758606, "endpoint_anchor_loss": 0.0, "mode_gram_loss": 0.0, "endpoint_mmd_loss": 0.0, "trajectory_mmd_loss": 3.7984303162375e-05, "selection_loss": 0.05988914418038803}
{"stage": "ctm", "method": "minilmv2_relation", "epoch": 350, "ctm_loss": 0.028306281892582774, "pseudo_dsm_loss": 0.182337686419487, "endpoint_anchor_loss": 0.0, "mode_gram_loss": 0.0, "endpoint_mmd_loss": 0.0, "trajectory_mmd_loss": 3.066534873141791e-05, "selection_loss": 0.046540970494993415}
{"stage": "ctm", "method": "minilmv2_relation", "epoch": 375, "ctm_loss": 0.03906825021840632, "pseudo_dsm_loss": 0.22289639711380005, "endpoint_anchor_loss": 0.0, "mode_gram_loss": 0.0, "endpoint_mmd_loss": 0.0, "trajectory_mmd_loss": 3.580128304747632e-05, "selection_loss": 0.06135896396827775}
{"stage": "ctm", "method": "minilmv2_relation", "epoch": 400, "ctm_loss": 0.034847993054427207, "pseudo_dsm_loss": 0.20749090984463692, "endpoint_anchor_loss": 0.0, "mode_gram_loss": 0.0, "endpoint_mmd_loss": 0.0, "trajectory_mmd_loss": 3.62036134902155e-05, "selection_loss": 0.0555981701472956}
{"stage": "ctm", "method": "minilmv2_relation", "epoch": 425, "ctm_loss": 0.04819846246391535, "pseudo_dsm_loss": 0.15063979476690292, "endpoint_anchor_loss": 0.0, "mode_gram_loss": 0.0, "endpoint_mmd_loss": 0.0, "trajectory_mmd_loss": 3.0795113161730114e-05, "selection_loss": 0.06326336579400049}
{"stage": "ctm", "method": "minilmv2_relation", "epoch": 450, "ctm_loss": 0.021818820270709693, "pseudo_dsm_loss": 0.21034300699830055, "endpoint_anchor_loss": 0.0, "mode_gram_loss": 0.0, "endpoint_mmd_loss": 0.0, "trajectory_mmd_loss": 3.158052868457162e-05, "selection_loss": 0.04285406838640029}
{"stage": "ctm", "method": "minilmv2_relation", "epoch": 475, "ctm_loss": 0.02541371271945536, "pseudo_dsm_loss": 0.17472437024116516, "endpoint_anchor_loss": 0.0, "mode_gram_loss": 0.0, "endpoint_mmd_loss": 0.0, "trajectory_mmd_loss": 3.572553487174446e-05, "selection_loss": 0.04288722150961804}
{
  "method": "minilmv2_relation",
  "experiment_label": "demonstration_free_ctm",
  "demonstration_free": true,
  "ctm_data_source": "rollout",
  "ctm_balance_kind": "bmd_latent",
  "ctm_labels_for_loss_only": true,
  "ctm_balancing_protocol": "none_labels_used_only_by_auxiliary_loss",
  "ctm_latent_labels": "logs/avoiding/bmd_velocity250/hierarchical_k24/shape_nowhite_spectral_seed42/discovery.npz",
  "ctm_success_only": false,
  "demonstration_mixture_probability": 0.0,
  "student_architecture": {
    "layers": 3,
    "embed_dim": 48,
    "heads": 3
  },
  "multi_noise": 1,
  "endpoint_weight": 0.0,
  "mode_balanced_sampling": false,
  "stratified_multitime": false,
  "initialization": {
    "teacher_layers": [
      0,
      1,
      2
    ],
    "selected_heads": [
      0,
      1,
      2
    ],
    "selected_channels": [
      0,
      1,
      2,
      3,
      4,
      6,
      7,
      8,
      10,
      11,
      12,
      13,
      14,
      15,
      16,
      17,
      18,
      19,
      20,
      21,
      22,
      23,
      25,
      27,
      28,
      29,
      30,
      31,
      32,
      33,
      34,
      35,
      36,
      37,
      38,
      39,
      40,
      41,
      42,
      43,
      44,
      46,
      47,
      48,
      50,
      51,
      52,
      53
    ],
    "method": "early",
    "load_max_abs_diff": 0.0,
    "pretrained_structure": "logs/avoiding/teacher_generated_minilmv2_repair_accuracy/velocity_w1/model/pretrain_epoch_0250.pth"
  },
  "uses_original_demonstrations": false,
  "uses_expert_actions": false,
  "demonstration_dir": null,
  "buffer": "logs/avoiding/bmd_velocity250/transfer_buffer.pt",
  "structure_dynamic_pretraining": false,
  "pretrain_epochs": 0,
  "ctm_epochs": 500,
  "ctm_dsm_weight": 0.1,
  "ctm_endpoint_anchor_weight": 0.0,
  "ctm_mode_weight": 0.0,
  "ctm_endpoint_mmd_weight": 0.0,
  "ctm_trajectory_mmd_weight": 0.03,
  "ctm_trajectory_horizon": 16,
  "ctm_conditional_samples": 4,
  "ctm_milestones": [
    100,
    250,
    500
  ],
  "best_epoch": 466,
  "best_selection_loss": 0.028497872692578315
}
