[2026-07-23 07:01:32,513][agents.models.diffusion.diffusion_models][INFO] - number of parameters: 3.798200e+04
[2026-07-23 07:01:32,550][root][INFO] - Loading Sorting Dataset
[2026-07-23 07:01:32,561][root][INFO] - Loading Sorting Dataset
[2026-07-23 07:01:32,580][agents.utils.scaler][INFO] - Datset Info: state min: [-2.3854534  -1.52318297 -2.5436591  -1.47282681] and max: [2.68851348 1.91139402 2.31634682 1.92205774], action min: [-1.83908446 -2.15521727] and max: [1.93458139 0.68739523]
[2026-07-23 07:01:32,580][agents.utils.scaler][INFO] - Training dataset size: input (7305, 4) target (7305, 2)
[2026-07-23 07:01:32,580][agents.base_agent][INFO] - The model has a total amount of 37982 parameters
[2026-07-23 07:01:55,264][agents.ddpm_agent][INFO] - Epoch 49: Mean test mse is 0.7301514255149024
[2026-07-23 07:01:55,274][agents.ddpm_agent][INFO] - New best test loss. Stored weights have been updated!
[2026-07-23 07:02:17,983][agents.ddpm_agent][INFO] - Epoch 99: Mean test mse is 0.6287348387496812
[2026-07-23 07:02:17,993][agents.ddpm_agent][INFO] - New best test loss. Stored weights have been updated!
[2026-07-23 07:02:40,449][agents.ddpm_agent][INFO] - Epoch 149: Mean test mse is 0.5772737403001104
[2026-07-23 07:02:40,459][agents.ddpm_agent][INFO] - New best test loss. Stored weights have been updated!
[2026-07-23 07:03:02,786][agents.ddpm_agent][INFO] - Epoch 199: Mean test mse is 0.5230368939893586
[2026-07-23 07:03:02,796][agents.ddpm_agent][INFO] - New best test loss. Stored weights have been updated!
[2026-07-23 07:03:25,233][agents.ddpm_agent][INFO] - Epoch 249: Mean test mse is 0.5002904108592442
[2026-07-23 07:03:25,243][agents.ddpm_agent][INFO] - New best test loss. Stored weights have been updated!
[2026-07-23 07:03:47,420][agents.ddpm_agent][INFO] - Epoch 299: Mean test mse is 0.49211619794368744
[2026-07-23 07:03:47,429][agents.ddpm_agent][INFO] - New best test loss. Stored weights have been updated!
[2026-07-23 07:04:09,691][agents.ddpm_agent][INFO] - Epoch 349: Mean test mse is 0.49100883517946514
[2026-07-23 07:04:09,700][agents.ddpm_agent][INFO] - New best test loss. Stored weights have been updated!
[2026-07-23 07:04:32,161][agents.ddpm_agent][INFO] - Epoch 399: Mean test mse is 0.4759846350976399
[2026-07-23 07:04:32,170][agents.ddpm_agent][INFO] - New best test loss. Stored weights have been updated!
[2026-07-23 07:04:54,369][agents.ddpm_agent][INFO] - Epoch 449: Mean test mse is 0.4894255857382502
[2026-07-23 07:05:16,659][agents.ddpm_agent][INFO] - Epoch 499: Mean test mse is 0.45551020226308275
[2026-07-23 07:05:16,668][agents.ddpm_agent][INFO] - New best test loss. Stored weights have been updated!
[2026-07-23 07:05:39,060][agents.ddpm_agent][INFO] - Epoch 549: Mean test mse is 0.44843910208770205
[2026-07-23 07:05:39,069][agents.ddpm_agent][INFO] - New best test loss. Stored weights have been updated!
[2026-07-23 07:06:01,189][agents.ddpm_agent][INFO] - Epoch 599: Mean test mse is 0.46844997469867977
[2026-07-23 07:06:23,325][agents.ddpm_agent][INFO] - Epoch 649: Mean test mse is 0.44246913705553326
[2026-07-23 07:06:23,335][agents.ddpm_agent][INFO] - New best test loss. Stored weights have been updated!
[2026-07-23 07:06:45,591][agents.ddpm_agent][INFO] - Epoch 699: Mean test mse is 0.4699969323618071
[2026-07-23 07:07:07,717][agents.ddpm_agent][INFO] - Epoch 749: Mean test mse is 0.4796304191861834
[2026-07-23 07:07:29,919][agents.ddpm_agent][INFO] - Epoch 799: Mean test mse is 0.43316676361220224
[2026-07-23 07:07:29,928][agents.ddpm_agent][INFO] - New best test loss. Stored weights have been updated!
[2026-07-23 07:07:52,256][agents.ddpm_agent][INFO] - Epoch 849: Mean test mse is 0.4425287959831102
[2026-07-23 07:08:14,425][agents.ddpm_agent][INFO] - Epoch 899: Mean test mse is 0.44455909941877636
[2026-07-23 07:08:36,821][agents.ddpm_agent][INFO] - Epoch 949: Mean test mse is 0.4638815096446446
[2026-07-23 07:08:59,072][agents.ddpm_agent][INFO] - Epoch 999: Mean test mse is 0.458025759352105
[2026-07-23 07:09:21,211][agents.ddpm_agent][INFO] - Epoch 1049: Mean test mse is 0.45927542660917553
[2026-07-23 07:09:43,503][agents.ddpm_agent][INFO] - Epoch 1099: Mean test mse is 0.4630647397467068
[2026-07-23 07:10:05,913][agents.ddpm_agent][INFO] - Epoch 1149: Mean test mse is 0.4440158201115472
[2026-07-23 07:10:28,184][agents.ddpm_agent][INFO] - Epoch 1199: Mean test mse is 0.4445306052054678
[2026-07-23 07:10:50,301][agents.ddpm_agent][INFO] - Epoch 1249: Mean test mse is 0.44269213186843054
[2026-07-23 07:11:12,659][agents.ddpm_agent][INFO] - Epoch 1299: Mean test mse is 0.479317949286529
[2026-07-23 07:11:34,979][agents.ddpm_agent][INFO] - Epoch 1349: Mean test mse is 0.45214671322277616
[2026-07-23 07:11:57,609][agents.ddpm_agent][INFO] - Epoch 1399: Mean test mse is 0.4361223503947258
[2026-07-23 07:12:19,998][agents.ddpm_agent][INFO] - Epoch 1449: Mean test mse is 0.45200527033635546
[2026-07-23 07:12:42,207][agents.ddpm_agent][INFO] - Epoch 1499: Mean test mse is 0.442165980381625
[2026-07-23 07:13:04,565][agents.ddpm_agent][INFO] - Epoch 1549: Mean test mse is 0.45088502551828114
[2026-07-23 07:13:26,807][agents.ddpm_agent][INFO] - Epoch 1599: Mean test mse is 0.4765244850090572
[2026-07-23 07:13:49,274][agents.ddpm_agent][INFO] - Epoch 1649: Mean test mse is 0.47351985956941334
[2026-07-23 07:14:11,743][agents.ddpm_agent][INFO] - Epoch 1699: Mean test mse is 0.4836213620645659
[2026-07-23 07:14:34,200][agents.ddpm_agent][INFO] - Epoch 1749: Mean test mse is 0.46690661779471804
[2026-07-23 07:14:56,579][agents.ddpm_agent][INFO] - Epoch 1799: Mean test mse is 0.4731931633182934
[2026-07-23 07:15:21,298][agents.ddpm_agent][INFO] - Epoch 1849: Mean test mse is 0.45510232874325346
[2026-07-23 07:15:46,564][agents.ddpm_agent][INFO] - Epoch 1899: Mean test mse is 0.4575779821191515
[2026-07-23 07:16:09,017][agents.ddpm_agent][INFO] - Epoch 1949: Mean test mse is 0.4597422650882176
[2026-07-23 07:16:31,317][agents.ddpm_agent][INFO] - Epoch 1999: Mean test mse is 0.4824329007949148
[2026-07-23 07:16:53,665][agents.ddpm_agent][INFO] - Epoch 2049: Mean test mse is 0.48539540810244425
[2026-07-23 07:17:16,818][agents.ddpm_agent][INFO] - Epoch 2099: Mean test mse is 0.47613583505153656
[2026-07-23 07:17:39,062][agents.ddpm_agent][INFO] - Epoch 2149: Mean test mse is 0.4748334671769823
[2026-07-23 07:18:01,391][agents.ddpm_agent][INFO] - Epoch 2199: Mean test mse is 0.4733132017510278
[2026-07-23 07:18:23,825][agents.ddpm_agent][INFO] - Epoch 2249: Mean test mse is 0.4813991295439856
[2026-07-23 07:18:46,233][agents.ddpm_agent][INFO] - Epoch 2299: Mean test mse is 0.4752853023154395
[2026-07-23 07:19:08,417][agents.ddpm_agent][INFO] - Epoch 2349: Mean test mse is 0.4816472679376602
[2026-07-23 07:19:30,739][agents.ddpm_agent][INFO] - Epoch 2399: Mean test mse is 0.47644248604774475
[2026-07-23 07:19:53,081][agents.ddpm_agent][INFO] - Epoch 2449: Mean test mse is 0.47777203949434416
[2026-07-23 07:20:15,440][agents.ddpm_agent][INFO] - Epoch 2499: Mean test mse is 0.47596522101334165
[2026-07-23 07:20:37,837][agents.ddpm_agent][INFO] - Epoch 2549: Mean test mse is 0.467856656227793
[2026-07-23 07:21:00,240][agents.ddpm_agent][INFO] - Epoch 2599: Mean test mse is 0.4798978716135025
[2026-07-23 07:21:22,595][agents.ddpm_agent][INFO] - Epoch 2649: Mean test mse is 0.48792162111827303
[2026-07-23 07:21:44,852][agents.ddpm_agent][INFO] - Epoch 2699: Mean test mse is 0.4801967649587563
[2026-07-23 07:22:07,069][agents.ddpm_agent][INFO] - Epoch 2749: Mean test mse is 0.5011591943246978
[2026-07-23 07:22:29,506][agents.ddpm_agent][INFO] - Epoch 2799: Mean test mse is 0.47715423149721964
[2026-07-23 07:22:51,852][agents.ddpm_agent][INFO] - Epoch 2849: Mean test mse is 0.48421898058482576
[2026-07-23 07:23:14,207][agents.ddpm_agent][INFO] - Epoch 2899: Mean test mse is 0.46801375491278513
[2026-07-23 07:23:36,387][agents.ddpm_agent][INFO] - Epoch 2949: Mean test mse is 0.47729432582855225
[2026-07-23 07:23:58,733][agents.ddpm_agent][INFO] - Epoch 2999: Mean test mse is 0.4795890205672809
[2026-07-23 07:24:20,968][agents.ddpm_agent][INFO] - Epoch 3049: Mean test mse is 0.4623881418790136
[2026-07-23 07:24:43,434][agents.ddpm_agent][INFO] - Epoch 3099: Mean test mse is 0.48590092467410223
[2026-07-23 07:25:05,640][agents.ddpm_agent][INFO] - Epoch 3149: Mean test mse is 0.4724493537630354
[2026-07-23 07:25:28,095][agents.ddpm_agent][INFO] - Epoch 3199: Mean test mse is 0.5120583559785571
[2026-07-23 07:25:50,538][agents.ddpm_agent][INFO] - Epoch 3249: Mean test mse is 0.48486584212098804
[2026-07-23 07:26:12,912][agents.ddpm_agent][INFO] - Epoch 3299: Mean test mse is 0.503688531262534
[2026-07-23 07:26:35,324][agents.ddpm_agent][INFO] - Epoch 3349: Mean test mse is 0.48390049168041777
[2026-07-23 07:26:57,598][agents.ddpm_agent][INFO] - Epoch 3399: Mean test mse is 0.4806352034211159
[2026-07-23 07:27:19,891][agents.ddpm_agent][INFO] - Epoch 3449: Mean test mse is 0.4966679832765034
[2026-07-23 07:27:42,038][agents.ddpm_agent][INFO] - Epoch 3499: Mean test mse is 0.4924273576055254
[2026-07-23 07:28:04,636][agents.ddpm_agent][INFO] - Epoch 3549: Mean test mse is 0.48356261902621817
[2026-07-23 07:28:27,389][agents.ddpm_agent][INFO] - Epoch 3599: Mean test mse is 0.4781630294663565
[2026-07-23 07:28:49,740][agents.ddpm_agent][INFO] - Epoch 3649: Mean test mse is 0.5059015974402428
[2026-07-23 07:29:12,023][agents.ddpm_agent][INFO] - Epoch 3699: Mean test mse is 0.5023018281374659
[2026-07-23 07:29:34,405][agents.ddpm_agent][INFO] - Epoch 3749: Mean test mse is 0.5059246442147664
[2026-07-23 07:29:56,610][agents.ddpm_agent][INFO] - Epoch 3799: Mean test mse is 0.5125558461461749
[2026-07-23 07:30:19,331][agents.ddpm_agent][INFO] - Epoch 3849: Mean test mse is 0.5253315450889724
[2026-07-23 07:30:43,343][agents.ddpm_agent][INFO] - Epoch 3899: Mean test mse is 0.5296713986567089
[2026-07-23 07:31:06,884][agents.ddpm_agent][INFO] - Epoch 3949: Mean test mse is 0.5336241541164262
[2026-07-23 07:31:30,457][agents.ddpm_agent][INFO] - Epoch 3999: Mean test mse is 0.48546713271311354
[2026-07-23 07:31:53,880][agents.ddpm_agent][INFO] - Epoch 4049: Mean test mse is 0.5339457701359477
[2026-07-23 07:32:19,365][agents.ddpm_agent][INFO] - Epoch 4099: Mean test mse is 0.498868747481278
[2026-07-23 07:32:45,470][agents.ddpm_agent][INFO] - Epoch 4149: Mean test mse is 0.5054220514638084
[2026-07-23 07:33:08,285][agents.ddpm_agent][INFO] - Epoch 4199: Mean test mse is 0.5093066963766303
[2026-07-23 07:33:31,355][agents.ddpm_agent][INFO] - Epoch 4249: Mean test mse is 0.5254278124443122
[2026-07-23 07:33:54,347][agents.ddpm_agent][INFO] - Epoch 4299: Mean test mse is 0.5357836197529521
[2026-07-23 07:34:17,275][agents.ddpm_agent][INFO] - Epoch 4349: Mean test mse is 0.524172098508903
[2026-07-23 07:34:40,388][agents.ddpm_agent][INFO] - Epoch 4399: Mean test mse is 0.5225762320416314
[2026-07-23 07:35:03,177][agents.ddpm_agent][INFO] - Epoch 4449: Mean test mse is 0.5406842859727996
[2026-07-23 07:35:25,952][agents.ddpm_agent][INFO] - Epoch 4499: Mean test mse is 0.5692245002303805
[2026-07-23 07:35:48,826][agents.ddpm_agent][INFO] - Epoch 4549: Mean test mse is 0.5361726837498801
[2026-07-23 07:36:11,889][agents.ddpm_agent][INFO] - Epoch 4599: Mean test mse is 0.5391838869878224
[2026-07-23 07:36:35,046][agents.ddpm_agent][INFO] - Epoch 4649: Mean test mse is 0.5361448004841805
[2026-07-23 07:36:57,815][agents.ddpm_agent][INFO] - Epoch 4699: Mean test mse is 0.541750834456512
[2026-07-23 07:37:20,689][agents.ddpm_agent][INFO] - Epoch 4749: Mean test mse is 0.5395766869187355
[2026-07-23 07:37:43,533][agents.ddpm_agent][INFO] - Epoch 4799: Mean test mse is 0.5413873307406902
[2026-07-23 07:38:06,392][agents.ddpm_agent][INFO] - Epoch 4849: Mean test mse is 0.5548584461212158
[2026-07-23 07:38:29,153][agents.ddpm_agent][INFO] - Epoch 4899: Mean test mse is 0.538473826433931
[2026-07-23 07:38:51,745][agents.ddpm_agent][INFO] - Epoch 4949: Mean test mse is 0.5503467300108501
[2026-07-23 07:39:14,341][agents.ddpm_agent][INFO] - Epoch 4999: Mean test mse is 0.558818308370454
[2026-07-23 07:39:14,792][agents.ddpm_agent][INFO] - Training done!
[2026-07-23 07:39:14,793][__main__][INFO] - Training-only mode enabled; skipping simulation.
