[2026-07-16 06:15:21,316][agents.models.diffusion.diffusion_models][INFO] - number of parameters: 2.748260e+05
[2026-07-16 06:15:21,360][root][INFO] - Loading Sorting Dataset
[2026-07-16 06:15:21,373][root][INFO] - Loading Sorting Dataset
[2026-07-16 06:15:21,392][agents.utils.scaler][INFO] - Datset Info: state min: [-2.3854534  -1.52318297 -2.5436591  -1.47282681] and max: [2.68851348 1.91139402 2.31634682 1.92205774], action min: [-1.83908446 -2.15521727] and max: [1.93458139 0.68739523]
[2026-07-16 06:15:21,392][agents.utils.scaler][INFO] - Training dataset size: input (7305, 4) target (7305, 2)
[2026-07-16 06:15:21,392][agents.base_agent][INFO] - The model has a total amount of 274826 parameters
[2026-07-16 06:15:25,448][agents.ddpm_agent][INFO] - Epoch 9: Mean test mse is 0.2758598327636719
[2026-07-16 06:15:25,487][agents.ddpm_agent][INFO] - New best test loss. Stored weights have been updated!
[2026-07-16 06:15:29,011][agents.ddpm_agent][INFO] - Epoch 19: Mean test mse is 0.20753390235560282
[2026-07-16 06:15:31,294][agents.ddpm_agent][INFO] - New best test loss. Stored weights have been updated!
[2026-07-16 06:15:34,601][agents.ddpm_agent][INFO] - Epoch 29: Mean test mse is 0.17376750707626343
[2026-07-16 06:15:36,379][agents.ddpm_agent][INFO] - New best test loss. Stored weights have been updated!
[2026-07-16 06:15:39,893][agents.ddpm_agent][INFO] - Epoch 39: Mean test mse is 0.1613233366182872
[2026-07-16 06:15:43,015][agents.ddpm_agent][INFO] - New best test loss. Stored weights have been updated!
[2026-07-16 06:15:46,435][agents.ddpm_agent][INFO] - Epoch 49: Mean test mse is 0.1464882173708507
[2026-07-16 06:15:47,268][agents.ddpm_agent][INFO] - New best test loss. Stored weights have been updated!
[2026-07-16 06:15:50,653][agents.ddpm_agent][INFO] - Epoch 59: Mean test mse is 0.13734309801033565
[2026-07-16 06:15:54,935][agents.ddpm_agent][INFO] - New best test loss. Stored weights have been updated!
[2026-07-16 06:15:58,327][agents.ddpm_agent][INFO] - Epoch 69: Mean test mse is 0.132447892001697
[2026-07-16 06:16:11,695][agents.ddpm_agent][INFO] - New best test loss. Stored weights have been updated!
[2026-07-16 06:16:15,035][agents.ddpm_agent][INFO] - Epoch 79: Mean test mse is 0.1267869302204677
[2026-07-16 06:16:16,270][agents.ddpm_agent][INFO] - New best test loss. Stored weights have been updated!
[2026-07-16 06:16:19,683][agents.ddpm_agent][INFO] - Epoch 89: Mean test mse is 0.12428407264607293
[2026-07-16 06:16:23,705][agents.ddpm_agent][INFO] - New best test loss. Stored weights have been updated!
[2026-07-16 06:16:27,114][agents.ddpm_agent][INFO] - Epoch 99: Mean test mse is 0.1168859845825604
[2026-07-16 06:16:28,293][agents.ddpm_agent][INFO] - New best test loss. Stored weights have been updated!
[2026-07-16 06:16:31,688][agents.ddpm_agent][INFO] - Epoch 109: Mean test mse is 0.1115431444985526
[2026-07-16 06:16:31,759][agents.ddpm_agent][INFO] - New best test loss. Stored weights have been updated!
[2026-07-16 06:16:35,120][agents.ddpm_agent][INFO] - Epoch 119: Mean test mse is 0.11025140008756093
[2026-07-16 06:16:41,346][agents.ddpm_agent][INFO] - New best test loss. Stored weights have been updated!
[2026-07-16 06:16:44,732][agents.ddpm_agent][INFO] - Epoch 129: Mean test mse is 0.11201503447123937
[2026-07-16 06:16:48,062][agents.ddpm_agent][INFO] - Epoch 139: Mean test mse is 0.1098198454294886
[2026-07-16 06:16:52,837][agents.ddpm_agent][INFO] - New best test loss. Stored weights have been updated!
[2026-07-16 06:16:56,302][agents.ddpm_agent][INFO] - Epoch 149: Mean test mse is 0.10655139173780169
[2026-07-16 06:16:56,526][agents.ddpm_agent][INFO] - New best test loss. Stored weights have been updated!
[2026-07-16 06:16:59,933][agents.ddpm_agent][INFO] - Epoch 159: Mean test mse is 0.10243305563926697
[2026-07-16 06:17:01,190][agents.ddpm_agent][INFO] - New best test loss. Stored weights have been updated!
[2026-07-16 06:17:04,565][agents.ddpm_agent][INFO] - Epoch 169: Mean test mse is 0.10336404825959887
[2026-07-16 06:17:07,897][agents.ddpm_agent][INFO] - Epoch 179: Mean test mse is 0.09876104124954768
[2026-07-16 06:17:12,943][agents.ddpm_agent][INFO] - New best test loss. Stored weights have been updated!
[2026-07-16 06:17:16,288][agents.ddpm_agent][INFO] - Epoch 189: Mean test mse is 0.1000167823263577
[2026-07-16 06:17:19,634][agents.ddpm_agent][INFO] - Epoch 199: Mean test mse is 0.09672163426876068
[2026-07-16 06:17:21,538][agents.ddpm_agent][INFO] - New best test loss. Stored weights have been updated!
[2026-07-16 06:17:24,837][agents.ddpm_agent][INFO] - Epoch 209: Mean test mse is 0.09931284614971705
[2026-07-16 06:17:28,174][agents.ddpm_agent][INFO] - Epoch 219: Mean test mse is 0.1002392481480326
[2026-07-16 06:17:31,606][agents.ddpm_agent][INFO] - Epoch 229: Mean test mse is 0.09630378229277474
[2026-07-16 06:17:34,267][agents.ddpm_agent][INFO] - New best test loss. Stored weights have been updated!
[2026-07-16 06:17:37,634][agents.ddpm_agent][INFO] - Epoch 239: Mean test mse is 0.09387907492262977
[2026-07-16 06:17:38,899][agents.ddpm_agent][INFO] - New best test loss. Stored weights have been updated!
[2026-07-16 06:17:42,488][agents.ddpm_agent][INFO] - Epoch 249: Mean test mse is 0.093866408935615
[2026-07-16 06:17:43,125][agents.ddpm_agent][INFO] - New best test loss. Stored weights have been updated!
[2026-07-16 06:17:46,487][agents.ddpm_agent][INFO] - Epoch 259: Mean test mse is 0.08906173493180956
[2026-07-16 06:17:56,143][agents.ddpm_agent][INFO] - New best test loss. Stored weights have been updated!
[2026-07-16 06:17:59,587][agents.ddpm_agent][INFO] - Epoch 269: Mean test mse is 0.0865354814699718
[2026-07-16 06:18:04,071][agents.ddpm_agent][INFO] - New best test loss. Stored weights have been updated!
[2026-07-16 06:18:07,459][agents.ddpm_agent][INFO] - Epoch 279: Mean test mse is 0.09072700675044741
[2026-07-16 06:18:10,793][agents.ddpm_agent][INFO] - Epoch 289: Mean test mse is 0.08865536323615483
[2026-07-16 06:18:14,179][agents.ddpm_agent][INFO] - Epoch 299: Mean test mse is 0.08751748928001948
[2026-07-16 06:18:17,550][agents.ddpm_agent][INFO] - Epoch 309: Mean test mse is 0.08651471776621682
[2026-07-16 06:18:18,513][agents.ddpm_agent][INFO] - New best test loss. Stored weights have been updated!
[2026-07-16 06:18:21,997][agents.ddpm_agent][INFO] - Epoch 319: Mean test mse is 0.08480834748063769
[2026-07-16 06:18:23,969][agents.ddpm_agent][INFO] - New best test loss. Stored weights have been updated!
[2026-07-16 06:18:27,373][agents.ddpm_agent][INFO] - Epoch 329: Mean test mse is 0.08735959338290351
[2026-07-16 06:18:30,833][agents.ddpm_agent][INFO] - Epoch 339: Mean test mse is 0.08507631293364934
[2026-07-16 06:18:34,295][agents.ddpm_agent][INFO] - Epoch 349: Mean test mse is 0.08301501721143723
[2026-07-16 06:18:42,865][agents.ddpm_agent][INFO] - New best test loss. Stored weights have been updated!
[2026-07-16 06:18:46,280][agents.ddpm_agent][INFO] - Epoch 359: Mean test mse is 0.08134013414382935
[2026-07-16 06:18:47,276][agents.ddpm_agent][INFO] - New best test loss. Stored weights have been updated!
[2026-07-16 06:18:50,755][agents.ddpm_agent][INFO] - Epoch 369: Mean test mse is 0.08047595407281603
[2026-07-16 06:18:52,878][agents.ddpm_agent][INFO] - New best test loss. Stored weights have been updated!
[2026-07-16 06:18:56,262][agents.ddpm_agent][INFO] - Epoch 379: Mean test mse is 0.07992028232131686
[2026-07-16 06:18:58,565][agents.ddpm_agent][INFO] - New best test loss. Stored weights have been updated!
[2026-07-16 06:19:01,999][agents.ddpm_agent][INFO] - Epoch 389: Mean test mse is 0.07901124549763543
[2026-07-16 06:19:04,315][agents.ddpm_agent][INFO] - New best test loss. Stored weights have been updated!
[2026-07-16 06:19:07,693][agents.ddpm_agent][INFO] - Epoch 399: Mean test mse is 0.07957791537046432
[2026-07-16 06:19:11,081][agents.ddpm_agent][INFO] - Epoch 409: Mean test mse is 0.07912960754973548
[2026-07-16 06:19:14,406][agents.ddpm_agent][INFO] - Epoch 419: Mean test mse is 0.08008456549474172
[2026-07-16 06:19:17,747][agents.ddpm_agent][INFO] - Epoch 429: Mean test mse is 0.08261734992265701
[2026-07-16 06:19:21,123][agents.ddpm_agent][INFO] - Epoch 439: Mean test mse is 0.07833553957087654
[2026-07-16 06:19:21,262][agents.ddpm_agent][INFO] - New best test loss. Stored weights have been updated!
[2026-07-16 06:19:24,701][agents.ddpm_agent][INFO] - Epoch 449: Mean test mse is 0.07396565803459712
[2026-07-16 06:19:29,658][agents.ddpm_agent][INFO] - New best test loss. Stored weights have been updated!
[2026-07-16 06:19:33,059][agents.ddpm_agent][INFO] - Epoch 459: Mean test mse is 0.07499926111527852
[2026-07-16 06:19:36,427][agents.ddpm_agent][INFO] - Epoch 469: Mean test mse is 0.07418027307306017
[2026-07-16 06:19:39,829][agents.ddpm_agent][INFO] - Epoch 479: Mean test mse is 0.07593618439776557
[2026-07-16 06:19:43,159][agents.ddpm_agent][INFO] - Epoch 489: Mean test mse is 0.07793455358062472
[2026-07-16 06:19:46,523][agents.ddpm_agent][INFO] - Epoch 499: Mean test mse is 0.0764747943196978
[2026-07-16 06:19:49,931][agents.ddpm_agent][INFO] - Epoch 509: Mean test mse is 0.07653674270425524
[2026-07-16 06:19:53,358][agents.ddpm_agent][INFO] - Epoch 519: Mean test mse is 0.07340179915939059
[2026-07-16 06:19:53,716][agents.ddpm_agent][INFO] - New best test loss. Stored weights have been updated!
[2026-07-16 06:19:57,106][agents.ddpm_agent][INFO] - Epoch 529: Mean test mse is 0.07296862666096006
[2026-07-16 06:20:05,310][agents.ddpm_agent][INFO] - New best test loss. Stored weights have been updated!
[2026-07-16 06:20:08,712][agents.ddpm_agent][INFO] - Epoch 539: Mean test mse is 0.07160443599734988
[2026-07-16 06:20:09,723][agents.ddpm_agent][INFO] - New best test loss. Stored weights have been updated!
[2026-07-16 06:20:13,142][agents.ddpm_agent][INFO] - Epoch 549: Mean test mse is 0.07355518745524543
[2026-07-16 06:20:16,691][agents.ddpm_agent][INFO] - Epoch 559: Mean test mse is 0.07199965683477265
[2026-07-16 06:20:20,065][agents.ddpm_agent][INFO] - Epoch 569: Mean test mse is 0.07470198507819857
[2026-07-16 06:20:23,441][agents.ddpm_agent][INFO] - Epoch 579: Mean test mse is 0.07211356503622872
[2026-07-16 06:20:26,838][agents.ddpm_agent][INFO] - Epoch 589: Mean test mse is 0.07340912733759199
[2026-07-16 06:20:30,284][agents.ddpm_agent][INFO] - Epoch 599: Mean test mse is 0.07315955364278384
[2026-07-16 06:20:33,731][agents.ddpm_agent][INFO] - Epoch 609: Mean test mse is 0.07336357342345375
[2026-07-16 06:20:37,096][agents.ddpm_agent][INFO] - Epoch 619: Mean test mse is 0.06718675419688225
[2026-07-16 06:20:44,026][agents.ddpm_agent][INFO] - New best test loss. Stored weights have been updated!
[2026-07-16 06:20:47,378][agents.ddpm_agent][INFO] - Epoch 629: Mean test mse is 0.07061066372053963
[2026-07-16 06:20:50,819][agents.ddpm_agent][INFO] - Epoch 639: Mean test mse is 0.06450802353875977
[2026-07-16 06:20:57,518][agents.ddpm_agent][INFO] - New best test loss. Stored weights have been updated!
[2026-07-16 06:21:00,914][agents.ddpm_agent][INFO] - Epoch 649: Mean test mse is 0.06911607459187508
[2026-07-16 06:21:04,278][agents.ddpm_agent][INFO] - Epoch 659: Mean test mse is 0.07149143250925201
[2026-07-16 06:21:07,693][agents.ddpm_agent][INFO] - Epoch 669: Mean test mse is 0.06957217305898666
[2026-07-16 06:21:11,058][agents.ddpm_agent][INFO] - Epoch 679: Mean test mse is 0.0716812035867146
[2026-07-16 06:21:14,377][agents.ddpm_agent][INFO] - Epoch 689: Mean test mse is 0.06854122877120972
[2026-07-16 06:21:17,821][agents.ddpm_agent][INFO] - Epoch 699: Mean test mse is 0.06604963753904615
[2026-07-16 06:21:21,245][agents.ddpm_agent][INFO] - Epoch 709: Mean test mse is 0.06453374134642738
[2026-07-16 06:21:24,720][agents.ddpm_agent][INFO] - Epoch 719: Mean test mse is 0.0682433300784656
[2026-07-16 06:21:28,064][agents.ddpm_agent][INFO] - Epoch 729: Mean test mse is 0.06468081261430468
[2026-07-16 06:21:31,411][agents.ddpm_agent][INFO] - Epoch 739: Mean test mse is 0.06453327355640275
[2026-07-16 06:21:34,780][agents.ddpm_agent][INFO] - Epoch 749: Mean test mse is 0.0660435360457216
[2026-07-16 06:21:38,211][agents.ddpm_agent][INFO] - Epoch 759: Mean test mse is 0.06637764189924512
[2026-07-16 06:21:41,559][agents.ddpm_agent][INFO] - Epoch 769: Mean test mse is 0.06695621301020895
[2026-07-16 06:21:44,924][agents.ddpm_agent][INFO] - Epoch 779: Mean test mse is 0.06500285651002612
[2026-07-16 06:21:48,335][agents.ddpm_agent][INFO] - Epoch 789: Mean test mse is 0.06194671669176647
[2026-07-16 06:21:52,098][agents.ddpm_agent][INFO] - New best test loss. Stored weights have been updated!
[2026-07-16 06:21:55,490][agents.ddpm_agent][INFO] - Epoch 799: Mean test mse is 0.06303746998310089
[2026-07-16 06:21:58,849][agents.ddpm_agent][INFO] - Epoch 809: Mean test mse is 0.06559894553252629
[2026-07-16 06:22:02,284][agents.ddpm_agent][INFO] - Epoch 819: Mean test mse is 0.0641666751887117
[2026-07-16 06:22:05,710][agents.ddpm_agent][INFO] - Epoch 829: Mean test mse is 0.060743044529642375
[2026-07-16 06:22:10,968][agents.ddpm_agent][INFO] - New best test loss. Stored weights have been updated!
[2026-07-16 06:22:14,395][agents.ddpm_agent][INFO] - Epoch 839: Mean test mse is 0.06354086154273578
[2026-07-16 06:22:17,766][agents.ddpm_agent][INFO] - Epoch 849: Mean test mse is 0.06310757196375302
[2026-07-16 06:22:21,121][agents.ddpm_agent][INFO] - Epoch 859: Mean test mse is 0.062892989388534
[2026-07-16 06:22:24,445][agents.ddpm_agent][INFO] - Epoch 869: Mean test mse is 0.06116752326488495
[2026-07-16 06:22:27,805][agents.ddpm_agent][INFO] - Epoch 879: Mean test mse is 0.06437987674559865
[2026-07-16 06:22:31,136][agents.ddpm_agent][INFO] - Epoch 889: Mean test mse is 0.06205671440277781
[2026-07-16 06:22:34,533][agents.ddpm_agent][INFO] - Epoch 899: Mean test mse is 0.058837520224707465
[2026-07-16 06:22:34,553][agents.ddpm_agent][INFO] - New best test loss. Stored weights have been updated!
[2026-07-16 06:22:37,902][agents.ddpm_agent][INFO] - Epoch 909: Mean test mse is 0.06265756115317345
[2026-07-16 06:22:41,378][agents.ddpm_agent][INFO] - Epoch 919: Mean test mse is 0.057944007750068395
[2026-07-16 06:22:42,272][agents.ddpm_agent][INFO] - New best test loss. Stored weights have been updated!
[2026-07-16 06:22:45,782][agents.ddpm_agent][INFO] - Epoch 929: Mean test mse is 0.06320539063641004
[2026-07-16 06:22:49,171][agents.ddpm_agent][INFO] - Epoch 939: Mean test mse is 0.06224865147045681
[2026-07-16 06:22:52,666][agents.ddpm_agent][INFO] - Epoch 949: Mean test mse is 0.062054923602512906
[2026-07-16 06:22:56,064][agents.ddpm_agent][INFO] - Epoch 959: Mean test mse is 0.06168106996587345
[2026-07-16 06:22:59,473][agents.ddpm_agent][INFO] - Epoch 969: Mean test mse is 0.058791639017207284
[2026-07-16 06:23:02,915][agents.ddpm_agent][INFO] - Epoch 979: Mean test mse is 0.061139618179627826
[2026-07-16 06:23:06,290][agents.ddpm_agent][INFO] - Epoch 989: Mean test mse is 0.05929968772189958
[2026-07-16 06:23:09,663][agents.ddpm_agent][INFO] - Epoch 999: Mean test mse is 0.06006912887096405
[2026-07-16 06:23:13,092][agents.ddpm_agent][INFO] - Epoch 1009: Mean test mse is 0.06000993720122746
[2026-07-16 06:23:16,520][agents.ddpm_agent][INFO] - Epoch 1019: Mean test mse is 0.05802151933312416
[2026-07-16 06:23:19,872][agents.ddpm_agent][INFO] - Epoch 1029: Mean test mse is 0.0605051868728229
[2026-07-16 06:23:23,234][agents.ddpm_agent][INFO] - Epoch 1039: Mean test mse is 0.05933560324566705
[2026-07-16 06:23:26,699][agents.ddpm_agent][INFO] - Epoch 1049: Mean test mse is 0.05936435131090028
[2026-07-16 06:23:30,067][agents.ddpm_agent][INFO] - Epoch 1059: Mean test mse is 0.05937684753111431
[2026-07-16 06:23:33,450][agents.ddpm_agent][INFO] - Epoch 1069: Mean test mse is 0.058212908783129284
[2026-07-16 06:23:36,864][agents.ddpm_agent][INFO] - Epoch 1079: Mean test mse is 0.0585566908121109
[2026-07-16 06:23:40,274][agents.ddpm_agent][INFO] - Epoch 1089: Mean test mse is 0.06034022622874805
[2026-07-16 06:23:43,766][agents.ddpm_agent][INFO] - Epoch 1099: Mean test mse is 0.057237486221960614
[2026-07-16 06:23:43,854][agents.ddpm_agent][INFO] - New best test loss. Stored weights have been updated!
[2026-07-16 06:23:47,321][agents.ddpm_agent][INFO] - Epoch 1109: Mean test mse is 0.05738564154931477
[2026-07-16 06:23:50,769][agents.ddpm_agent][INFO] - Epoch 1119: Mean test mse is 0.05689769770417895
[2026-07-16 06:23:52,971][agents.ddpm_agent][INFO] - New best test loss. Stored weights have been updated!
[2026-07-16 06:23:56,409][agents.ddpm_agent][INFO] - Epoch 1129: Mean test mse is 0.05628141335078648
[2026-07-16 06:24:13,816][agents.ddpm_agent][INFO] - New best test loss. Stored weights have been updated!
[2026-07-16 06:24:17,223][agents.ddpm_agent][INFO] - Epoch 1139: Mean test mse is 0.05692502164414951
[2026-07-16 06:24:20,594][agents.ddpm_agent][INFO] - Epoch 1149: Mean test mse is 0.059737689793109894
[2026-07-16 06:24:24,025][agents.ddpm_agent][INFO] - Epoch 1159: Mean test mse is 0.057885200317416875
[2026-07-16 06:24:27,468][agents.ddpm_agent][INFO] - Epoch 1169: Mean test mse is 0.05964330956339836
[2026-07-16 06:24:30,815][agents.ddpm_agent][INFO] - Epoch 1179: Mean test mse is 0.05684859199183328
[2026-07-16 06:24:34,256][agents.ddpm_agent][INFO] - Epoch 1189: Mean test mse is 0.05675314739346504
[2026-07-16 06:24:37,606][agents.ddpm_agent][INFO] - Epoch 1199: Mean test mse is 0.05768656517778124
[2026-07-16 06:24:40,979][agents.ddpm_agent][INFO] - Epoch 1209: Mean test mse is 0.05883976551038878
[2026-07-16 06:24:44,352][agents.ddpm_agent][INFO] - Epoch 1219: Mean test mse is 0.05311991327575275
[2026-07-16 06:24:53,895][agents.ddpm_agent][INFO] - New best test loss. Stored weights have been updated!
[2026-07-16 06:24:57,286][agents.ddpm_agent][INFO] - Epoch 1229: Mean test mse is 0.05599905231169292
[2026-07-16 06:25:00,556][agents.ddpm_agent][INFO] - Epoch 1239: Mean test mse is 0.054392176547220776
[2026-07-16 06:25:03,875][agents.ddpm_agent][INFO] - Epoch 1249: Mean test mse is 0.05733128051672663
[2026-07-16 06:25:07,245][agents.ddpm_agent][INFO] - Epoch 1259: Mean test mse is 0.05538179299661091
[2026-07-16 06:25:10,748][agents.ddpm_agent][INFO] - Epoch 1269: Mean test mse is 0.05610390060714313
[2026-07-16 06:25:13,963][agents.ddpm_agent][INFO] - Epoch 1279: Mean test mse is 0.05414038577250072
[2026-07-16 06:25:17,223][agents.ddpm_agent][INFO] - Epoch 1289: Mean test mse is 0.05685842090419361
[2026-07-16 06:25:20,653][agents.ddpm_agent][INFO] - Epoch 1299: Mean test mse is 0.057585236217294423
[2026-07-16 06:25:23,996][agents.ddpm_agent][INFO] - Epoch 1309: Mean test mse is 0.054670385484184535
[2026-07-16 06:25:27,409][agents.ddpm_agent][INFO] - Epoch 1319: Mean test mse is 0.05535405608160155
[2026-07-16 06:25:30,784][agents.ddpm_agent][INFO] - Epoch 1329: Mean test mse is 0.05380364454218319
[2026-07-16 06:25:34,101][agents.ddpm_agent][INFO] - Epoch 1339: Mean test mse is 0.055455525538751056
[2026-07-16 06:25:37,498][agents.ddpm_agent][INFO] - Epoch 1349: Mean test mse is 0.0556489388857569
[2026-07-16 06:25:40,848][agents.ddpm_agent][INFO] - Epoch 1359: Mean test mse is 0.05344884842634201
[2026-07-16 06:25:44,209][agents.ddpm_agent][INFO] - Epoch 1369: Mean test mse is 0.055683446781975884
[2026-07-16 06:25:47,609][agents.ddpm_agent][INFO] - Epoch 1379: Mean test mse is 0.054817844182252884
[2026-07-16 06:25:51,100][agents.ddpm_agent][INFO] - Epoch 1389: Mean test mse is 0.054620987602642605
[2026-07-16 06:25:54,447][agents.ddpm_agent][INFO] - Epoch 1399: Mean test mse is 0.05634925088712147
[2026-07-16 06:25:57,835][agents.ddpm_agent][INFO] - Epoch 1409: Mean test mse is 0.05245744862726757
[2026-07-16 06:25:58,425][agents.ddpm_agent][INFO] - New best test loss. Stored weights have been updated!
[2026-07-16 06:26:01,828][agents.ddpm_agent][INFO] - Epoch 1419: Mean test mse is 0.054370474602494924
[2026-07-16 06:26:05,219][agents.ddpm_agent][INFO] - Epoch 1429: Mean test mse is 0.05333848563688142
[2026-07-16 06:26:08,690][agents.ddpm_agent][INFO] - Epoch 1439: Mean test mse is 0.05504738752331052
[2026-07-16 06:26:12,060][agents.ddpm_agent][INFO] - Epoch 1449: Mean test mse is 0.053024732640811374
[2026-07-16 06:26:15,394][agents.ddpm_agent][INFO] - Epoch 1459: Mean test mse is 0.05574306047388485
[2026-07-16 06:26:18,871][agents.ddpm_agent][INFO] - Epoch 1469: Mean test mse is 0.05580223830682891
[2026-07-16 06:26:22,179][agents.ddpm_agent][INFO] - Epoch 1479: Mean test mse is 0.05404352183852877
[2026-07-16 06:26:25,515][agents.ddpm_agent][INFO] - Epoch 1489: Mean test mse is 0.05487210090671267
[2026-07-16 06:26:28,828][agents.ddpm_agent][INFO] - Epoch 1499: Mean test mse is 0.055031144725424905
[2026-07-16 06:26:32,157][agents.ddpm_agent][INFO] - Epoch 1509: Mean test mse is 0.05505538625376565
[2026-07-16 06:26:35,511][agents.ddpm_agent][INFO] - Epoch 1519: Mean test mse is 0.055653322488069534
[2026-07-16 06:26:38,920][agents.ddpm_agent][INFO] - Epoch 1529: Mean test mse is 0.0537211431988648
[2026-07-16 06:26:42,320][agents.ddpm_agent][INFO] - Epoch 1539: Mean test mse is 0.054911190909998756
[2026-07-16 06:26:45,644][agents.ddpm_agent][INFO] - Epoch 1549: Mean test mse is 0.05206460612160819
[2026-07-16 06:26:55,872][agents.ddpm_agent][INFO] - New best test loss. Stored weights have been updated!
[2026-07-16 06:26:59,258][agents.ddpm_agent][INFO] - Epoch 1559: Mean test mse is 0.05014040321111679
[2026-07-16 06:27:05,578][agents.ddpm_agent][INFO] - New best test loss. Stored weights have been updated!
[2026-07-16 06:27:08,957][agents.ddpm_agent][INFO] - Epoch 1569: Mean test mse is 0.05262698552438191
[2026-07-16 06:27:12,350][agents.ddpm_agent][INFO] - Epoch 1579: Mean test mse is 0.05159677990845272
[2026-07-16 06:27:15,735][agents.ddpm_agent][INFO] - Epoch 1589: Mean test mse is 0.05249048875910895
[2026-07-16 06:27:19,113][agents.ddpm_agent][INFO] - Epoch 1599: Mean test mse is 0.05375698847430093
[2026-07-16 06:27:22,473][agents.ddpm_agent][INFO] - Epoch 1609: Mean test mse is 0.052848058619669507
[2026-07-16 06:27:25,917][agents.ddpm_agent][INFO] - Epoch 1619: Mean test mse is 0.05350250857216971
[2026-07-16 06:27:29,321][agents.ddpm_agent][INFO] - Epoch 1629: Mean test mse is 0.053182997341666906
[2026-07-16 06:27:32,811][agents.ddpm_agent][INFO] - Epoch 1639: Mean test mse is 0.054033626935311725
[2026-07-16 06:27:36,291][agents.ddpm_agent][INFO] - Epoch 1649: Mean test mse is 0.05288613640836307
[2026-07-16 06:27:39,749][agents.ddpm_agent][INFO] - Epoch 1659: Mean test mse is 0.05437065767390387
[2026-07-16 06:27:43,290][agents.ddpm_agent][INFO] - Epoch 1669: Mean test mse is 0.051220329744475226
[2026-07-16 06:27:46,651][agents.ddpm_agent][INFO] - Epoch 1679: Mean test mse is 0.051984490028449466
[2026-07-16 06:27:49,982][agents.ddpm_agent][INFO] - Epoch 1689: Mean test mse is 0.05190650799444744
[2026-07-16 06:27:53,339][agents.ddpm_agent][INFO] - Epoch 1699: Mean test mse is 0.05223836536918368
[2026-07-16 06:27:56,692][agents.ddpm_agent][INFO] - Epoch 1709: Mean test mse is 0.05221000100885119
[2026-07-16 06:28:00,083][agents.ddpm_agent][INFO] - Epoch 1719: Mean test mse is 0.050961428454944065
[2026-07-16 06:28:03,461][agents.ddpm_agent][INFO] - Epoch 1729: Mean test mse is 0.05216350619282041
[2026-07-16 06:28:06,790][agents.ddpm_agent][INFO] - Epoch 1739: Mean test mse is 0.05158880140100207
[2026-07-16 06:28:10,126][agents.ddpm_agent][INFO] - Epoch 1749: Mean test mse is 0.05345259926148823
[2026-07-16 06:28:13,502][agents.ddpm_agent][INFO] - Epoch 1759: Mean test mse is 0.05251253875238555
[2026-07-16 06:28:16,895][agents.ddpm_agent][INFO] - Epoch 1769: Mean test mse is 0.051582184221063344
[2026-07-16 06:28:20,301][agents.ddpm_agent][INFO] - Epoch 1779: Mean test mse is 0.05059530160256794
[2026-07-16 06:28:23,769][agents.ddpm_agent][INFO] - Epoch 1789: Mean test mse is 0.05086740478873253
[2026-07-16 06:28:27,827][agents.ddpm_agent][INFO] - Epoch 1799: Mean test mse is 0.0517214589885303
[2026-07-16 06:28:31,154][agents.ddpm_agent][INFO] - Epoch 1809: Mean test mse is 0.05264023265668324
[2026-07-16 06:28:34,326][agents.ddpm_agent][INFO] - Epoch 1819: Mean test mse is 0.05188444735748427
[2026-07-16 06:28:37,683][agents.ddpm_agent][INFO] - Epoch 1829: Mean test mse is 0.05338522366115025
[2026-07-16 06:28:41,795][agents.ddpm_agent][INFO] - Epoch 1839: Mean test mse is 0.05206810310482979
[2026-07-16 06:28:45,017][agents.ddpm_agent][INFO] - Epoch 1849: Mean test mse is 0.05168744974902698
[2026-07-16 06:28:49,026][agents.ddpm_agent][INFO] - Epoch 1859: Mean test mse is 0.0512437458549227
[2026-07-16 06:28:53,384][agents.ddpm_agent][INFO] - Epoch 1869: Mean test mse is 0.051034084388187954
[2026-07-16 06:28:56,554][agents.ddpm_agent][INFO] - Epoch 1879: Mean test mse is 0.0506874860397407
[2026-07-16 06:29:00,444][agents.ddpm_agent][INFO] - Epoch 1889: Mean test mse is 0.05078960795487676
[2026-07-16 06:29:04,391][agents.ddpm_agent][INFO] - Epoch 1899: Mean test mse is 0.05045758294207709
[2026-07-16 06:29:09,290][agents.ddpm_agent][INFO] - Epoch 1909: Mean test mse is 0.05221488858972277
[2026-07-16 06:29:12,639][agents.ddpm_agent][INFO] - Epoch 1919: Mean test mse is 0.05092053807207516
[2026-07-16 06:29:17,526][agents.ddpm_agent][INFO] - Epoch 1929: Mean test mse is 0.05049316585063934
[2026-07-16 06:29:22,460][agents.ddpm_agent][INFO] - Epoch 1939: Mean test mse is 0.052219703793525696
[2026-07-16 06:29:25,961][agents.ddpm_agent][INFO] - Epoch 1949: Mean test mse is 0.05310827227575438
[2026-07-16 06:29:29,496][agents.ddpm_agent][INFO] - Epoch 1959: Mean test mse is 0.05079609155654907
[2026-07-16 06:29:33,877][agents.ddpm_agent][INFO] - Epoch 1969: Mean test mse is 0.05282003592167582
[2026-07-16 06:29:38,699][agents.ddpm_agent][INFO] - Epoch 1979: Mean test mse is 0.054394741143499105
[2026-07-16 06:29:42,727][agents.ddpm_agent][INFO] - Epoch 1989: Mean test mse is 0.050340981887919564
[2026-07-16 06:29:47,656][agents.ddpm_agent][INFO] - Epoch 1999: Mean test mse is 0.05123287599001612
[2026-07-16 06:29:48,162][agents.ddpm_agent][INFO] - Training done!
[2026-07-16 06:29:48,163][__main__][INFO] - Training-only mode enabled; skipping simulation.
