{"stage": "ctm", "method": "minilmv2_relation", "epoch": 0, "ctm_loss": 0.06599098490551114, "pseudo_dsm_loss": 0.197874853387475, "endpoint_anchor_loss": 0.0, "mode_gram_loss": 0.0, "endpoint_mmd_loss": 0.0, "trajectory_mmd_loss": 4.4553852603712585e-05, "selection_loss": 0.08577980685983674}
{"stage": "ctm", "method": "minilmv2_relation", "epoch": 25, "ctm_loss": 0.04368311585858464, "pseudo_dsm_loss": 0.2166842594742775, "endpoint_anchor_loss": 0.0, "mode_gram_loss": 0.0, "endpoint_mmd_loss": 0.0, "trajectory_mmd_loss": 3.066410727114999e-05, "selection_loss": 0.06535246172923052}
{"stage": "ctm", "method": "minilmv2_relation", "epoch": 50, "ctm_loss": 0.04601997695863247, "pseudo_dsm_loss": 0.21111305803060532, "endpoint_anchor_loss": 0.0, "mode_gram_loss": 0.0, "endpoint_mmd_loss": 0.0, "trajectory_mmd_loss": 5.353739061320084e-05, "selection_loss": 0.0671328888834114}
{"stage": "ctm", "method": "minilmv2_relation", "epoch": 75, "ctm_loss": 0.06300641223788261, "pseudo_dsm_loss": 0.21253226324915886, "endpoint_anchor_loss": 0.0, "mode_gram_loss": 0.0, "endpoint_mmd_loss": 0.0, "trajectory_mmd_loss": 2.232318138339906e-05, "selection_loss": 0.08426030825824}
{"stage": "ctm", "method": "minilmv2_relation", "epoch": 100, "ctm_loss": 0.034142482094466686, "pseudo_dsm_loss": 0.1375809945166111, "endpoint_anchor_loss": 0.0, "mode_gram_loss": 0.0, "endpoint_mmd_loss": 0.0, "trajectory_mmd_loss": 2.6710331894719275e-05, "selection_loss": 0.04790138285608463}
{"stage": "ctm", "method": "minilmv2_relation", "epoch": 125, "ctm_loss": 0.025351011427119374, "pseudo_dsm_loss": 0.1579939555376768, "endpoint_anchor_loss": 0.0, "mode_gram_loss": 0.0, "endpoint_mmd_loss": 0.0, "trajectory_mmd_loss": 2.827495472956798e-05, "selection_loss": 0.04115125522952894}
{"stage": "ctm", "method": "minilmv2_relation", "epoch": 150, "ctm_loss": 0.04231321602128446, "pseudo_dsm_loss": 0.1900808848440647, "endpoint_anchor_loss": 0.0, "mode_gram_loss": 0.0, "endpoint_mmd_loss": 0.0, "trajectory_mmd_loss": 2.3591022909386083e-05, "selection_loss": 0.06132201223637822}
{"stage": "ctm", "method": "minilmv2_relation", "epoch": 175, "ctm_loss": 0.03316886676475406, "pseudo_dsm_loss": 0.13384710624814034, "endpoint_anchor_loss": 0.0, "mode_gram_loss": 0.0, "endpoint_mmd_loss": 0.0, "trajectory_mmd_loss": 2.6647002414392773e-05, "selection_loss": 0.04655437679964052}
{"stage": "ctm", "method": "minilmv2_relation", "epoch": 200, "ctm_loss": 0.04722428182139993, "pseudo_dsm_loss": 0.1668890379369259, "endpoint_anchor_loss": 0.0, "mode_gram_loss": 0.0, "endpoint_mmd_loss": 0.0, "trajectory_mmd_loss": 2.732127950366703e-05, "selection_loss": 0.06391400525347762}
{"stage": "ctm", "method": "minilmv2_relation", "epoch": 225, "ctm_loss": 0.03481743868906051, "pseudo_dsm_loss": 0.16850768215954304, "endpoint_anchor_loss": 0.0, "mode_gram_loss": 0.0, "endpoint_mmd_loss": 0.0, "trajectory_mmd_loss": 2.187490508731571e-05, "selection_loss": 0.051668863152167434}
{"stage": "ctm", "method": "minilmv2_relation", "epoch": 250, "ctm_loss": 0.03450988873373717, "pseudo_dsm_loss": 0.18483447656035423, "endpoint_anchor_loss": 0.0, "mode_gram_loss": 0.0, "endpoint_mmd_loss": 0.0, "trajectory_mmd_loss": 2.6300550416635815e-05, "selection_loss": 0.05299412540628509}
{"stage": "ctm", "method": "minilmv2_relation", "epoch": 275, "ctm_loss": 0.013682068791240454, "pseudo_dsm_loss": 0.17993339523673058, "endpoint_anchor_loss": 0.0, "mode_gram_loss": 0.0, "endpoint_mmd_loss": 0.0, "trajectory_mmd_loss": 2.5307138912467053e-05, "selection_loss": 0.03167616752908089}
{"stage": "ctm", "method": "minilmv2_relation", "epoch": 300, "ctm_loss": 0.0447555179707706, "pseudo_dsm_loss": 0.16960087604820728, "endpoint_anchor_loss": 0.0, "mode_gram_loss": 0.0, "endpoint_mmd_loss": 0.0, "trajectory_mmd_loss": 3.115584468105226e-05, "selection_loss": 0.06171654025093176}
{"stage": "ctm", "method": "minilmv2_relation", "epoch": 325, "ctm_loss": 0.02544870274141431, "pseudo_dsm_loss": 0.1495384071022272, "endpoint_anchor_loss": 0.0, "mode_gram_loss": 0.0, "endpoint_mmd_loss": 0.0, "trajectory_mmd_loss": 3.2392641969636315e-05, "selection_loss": 0.04040351523089612}
{"stage": "ctm", "method": "minilmv2_relation", "epoch": 350, "ctm_loss": 0.025197425624355674, "pseudo_dsm_loss": 0.13852022401988506, "endpoint_anchor_loss": 0.0, "mode_gram_loss": 0.0, "endpoint_mmd_loss": 0.0, "trajectory_mmd_loss": 2.5185446702380432e-05, "selection_loss": 0.03905020358974525}
{"stage": "ctm", "method": "minilmv2_relation", "epoch": 375, "ctm_loss": 0.043029861990362406, "pseudo_dsm_loss": 0.19559211283922195, "endpoint_anchor_loss": 0.0, "mode_gram_loss": 0.0, "endpoint_mmd_loss": 0.0, "trajectory_mmd_loss": 4.037966391479131e-05, "selection_loss": 0.06259028466420205}
{"stage": "ctm", "method": "minilmv2_relation", "epoch": 400, "ctm_loss": 0.03779178927652538, "pseudo_dsm_loss": 0.16277592442929745, "endpoint_anchor_loss": 0.0, "mode_gram_loss": 0.0, "endpoint_mmd_loss": 0.0, "trajectory_mmd_loss": 2.1765009478258435e-05, "selection_loss": 0.05407003466973947}
{"stage": "ctm", "method": "minilmv2_relation", "epoch": 425, "ctm_loss": 0.026643129996955395, "pseudo_dsm_loss": 0.15999470837414265, "endpoint_anchor_loss": 0.0, "mode_gram_loss": 0.0, "endpoint_mmd_loss": 0.0, "trajectory_mmd_loss": 3.090625114055001e-05, "selection_loss": 0.042643528021903875}
{"stage": "ctm", "method": "minilmv2_relation", "epoch": 450, "ctm_loss": 0.021024239831604064, "pseudo_dsm_loss": 0.1966850571334362, "endpoint_anchor_loss": 0.0, "mode_gram_loss": 0.0, "endpoint_mmd_loss": 0.0, "trajectory_mmd_loss": 2.360716553084785e-05, "selection_loss": 0.04069345375991361}
{"stage": "ctm", "method": "minilmv2_relation", "epoch": 475, "ctm_loss": 0.02672380965668708, "pseudo_dsm_loss": 0.18889102339744568, "endpoint_anchor_loss": 0.0, "mode_gram_loss": 0.0, "endpoint_mmd_loss": 0.0, "trajectory_mmd_loss": 2.6976501430908684e-05, "selection_loss": 0.04561372129147458}
{
  "method": "minilmv2_relation",
  "experiment_label": "demonstration_free_ctm",
  "demonstration_free": true,
  "ctm_data_source": "rollout",
  "ctm_balance_kind": "bmd_latent",
  "ctm_labels_for_loss_only": true,
  "ctm_balancing_protocol": "none_labels_used_only_by_auxiliary_loss",
  "ctm_latent_labels": "logs/avoiding/bmd_velocity250/hierarchical_k24/shape_nowhite_spectral_seed42/discovery.npz",
  "ctm_success_only": false,
  "demonstration_mixture_probability": 0.0,
  "student_architecture": {
    "layers": 3,
    "embed_dim": 48,
    "heads": 3
  },
  "multi_noise": 1,
  "endpoint_weight": 0.0,
  "mode_balanced_sampling": false,
  "stratified_multitime": false,
  "initialization": {
    "teacher_layers": [
      0,
      1,
      2
    ],
    "selected_heads": [
      0,
      1,
      2
    ],
    "selected_channels": [
      0,
      1,
      2,
      3,
      4,
      6,
      7,
      8,
      10,
      11,
      12,
      13,
      14,
      15,
      16,
      17,
      18,
      19,
      20,
      21,
      22,
      23,
      25,
      27,
      28,
      29,
      30,
      31,
      32,
      33,
      34,
      35,
      36,
      37,
      38,
      39,
      40,
      41,
      42,
      43,
      44,
      46,
      47,
      48,
      50,
      51,
      52,
      53
    ],
    "method": "early",
    "load_max_abs_diff": 0.0,
    "pretrained_structure": "logs/avoiding/teacher_generated_minilmv2_repair_accuracy/velocity_w1/model/pretrain_epoch_0250.pth"
  },
  "uses_original_demonstrations": false,
  "uses_expert_actions": false,
  "demonstration_dir": null,
  "buffer": "logs/avoiding/bmd_velocity250/transfer_buffer.pt",
  "structure_dynamic_pretraining": false,
  "pretrain_epochs": 0,
  "ctm_epochs": 500,
  "ctm_dsm_weight": 0.1,
  "ctm_endpoint_anchor_weight": 0.0,
  "ctm_mode_weight": 0.0,
  "ctm_endpoint_mmd_weight": 0.0,
  "ctm_trajectory_mmd_weight": 0.03,
  "ctm_trajectory_horizon": 8,
  "ctm_conditional_samples": 4,
  "ctm_milestones": [
    100,
    250,
    500
  ],
  "best_epoch": 192,
  "best_selection_loss": 0.027293157993153728
}
