[2026-07-16 02:47:55,191][agents.models.diffusion.diffusion_models][INFO] - number of parameters: 2.748260e+05
[2026-07-16 02:47:55,232][root][INFO] - Loading Sorting Dataset
[2026-07-16 02:47:55,244][root][INFO] - Loading Sorting Dataset
[2026-07-16 02:47:55,261][agents.utils.scaler][INFO] - Datset Info: state min: [-2.3854534  -1.52318297 -2.5436591  -1.47282681] and max: [2.68851348 1.91139402 2.31634682 1.92205774], action min: [-1.83908446 -2.15521727] and max: [1.93458139 0.68739523]
[2026-07-16 02:47:55,261][agents.utils.scaler][INFO] - Training dataset size: input (7305, 4) target (7305, 2)
[2026-07-16 02:47:55,261][agents.base_agent][INFO] - The model has a total amount of 274826 parameters
[2026-07-16 02:47:58,427][agents.ddpm_agent][INFO] - Epoch 9: Mean test mse is 0.2758591856275286
[2026-07-16 02:47:58,444][agents.ddpm_agent][INFO] - New best test loss. Stored weights have been updated!
[2026-07-16 02:48:01,138][agents.ddpm_agent][INFO] - Epoch 19: Mean test mse is 0.20753199287823268
[2026-07-16 02:48:01,155][agents.ddpm_agent][INFO] - New best test loss. Stored weights have been updated!
[2026-07-16 02:48:03,825][agents.ddpm_agent][INFO] - Epoch 29: Mean test mse is 0.17376554863793509
[2026-07-16 02:48:03,843][agents.ddpm_agent][INFO] - New best test loss. Stored weights have been updated!
[2026-07-16 02:48:06,494][agents.ddpm_agent][INFO] - Epoch 39: Mean test mse is 0.1613211589200156
[2026-07-16 02:48:06,511][agents.ddpm_agent][INFO] - New best test loss. Stored weights have been updated!
[2026-07-16 02:48:09,161][agents.ddpm_agent][INFO] - Epoch 49: Mean test mse is 0.14648341919694627
[2026-07-16 02:48:09,178][agents.ddpm_agent][INFO] - New best test loss. Stored weights have been updated!
[2026-07-16 02:48:11,839][agents.ddpm_agent][INFO] - Epoch 59: Mean test mse is 0.13733902892896108
[2026-07-16 02:48:11,856][agents.ddpm_agent][INFO] - New best test loss. Stored weights have been updated!
[2026-07-16 02:48:14,523][agents.ddpm_agent][INFO] - Epoch 69: Mean test mse is 0.13244371648345674
[2026-07-16 02:48:14,539][agents.ddpm_agent][INFO] - New best test loss. Stored weights have been updated!
[2026-07-16 02:48:17,173][agents.ddpm_agent][INFO] - Epoch 79: Mean test mse is 0.1267861755830901
[2026-07-16 02:48:17,189][agents.ddpm_agent][INFO] - New best test loss. Stored weights have been updated!
[2026-07-16 02:48:19,745][agents.ddpm_agent][INFO] - Epoch 89: Mean test mse is 0.12428375759295054
[2026-07-16 02:48:19,761][agents.ddpm_agent][INFO] - New best test loss. Stored weights have been updated!
[2026-07-16 02:48:22,270][agents.ddpm_agent][INFO] - Epoch 99: Mean test mse is 0.11687542285237994
[2026-07-16 02:48:22,286][agents.ddpm_agent][INFO] - New best test loss. Stored weights have been updated!
[2026-07-16 02:48:24,920][agents.ddpm_agent][INFO] - Epoch 109: Mean test mse is 0.1115324039544378
[2026-07-16 02:48:24,936][agents.ddpm_agent][INFO] - New best test loss. Stored weights have been updated!
[2026-07-16 02:48:27,610][agents.ddpm_agent][INFO] - Epoch 119: Mean test mse is 0.11023497900792531
[2026-07-16 02:48:27,626][agents.ddpm_agent][INFO] - New best test loss. Stored weights have been updated!
[2026-07-16 02:48:30,311][agents.ddpm_agent][INFO] - Epoch 129: Mean test mse is 0.1119962866817202
[2026-07-16 02:48:32,973][agents.ddpm_agent][INFO] - Epoch 139: Mean test mse is 0.10978798355375018
[2026-07-16 02:48:32,990][agents.ddpm_agent][INFO] - New best test loss. Stored weights have been updated!
[2026-07-16 02:48:35,630][agents.ddpm_agent][INFO] - Epoch 149: Mean test mse is 0.10653851607016154
[2026-07-16 02:48:35,647][agents.ddpm_agent][INFO] - New best test loss. Stored weights have been updated!
[2026-07-16 02:48:38,313][agents.ddpm_agent][INFO] - Epoch 159: Mean test mse is 0.10242778807878494
[2026-07-16 02:48:38,330][agents.ddpm_agent][INFO] - New best test loss. Stored weights have been updated!
[2026-07-16 02:48:40,969][agents.ddpm_agent][INFO] - Epoch 169: Mean test mse is 0.10334605191435133
[2026-07-16 02:48:43,696][agents.ddpm_agent][INFO] - Epoch 179: Mean test mse is 0.09873718874795097
[2026-07-16 02:48:43,712][agents.ddpm_agent][INFO] - New best test loss. Stored weights have been updated!
[2026-07-16 02:48:46,381][agents.ddpm_agent][INFO] - Epoch 189: Mean test mse is 0.09999859120164599
[2026-07-16 02:48:49,053][agents.ddpm_agent][INFO] - Epoch 199: Mean test mse is 0.0967038060937609
[2026-07-16 02:48:49,070][agents.ddpm_agent][INFO] - New best test loss. Stored weights have been updated!
[2026-07-16 02:48:49,336][agents.ddpm_agent][INFO] - Training done!
[2026-07-16 02:48:49,337][__main__][INFO] - Training-only mode enabled; skipping simulation.
