{
  "protocol": "Standard-120: require SR>=0.75 and coverage>=20; then maximize SR, coverage, entropy",
  "rows": [
    {
      "epoch": 100,
      "success_rate": 0.575,
      "coverage": 19,
      "entropy": 0.8142073565610558,
      "metrics": "logs/avoiding/p6_strong_teacher_structure_repair/natural_velocity/eval120_epoch100/metrics.json"
    },
    {
      "epoch": 250,
      "success_rate": 0.625,
      "coverage": 18,
      "entropy": 0.8078248308914054,
      "metrics": "logs/avoiding/p6_strong_teacher_structure_repair/natural_velocity/eval120_epoch250/metrics.json",
      "passed_gate": false
    },
    {
      "epoch": 500,
      "success_rate": 0.5666666666666667,
      "coverage": 18,
      "entropy": 0.7932100740919192,
      "metrics": "logs/avoiding/p6_strong_teacher_structure_repair/natural_velocity/eval120_epoch500/metrics.json"
    }
  ],
  "selected": {
    "epoch": 250,
    "success_rate": 0.625,
    "coverage": 18,
    "entropy": 0.8078248308914054,
    "metrics": "logs/avoiding/p6_strong_teacher_structure_repair/natural_velocity/eval120_epoch250/metrics.json",
    "passed_gate": false
  }
}
