{
  "episodes": 192,
  "uses_original_demonstrations": false,
  "models": {
    "baseline": {
      "distance_correlation": 0.9999750256538391,
      "normalized_relation_mae": 0.0032990516629070044,
      "reference_same_mode_distance": 0.7706708312034607,
      "reference_cross_mode_distance": 0.7595486044883728,
      "prediction_same_mode_distance": 0.7712742686271667,
      "prediction_cross_mode_distance": 0.7601010203361511,
      "prediction_cross_same_ratio": 0.9855132699012756
    },
    "repair50": {
      "distance_correlation": 0.9999940991401672,
      "normalized_relation_mae": 0.0015795406652614474,
      "reference_same_mode_distance": 0.7706708312034607,
      "reference_cross_mode_distance": 0.7595486044883728,
      "prediction_same_mode_distance": 0.7710446715354919,
      "prediction_cross_mode_distance": 0.7599462866783142,
      "prediction_cross_same_ratio": 0.9856060147285461
    },
    "repair250": {
      "distance_correlation": 0.9999952912330627,
      "normalized_relation_mae": 0.0014181361766532063,
      "reference_same_mode_distance": 0.7706708312034607,
      "reference_cross_mode_distance": 0.7595486044883728,
      "prediction_same_mode_distance": 0.7710713148117065,
      "prediction_cross_mode_distance": 0.7599543929100037,
      "prediction_cross_same_ratio": 0.9855824708938599
    },
    "mode50": {
      "distance_correlation": 0.9999895095825195,
      "normalized_relation_mae": 0.002161609474569559,
      "reference_same_mode_distance": 0.7706708312034607,
      "reference_cross_mode_distance": 0.7595486044883728,
      "prediction_same_mode_distance": 0.7703454494476318,
      "prediction_cross_mode_distance": 0.7591783404350281,
      "prediction_cross_same_ratio": 0.9855037927627563
    },
    "mode_sw250": {
      "distance_correlation": 0.9999402165412903,
      "normalized_relation_mae": 0.004880239255726337,
      "reference_same_mode_distance": 0.7706708312034607,
      "reference_cross_mode_distance": 0.7595486044883728,
      "prediction_same_mode_distance": 0.7722775340080261,
      "prediction_cross_mode_distance": 0.7611904740333557,
      "prediction_cross_same_ratio": 0.9856436848640442
    }
  }
}
