pybullet build time: Jan 29 2025 23:16:28
/jet/home/qzhou7/workspace/anaconda3/envs/d3il/lib/python3.10/site-packages/hydra/_internal/defaults_list.py:251: UserWarning: In 'avoiding_config': Defaults list is missing `_self_`. See https://hydra.cc/docs/upgrades/1.0_to_1.1/default_composition_order for more information
  warnings.warn(msg, UserWarning)
/jet/home/qzhou7/workspace/anaconda3/envs/d3il/lib/python3.10/site-packages/hydra/_internal/defaults_list.py:251: UserWarning: In 'avoiding_config': Defaults list is missing `_self_`. See https://hydra.cc/docs/upgrades/1.0_to_1.1/default_composition_order for more information
  warnings.warn(msg, UserWarning)
Final IK error (78 iterations):  7.2858622740646e-06
Final IK error (0 iterations):  7.2858622740646e-06
{"paired_progress": {"episode_start": 750, "completed": 10, "total": 250, "teacher_successes": 4, "student_successes": 5, "finished": false}}
{"paired_progress": {"episode_start": 750, "completed": 20, "total": 250, "teacher_successes": 11, "student_successes": 11, "finished": false}}
{"paired_progress": {"episode_start": 750, "completed": 30, "total": 250, "teacher_successes": 19, "student_successes": 18, "finished": false}}
{"paired_progress": {"episode_start": 750, "completed": 40, "total": 250, "teacher_successes": 26, "student_successes": 27, "finished": false}}
{"paired_progress": {"episode_start": 750, "completed": 50, "total": 250, "teacher_successes": 32, "student_successes": 34, "finished": false}}
{"paired_progress": {"episode_start": 750, "completed": 60, "total": 250, "teacher_successes": 39, "student_successes": 37, "finished": false}}
{"paired_progress": {"episode_start": 750, "completed": 70, "total": 250, "teacher_successes": 43, "student_successes": 43, "finished": false}}
{"paired_progress": {"episode_start": 750, "completed": 80, "total": 250, "teacher_successes": 47, "student_successes": 48, "finished": false}}
{"paired_progress": {"episode_start": 750, "completed": 90, "total": 250, "teacher_successes": 55, "student_successes": 55, "finished": false}}
{"paired_progress": {"episode_start": 750, "completed": 100, "total": 250, "teacher_successes": 62, "student_successes": 62, "finished": false}}
{"paired_progress": {"episode_start": 750, "completed": 110, "total": 250, "teacher_successes": 66, "student_successes": 66, "finished": false}}
{"paired_progress": {"episode_start": 750, "completed": 120, "total": 250, "teacher_successes": 71, "student_successes": 74, "finished": false}}
{"paired_progress": {"episode_start": 750, "completed": 130, "total": 250, "teacher_successes": 77, "student_successes": 76, "finished": false}}
{"paired_progress": {"episode_start": 750, "completed": 140, "total": 250, "teacher_successes": 81, "student_successes": 83, "finished": false}}
{"paired_progress": {"episode_start": 750, "completed": 150, "total": 250, "teacher_successes": 87, "student_successes": 88, "finished": false}}
{"paired_progress": {"episode_start": 750, "completed": 160, "total": 250, "teacher_successes": 95, "student_successes": 94, "finished": false}}
{"paired_progress": {"episode_start": 750, "completed": 170, "total": 250, "teacher_successes": 102, "student_successes": 100, "finished": false}}
{"paired_progress": {"episode_start": 750, "completed": 180, "total": 250, "teacher_successes": 106, "student_successes": 104, "finished": false}}
{"paired_progress": {"episode_start": 750, "completed": 190, "total": 250, "teacher_successes": 113, "student_successes": 108, "finished": false}}
{"paired_progress": {"episode_start": 750, "completed": 200, "total": 250, "teacher_successes": 118, "student_successes": 113, "finished": false}}
{"paired_progress": {"episode_start": 750, "completed": 210, "total": 250, "teacher_successes": 123, "student_successes": 120, "finished": false}}
{"paired_progress": {"episode_start": 750, "completed": 220, "total": 250, "teacher_successes": 130, "student_successes": 125, "finished": false}}
{"paired_progress": {"episode_start": 750, "completed": 230, "total": 250, "teacher_successes": 137, "student_successes": 132, "finished": false}}
{"paired_progress": {"episode_start": 750, "completed": 240, "total": 250, "teacher_successes": 142, "student_successes": 138, "finished": false}}
{"paired_progress": {"episode_start": 750, "completed": 250, "total": 250, "teacher_successes": 151, "student_successes": 144, "finished": true}}
