pybullet build time: Jan 29 2025 23:16:28
/jet/home/qzhou7/workspace/anaconda3/envs/d3il/lib/python3.10/site-packages/hydra/_internal/defaults_list.py:251: UserWarning: In 'avoiding_config': Defaults list is missing `_self_`. See https://hydra.cc/docs/upgrades/1.0_to_1.1/default_composition_order for more information
  warnings.warn(msg, UserWarning)
/jet/home/qzhou7/workspace/anaconda3/envs/d3il/lib/python3.10/site-packages/hydra/_internal/defaults_list.py:251: UserWarning: In 'avoiding_config': Defaults list is missing `_self_`. See https://hydra.cc/docs/upgrades/1.0_to_1.1/default_composition_order for more information
  warnings.warn(msg, UserWarning)
Final IK error (78 iterations):  7.2858622740646e-06
Final IK error (0 iterations):  7.2858622740646e-06
{"paired_progress": {"episode_start": 500, "completed": 10, "total": 250, "teacher_successes": 7, "student_successes": 8, "finished": false}}
{"paired_progress": {"episode_start": 500, "completed": 20, "total": 250, "teacher_successes": 15, "student_successes": 13, "finished": false}}
{"paired_progress": {"episode_start": 500, "completed": 30, "total": 250, "teacher_successes": 22, "student_successes": 19, "finished": false}}
{"paired_progress": {"episode_start": 500, "completed": 40, "total": 250, "teacher_successes": 29, "student_successes": 25, "finished": false}}
{"paired_progress": {"episode_start": 500, "completed": 50, "total": 250, "teacher_successes": 34, "student_successes": 30, "finished": false}}
{"paired_progress": {"episode_start": 500, "completed": 60, "total": 250, "teacher_successes": 37, "student_successes": 38, "finished": false}}
{"paired_progress": {"episode_start": 500, "completed": 70, "total": 250, "teacher_successes": 42, "student_successes": 46, "finished": false}}
{"paired_progress": {"episode_start": 500, "completed": 80, "total": 250, "teacher_successes": 51, "student_successes": 53, "finished": false}}
{"paired_progress": {"episode_start": 500, "completed": 90, "total": 250, "teacher_successes": 57, "student_successes": 62, "finished": false}}
{"paired_progress": {"episode_start": 500, "completed": 100, "total": 250, "teacher_successes": 63, "student_successes": 66, "finished": false}}
{"paired_progress": {"episode_start": 500, "completed": 110, "total": 250, "teacher_successes": 71, "student_successes": 74, "finished": false}}
{"paired_progress": {"episode_start": 500, "completed": 120, "total": 250, "teacher_successes": 77, "student_successes": 81, "finished": false}}
{"paired_progress": {"episode_start": 500, "completed": 130, "total": 250, "teacher_successes": 81, "student_successes": 87, "finished": false}}
{"paired_progress": {"episode_start": 500, "completed": 140, "total": 250, "teacher_successes": 87, "student_successes": 97, "finished": false}}
{"paired_progress": {"episode_start": 500, "completed": 150, "total": 250, "teacher_successes": 93, "student_successes": 100, "finished": false}}
{"paired_progress": {"episode_start": 500, "completed": 160, "total": 250, "teacher_successes": 100, "student_successes": 109, "finished": false}}
{"paired_progress": {"episode_start": 500, "completed": 170, "total": 250, "teacher_successes": 108, "student_successes": 118, "finished": false}}
{"paired_progress": {"episode_start": 500, "completed": 180, "total": 250, "teacher_successes": 112, "student_successes": 123, "finished": false}}
{"paired_progress": {"episode_start": 500, "completed": 190, "total": 250, "teacher_successes": 117, "student_successes": 128, "finished": false}}
{"paired_progress": {"episode_start": 500, "completed": 200, "total": 250, "teacher_successes": 122, "student_successes": 132, "finished": false}}
{"paired_progress": {"episode_start": 500, "completed": 210, "total": 250, "teacher_successes": 128, "student_successes": 140, "finished": false}}
{"paired_progress": {"episode_start": 500, "completed": 220, "total": 250, "teacher_successes": 134, "student_successes": 146, "finished": false}}
{"paired_progress": {"episode_start": 500, "completed": 230, "total": 250, "teacher_successes": 139, "student_successes": 153, "finished": false}}
{"paired_progress": {"episode_start": 500, "completed": 240, "total": 250, "teacher_successes": 145, "student_successes": 158, "finished": false}}
{"paired_progress": {"episode_start": 500, "completed": 250, "total": 250, "teacher_successes": 152, "student_successes": 165, "finished": true}}
