pybullet build time: Jan 29 2025 23:16:28
/jet/home/qzhou7/workspace/anaconda3/envs/d3il/lib/python3.10/site-packages/hydra/_internal/defaults_list.py:251: UserWarning: In 'avoiding_config': Defaults list is missing `_self_`. See https://hydra.cc/docs/upgrades/1.0_to_1.1/default_composition_order for more information
  warnings.warn(msg, UserWarning)
/jet/home/qzhou7/workspace/anaconda3/envs/d3il/lib/python3.10/site-packages/hydra/_internal/defaults_list.py:251: UserWarning: In 'avoiding_config': Defaults list is missing `_self_`. See https://hydra.cc/docs/upgrades/1.0_to_1.1/default_composition_order for more information
  warnings.warn(msg, UserWarning)
Final IK error (78 iterations):  7.2858622740646e-06
Final IK error (0 iterations):  7.2858622740646e-06
{"paired_progress": {"episode_start": 0, "completed": 10, "total": 250, "teacher_successes": 6, "student_successes": 7, "finished": false}}
{"paired_progress": {"episode_start": 0, "completed": 20, "total": 250, "teacher_successes": 11, "student_successes": 10, "finished": false}}
{"paired_progress": {"episode_start": 0, "completed": 30, "total": 250, "teacher_successes": 17, "student_successes": 17, "finished": false}}
{"paired_progress": {"episode_start": 0, "completed": 40, "total": 250, "teacher_successes": 24, "student_successes": 24, "finished": false}}
{"paired_progress": {"episode_start": 0, "completed": 50, "total": 250, "teacher_successes": 31, "student_successes": 31, "finished": false}}
{"paired_progress": {"episode_start": 0, "completed": 60, "total": 250, "teacher_successes": 37, "student_successes": 39, "finished": false}}
{"paired_progress": {"episode_start": 0, "completed": 70, "total": 250, "teacher_successes": 45, "student_successes": 44, "finished": false}}
{"paired_progress": {"episode_start": 0, "completed": 80, "total": 250, "teacher_successes": 50, "student_successes": 49, "finished": false}}
{"paired_progress": {"episode_start": 0, "completed": 90, "total": 250, "teacher_successes": 58, "student_successes": 51, "finished": false}}
{"paired_progress": {"episode_start": 0, "completed": 100, "total": 250, "teacher_successes": 66, "student_successes": 55, "finished": false}}
{"paired_progress": {"episode_start": 0, "completed": 110, "total": 250, "teacher_successes": 73, "student_successes": 60, "finished": false}}
{"paired_progress": {"episode_start": 0, "completed": 120, "total": 250, "teacher_successes": 78, "student_successes": 68, "finished": false}}
{"paired_progress": {"episode_start": 0, "completed": 130, "total": 250, "teacher_successes": 84, "student_successes": 76, "finished": false}}
{"paired_progress": {"episode_start": 0, "completed": 140, "total": 250, "teacher_successes": 90, "student_successes": 83, "finished": false}}
{"paired_progress": {"episode_start": 0, "completed": 150, "total": 250, "teacher_successes": 96, "student_successes": 91, "finished": false}}
{"paired_progress": {"episode_start": 0, "completed": 160, "total": 250, "teacher_successes": 101, "student_successes": 97, "finished": false}}
{"paired_progress": {"episode_start": 0, "completed": 170, "total": 250, "teacher_successes": 108, "student_successes": 102, "finished": false}}
{"paired_progress": {"episode_start": 0, "completed": 180, "total": 250, "teacher_successes": 116, "student_successes": 107, "finished": false}}
{"paired_progress": {"episode_start": 0, "completed": 190, "total": 250, "teacher_successes": 121, "student_successes": 109, "finished": false}}
{"paired_progress": {"episode_start": 0, "completed": 200, "total": 250, "teacher_successes": 127, "student_successes": 112, "finished": false}}
{"paired_progress": {"episode_start": 0, "completed": 210, "total": 250, "teacher_successes": 131, "student_successes": 115, "finished": false}}
{"paired_progress": {"episode_start": 0, "completed": 220, "total": 250, "teacher_successes": 138, "student_successes": 121, "finished": false}}
{"paired_progress": {"episode_start": 0, "completed": 230, "total": 250, "teacher_successes": 146, "student_successes": 127, "finished": false}}
{"paired_progress": {"episode_start": 0, "completed": 240, "total": 250, "teacher_successes": 154, "student_successes": 130, "finished": false}}
{"paired_progress": {"episode_start": 0, "completed": 250, "total": 250, "teacher_successes": 162, "student_successes": 137, "finished": true}}
