pybullet build time: Jan 29 2025 23:16:28
/jet/home/qzhou7/workspace/anaconda3/envs/d3il/lib/python3.10/site-packages/hydra/_internal/defaults_list.py:251: UserWarning: In 'avoiding_config': Defaults list is missing `_self_`. See https://hydra.cc/docs/upgrades/1.0_to_1.1/default_composition_order for more information
  warnings.warn(msg, UserWarning)
/jet/home/qzhou7/workspace/anaconda3/envs/d3il/lib/python3.10/site-packages/hydra/_internal/defaults_list.py:251: UserWarning: In 'avoiding_config': Defaults list is missing `_self_`. See https://hydra.cc/docs/upgrades/1.0_to_1.1/default_composition_order for more information
  warnings.warn(msg, UserWarning)
Final IK error (78 iterations):  7.2858622740646e-06
Final IK error (0 iterations):  7.2858622740646e-06
{"paired_progress": {"episode_start": 250, "completed": 10, "total": 250, "teacher_successes": 7, "student_successes": 5, "finished": false}}
{"paired_progress": {"episode_start": 250, "completed": 20, "total": 250, "teacher_successes": 13, "student_successes": 9, "finished": false}}
{"paired_progress": {"episode_start": 250, "completed": 30, "total": 250, "teacher_successes": 19, "student_successes": 15, "finished": false}}
{"paired_progress": {"episode_start": 250, "completed": 40, "total": 250, "teacher_successes": 26, "student_successes": 20, "finished": false}}
{"paired_progress": {"episode_start": 250, "completed": 50, "total": 250, "teacher_successes": 35, "student_successes": 25, "finished": false}}
{"paired_progress": {"episode_start": 250, "completed": 60, "total": 250, "teacher_successes": 41, "student_successes": 32, "finished": false}}
{"paired_progress": {"episode_start": 250, "completed": 70, "total": 250, "teacher_successes": 48, "student_successes": 40, "finished": false}}
{"paired_progress": {"episode_start": 250, "completed": 80, "total": 250, "teacher_successes": 55, "student_successes": 45, "finished": false}}
{"paired_progress": {"episode_start": 250, "completed": 90, "total": 250, "teacher_successes": 63, "student_successes": 51, "finished": false}}
{"paired_progress": {"episode_start": 250, "completed": 100, "total": 250, "teacher_successes": 70, "student_successes": 57, "finished": false}}
{"paired_progress": {"episode_start": 250, "completed": 110, "total": 250, "teacher_successes": 78, "student_successes": 64, "finished": false}}
{"paired_progress": {"episode_start": 250, "completed": 120, "total": 250, "teacher_successes": 85, "student_successes": 70, "finished": false}}
{"paired_progress": {"episode_start": 250, "completed": 130, "total": 250, "teacher_successes": 91, "student_successes": 77, "finished": false}}
{"paired_progress": {"episode_start": 250, "completed": 140, "total": 250, "teacher_successes": 97, "student_successes": 84, "finished": false}}
{"paired_progress": {"episode_start": 250, "completed": 150, "total": 250, "teacher_successes": 102, "student_successes": 89, "finished": false}}
{"paired_progress": {"episode_start": 250, "completed": 160, "total": 250, "teacher_successes": 110, "student_successes": 95, "finished": false}}
{"paired_progress": {"episode_start": 250, "completed": 170, "total": 250, "teacher_successes": 117, "student_successes": 104, "finished": false}}
{"paired_progress": {"episode_start": 250, "completed": 180, "total": 250, "teacher_successes": 121, "student_successes": 108, "finished": false}}
{"paired_progress": {"episode_start": 250, "completed": 190, "total": 250, "teacher_successes": 127, "student_successes": 113, "finished": false}}
{"paired_progress": {"episode_start": 250, "completed": 200, "total": 250, "teacher_successes": 136, "student_successes": 120, "finished": false}}
{"paired_progress": {"episode_start": 250, "completed": 210, "total": 250, "teacher_successes": 140, "student_successes": 123, "finished": false}}
{"paired_progress": {"episode_start": 250, "completed": 220, "total": 250, "teacher_successes": 146, "student_successes": 127, "finished": false}}
{"paired_progress": {"episode_start": 250, "completed": 230, "total": 250, "teacher_successes": 153, "student_successes": 132, "finished": false}}
{"paired_progress": {"episode_start": 250, "completed": 240, "total": 250, "teacher_successes": 162, "student_successes": 139, "finished": false}}
{"paired_progress": {"episode_start": 250, "completed": 250, "total": 250, "teacher_successes": 171, "student_successes": 144, "finished": true}}
