{"stage": "ctm", "method": "minilmv2_relation", "epoch": 0, "ctm_loss": 0.035658592358231544, "pseudo_dsm_loss": 0.17257477901875973, "endpoint_anchor_loss": 0.24455587193369865, "mode_gram_loss": 0.0, "selection_loss": 0.07737165745347738}
{"stage": "ctm", "method": "minilmv2_relation", "epoch": 25, "ctm_loss": 0.0454073422588408, "pseudo_dsm_loss": 0.16953700594604015, "endpoint_anchor_loss": 0.21636153385043144, "mode_gram_loss": 0.0, "selection_loss": 0.08399719623848796}
{"stage": "ctm", "method": "minilmv2_relation", "epoch": 50, "ctm_loss": 0.030975191853940487, "pseudo_dsm_loss": 0.17993531376123428, "endpoint_anchor_loss": 0.21244307979941368, "mode_gram_loss": 0.0, "selection_loss": 0.07021303121000529}
{"stage": "ctm", "method": "minilmv2_relation", "epoch": 75, "ctm_loss": 0.051099779549986124, "pseudo_dsm_loss": 0.1505447719246149, "endpoint_anchor_loss": 0.2080392837524414, "mode_gram_loss": 0.0, "selection_loss": 0.08695818511769175}
{"stage": "ctm", "method": "minilmv2_relation", "epoch": 100, "ctm_loss": 0.06277414131909609, "pseudo_dsm_loss": 0.16805055644363165, "endpoint_anchor_loss": 0.2031041532754898, "mode_gram_loss": 0.0, "selection_loss": 0.09988961229100823}
{"stage": "ctm", "method": "minilmv2_relation", "epoch": 125, "ctm_loss": 0.06073341146111488, "pseudo_dsm_loss": 0.17835306748747826, "endpoint_anchor_loss": 0.20993997529149055, "mode_gram_loss": 0.0, "selection_loss": 0.09956271573901176}
{"stage": "ctm", "method": "minilmv2_relation", "epoch": 150, "ctm_loss": 0.048109245020896196, "pseudo_dsm_loss": 0.11739732697606087, "endpoint_anchor_loss": 0.1993102803826332, "mode_gram_loss": 0.0, "selection_loss": 0.07978000575676561}
{"stage": "ctm", "method": "minilmv2_relation", "epoch": 175, "ctm_loss": 0.023264251882210374, "pseudo_dsm_loss": 0.16539139673113823, "endpoint_anchor_loss": 0.20515595003962517, "mode_gram_loss": 0.0, "selection_loss": 0.06031898655928672}
{"stage": "ctm", "method": "minilmv2_relation", "epoch": 200, "ctm_loss": 0.030066927371080965, "pseudo_dsm_loss": 0.1637655720114708, "endpoint_anchor_loss": 0.20156778022646904, "mode_gram_loss": 0.0, "selection_loss": 0.06660026259487495}
{"stage": "ctm", "method": "minilmv2_relation", "epoch": 225, "ctm_loss": 0.04408921534195542, "pseudo_dsm_loss": 0.1779252178966999, "endpoint_anchor_loss": 0.1994633749127388, "mode_gram_loss": 0.0, "selection_loss": 0.08182807462289929}
{"stage": "ctm", "method": "minilmv2_relation", "epoch": 250, "ctm_loss": 0.021132115478394553, "pseudo_dsm_loss": 0.19871286675333977, "endpoint_anchor_loss": 0.20015430077910423, "mode_gram_loss": 0.0, "selection_loss": 0.06101883223163895}
{"stage": "ctm", "method": "minilmv2_relation", "epoch": 275, "ctm_loss": 0.02351368049858138, "pseudo_dsm_loss": 0.17521771788597107, "endpoint_anchor_loss": 0.19743072614073753, "mode_gram_loss": 0.0, "selection_loss": 0.06077852490125224}
{"stage": "ctm", "method": "minilmv2_relation", "epoch": 300, "ctm_loss": 0.021870091324672103, "pseudo_dsm_loss": 0.16541380807757378, "endpoint_anchor_loss": 0.19546744599938393, "mode_gram_loss": 0.0, "selection_loss": 0.05795821673236788}
{"stage": "ctm", "method": "minilmv2_relation", "epoch": 325, "ctm_loss": 0.03644604585133493, "pseudo_dsm_loss": 0.16548198834061623, "endpoint_anchor_loss": 0.20167390257120132, "mode_gram_loss": 0.0, "selection_loss": 0.07316163494251669}
{"stage": "ctm", "method": "minilmv2_relation", "epoch": 350, "ctm_loss": 0.04257269110530615, "pseudo_dsm_loss": 0.15142475441098213, "endpoint_anchor_loss": 0.19758836552500725, "mode_gram_loss": 0.0, "selection_loss": 0.07747400309890509}
{"stage": "ctm", "method": "minilmv2_relation", "epoch": 375, "ctm_loss": 0.03888710722094402, "pseudo_dsm_loss": 0.17539112269878387, "endpoint_anchor_loss": 0.19968775659799576, "mode_gram_loss": 0.0, "selection_loss": 0.07639499515062198}
{"stage": "ctm", "method": "minilmv2_relation", "epoch": 400, "ctm_loss": 0.03858711197972298, "pseudo_dsm_loss": 0.16676079854369164, "endpoint_anchor_loss": 0.1953628957271576, "mode_gram_loss": 0.0, "selection_loss": 0.07479948140680791}
{"stage": "ctm", "method": "minilmv2_relation", "epoch": 425, "ctm_loss": 0.03917794022709131, "pseudo_dsm_loss": 0.13154457043856382, "endpoint_anchor_loss": 0.19405758753418922, "mode_gram_loss": 0.0, "selection_loss": 0.07173815602436662}
{"stage": "ctm", "method": "minilmv2_relation", "epoch": 450, "ctm_loss": 0.02743608085438609, "pseudo_dsm_loss": 0.13135247118771076, "endpoint_anchor_loss": 0.19759303703904152, "mode_gram_loss": 0.0, "selection_loss": 0.06033063167706132}
{"stage": "ctm", "method": "minilmv2_relation", "epoch": 475, "ctm_loss": 0.05959354934748262, "pseudo_dsm_loss": 0.19297849014401436, "endpoint_anchor_loss": 0.20182576030492783, "mode_gram_loss": 0.0, "selection_loss": 0.09907397439237683}
{
  "method": "minilmv2_relation",
  "student_architecture": {
    "layers": 3,
    "embed_dim": 48,
    "heads": 3
  },
  "multi_noise": 1,
  "endpoint_weight": 0.0,
  "mode_balanced_sampling": false,
  "stratified_multitime": false,
  "initialization": {
    "teacher_layers": [
      0,
      1,
      2
    ],
    "selected_heads": [
      0,
      1,
      2
    ],
    "selected_channels": [
      0,
      1,
      2,
      3,
      4,
      6,
      7,
      8,
      10,
      11,
      12,
      13,
      14,
      15,
      16,
      17,
      18,
      19,
      20,
      21,
      22,
      23,
      25,
      27,
      28,
      29,
      30,
      31,
      32,
      33,
      34,
      35,
      36,
      37,
      38,
      39,
      40,
      41,
      42,
      43,
      44,
      46,
      47,
      48,
      50,
      51,
      52,
      53
    ],
    "method": "early",
    "load_max_abs_diff": 0.0,
    "pretrained_structure": "logs/avoiding/teacher_generated_minilmv2_repair_accuracy/velocity_w1/model/pretrain_epoch_0250.pth"
  },
  "uses_original_demonstrations": false,
  "uses_expert_actions": false,
  "buffer": "logs/avoiding/teacher_generated_transfer/transfer_buffer.pt",
  "structure_dynamic_pretraining": false,
  "pretrain_epochs": 0,
  "ctm_epochs": 500,
  "ctm_dsm_weight": 0.1,
  "ctm_endpoint_anchor_weight": 0.1,
  "ctm_mode_weight": 0.0,
  "ctm_conditional_samples": 4,
  "ctm_milestones": [
    100,
    250,
    500
  ],
  "best_epoch": 472,
  "best_selection_loss": 0.04656479395925999
}
