{"stage": "ctm", "method": "early_multinoise_endpoint", "epoch": 0, "ctm_loss": 0.09361089952290058, "pseudo_dsm_loss": 0.5326652340590954, "selection_loss": 0.14687742292881012}
{"stage": "ctm", "method": "early_multinoise_endpoint", "epoch": 25, "ctm_loss": 0.09320303983986378, "pseudo_dsm_loss": 0.5395182259380817, "selection_loss": 0.14715486243367196}
{"stage": "ctm", "method": "early_multinoise_endpoint", "epoch": 50, "ctm_loss": 0.07824502885341644, "pseudo_dsm_loss": 0.5439356043934822, "selection_loss": 0.13263858929276467}
{"stage": "ctm", "method": "early_multinoise_endpoint", "epoch": 75, "ctm_loss": 0.07671565655618906, "pseudo_dsm_loss": 0.4064418897032738, "selection_loss": 0.11735984552651643}
{"stage": "ctm", "method": "early_multinoise_endpoint", "epoch": 100, "ctm_loss": 0.08696755580604076, "pseudo_dsm_loss": 0.46291884034872055, "selection_loss": 0.13325943984091282}
{"stage": "ctm", "method": "early_multinoise_endpoint", "epoch": 125, "ctm_loss": 0.08855317067354918, "pseudo_dsm_loss": 0.4841369763016701, "selection_loss": 0.13696686830371618}
{"stage": "ctm", "method": "early_multinoise_endpoint", "epoch": 150, "ctm_loss": 0.07472940720617771, "pseudo_dsm_loss": 0.2909940145909786, "selection_loss": 0.10382880866527558}
{"stage": "ctm", "method": "early_multinoise_endpoint", "epoch": 175, "ctm_loss": 0.06043950002640486, "pseudo_dsm_loss": 0.47377959452569485, "selection_loss": 0.10781745947897434}
{"stage": "ctm", "method": "early_multinoise_endpoint", "epoch": 200, "ctm_loss": 0.0486121391877532, "pseudo_dsm_loss": 0.3791203573346138, "selection_loss": 0.08652417492121459}
{"stage": "ctm", "method": "early_multinoise_endpoint", "epoch": 225, "ctm_loss": 0.06688210554420948, "pseudo_dsm_loss": 0.457108736038208, "selection_loss": 0.11259297914803029}
{"stage": "ctm", "method": "early_multinoise_endpoint", "epoch": 250, "ctm_loss": 0.051594560500234365, "pseudo_dsm_loss": 0.5448809564113617, "selection_loss": 0.10608265614137054}
{"stage": "ctm", "method": "early_multinoise_endpoint", "epoch": 275, "ctm_loss": 0.05647747917100787, "pseudo_dsm_loss": 0.482241403311491, "selection_loss": 0.10470161950215698}
{"stage": "ctm", "method": "early_multinoise_endpoint", "epoch": 300, "ctm_loss": 0.04304206371307373, "pseudo_dsm_loss": 0.3562600687146187, "selection_loss": 0.0786680705845356}
{"stage": "ctm", "method": "early_multinoise_endpoint", "epoch": 325, "ctm_loss": 0.04610151145607233, "pseudo_dsm_loss": 0.30760657787323, "selection_loss": 0.07686216924339533}
{"stage": "ctm", "method": "early_multinoise_endpoint", "epoch": 350, "ctm_loss": 0.06304625794291496, "pseudo_dsm_loss": 0.34317804127931595, "selection_loss": 0.09736406207084655}
{"stage": "ctm", "method": "early_multinoise_endpoint", "epoch": 375, "ctm_loss": 0.06670294795185328, "pseudo_dsm_loss": 0.41354846209287643, "selection_loss": 0.10805779416114092}
{"stage": "ctm", "method": "early_multinoise_endpoint", "epoch": 400, "ctm_loss": 0.05233939830213785, "pseudo_dsm_loss": 0.3589062914252281, "selection_loss": 0.08823002744466066}
{"stage": "ctm", "method": "early_multinoise_endpoint", "epoch": 425, "ctm_loss": 0.05061614699661732, "pseudo_dsm_loss": 0.24732534028589725, "selection_loss": 0.07534868102520705}
{"stage": "ctm", "method": "early_multinoise_endpoint", "epoch": 450, "ctm_loss": 0.05758568085730076, "pseudo_dsm_loss": 0.30842331424355507, "selection_loss": 0.08842801228165627}
{"stage": "ctm", "method": "early_multinoise_endpoint", "epoch": 475, "ctm_loss": 0.08659204794093966, "pseudo_dsm_loss": 0.4504691809415817, "selection_loss": 0.13163896603509784}
{
  "method": "early_multinoise_endpoint",
  "student_architecture": {
    "layers": 3,
    "embed_dim": 48,
    "heads": 3
  },
  "multi_noise": 4,
  "endpoint_weight": 0.03,
  "mode_balanced_sampling": false,
  "stratified_multitime": false,
  "initialization": {
    "teacher_layers": [
      0,
      1,
      2
    ],
    "selected_heads": [
      0,
      1,
      2
    ],
    "selected_channels": [
      0,
      1,
      2,
      3,
      4,
      6,
      7,
      8,
      10,
      11,
      12,
      13,
      14,
      15,
      16,
      17,
      18,
      19,
      20,
      21,
      22,
      23,
      25,
      27,
      28,
      29,
      30,
      31,
      32,
      33,
      34,
      35,
      36,
      37,
      38,
      39,
      40,
      41,
      42,
      43,
      44,
      46,
      47,
      48,
      50,
      51,
      52,
      53
    ],
    "method": "early",
    "load_max_abs_diff": 0.0
  },
  "uses_original_demonstrations": false,
  "uses_expert_actions": false,
  "buffer": "logs/avoiding/teacher_generated_transfer/transfer_buffer.pt",
  "structure_dynamic_pretraining": false,
  "pretrain_epochs": 0,
  "ctm_epochs": 500,
  "best_epoch": 354,
  "best_selection_loss": 0.0589525368064642
}
