{"stage": "ctm", "method": "minilmv2_relation", "epoch": 0, "ctm_loss": 0.02608244144357741, "pseudo_dsm_loss": 0.18820550292730331, "endpoint_anchor_loss": 0.0, "mode_gram_loss": 0.0, "endpoint_mmd_loss": 0.01264389231801033, "selection_loss": 0.046167380968108775}
{"stage": "ctm", "method": "minilmv2_relation", "epoch": 25, "ctm_loss": 0.0231499369838275, "pseudo_dsm_loss": 0.20347695238888264, "endpoint_anchor_loss": 0.0, "mode_gram_loss": 0.0, "endpoint_mmd_loss": 0.00971888191998005, "selection_loss": 0.044469520414713776}
{"stage": "ctm", "method": "minilmv2_relation", "epoch": 50, "ctm_loss": 0.07325857132673264, "pseudo_dsm_loss": 0.19912248104810715, "endpoint_anchor_loss": 0.0, "mode_gram_loss": 0.0, "endpoint_mmd_loss": 0.009625566191971302, "selection_loss": 0.09413337605074047}
{"stage": "ctm", "method": "minilmv2_relation", "epoch": 75, "ctm_loss": 0.021628327609505504, "pseudo_dsm_loss": 0.20420372858643532, "endpoint_anchor_loss": 0.0, "mode_gram_loss": 0.0, "endpoint_mmd_loss": 0.01087576150894165, "selection_loss": 0.04313627661904321}
{"stage": "ctm", "method": "minilmv2_relation", "epoch": 100, "ctm_loss": 0.0463948625838384, "pseudo_dsm_loss": 0.18842905014753342, "endpoint_anchor_loss": 0.0, "mode_gram_loss": 0.0, "endpoint_mmd_loss": 0.00977987889200449, "selection_loss": 0.0662157554877922}
{"stage": "ctm", "method": "minilmv2_relation", "epoch": 125, "ctm_loss": 0.02256169798783958, "pseudo_dsm_loss": 0.1724468097090721, "endpoint_anchor_loss": 0.0, "mode_gram_loss": 0.0, "endpoint_mmd_loss": 0.009025189094245434, "selection_loss": 0.040708897868171334}
{"stage": "ctm", "method": "minilmv2_relation", "epoch": 150, "ctm_loss": 0.06943200575187802, "pseudo_dsm_loss": 0.1886981800198555, "endpoint_anchor_loss": 0.0, "mode_gram_loss": 0.0, "endpoint_mmd_loss": 0.008775889873504639, "selection_loss": 0.08917941274121403}
{"stage": "ctm", "method": "minilmv2_relation", "epoch": 175, "ctm_loss": 0.03648086654720828, "pseudo_dsm_loss": 0.16266874969005585, "endpoint_anchor_loss": 0.0, "mode_gram_loss": 0.0, "endpoint_mmd_loss": 0.010764822363853455, "selection_loss": 0.05382422375259921}
{"stage": "ctm", "method": "minilmv2_relation", "epoch": 200, "ctm_loss": 0.048709457187214866, "pseudo_dsm_loss": 0.1883688122034073, "endpoint_anchor_loss": 0.0, "mode_gram_loss": 0.0, "endpoint_mmd_loss": 0.010464389808475971, "selection_loss": 0.06859277738840319}
{"stage": "ctm", "method": "minilmv2_relation", "epoch": 225, "ctm_loss": 0.05412779841572046, "pseudo_dsm_loss": 0.1400492861866951, "endpoint_anchor_loss": 0.0, "mode_gram_loss": 0.0, "endpoint_mmd_loss": 0.008921823464334011, "selection_loss": 0.06902490938082337}
{"stage": "ctm", "method": "minilmv2_relation", "epoch": 250, "ctm_loss": 0.028617972508072853, "pseudo_dsm_loss": 0.16442104056477547, "endpoint_anchor_loss": 0.0, "mode_gram_loss": 0.0, "endpoint_mmd_loss": 0.009438332170248032, "selection_loss": 0.0460039097815752}
{"stage": "ctm", "method": "minilmv2_relation", "epoch": 275, "ctm_loss": 0.02995956689119339, "pseudo_dsm_loss": 0.19302585534751415, "endpoint_anchor_loss": 0.0, "mode_gram_loss": 0.0, "endpoint_mmd_loss": 0.009277107194066048, "selection_loss": 0.05018986314535141}
{"stage": "ctm", "method": "minilmv2_relation", "epoch": 300, "ctm_loss": 0.0460364202153869, "pseudo_dsm_loss": 0.2165478840470314, "endpoint_anchor_loss": 0.0, "mode_gram_loss": 0.0, "endpoint_mmd_loss": 0.01087169162929058, "selection_loss": 0.0687783777830191}
{"stage": "ctm", "method": "minilmv2_relation", "epoch": 325, "ctm_loss": 0.025303114525740966, "pseudo_dsm_loss": 0.20435938984155655, "endpoint_anchor_loss": 0.0, "mode_gram_loss": 0.0, "endpoint_mmd_loss": 0.008854648098349571, "selection_loss": 0.046624518319731585}
{"stage": "ctm", "method": "minilmv2_relation", "epoch": 350, "ctm_loss": 0.054262819699943066, "pseudo_dsm_loss": 0.1861817091703415, "endpoint_anchor_loss": 0.0, "mode_gram_loss": 0.0, "endpoint_mmd_loss": 0.009938678704202175, "selection_loss": 0.07387485848739743}
{"stage": "ctm", "method": "minilmv2_relation", "epoch": 375, "ctm_loss": 0.05034271808108315, "pseudo_dsm_loss": 0.2271755449473858, "endpoint_anchor_loss": 0.0, "mode_gram_loss": 0.0, "endpoint_mmd_loss": 0.009500724263489246, "selection_loss": 0.07401034500217066}
{"stage": "ctm", "method": "minilmv2_relation", "epoch": 400, "ctm_loss": 0.027613052632659674, "pseudo_dsm_loss": 0.20446551218628883, "endpoint_anchor_loss": 0.0, "mode_gram_loss": 0.0, "endpoint_mmd_loss": 0.009301668033003807, "selection_loss": 0.04898977065458894}
{"stage": "ctm", "method": "minilmv2_relation", "epoch": 425, "ctm_loss": 0.028474261984229088, "pseudo_dsm_loss": 0.1193954311311245, "endpoint_anchor_loss": 0.0, "mode_gram_loss": 0.0, "endpoint_mmd_loss": 0.00914655439555645, "selection_loss": 0.04132846053689718}
{"stage": "ctm", "method": "minilmv2_relation", "epoch": 450, "ctm_loss": 0.037588061997666955, "pseudo_dsm_loss": 0.19112533330917358, "endpoint_anchor_loss": 0.0, "mode_gram_loss": 0.0, "endpoint_mmd_loss": 0.009218914434313774, "selection_loss": 0.057622486772015695}
{"stage": "ctm", "method": "minilmv2_relation", "epoch": 475, "ctm_loss": 0.039330367115326226, "pseudo_dsm_loss": 0.16231240890920162, "endpoint_anchor_loss": 0.0, "mode_gram_loss": 0.0, "endpoint_mmd_loss": 0.010686039924621582, "selection_loss": 0.056630211998708546}
{
  "method": "minilmv2_relation",
  "experiment_label": "demonstration_free_ctm",
  "demonstration_free": true,
  "ctm_data_source": "rollout",
  "ctm_balance_kind": "bmd_latent",
  "ctm_latent_labels": "logs/avoiding/bmd_velocity250/discovery/k16_seed42/discovery.npz",
  "ctm_success_only": false,
  "demonstration_mixture_probability": 0.0,
  "student_architecture": {
    "layers": 3,
    "embed_dim": 48,
    "heads": 3
  },
  "multi_noise": 1,
  "endpoint_weight": 0.0,
  "mode_balanced_sampling": false,
  "stratified_multitime": false,
  "initialization": {
    "teacher_layers": [
      0,
      1,
      2
    ],
    "selected_heads": [
      0,
      1,
      2
    ],
    "selected_channels": [
      0,
      1,
      2,
      3,
      4,
      6,
      7,
      8,
      10,
      11,
      12,
      13,
      14,
      15,
      16,
      17,
      18,
      19,
      20,
      21,
      22,
      23,
      25,
      27,
      28,
      29,
      30,
      31,
      32,
      33,
      34,
      35,
      36,
      37,
      38,
      39,
      40,
      41,
      42,
      43,
      44,
      46,
      47,
      48,
      50,
      51,
      52,
      53
    ],
    "method": "early",
    "load_max_abs_diff": 0.0,
    "pretrained_structure": "logs/avoiding/teacher_generated_minilmv2_repair_accuracy/velocity_w1/model/pretrain_epoch_0250.pth"
  },
  "uses_original_demonstrations": false,
  "uses_expert_actions": false,
  "demonstration_dir": null,
  "buffer": "logs/avoiding/bmd_velocity250/transfer_buffer.pt",
  "structure_dynamic_pretraining": false,
  "pretrain_epochs": 0,
  "ctm_epochs": 500,
  "ctm_dsm_weight": 0.1,
  "ctm_endpoint_anchor_weight": 0.0,
  "ctm_mode_weight": 0.0,
  "ctm_endpoint_mmd_weight": 0.1,
  "ctm_conditional_samples": 4,
  "ctm_milestones": [
    100,
    250,
    500
  ],
  "best_epoch": 316,
  "best_selection_loss": 0.03141222198028118
}
