{"stage": "structure", "method": "activation_dynamic", "epoch": 0, "loss": 4.088923215866089}
{"stage": "structure", "method": "activation_dynamic", "epoch": 25, "loss": 1.9388687834143639}
{"stage": "structure", "method": "activation_dynamic", "epoch": 50, "loss": 1.6191788343712687}
{"stage": "structure", "method": "activation_dynamic", "epoch": 75, "loss": 0.8180417157709599}
{"stage": "structure", "method": "activation_dynamic", "epoch": 100, "loss": 1.4311614520847797}
{"stage": "structure", "method": "activation_dynamic", "epoch": 125, "loss": 2.8871917724609375}
{"stage": "structure", "method": "activation_dynamic", "epoch": 150, "loss": 0.20478052273392677}
{"stage": "structure", "method": "activation_dynamic", "epoch": 175, "loss": 1.6177052836865187}
{"stage": "structure", "method": "activation_dynamic", "epoch": 200, "loss": 0.15839511901140213}
{"stage": "structure", "method": "activation_dynamic", "epoch": 225, "loss": 1.329678975045681}
{"stage": "structure", "method": "activation_dynamic", "epoch": 250, "loss": 1.6723528672009706}
{"stage": "structure", "method": "activation_dynamic", "epoch": 275, "loss": 1.0445735566318035}
{"stage": "ctm", "method": "activation_dynamic", "epoch": 0, "ctm_loss": 0.053662677295506, "pseudo_dsm_loss": 0.40654759109020233, "selection_loss": 0.09431743640452624}
{"stage": "ctm", "method": "activation_dynamic", "epoch": 25, "ctm_loss": 0.07382828556001186, "pseudo_dsm_loss": 0.4454130083322525, "selection_loss": 0.11836958639323711}
{"stage": "ctm", "method": "activation_dynamic", "epoch": 50, "ctm_loss": 0.050306972581893206, "pseudo_dsm_loss": 0.49727075546979904, "selection_loss": 0.10003404812887312}
{"stage": "ctm", "method": "activation_dynamic", "epoch": 75, "ctm_loss": 0.058205656707286835, "pseudo_dsm_loss": 0.43333636596798897, "selection_loss": 0.10153929330408573}
{"stage": "ctm", "method": "activation_dynamic", "epoch": 100, "ctm_loss": 0.04197732312604785, "pseudo_dsm_loss": 0.33685318008065224, "selection_loss": 0.07566264113411308}
{"stage": "ctm", "method": "activation_dynamic", "epoch": 125, "ctm_loss": 0.04482436878606677, "pseudo_dsm_loss": 0.31456471234560013, "selection_loss": 0.0762808400206268}
{"stage": "ctm", "method": "activation_dynamic", "epoch": 150, "ctm_loss": 0.0640367940068245, "pseudo_dsm_loss": 0.3097936809062958, "selection_loss": 0.09501616209745407}
{"stage": "ctm", "method": "activation_dynamic", "epoch": 175, "ctm_loss": 0.06231516785919666, "pseudo_dsm_loss": 0.3767807111144066, "selection_loss": 0.09999323897063733}
{"stage": "ctm", "method": "activation_dynamic", "epoch": 200, "ctm_loss": 0.04536179592832923, "pseudo_dsm_loss": 0.3304763101041317, "selection_loss": 0.0784094269387424}
{"stage": "ctm", "method": "activation_dynamic", "epoch": 225, "ctm_loss": 0.045870497822761536, "pseudo_dsm_loss": 0.2394480425864458, "selection_loss": 0.06981530208140611}
{"stage": "ctm", "method": "activation_dynamic", "epoch": 250, "ctm_loss": 0.05052782129496336, "pseudo_dsm_loss": 0.27067262679338455, "selection_loss": 0.07759508397430182}
{"stage": "ctm", "method": "activation_dynamic", "epoch": 275, "ctm_loss": 0.07523538591340184, "pseudo_dsm_loss": 0.3882983699440956, "selection_loss": 0.1140652229078114}
{"stage": "ctm", "method": "activation_dynamic", "epoch": 300, "ctm_loss": 0.044014138635247946, "pseudo_dsm_loss": 0.3242467474192381, "selection_loss": 0.07643881337717176}
{"stage": "ctm", "method": "activation_dynamic", "epoch": 325, "ctm_loss": 0.038667723536491394, "pseudo_dsm_loss": 0.2868894524872303, "selection_loss": 0.06735666878521443}
{"stage": "ctm", "method": "activation_dynamic", "epoch": 350, "ctm_loss": 0.042179199401289225, "pseudo_dsm_loss": 0.387545183300972, "selection_loss": 0.08093371773138643}
{"stage": "ctm", "method": "activation_dynamic", "epoch": 375, "ctm_loss": 0.03844361752271652, "pseudo_dsm_loss": 0.3514709994196892, "selection_loss": 0.07359071746468544}
{"stage": "ctm", "method": "activation_dynamic", "epoch": 400, "ctm_loss": 0.05170647148042917, "pseudo_dsm_loss": 0.32672588154673576, "selection_loss": 0.08437905963510275}
{"stage": "ctm", "method": "activation_dynamic", "epoch": 425, "ctm_loss": 0.040537742897868156, "pseudo_dsm_loss": 0.30621878430247307, "selection_loss": 0.07115962132811546}
{"stage": "ctm", "method": "activation_dynamic", "epoch": 450, "ctm_loss": 0.04073495604097843, "pseudo_dsm_loss": 0.16997360438108444, "selection_loss": 0.05773231647908687}
{"stage": "ctm", "method": "activation_dynamic", "epoch": 475, "ctm_loss": 0.03310771659016609, "pseudo_dsm_loss": 0.2943398058414459, "selection_loss": 0.06254169717431068}
{
  "method": "activation_dynamic",
  "initialization": {
    "teacher_layers": [
      0,
      2,
      3
    ],
    "selected_heads": [
      1,
      2,
      3
    ],
    "selected_channels": [
      18,
      19,
      20,
      21,
      22,
      23,
      26,
      27,
      28,
      29,
      30,
      31,
      32,
      33,
      34,
      35,
      36,
      37,
      39,
      40,
      41,
      42,
      43,
      44,
      45,
      46,
      47,
      48,
      50,
      51,
      52,
      53,
      54,
      55,
      57,
      58,
      59,
      60,
      61,
      62,
      63,
      64,
      65,
      66,
      67,
      68,
      69,
      71
    ],
    "method": "activation",
    "load_max_abs_diff": 0.0
  },
  "uses_original_demonstrations": false,
  "uses_expert_actions": false,
  "buffer": "logs/avoiding/teacher_generated_transfer/transfer_buffer.pt",
  "structure_dynamic_pretraining": true,
  "pretrain_epochs": 300,
  "ctm_epochs": 500,
  "best_epoch": 483,
  "best_selection_loss": 0.055574339162558314
}
