{
  "method": "offline_trajectory_bmd_proxy",
  "full_paper_ppo_steering": false,
  "uses_original_demonstrations": false,
  "uses_ground_truth_modes_for_training": false,
  "ground_truth_modes_used_for_posthoc_evaluation": true,
  "clusters": 16,
  "seed": 42,
  "episodes": 480,
  "successful_episodes": 276,
  "silhouette": 0.19719160649568063,
  "gmm_bic": 15065.63554694845,
  "nmi_all": 0.7631980852293888,
  "ari_all": 0.5387054132986788,
  "nmi_success": 0.8163396181421507,
  "ari_success": 0.6968825466972306,
  "purity_success": 0.7210144927536232,
  "occupied_latents": 16,
  "min_latent_size": 6,
  "max_latent_size": 67,
  "latent_occupancy": [
    25,
    59,
    28,
    49,
    35,
    67,
    6,
    12,
    13,
    60,
    6,
    36,
    23,
    26,
    12,
    23
  ],
  "latent_success_rate": [
    0.0,
    1.0,
    0.0,
    0.3877551020408163,
    0.0,
    1.0,
    1.0,
    1.0,
    0.8461538461538461,
    0.26666666666666666,
    0.0,
    0.7777777777777778,
    1.0,
    0.0,
    1.0,
    1.0
  ],
  "latent_true_mode_coverage": [
    0,
    1,
    0,
    4,
    0,
    6,
    2,
    1,
    2,
    9,
    0,
    3,
    1,
    0,
    2,
    2
  ]
}
