pybullet build time: Jan 29 2025 23:16:28
{
  "episodes": 1000,
  "teacher": {
    "n_trajectories": 1000,
    "success_rate": 0.965,
    "successful_trajectories": 965,
    "unique_successful_modes": 24,
    "normalized_mode_entropy": 0.9310655578487397
  },
  "student": {
    "n_trajectories": 1000,
    "success_rate": 0.876,
    "successful_trajectories": 876,
    "unique_successful_modes": 18,
    "normalized_mode_entropy": 0.4225227794545656
  },
  "teacher_success_to_student_failure": 121,
  "teacher_success_to_student_failure_rate": 0.12538860103626942,
  "exact_mode_retention_over_teacher_success": 0.03316062176165803,
  "exact_mode_retention_when_both_succeed": 0.037914691943127965,
  "successful_mode_js_divergence": 0.39125171078873344,
  "mutual_information": 0.1493472621293695,
  "normalized_mutual_information": 0.069151202384219,
  "student_given_teacher_entropy": 1.4017653276431057,
  "level_1_exact_retention_over_teacher_success": 0.48808290155440415,
  "level_2_exact_retention_over_teacher_success": 0.11398963730569948
}
