{"epoch": 1, "objective": "mean", "velocity": 0.9358204007148743, "inner_endpoint": 0.2908942401409149, "temperature": 2.0, "logits": [-0.001999999163672328, 0.001999999862164259, -0.001999999862164259, -0.0019999996293336153], "probabilities": [0.24974976480007172, 0.25075075030326843, 0.24974976480007172, 0.24974976480007172], "gate_loss": 1.0, "endpoint_mean": 0.12761372327804565, "endpoint_cvar20": 0.3446701765060425, "trajectory": 0.0, "coverage": 0.0, "precision": 0.0}
{"epoch": 10, "objective": "mean", "velocity": 0.8936777710914612, "inner_endpoint": 0.19361825287342072, "temperature": 1.8551891210457476, "logits": [0.004302545450627804, 0.011521776206791401, 0.003173584584146738, -0.009815125726163387], "probabilities": [0.2504948079586029, 0.25230973958969116, 0.2502121925354004, 0.24698327481746674], "gate_loss": 1.0, "endpoint_mean": 0.2850455641746521, "endpoint_cvar20": 0.6382185220718384, "trajectory": 0.0, "coverage": 0.0, "precision": 0.0}
{"epoch": 20, "objective": "mean", "velocity": 0.12240129709243774, "inner_endpoint": 0.14882703125476837, "temperature": 1.7065519552568404, "logits": [0.006893306504935026, 0.021705349907279015, 0.00968986190855503, -0.006138351745903492], "probabilities": [0.2497018724679947, 0.25342801213264465, 0.25040116906166077, 0.24646897614002228], "gate_loss": 1.0, "endpoint_mean": 0.11310765147209167, "endpoint_cvar20": 0.36375749111175537, "trajectory": 0.0, "coverage": 0.0, "precision": 0.0}
{"epoch": 30, "objective": "mean", "velocity": 1.3914029598236084, "inner_endpoint": 0.15401804447174072, "temperature": 1.5698235521935933, "logits": [0.006540473084896803, 0.03532634302973747, 0.019810985773801804, 0.0033247859682887793], "probabilities": [0.2475644052028656, 0.2547943592071533, 0.2508716285228729, 0.24676960706710815], "gate_loss": 1.0, "endpoint_mean": 0.24355147778987885, "endpoint_cvar20": 0.6944215297698975, "trajectory": 0.0, "coverage": 0.0, "precision": 0.0}
{"epoch": 40, "objective": "mean", "velocity": 0.5204309225082397, "inner_endpoint": 0.16987329721450806, "temperature": 1.4440497855518386, "logits": [0.0099488515406847, 0.04897020384669304, 0.02765507623553276, 0.008756422437727451], "probabilities": [0.24652007222175598, 0.2563297748565674, 0.25092390179634094, 0.24622628092765808], "gate_loss": 1.0, "endpoint_mean": 0.0500025600194931, "endpoint_cvar20": 0.16232042014598846, "trajectory": 0.0, "coverage": 0.0, "precision": 0.0}
{"epoch": 50, "objective": "mean", "velocity": 0.7125588059425354, "inner_endpoint": 0.20350679755210876, "temperature": 1.3283529733252153, "logits": [0.021033672615885735, 0.05771404504776001, 0.03602928668260574, 0.00931164063513279], "probabilities": [0.24747473001480103, 0.25672075152397156, 0.2512137293815613, 0.24459077417850494], "gate_loss": 1.0, "endpoint_mean": 0.18674644827842712, "endpoint_cvar20": 0.6037697792053223, "trajectory": 0.0, "coverage": 0.0, "precision": 0.0}
{"epoch": 60, "objective": "mean", "velocity": 1.3748646974563599, "inner_endpoint": 0.16420385241508484, "temperature": 1.2219257531121992, "logits": [0.03377281501889229, 0.0655207484960556, 0.0433860644698143, 0.009051485918462276], "probabilities": [0.24891109764575958, 0.2569402754306793, 0.25131547451019287, 0.24283312261104584], "gate_loss": 1.0, "endpoint_mean": 0.10362563282251358, "endpoint_cvar20": 0.31329450011253357, "trajectory": 0.0, "coverage": 0.0, "precision": 0.0}
{"epoch": 70, "objective": "mean", "velocity": 0.926865816116333, "inner_endpoint": 0.1741074025630951, "temperature": 1.1240254481315974, "logits": [0.0385020487010479, 0.07789206504821777, 0.05546317249536514, 0.009335892274975777], "probabilities": [0.24822907149791718, 0.25820192694664, 0.25247520208358765, 0.2410937398672104], "gate_loss": 1.0, "endpoint_mean": 0.19886444509029388, "endpoint_cvar20": 0.5555009841918945, "trajectory": 0.0, "coverage": 0.0, "precision": 0.0}
{"epoch": 80, "objective": "mean", "velocity": 0.5583024024963379, "inner_endpoint": 0.10939154028892517, "temperature": 1.033968884631101, "logits": [0.04137575626373291, 0.09378369897603989, 0.0669030100107193, 0.009758608415722847], "probabilities": [0.24700267612934113, 0.26029279828071594, 0.2533891499042511, 0.23931533098220825], "gate_loss": 1.0, "endpoint_mean": 0.3304627239704132, "endpoint_cvar20": 0.7560208439826965, "trajectory": 0.0, "coverage": 0.0, "precision": 0.0}
{"epoch": 90, "objective": "mean", "velocity": 1.2991937398910522, "inner_endpoint": 0.14857351779937744, "temperature": 0.9511276245234236, "logits": [0.047410979866981506, 0.11228188872337341, 0.08025625348091125, 0.0003301725664641708], "probabilities": [0.2466442734003067, 0.2631746828556061, 0.254879891872406, 0.2353011816740036], "gate_loss": 1.0, "endpoint_mean": 0.135873943567276, "endpoint_cvar20": 0.35898831486701965, "trajectory": 0.0, "coverage": 0.0, "precision": 0.0}
{"epoch": 100, "objective": "mean", "velocity": 0.6024531126022339, "inner_endpoint": 0.16090644896030426, "temperature": 0.8749235799821279, "logits": [0.05526979640126228, 0.12836119532585144, 0.10108538717031479, -0.011245653964579105], "probabilities": [0.24640503525733948, 0.26508963108062744, 0.2579568326473236, 0.23054848611354828], "gate_loss": 1.0, "endpoint_mean": 0.0715467780828476, "endpoint_cvar20": 0.2115585058927536, "trajectory": 0.0, "coverage": 0.0, "precision": 0.0}
{"epoch": 110, "objective": "mean", "velocity": 0.5270489454269409, "inner_endpoint": 0.16119815409183502, "temperature": 0.8048249793946459, "logits": [0.059906039386987686, 0.14566677808761597, 0.12557673454284668, -0.021339774131774902], "probabilities": [0.2451348453760147, 0.26708558201789856, 0.26177334785461426, 0.22600623965263367], "gate_loss": 1.0, "endpoint_mean": 0.17015182971954346, "endpoint_cvar20": 0.6012245416641235, "trajectory": 0.0, "coverage": 0.0, "precision": 0.0}
{"epoch": 120, "objective": "mean", "velocity": 0.5301408767700195, "inner_endpoint": 0.10479718446731567, "temperature": 0.7403426565218687, "logits": [0.06360094249248505, 0.16222883760929108, 0.14888150990009308, -0.027177782729268074], "probabilities": [0.243552103638649, 0.2687976062297821, 0.26523372530937195, 0.22241657972335815], "gate_loss": 1.0, "endpoint_mean": 0.13754206895828247, "endpoint_cvar20": 0.2561047375202179, "trajectory": 0.0, "coverage": 0.0, "precision": 0.0}
{"epoch": 130, "objective": "mean", "velocity": 0.9627115726470947, "inner_endpoint": 0.16475439071655273, "temperature": 0.681026636969096, "logits": [0.06558223068714142, 0.1784251630306244, 0.1707334965467453, -0.03587108850479126], "probabilities": [0.24190478026866913, 0.2708017826080322, 0.2687268555164337, 0.21856661140918732], "gate_loss": 1.0, "endpoint_mean": 0.10548119246959686, "endpoint_cvar20": 0.3324929177761078, "trajectory": 0.0, "coverage": 0.0, "precision": 0.0}
{"epoch": 140, "objective": "mean", "velocity": 0.7137137651443481, "inner_endpoint": 0.12628573179244995, "temperature": 0.6264629981478542, "logits": [0.07011138647794724, 0.19697649776935577, 0.19155572354793549, -0.042626168578863144], "probabilities": [0.24051322042942047, 0.27304598689079285, 0.2715698480606079, 0.21487094461917877], "gate_loss": 1.0, "endpoint_mean": 0.14371593296527863, "endpoint_cvar20": 0.3246811330318451, "trajectory": 0.0, "coverage": 0.0, "precision": 0.0}
{"epoch": 150, "objective": "mean", "velocity": 0.7286773920059204, "inner_endpoint": 0.1392737478017807, "temperature": 0.5762709808165806, "logits": [0.08181538432836533, 0.21166250109672546, 0.21083536744117737, -0.04664243385195732], "probabilities": [0.2406265288591385, 0.2739904224872589, 0.27376389503479004, 0.21161915361881256], "gate_loss": 1.0, "endpoint_mean": 0.27681875228881836, "endpoint_cvar20": 0.8802053332328796, "trajectory": 0.0, "coverage": 0.0, "precision": 0.0}
{"epoch": 160, "objective": "mean", "velocity": 1.1417360305786133, "inner_endpoint": 0.11644521355628967, "temperature": 0.5301003320437552, "logits": [0.08832885324954987, 0.22424781322479248, 0.22617606818675995, -0.043171629309654236], "probabilities": [0.23979850113391876, 0.2747105360031128, 0.2752407491207123, 0.21025024354457855], "gate_loss": 1.0, "endpoint_mean": 0.21653345227241516, "endpoint_cvar20": 0.6005021929740906, "trajectory": 0.0, "coverage": 0.0, "precision": 0.0}
{"epoch": 170, "objective": "mean", "velocity": 0.37504300475120544, "inner_endpoint": 0.1452924609184265, "temperature": 0.4876288610519848, "logits": [0.09610669314861298, 0.23676680028438568, 0.24184805154800415, -0.04472619667649269], "probabilities": [0.239431232213974, 0.2755933105945587, 0.27699723839759827, 0.20797820389270782], "gate_loss": 1.0, "endpoint_mean": 0.13792665302753448, "endpoint_cvar20": 0.4695133566856384, "trajectory": 0.0, "coverage": 0.0, "precision": 0.0}
{"epoch": 180, "objective": "mean", "velocity": 0.8443421721458435, "inner_endpoint": 0.10234539210796356, "temperature": 0.44856019088708876, "logits": [0.10500400513410568, 0.2499707043170929, 0.26384785771369934, -0.05073564872145653], "probabilities": [0.23900927603244781, 0.2762949764728546, 0.28015589714050293, 0.20453982055187225], "gate_loss": 1.0, "endpoint_mean": 0.13062885403633118, "endpoint_cvar20": 0.400617390871048, "trajectory": 0.0, "coverage": 0.0, "precision": 0.0}
{"epoch": 190, "objective": "mean", "velocity": 0.6870473623275757, "inner_endpoint": 0.1288302093744278, "temperature": 0.41262169022274386, "logits": [0.11495983600616455, 0.2641258239746094, 0.28319859504699707, -0.05942489951848984], "probabilities": [0.23900240659713745, 0.27744969725608826, 0.28279221057891846, 0.20075573027133942], "gate_loss": 1.0, "endpoint_mean": 0.13232961297035217, "endpoint_cvar20": 0.39401963353157043, "trajectory": 0.0, "coverage": 0.0, "precision": 0.0}
{"epoch": 200, "objective": "mean", "velocity": 0.34050363302230835, "inner_endpoint": 0.14515095949172974, "temperature": 0.3795625708682894, "logits": [0.1253650188446045, 0.2802206575870514, 0.3021177053451538, -0.06650537252426147], "probabilities": [0.23887789249420166, 0.27888742089271545, 0.2850615680217743, 0.1971731334924698], "gate_loss": 1.0, "endpoint_mean": 0.10747562348842621, "endpoint_cvar20": 0.26145315170288086, "trajectory": 0.0, "coverage": 0.0, "precision": 0.0}
{"epoch": 210, "objective": "mean", "velocity": 0.2999163568019867, "inner_endpoint": 0.15184286236763, "temperature": 0.34915213770360365, "logits": [0.13497856259346008, 0.29733186960220337, 0.3228232264518738, -0.07524975389242172], "probabilities": [0.23847445845603943, 0.280511736869812, 0.28775426745414734, 0.19325952231884003], "gate_loss": 1.0, "endpoint_mean": 0.08921937644481659, "endpoint_cvar20": 0.19988355040550232, "trajectory": 0.0, "coverage": 0.0, "precision": 0.0}
{"epoch": 220, "objective": "mean", "velocity": 0.1982935220003128, "inner_endpoint": 0.11625084280967712, "temperature": 0.3211781788286464, "logits": [0.14501819014549255, 0.31329241394996643, 0.3427119255065918, -0.08189626038074493], "probabilities": [0.23816105723381042, 0.28180670738220215, 0.2902204692363739, 0.18981172144412994], "gate_loss": 1.0, "endpoint_mean": 0.08129975199699402, "endpoint_cvar20": 0.2153569459915161, "trajectory": 0.0, "coverage": 0.0, "precision": 0.0}
{"epoch": 230, "objective": "mean", "velocity": 0.261476069688797, "inner_endpoint": 0.10813840478658676, "temperature": 0.29544548469370946, "logits": [0.1455792486667633, 0.3316679894924164, 0.3670150339603424, -0.0849928930401802], "probabilities": [0.23548941314220428, 0.2836538553237915, 0.29385948181152344, 0.18699723482131958], "gate_loss": 1.0, "endpoint_mean": 0.060849495232105255, "endpoint_cvar20": 0.20924200117588043, "trajectory": 0.0, "coverage": 0.0, "precision": 0.0}
{"epoch": 240, "objective": "mean", "velocity": 0.14628693461418152, "inner_endpoint": 0.15077149868011475, "temperature": 0.27177448587648434, "logits": [0.1502072662115097, 0.34993112087249756, 0.39436954259872437, -0.07936703413724899], "probabilities": [0.23296506702899933, 0.28446561098098755, 0.2973919212818146, 0.18517738580703735], "gate_loss": 1.0, "endpoint_mean": 0.19145552814006805, "endpoint_cvar20": 0.6765044331550598, "trajectory": 0.0, "coverage": 0.0, "precision": 0.0}
{"epoch": 250, "objective": "mean", "velocity": 0.6462984681129456, "inner_endpoint": 0.107185959815979, "temperature": 0.25, "logits": [0.15887385606765747, 0.3678646683692932, 0.41908496618270874, -0.07265027612447739], "probabilities": [0.23132291436195374, 0.2850901484489441, 0.3000729978084564, 0.18351392447948456], "gate_loss": 1.0, "endpoint_mean": 0.11246594041585922, "endpoint_cvar20": 0.30412960052490234, "trajectory": 0.0, "coverage": 0.0, "precision": 0.0}
{
  "experiment": "recoverability-guided hard Top-K depth search",
  "objective": "mean",
  "selected_layers": [
    0,
    1,
    2
  ],
  "final_logits": [
    0.15887385606765747,
    0.3678646683692932,
    0.41908496618270874,
    -0.07265027612447739
  ],
  "train_windows": 136078,
  "heldout_windows": 15136,
  "episode_disjoint_split": true,
  "uses_mode_labels": false,
  "uses_environment_rewards": false,
  "uses_original_demonstrations": false,
  "teacher": "FM-4x72-16",
  "target": "FM-3x72-16"
}
