{"stage": "ctm", "method": "pca", "epoch": 0, "ctm_loss": 0.10344427824020386, "pseudo_dsm_loss": 0.6220323666930199, "selection_loss": 0.16564751490950586}
{"stage": "ctm", "method": "pca", "epoch": 25, "ctm_loss": 0.08157958555966616, "pseudo_dsm_loss": 0.6045921817421913, "selection_loss": 0.14203880373388528}
{"stage": "ctm", "method": "pca", "epoch": 50, "ctm_loss": 0.07027206663042307, "pseudo_dsm_loss": 0.6249260231852531, "selection_loss": 0.1327646689489484}
{"stage": "ctm", "method": "pca", "epoch": 75, "ctm_loss": 0.07613427098840475, "pseudo_dsm_loss": 0.4946765564382076, "selection_loss": 0.12560192663222552}
{"stage": "ctm", "method": "pca", "epoch": 100, "ctm_loss": 0.07950722146779299, "pseudo_dsm_loss": 0.5519952513277531, "selection_loss": 0.1347067466005683}
{"stage": "ctm", "method": "pca", "epoch": 125, "ctm_loss": 0.08082416839897633, "pseudo_dsm_loss": 0.5886165052652359, "selection_loss": 0.13968581892549992}
{"stage": "ctm", "method": "pca", "epoch": 150, "ctm_loss": 0.07731726299971342, "pseudo_dsm_loss": 0.342154785990715, "selection_loss": 0.11153274159878493}
{"stage": "ctm", "method": "pca", "epoch": 175, "ctm_loss": 0.0562591478228569, "pseudo_dsm_loss": 0.570182278752327, "selection_loss": 0.1132773756980896}
{"stage": "ctm", "method": "pca", "epoch": 200, "ctm_loss": 0.051758626475930214, "pseudo_dsm_loss": 0.4731796607375145, "selection_loss": 0.09907659254968167}
{"stage": "ctm", "method": "pca", "epoch": 225, "ctm_loss": 0.05995348189026117, "pseudo_dsm_loss": 0.5496815219521523, "selection_loss": 0.1149216340854764}
{"stage": "ctm", "method": "pca", "epoch": 250, "ctm_loss": 0.04633443523198366, "pseudo_dsm_loss": 0.6400006115436554, "selection_loss": 0.1103344963863492}
{"stage": "ctm", "method": "pca", "epoch": 275, "ctm_loss": 0.054599073715507984, "pseudo_dsm_loss": 0.5518161617219448, "selection_loss": 0.10978068988770247}
{"stage": "ctm", "method": "pca", "epoch": 300, "ctm_loss": 0.04842751286923885, "pseudo_dsm_loss": 0.4316377714276314, "selection_loss": 0.091591290012002}
{"stage": "ctm", "method": "pca", "epoch": 325, "ctm_loss": 0.05086645483970642, "pseudo_dsm_loss": 0.3640070706605911, "selection_loss": 0.08726716190576553}
{"stage": "ctm", "method": "pca", "epoch": 350, "ctm_loss": 0.06799351517111063, "pseudo_dsm_loss": 0.39817235991358757, "selection_loss": 0.10781075116246938}
{"stage": "ctm", "method": "pca", "epoch": 375, "ctm_loss": 0.06653774715960026, "pseudo_dsm_loss": 0.4740154780447483, "selection_loss": 0.1139392949640751}
{"stage": "ctm", "method": "pca", "epoch": 400, "ctm_loss": 0.0590775515884161, "pseudo_dsm_loss": 0.4007074423134327, "selection_loss": 0.09914829581975937}
{"stage": "ctm", "method": "pca", "epoch": 425, "ctm_loss": 0.059102888219058514, "pseudo_dsm_loss": 0.2727901581674814, "selection_loss": 0.08638190403580666}
{"stage": "ctm", "method": "pca", "epoch": 450, "ctm_loss": 0.06039644870907068, "pseudo_dsm_loss": 0.34575018286705017, "selection_loss": 0.0949714669957757}
{"stage": "ctm", "method": "pca", "epoch": 475, "ctm_loss": 0.09100050944834948, "pseudo_dsm_loss": 0.5123259723186493, "selection_loss": 0.1422331066802144}
{
  "method": "pca",
  "initialization": {
    "teacher_layers": [
      0,
      2,
      3
    ],
    "explained_variance": 1.0,
    "method": "pca",
    "load_max_abs_diff": 0.0
  },
  "uses_original_demonstrations": false,
  "uses_expert_actions": false,
  "buffer": "logs/avoiding/teacher_generated_transfer/transfer_buffer.pt",
  "structure_dynamic_pretraining": false,
  "pretrain_epochs": 0,
  "ctm_epochs": 500,
  "best_epoch": 316,
  "best_selection_loss": 0.06943134889006615
}
