{"stage": "ctm", "method": "minilmv2_relation", "epoch": 0, "ctm_loss": 0.09787767147645354, "pseudo_dsm_loss": 0.22925174608826637, "endpoint_anchor_loss": 0.0, "mode_gram_loss": 0.0, "endpoint_mmd_loss": 0.0, "selection_loss": 0.12080284608528018}
{"stage": "ctm", "method": "minilmv2_relation", "epoch": 25, "ctm_loss": 0.028437445405870676, "pseudo_dsm_loss": 0.1520210262387991, "endpoint_anchor_loss": 0.0, "mode_gram_loss": 0.0, "endpoint_mmd_loss": 0.0, "selection_loss": 0.043639548029750584}
{"stage": "ctm", "method": "minilmv2_relation", "epoch": 50, "ctm_loss": 0.0302923169801943, "pseudo_dsm_loss": 0.1824399083852768, "endpoint_anchor_loss": 0.0, "mode_gram_loss": 0.0, "endpoint_mmd_loss": 0.0, "selection_loss": 0.04853630781872198}
{"stage": "ctm", "method": "minilmv2_relation", "epoch": 75, "ctm_loss": 0.029729510890319943, "pseudo_dsm_loss": 0.18246344476938248, "endpoint_anchor_loss": 0.0, "mode_gram_loss": 0.0, "endpoint_mmd_loss": 0.0, "selection_loss": 0.047975855367258194}
{"stage": "ctm", "method": "minilmv2_relation", "epoch": 100, "ctm_loss": 0.07235368527472019, "pseudo_dsm_loss": 0.2150820940732956, "endpoint_anchor_loss": 0.0, "mode_gram_loss": 0.0, "endpoint_mmd_loss": 0.0, "selection_loss": 0.09386189468204975}
{"stage": "ctm", "method": "minilmv2_relation", "epoch": 125, "ctm_loss": 0.02323554892791435, "pseudo_dsm_loss": 0.1819400154054165, "endpoint_anchor_loss": 0.0, "mode_gram_loss": 0.0, "endpoint_mmd_loss": 0.0, "selection_loss": 0.041429550468456006}
{"stage": "ctm", "method": "minilmv2_relation", "epoch": 150, "ctm_loss": 0.016088857199065387, "pseudo_dsm_loss": 0.17610809952020645, "endpoint_anchor_loss": 0.0, "mode_gram_loss": 0.0, "endpoint_mmd_loss": 0.0, "selection_loss": 0.033699667151086035}
{"stage": "ctm", "method": "minilmv2_relation", "epoch": 175, "ctm_loss": 0.017537070787511766, "pseudo_dsm_loss": 0.2051691636443138, "endpoint_anchor_loss": 0.0, "mode_gram_loss": 0.0, "endpoint_mmd_loss": 0.0, "selection_loss": 0.03805398715194315}
{"stage": "ctm", "method": "minilmv2_relation", "epoch": 200, "ctm_loss": 0.054061287082731724, "pseudo_dsm_loss": 0.13650258630514145, "endpoint_anchor_loss": 0.0, "mode_gram_loss": 0.0, "endpoint_mmd_loss": 0.0, "selection_loss": 0.06771154571324586}
{"stage": "ctm", "method": "minilmv2_relation", "epoch": 225, "ctm_loss": 0.02609185077017173, "pseudo_dsm_loss": 0.19504239223897457, "endpoint_anchor_loss": 0.0, "mode_gram_loss": 0.0, "endpoint_mmd_loss": 0.0, "selection_loss": 0.045596089994069194}
{"stage": "ctm", "method": "minilmv2_relation", "epoch": 250, "ctm_loss": 0.027935811202041805, "pseudo_dsm_loss": 0.18941203504800797, "endpoint_anchor_loss": 0.0, "mode_gram_loss": 0.0, "endpoint_mmd_loss": 0.0, "selection_loss": 0.04687701470684261}
{"stage": "ctm", "method": "minilmv2_relation", "epoch": 275, "ctm_loss": 0.033435444347560406, "pseudo_dsm_loss": 0.19400098361074924, "endpoint_anchor_loss": 0.0, "mode_gram_loss": 0.0, "endpoint_mmd_loss": 0.0, "selection_loss": 0.05283554270863533}
{"stage": "ctm", "method": "minilmv2_relation", "epoch": 300, "ctm_loss": 0.04756265738978982, "pseudo_dsm_loss": 0.14359175972640514, "endpoint_anchor_loss": 0.0, "mode_gram_loss": 0.0, "endpoint_mmd_loss": 0.0, "selection_loss": 0.06192183336243033}
{"stage": "ctm", "method": "minilmv2_relation", "epoch": 325, "ctm_loss": 0.03418892412446439, "pseudo_dsm_loss": 0.16614490561187267, "endpoint_anchor_loss": 0.0, "mode_gram_loss": 0.0, "endpoint_mmd_loss": 0.0, "selection_loss": 0.050803414685651666}
{"stage": "ctm", "method": "minilmv2_relation", "epoch": 350, "ctm_loss": 0.029252663924125955, "pseudo_dsm_loss": 0.23141998797655106, "endpoint_anchor_loss": 0.0, "mode_gram_loss": 0.0, "endpoint_mmd_loss": 0.0, "selection_loss": 0.05239466272178106}
{"stage": "ctm", "method": "minilmv2_relation", "epoch": 375, "ctm_loss": 0.03097017016261816, "pseudo_dsm_loss": 0.16697650402784348, "endpoint_anchor_loss": 0.0, "mode_gram_loss": 0.0, "endpoint_mmd_loss": 0.0, "selection_loss": 0.04766782056540251}
{"stage": "ctm", "method": "minilmv2_relation", "epoch": 400, "ctm_loss": 0.04442305210977793, "pseudo_dsm_loss": 0.13812139071524143, "endpoint_anchor_loss": 0.0, "mode_gram_loss": 0.0, "endpoint_mmd_loss": 0.0, "selection_loss": 0.05823519118130207}
{"stage": "ctm", "method": "minilmv2_relation", "epoch": 425, "ctm_loss": 0.02740391477709636, "pseudo_dsm_loss": 0.2009681649506092, "endpoint_anchor_loss": 0.0, "mode_gram_loss": 0.0, "endpoint_mmd_loss": 0.0, "selection_loss": 0.04750073127215729}
{"stage": "ctm", "method": "minilmv2_relation", "epoch": 450, "ctm_loss": 0.03283960046246648, "pseudo_dsm_loss": 0.18345287255942822, "endpoint_anchor_loss": 0.0, "mode_gram_loss": 0.0, "endpoint_mmd_loss": 0.0, "selection_loss": 0.0511848877184093}
{"stage": "ctm", "method": "minilmv2_relation", "epoch": 475, "ctm_loss": 0.0194960820954293, "pseudo_dsm_loss": 0.1638629548251629, "endpoint_anchor_loss": 0.0, "mode_gram_loss": 0.0, "endpoint_mmd_loss": 0.0, "selection_loss": 0.03588237757794559}
{
  "method": "minilmv2_relation",
  "experiment_label": "demonstration_free_ctm",
  "demonstration_free": true,
  "ctm_data_source": "rollout",
  "ctm_balance_kind": "ground_truth_mode_oracle",
  "ctm_latent_labels": null,
  "ctm_success_only": false,
  "demonstration_mixture_probability": 0.0,
  "student_architecture": {
    "layers": 3,
    "embed_dim": 48,
    "heads": 3
  },
  "multi_noise": 1,
  "endpoint_weight": 0.0,
  "mode_balanced_sampling": false,
  "stratified_multitime": false,
  "initialization": {
    "teacher_layers": [
      0,
      1,
      2
    ],
    "selected_heads": [
      0,
      1,
      2
    ],
    "selected_channels": [
      0,
      1,
      2,
      3,
      4,
      6,
      7,
      8,
      10,
      11,
      12,
      13,
      14,
      15,
      16,
      17,
      18,
      19,
      20,
      21,
      22,
      23,
      25,
      27,
      28,
      29,
      30,
      31,
      32,
      33,
      34,
      35,
      36,
      37,
      38,
      39,
      40,
      41,
      42,
      43,
      44,
      46,
      47,
      48,
      50,
      51,
      52,
      53
    ],
    "method": "early",
    "load_max_abs_diff": 0.0,
    "pretrained_structure": "logs/avoiding/teacher_generated_minilmv2_repair_accuracy/velocity_w1/model/pretrain_epoch_0250.pth"
  },
  "uses_original_demonstrations": false,
  "uses_expert_actions": false,
  "demonstration_dir": null,
  "buffer": "logs/avoiding/bmd_velocity250/transfer_buffer.pt",
  "structure_dynamic_pretraining": false,
  "pretrain_epochs": 0,
  "ctm_epochs": 500,
  "ctm_dsm_weight": 0.1,
  "ctm_endpoint_anchor_weight": 0.0,
  "ctm_mode_weight": 0.0,
  "ctm_endpoint_mmd_weight": 0.0,
  "ctm_conditional_samples": 4,
  "ctm_milestones": [
    100,
    250,
    500
  ],
  "best_epoch": 206,
  "best_selection_loss": 0.03006856667343527
}
