[2026-07-27 01:56:15,423][agents.models.diffusion.diffusion_models][INFO] - number of parameters: 2.176660e+05
[2026-07-27 01:56:19,872][root][INFO] - Loading Sorting Dataset
[2026-07-27 01:56:21,910][root][INFO] - Loading Sorting Dataset
[2026-07-27 01:56:22,266][agents.utils.scaler][INFO] - Datset Info: state min: [-2.3854534  -1.52318297 -2.5436591  -1.47282681] and max: [2.68851348 1.91139402 2.31634682 1.92205774], action min: [-1.83908446 -2.15521727] and max: [1.93458139 0.68739523]
[2026-07-27 01:56:22,266][agents.utils.scaler][INFO] - Training dataset size: input (7305, 4) target (7305, 2)
[2026-07-27 01:56:22,266][agents.base_agent][INFO] - The model has a total amount of 217666 parameters
[2026-07-27 01:57:06,214][agents.ddpm_agent][INFO] - Epoch 49: Mean test mse is 0.488407738506794
[2026-07-27 01:57:06,402][agents.ddpm_agent][INFO] - New best test loss. Stored weights have been updated!
[2026-07-27 01:57:36,035][agents.ddpm_agent][INFO] - Epoch 99: Mean test mse is 0.37248908409050535
[2026-07-27 01:57:36,052][agents.ddpm_agent][INFO] - New best test loss. Stored weights have been updated!
[2026-07-27 01:58:05,670][agents.ddpm_agent][INFO] - Epoch 149: Mean test mse is 0.3390975972371442
[2026-07-27 01:58:05,712][agents.ddpm_agent][INFO] - New best test loss. Stored weights have been updated!
[2026-07-27 01:58:35,282][agents.ddpm_agent][INFO] - Epoch 199: Mean test mse is 0.33426391652652193
[2026-07-27 01:58:36,085][agents.ddpm_agent][INFO] - New best test loss. Stored weights have been updated!
[2026-07-27 01:59:05,570][agents.ddpm_agent][INFO] - Epoch 249: Mean test mse is 0.2917871406035764
[2026-07-27 01:59:06,151][agents.ddpm_agent][INFO] - New best test loss. Stored weights have been updated!
[2026-07-27 01:59:35,569][agents.ddpm_agent][INFO] - Epoch 299: Mean test mse is 0.30083482233541353
[2026-07-27 02:00:05,010][agents.ddpm_agent][INFO] - Epoch 349: Mean test mse is 0.2810342184134892
[2026-07-27 02:00:05,201][agents.ddpm_agent][INFO] - New best test loss. Stored weights have been updated!
[2026-07-27 02:00:34,539][agents.ddpm_agent][INFO] - Epoch 399: Mean test mse is 0.25843257723110064
[2026-07-27 02:00:35,374][agents.ddpm_agent][INFO] - New best test loss. Stored weights have been updated!
[2026-07-27 02:01:04,705][agents.ddpm_agent][INFO] - Epoch 449: Mean test mse is 0.2517843523195812
[2026-07-27 02:01:04,720][agents.ddpm_agent][INFO] - New best test loss. Stored weights have been updated!
[2026-07-27 02:01:34,040][agents.ddpm_agent][INFO] - Epoch 499: Mean test mse is 0.25408932087676867
[2026-07-27 02:02:03,494][agents.ddpm_agent][INFO] - Epoch 549: Mean test mse is 0.23960760395441735
[2026-07-27 02:02:03,696][agents.ddpm_agent][INFO] - New best test loss. Stored weights have been updated!
[2026-07-27 02:02:33,042][agents.ddpm_agent][INFO] - Epoch 599: Mean test mse is 0.2526692407471793
[2026-07-27 02:03:02,297][agents.ddpm_agent][INFO] - Epoch 649: Mean test mse is 0.2431938461959362
[2026-07-27 02:03:31,589][agents.ddpm_agent][INFO] - Epoch 699: Mean test mse is 0.2289995476603508
[2026-07-27 02:03:31,624][agents.ddpm_agent][INFO] - New best test loss. Stored weights have been updated!
[2026-07-27 02:04:00,766][agents.ddpm_agent][INFO] - Epoch 749: Mean test mse is 0.21047287168247358
[2026-07-27 02:04:01,092][agents.ddpm_agent][INFO] - New best test loss. Stored weights have been updated!
[2026-07-27 02:04:29,937][agents.ddpm_agent][INFO] - Epoch 799: Mean test mse is 0.2020165143268449
[2026-07-27 02:04:30,373][agents.ddpm_agent][INFO] - New best test loss. Stored weights have been updated!
[2026-07-27 02:04:59,222][agents.ddpm_agent][INFO] - Epoch 849: Mean test mse is 0.20747663719313486
[2026-07-27 02:05:28,058][agents.ddpm_agent][INFO] - Epoch 899: Mean test mse is 0.18849883175321988
[2026-07-27 02:05:28,642][agents.ddpm_agent][INFO] - New best test loss. Stored weights have been updated!
[2026-07-27 02:05:57,511][agents.ddpm_agent][INFO] - Epoch 949: Mean test mse is 0.1963857305901391
[2026-07-27 02:06:26,279][agents.ddpm_agent][INFO] - Epoch 999: Mean test mse is 0.1927996033004352
[2026-07-27 02:06:55,086][agents.ddpm_agent][INFO] - Epoch 1049: Mean test mse is 0.19638115114399365
[2026-07-27 02:07:24,038][agents.ddpm_agent][INFO] - Epoch 1099: Mean test mse is 0.19964776081698282
[2026-07-27 02:07:52,888][agents.ddpm_agent][INFO] - Epoch 1149: Mean test mse is 0.1824246873813016
[2026-07-27 02:07:52,911][agents.ddpm_agent][INFO] - New best test loss. Stored weights have been updated!
[2026-07-27 02:08:21,699][agents.ddpm_agent][INFO] - Epoch 1199: Mean test mse is 0.18397632108203002
[2026-07-27 02:08:50,606][agents.ddpm_agent][INFO] - Epoch 1249: Mean test mse is 0.18785802062068666
[2026-07-27 02:09:19,640][agents.ddpm_agent][INFO] - Epoch 1299: Mean test mse is 0.17117072269320488
[2026-07-27 02:09:19,655][agents.ddpm_agent][INFO] - New best test loss. Stored weights have been updated!
[2026-07-27 02:09:48,513][agents.ddpm_agent][INFO] - Epoch 1349: Mean test mse is 0.17691421615225927
[2026-07-27 02:10:17,356][agents.ddpm_agent][INFO] - Epoch 1399: Mean test mse is 0.17651156815035002
[2026-07-27 02:10:46,191][agents.ddpm_agent][INFO] - Epoch 1449: Mean test mse is 0.1679791339806148
[2026-07-27 02:10:46,206][agents.ddpm_agent][INFO] - New best test loss. Stored weights have been updated!
[2026-07-27 02:11:15,062][agents.ddpm_agent][INFO] - Epoch 1499: Mean test mse is 0.1598322293055909
[2026-07-27 02:11:15,079][agents.ddpm_agent][INFO] - New best test loss. Stored weights have been updated!
[2026-07-27 02:11:43,906][agents.ddpm_agent][INFO] - Epoch 1549: Mean test mse is 0.17593739660722868
[2026-07-27 02:12:12,772][agents.ddpm_agent][INFO] - Epoch 1599: Mean test mse is 0.1601982723389353
[2026-07-27 02:12:41,682][agents.ddpm_agent][INFO] - Epoch 1649: Mean test mse is 0.15602872174765384
[2026-07-27 02:12:41,698][agents.ddpm_agent][INFO] - New best test loss. Stored weights have been updated!
[2026-07-27 02:13:10,477][agents.ddpm_agent][INFO] - Epoch 1699: Mean test mse is 0.15316774296973432
[2026-07-27 02:13:10,493][agents.ddpm_agent][INFO] - New best test loss. Stored weights have been updated!
[2026-07-27 02:13:39,773][agents.ddpm_agent][INFO] - Epoch 1749: Mean test mse is 0.14755471902234213
[2026-07-27 02:13:39,789][agents.ddpm_agent][INFO] - New best test loss. Stored weights have been updated!
[2026-07-27 02:14:12,413][agents.ddpm_agent][INFO] - Epoch 1799: Mean test mse is 0.1770974307187966
[2026-07-27 02:14:41,317][agents.ddpm_agent][INFO] - Epoch 1849: Mean test mse is 0.15558570516960962
[2026-07-27 02:15:09,945][agents.ddpm_agent][INFO] - Epoch 1899: Mean test mse is 0.1415139396807977
[2026-07-27 02:15:10,826][agents.ddpm_agent][INFO] - New best test loss. Stored weights have been updated!
[2026-07-27 02:15:39,489][agents.ddpm_agent][INFO] - Epoch 1949: Mean test mse is 0.14114396034606866
[2026-07-27 02:15:39,506][agents.ddpm_agent][INFO] - New best test loss. Stored weights have been updated!
[2026-07-27 02:16:08,254][agents.ddpm_agent][INFO] - Epoch 1999: Mean test mse is 0.16730099144790853
[2026-07-27 02:16:37,206][agents.ddpm_agent][INFO] - Epoch 2049: Mean test mse is 0.1524090985102313
[2026-07-27 02:17:06,316][agents.ddpm_agent][INFO] - Epoch 2099: Mean test mse is 0.14422570115753583
[2026-07-27 02:17:35,432][agents.ddpm_agent][INFO] - Epoch 2149: Mean test mse is 0.1350796012473958
[2026-07-27 02:17:35,460][agents.ddpm_agent][INFO] - New best test loss. Stored weights have been updated!
[2026-07-27 02:18:04,434][agents.ddpm_agent][INFO] - Epoch 2199: Mean test mse is 0.12825211802763598
[2026-07-27 02:18:05,067][agents.ddpm_agent][INFO] - New best test loss. Stored weights have been updated!
[2026-07-27 02:18:33,853][agents.ddpm_agent][INFO] - Epoch 2249: Mean test mse is 0.13562776574066707
[2026-07-27 02:19:02,613][agents.ddpm_agent][INFO] - Epoch 2299: Mean test mse is 0.13667359043444907
[2026-07-27 02:19:31,722][agents.ddpm_agent][INFO] - Epoch 2349: Mean test mse is 0.13142877950200013
[2026-07-27 02:20:00,759][agents.ddpm_agent][INFO] - Epoch 2399: Mean test mse is 0.13136417897684233
[2026-07-27 02:20:29,737][agents.ddpm_agent][INFO] - Epoch 2449: Mean test mse is 0.1253428930150611
[2026-07-27 02:20:30,006][agents.ddpm_agent][INFO] - New best test loss. Stored weights have been updated!
[2026-07-27 02:20:59,045][agents.ddpm_agent][INFO] - Epoch 2499: Mean test mse is 0.12396314341042723
[2026-07-27 02:20:59,061][agents.ddpm_agent][INFO] - New best test loss. Stored weights have been updated!
[2026-07-27 02:21:28,000][agents.ddpm_agent][INFO] - Epoch 2549: Mean test mse is 0.127378145764981
[2026-07-27 02:21:56,953][agents.ddpm_agent][INFO] - Epoch 2599: Mean test mse is 0.13048211485147476
[2026-07-27 02:22:26,164][agents.ddpm_agent][INFO] - Epoch 2649: Mean test mse is 0.1241708512284926
[2026-07-27 02:22:55,278][agents.ddpm_agent][INFO] - Epoch 2699: Mean test mse is 0.1248714846691915
[2026-07-27 02:23:24,424][agents.ddpm_agent][INFO] - Epoch 2749: Mean test mse is 0.1352533269673586
[2026-07-27 02:23:53,475][agents.ddpm_agent][INFO] - Epoch 2799: Mean test mse is 0.12663366885057517
[2026-07-27 02:24:22,622][agents.ddpm_agent][INFO] - Epoch 2849: Mean test mse is 0.12785521761647292
[2026-07-27 02:24:51,805][agents.ddpm_agent][INFO] - Epoch 2899: Mean test mse is 0.11880761065653392
[2026-07-27 02:24:51,852][agents.ddpm_agent][INFO] - New best test loss. Stored weights have been updated!
[2026-07-27 02:25:21,009][agents.ddpm_agent][INFO] - Epoch 2949: Mean test mse is 0.11652769627315658
[2026-07-27 02:25:21,345][agents.ddpm_agent][INFO] - New best test loss. Stored weights have been updated!
[2026-07-27 02:25:50,362][agents.ddpm_agent][INFO] - Epoch 2999: Mean test mse is 0.12124580277928285
[2026-07-27 02:26:19,261][agents.ddpm_agent][INFO] - Epoch 3049: Mean test mse is 0.12351391703954764
[2026-07-27 02:26:48,395][agents.ddpm_agent][INFO] - Epoch 3099: Mean test mse is 0.12966797474239553
[2026-07-27 02:27:17,557][agents.ddpm_agent][INFO] - Epoch 3149: Mean test mse is 0.11943893054766315
[2026-07-27 02:27:46,787][agents.ddpm_agent][INFO] - Epoch 3199: Mean test mse is 0.11421400734356471
[2026-07-27 02:27:46,813][agents.ddpm_agent][INFO] - New best test loss. Stored weights have been updated!
[2026-07-27 02:28:15,948][agents.ddpm_agent][INFO] - Epoch 3249: Mean test mse is 0.11607002706399985
[2026-07-27 02:28:45,028][agents.ddpm_agent][INFO] - Epoch 3299: Mean test mse is 0.11612777172454766
[2026-07-27 02:29:14,106][agents.ddpm_agent][INFO] - Epoch 3349: Mean test mse is 0.11056465988180467
[2026-07-27 02:29:14,122][agents.ddpm_agent][INFO] - New best test loss. Stored weights have been updated!
[2026-07-27 02:29:43,038][agents.ddpm_agent][INFO] - Epoch 3399: Mean test mse is 0.11216446996799537
[2026-07-27 02:30:11,744][agents.ddpm_agent][INFO] - Epoch 3449: Mean test mse is 0.1105502603043403
[2026-07-27 02:30:11,760][agents.ddpm_agent][INFO] - New best test loss. Stored weights have been updated!
[2026-07-27 02:30:40,445][agents.ddpm_agent][INFO] - Epoch 3499: Mean test mse is 0.11146149278751441
[2026-07-27 02:31:09,308][agents.ddpm_agent][INFO] - Epoch 3549: Mean test mse is 0.1064176204215203
[2026-07-27 02:31:09,341][agents.ddpm_agent][INFO] - New best test loss. Stored weights have been updated!
[2026-07-27 02:31:38,055][agents.ddpm_agent][INFO] - Epoch 3599: Mean test mse is 0.11382876283356122
[2026-07-27 02:32:06,818][agents.ddpm_agent][INFO] - Epoch 3649: Mean test mse is 0.11810695672673839
[2026-07-27 02:32:35,558][agents.ddpm_agent][INFO] - Epoch 3699: Mean test mse is 0.11205127994929041
[2026-07-27 02:33:04,358][agents.ddpm_agent][INFO] - Epoch 3749: Mean test mse is 0.10940934770873614
[2026-07-27 02:33:33,168][agents.ddpm_agent][INFO] - Epoch 3799: Mean test mse is 0.119882875255176
[2026-07-27 02:34:02,055][agents.ddpm_agent][INFO] - Epoch 3849: Mean test mse is 0.1062443024877991
[2026-07-27 02:34:02,159][agents.ddpm_agent][INFO] - New best test loss. Stored weights have been updated!
[2026-07-27 02:34:31,071][agents.ddpm_agent][INFO] - Epoch 3899: Mean test mse is 0.10436956344970635
[2026-07-27 02:34:31,103][agents.ddpm_agent][INFO] - New best test loss. Stored weights have been updated!
[2026-07-27 02:35:00,057][agents.ddpm_agent][INFO] - Epoch 3949: Mean test mse is 0.10951030374105487
[2026-07-27 02:35:31,400][agents.ddpm_agent][INFO] - Epoch 3999: Mean test mse is 0.10881922034812826
[2026-07-27 02:36:03,216][agents.ddpm_agent][INFO] - Epoch 4049: Mean test mse is 0.10485659380044256
[2026-07-27 02:36:31,979][agents.ddpm_agent][INFO] - Epoch 4099: Mean test mse is 0.10530309339186975
[2026-07-27 02:37:00,574][agents.ddpm_agent][INFO] - Epoch 4149: Mean test mse is 0.10681997958038535
[2026-07-27 02:37:29,269][agents.ddpm_agent][INFO] - Epoch 4199: Mean test mse is 0.11351951876921314
[2026-07-27 02:37:58,847][agents.ddpm_agent][INFO] - Epoch 4249: Mean test mse is 0.10010850595842515
[2026-07-27 02:37:58,980][agents.ddpm_agent][INFO] - New best test loss. Stored weights have been updated!
[2026-07-27 02:38:27,668][agents.ddpm_agent][INFO] - Epoch 4299: Mean test mse is 0.1059355536874916
[2026-07-27 02:38:56,397][agents.ddpm_agent][INFO] - Epoch 4349: Mean test mse is 0.0997812429975186
[2026-07-27 02:38:56,437][agents.ddpm_agent][INFO] - New best test loss. Stored weights have been updated!
[2026-07-27 02:39:25,144][agents.ddpm_agent][INFO] - Epoch 4399: Mean test mse is 0.10749889111944608
[2026-07-27 02:39:53,890][agents.ddpm_agent][INFO] - Epoch 4449: Mean test mse is 0.1015689346407141
[2026-07-27 02:40:22,532][agents.ddpm_agent][INFO] - Epoch 4499: Mean test mse is 0.09738788873489414
[2026-07-27 02:40:22,548][agents.ddpm_agent][INFO] - New best test loss. Stored weights have been updated!
[2026-07-27 02:40:51,154][agents.ddpm_agent][INFO] - Epoch 4549: Mean test mse is 0.10422379443688053
[2026-07-27 02:41:19,843][agents.ddpm_agent][INFO] - Epoch 4599: Mean test mse is 0.09909259514617068
[2026-07-27 02:41:48,516][agents.ddpm_agent][INFO] - Epoch 4649: Mean test mse is 0.09980149780000959
[2026-07-27 02:42:18,755][agents.ddpm_agent][INFO] - Epoch 4699: Mean test mse is 0.10033286376191038
[2026-07-27 02:42:48,714][agents.ddpm_agent][INFO] - Epoch 4749: Mean test mse is 0.09611743688583374
[2026-07-27 02:42:48,732][agents.ddpm_agent][INFO] - New best test loss. Stored weights have been updated!
[2026-07-27 02:43:20,464][agents.ddpm_agent][INFO] - Epoch 4799: Mean test mse is 0.09753808113081115
[2026-07-27 02:43:51,093][agents.ddpm_agent][INFO] - Epoch 4849: Mean test mse is 0.10102627965222512
[2026-07-27 02:44:21,817][agents.ddpm_agent][INFO] - Epoch 4899: Mean test mse is 0.09816622946943555
[2026-07-27 02:44:52,153][agents.ddpm_agent][INFO] - Epoch 4949: Mean test mse is 0.09663537104747125
[2026-07-27 02:45:22,025][agents.ddpm_agent][INFO] - Epoch 4999: Mean test mse is 0.09534720943442412
[2026-07-27 02:45:22,070][agents.ddpm_agent][INFO] - New best test loss. Stored weights have been updated!
[2026-07-27 02:45:22,665][agents.ddpm_agent][INFO] - Training done!
[2026-07-27 02:45:22,665][__main__][INFO] - Training-only mode enabled; skipping simulation.
