{
  "best": {
    "method": "offline_trajectory_bmd_proxy",
    "full_paper_ppo_steering": false,
    "uses_original_demonstrations": false,
    "uses_ground_truth_modes_for_training": false,
    "ground_truth_modes_used_for_posthoc_evaluation": true,
    "clusters": 16,
    "seed": 42,
    "episodes": 480,
    "successful_episodes": 276,
    "silhouette": 0.19719160649568063,
    "gmm_bic": 15065.63554694845,
    "nmi_all": 0.7631980852293888,
    "ari_all": 0.5387054132986788,
    "nmi_success": 0.8163396181421507,
    "ari_success": 0.6968825466972306,
    "purity_success": 0.7210144927536232,
    "occupied_latents": 16,
    "min_latent_size": 6,
    "max_latent_size": 67,
    "latent_occupancy": [
      25,
      59,
      28,
      49,
      35,
      67,
      6,
      12,
      13,
      60,
      6,
      36,
      23,
      26,
      12,
      23
    ],
    "latent_success_rate": [
      0.0,
      1.0,
      0.0,
      0.3877551020408163,
      0.0,
      1.0,
      1.0,
      1.0,
      0.8461538461538461,
      0.26666666666666666,
      0.0,
      0.7777777777777778,
      1.0,
      0.0,
      1.0,
      1.0
    ],
    "latent_true_mode_coverage": [
      0,
      1,
      0,
      4,
      0,
      6,
      2,
      1,
      2,
      9,
      0,
      3,
      1,
      0,
      2,
      2
    ],
    "directory": "logs/avoiding/bmd_velocity250/discovery/k16_seed42"
  },
  "alternative": {
    "method": "offline_trajectory_bmd_proxy",
    "full_paper_ppo_steering": false,
    "uses_original_demonstrations": false,
    "uses_ground_truth_modes_for_training": false,
    "ground_truth_modes_used_for_posthoc_evaluation": true,
    "clusters": 8,
    "seed": 42,
    "episodes": 480,
    "successful_episodes": 276,
    "silhouette": 0.11920191014146626,
    "gmm_bic": 17326.39450085583,
    "nmi_all": 0.6212421075069626,
    "ari_all": 0.27763765033253524,
    "nmi_success": 0.6680947377991975,
    "ari_success": 0.4642741282351778,
    "purity_success": 0.5253623188405797,
    "occupied_latents": 8,
    "min_latent_size": 23,
    "max_latent_size": 167,
    "latent_occupancy": [
      26,
      64,
      42,
      167,
      23,
      58,
      59,
      41
    ],
    "latent_success_rate": [
      0.0,
      0.0,
      1.0,
      0.5269461077844312,
      0.0,
      1.0,
      1.0,
      0.7073170731707317
    ],
    "latent_true_mode_coverage": [
      0,
      0,
      2,
      15,
      0,
      1,
      7,
      3
    ],
    "directory": "logs/avoiding/bmd_velocity250/discovery/k8_seed42"
  },
  "candidates": [
    {
      "method": "offline_trajectory_bmd_proxy",
      "full_paper_ppo_steering": false,
      "uses_original_demonstrations": false,
      "uses_ground_truth_modes_for_training": false,
      "ground_truth_modes_used_for_posthoc_evaluation": true,
      "clusters": 16,
      "seed": 42,
      "episodes": 480,
      "successful_episodes": 276,
      "silhouette": 0.19719160649568063,
      "gmm_bic": 15065.63554694845,
      "nmi_all": 0.7631980852293888,
      "ari_all": 0.5387054132986788,
      "nmi_success": 0.8163396181421507,
      "ari_success": 0.6968825466972306,
      "purity_success": 0.7210144927536232,
      "occupied_latents": 16,
      "min_latent_size": 6,
      "max_latent_size": 67,
      "latent_occupancy": [
        25,
        59,
        28,
        49,
        35,
        67,
        6,
        12,
        13,
        60,
        6,
        36,
        23,
        26,
        12,
        23
      ],
      "latent_success_rate": [
        0.0,
        1.0,
        0.0,
        0.3877551020408163,
        0.0,
        1.0,
        1.0,
        1.0,
        0.8461538461538461,
        0.26666666666666666,
        0.0,
        0.7777777777777778,
        1.0,
        0.0,
        1.0,
        1.0
      ],
      "latent_true_mode_coverage": [
        0,
        1,
        0,
        4,
        0,
        6,
        2,
        1,
        2,
        9,
        0,
        3,
        1,
        0,
        2,
        2
      ],
      "directory": "logs/avoiding/bmd_velocity250/discovery/k16_seed42"
    },
    {
      "method": "offline_trajectory_bmd_proxy",
      "full_paper_ppo_steering": false,
      "uses_original_demonstrations": false,
      "uses_ground_truth_modes_for_training": false,
      "ground_truth_modes_used_for_posthoc_evaluation": true,
      "clusters": 8,
      "seed": 42,
      "episodes": 480,
      "successful_episodes": 276,
      "silhouette": 0.11920191014146626,
      "gmm_bic": 17326.39450085583,
      "nmi_all": 0.6212421075069626,
      "ari_all": 0.27763765033253524,
      "nmi_success": 0.6680947377991975,
      "ari_success": 0.4642741282351778,
      "purity_success": 0.5253623188405797,
      "occupied_latents": 8,
      "min_latent_size": 23,
      "max_latent_size": 167,
      "latent_occupancy": [
        26,
        64,
        42,
        167,
        23,
        58,
        59,
        41
      ],
      "latent_success_rate": [
        0.0,
        0.0,
        1.0,
        0.5269461077844312,
        0.0,
        1.0,
        1.0,
        0.7073170731707317
      ],
      "latent_true_mode_coverage": [
        0,
        0,
        2,
        15,
        0,
        1,
        7,
        3
      ],
      "directory": "logs/avoiding/bmd_velocity250/discovery/k8_seed42"
    },
    {
      "method": "offline_trajectory_bmd_proxy",
      "full_paper_ppo_steering": false,
      "uses_original_demonstrations": false,
      "uses_ground_truth_modes_for_training": false,
      "ground_truth_modes_used_for_posthoc_evaluation": true,
      "clusters": 4,
      "seed": 42,
      "episodes": 480,
      "successful_episodes": 276,
      "silhouette": 0.027952604156015644,
      "gmm_bic": 18730.638953468573,
      "nmi_all": 0.39362406275938616,
      "ari_all": 0.08994940985804947,
      "nmi_success": 0.42627180235516415,
      "ari_success": 0.17574804021190085,
      "purity_success": 0.37318840579710144,
      "occupied_latents": 4,
      "min_latent_size": 49,
      "max_latent_size": 309,
      "latent_occupancy": [
        58,
        309,
        64,
        49
      ],
      "latent_success_rate": [
        1.0,
        0.5598705501618123,
        0.0,
        0.9183673469387755
      ],
      "latent_true_mode_coverage": [
        1,
        19,
        0,
        6
      ],
      "directory": "logs/avoiding/bmd_velocity250/discovery/k4_seed42"
    }
  ]
}
