{"stage": "structure", "method": "width_dynamic", "epoch": 0, "loss": 4.47387021780014}
{"stage": "structure", "method": "width_dynamic", "epoch": 25, "loss": 1.5459761917591095}
{"stage": "structure", "method": "width_dynamic", "epoch": 50, "loss": 1.1634452939033508}
{"stage": "structure", "method": "width_dynamic", "epoch": 75, "loss": 0.8266291171312332}
{"stage": "structure", "method": "width_dynamic", "epoch": 100, "loss": 0.8765799254179001}
{"stage": "structure", "method": "width_dynamic", "epoch": 125, "loss": 0.639774963259697}
{"stage": "structure", "method": "width_dynamic", "epoch": 150, "loss": 0.5154850333929062}
{"stage": "structure", "method": "width_dynamic", "epoch": 175, "loss": 0.5438917875289917}
{"stage": "structure", "method": "width_dynamic", "epoch": 200, "loss": 0.5134398117661476}
{"stage": "structure", "method": "width_dynamic", "epoch": 225, "loss": 0.4814695194363594}
{"stage": "structure", "method": "width_dynamic", "epoch": 250, "loss": 0.5966574177145958}
{"stage": "structure", "method": "width_dynamic", "epoch": 275, "loss": 0.6609351485967636}
{"stage": "ctm", "method": "width_dynamic", "epoch": 0, "ctm_loss": 0.08901844080537558, "pseudo_dsm_loss": 0.3205024264752865, "selection_loss": 0.12106868345290422}
{"stage": "ctm", "method": "width_dynamic", "epoch": 25, "ctm_loss": 0.07187409373000264, "pseudo_dsm_loss": 0.30601270869374275, "selection_loss": 0.10247536459937692}
{"stage": "ctm", "method": "width_dynamic", "epoch": 50, "ctm_loss": 0.11038756463676691, "pseudo_dsm_loss": 0.34474074468016624, "selection_loss": 0.14486163910478353}
{"stage": "ctm", "method": "width_dynamic", "epoch": 75, "ctm_loss": 0.07816535141319036, "pseudo_dsm_loss": 0.21918785758316517, "selection_loss": 0.10008413717150688}
{"stage": "ctm", "method": "width_dynamic", "epoch": 100, "ctm_loss": 0.07576550170779228, "pseudo_dsm_loss": 0.2645549327135086, "selection_loss": 0.10222099497914314}
{"stage": "ctm", "method": "width_dynamic", "epoch": 125, "ctm_loss": 0.09145362302660942, "pseudo_dsm_loss": 0.32025744020938873, "selection_loss": 0.1234793670475483}
{"stage": "ctm", "method": "width_dynamic", "epoch": 150, "ctm_loss": 0.04990749806165695, "pseudo_dsm_loss": 0.236560370773077, "selection_loss": 0.07356353513896466}
{"stage": "ctm", "method": "width_dynamic", "epoch": 175, "ctm_loss": 0.05325647396966815, "pseudo_dsm_loss": 0.2750786021351814, "selection_loss": 0.08076433418318629}
{"stage": "ctm", "method": "width_dynamic", "epoch": 200, "ctm_loss": 0.07276322226971388, "pseudo_dsm_loss": 0.3123686872422695, "selection_loss": 0.10400009099394084}
{"stage": "ctm", "method": "width_dynamic", "epoch": 225, "ctm_loss": 0.056256893556565046, "pseudo_dsm_loss": 0.3278477266430855, "selection_loss": 0.08904166622087359}
{"stage": "ctm", "method": "width_dynamic", "epoch": 250, "ctm_loss": 0.05275814048945904, "pseudo_dsm_loss": 0.2627143729478121, "selection_loss": 0.07902957778424025}
{"stage": "ctm", "method": "width_dynamic", "epoch": 275, "ctm_loss": 0.05778143182396889, "pseudo_dsm_loss": 0.21547714062035084, "selection_loss": 0.07932914588600397}
{"stage": "ctm", "method": "width_dynamic", "epoch": 300, "ctm_loss": 0.0366012278245762, "pseudo_dsm_loss": 0.34854867309331894, "selection_loss": 0.0714560951339081}
{"stage": "ctm", "method": "width_dynamic", "epoch": 325, "ctm_loss": 0.044996852055191994, "pseudo_dsm_loss": 0.29058195278048515, "selection_loss": 0.0740550473332405}
{"stage": "ctm", "method": "width_dynamic", "epoch": 350, "ctm_loss": 0.05237194104120135, "pseudo_dsm_loss": 0.30555352196097374, "selection_loss": 0.08292729323729872}
{"stage": "ctm", "method": "width_dynamic", "epoch": 375, "ctm_loss": 0.04223579680547118, "pseudo_dsm_loss": 0.26375628262758255, "selection_loss": 0.06861142506822944}
{"stage": "ctm", "method": "width_dynamic", "epoch": 400, "ctm_loss": 0.03776733670383692, "pseudo_dsm_loss": 0.38454142212867737, "selection_loss": 0.07622147891670467}
{"stage": "ctm", "method": "width_dynamic", "epoch": 425, "ctm_loss": 0.032714457251131535, "pseudo_dsm_loss": 0.20236508175730705, "selection_loss": 0.05295096542686224}
{"stage": "ctm", "method": "width_dynamic", "epoch": 450, "ctm_loss": 0.03322040941566229, "pseudo_dsm_loss": 0.23370551317930222, "selection_loss": 0.056590960733592516}
{"stage": "ctm", "method": "width_dynamic", "epoch": 475, "ctm_loss": 0.049682547338306904, "pseudo_dsm_loss": 0.20446675270795822, "selection_loss": 0.07012922260910273}
{
  "method": "width_dynamic",
  "student_architecture": {
    "layers": 4,
    "embed_dim": 48,
    "heads": 4
  },
  "multi_noise": 1,
  "endpoint_weight": 0.0,
  "mode_balanced_sampling": false,
  "stratified_multitime": false,
  "initialization": {
    "teacher_layers": [
      0,
      1,
      2,
      3
    ],
    "selected_heads": [
      0,
      1,
      2,
      3
    ],
    "selected_channels": [
      1,
      2,
      3,
      6,
      7,
      8,
      10,
      11,
      13,
      14,
      15,
      16,
      18,
      19,
      20,
      21,
      25,
      28,
      29,
      30,
      31,
      32,
      34,
      35,
      36,
      39,
      40,
      41,
      43,
      44,
      46,
      48,
      50,
      51,
      52,
      53,
      54,
      55,
      57,
      58,
      59,
      61,
      62,
      64,
      66,
      67,
      69,
      71
    ],
    "method": "width",
    "load_max_abs_diff": 0.0
  },
  "uses_original_demonstrations": false,
  "uses_expert_actions": false,
  "buffer": "logs/avoiding/teacher_generated_transfer/transfer_buffer.pt",
  "structure_dynamic_pretraining": true,
  "pretrain_epochs": 300,
  "ctm_epochs": 500,
  "best_epoch": 485,
  "best_selection_loss": 0.04677712004631758
}
