[2026-07-22 06:39:19,509][agents.models.diffusion.diffusion_models][INFO] - number of parameters: 2.748260e+05
[2026-07-22 06:39:19,551][root][INFO] - Loading Sorting Dataset
[2026-07-22 06:39:19,562][root][INFO] - Loading Sorting Dataset
[2026-07-22 06:39:19,578][agents.utils.scaler][INFO] - Datset Info: state min: [-2.3854534  -1.52318297 -2.5436591  -1.47282681] and max: [2.68851348 1.91139402 2.31634682 1.92205774], action min: [-1.83908446 -2.15521727] and max: [1.93458139 0.68739523]
[2026-07-22 06:39:19,578][agents.utils.scaler][INFO] - Training dataset size: input (7305, 4) target (7305, 2)
[2026-07-22 06:39:19,578][agents.base_agent][INFO] - The model has a total amount of 274826 parameters
[2026-07-22 06:39:48,619][agents.ddpm_agent][INFO] - Epoch 49: Mean test mse is 0.48138934693166185
[2026-07-22 06:39:48,665][agents.ddpm_agent][INFO] - New best test loss. Stored weights have been updated!
[2026-07-22 06:40:17,686][agents.ddpm_agent][INFO] - Epoch 99: Mean test mse is 0.39112697328839985
[2026-07-22 06:40:17,704][agents.ddpm_agent][INFO] - New best test loss. Stored weights have been updated!
[2026-07-22 06:40:46,866][agents.ddpm_agent][INFO] - Epoch 149: Mean test mse is 0.3491599831197943
[2026-07-22 06:40:46,884][agents.ddpm_agent][INFO] - New best test loss. Stored weights have been updated!
[2026-07-22 06:41:16,131][agents.ddpm_agent][INFO] - Epoch 199: Mean test mse is 0.38540803428207127
[2026-07-22 06:41:45,520][agents.ddpm_agent][INFO] - Epoch 249: Mean test mse is 0.29300928648029057
[2026-07-22 06:41:45,538][agents.ddpm_agent][INFO] - New best test loss. Stored weights have been updated!
[2026-07-22 06:42:14,775][agents.ddpm_agent][INFO] - Epoch 299: Mean test mse is 0.3067181727715901
[2026-07-22 06:42:44,083][agents.ddpm_agent][INFO] - Epoch 349: Mean test mse is 0.27807990248714176
[2026-07-22 06:42:44,100][agents.ddpm_agent][INFO] - New best test loss. Stored weights have been updated!
[2026-07-22 06:43:13,746][agents.ddpm_agent][INFO] - Epoch 399: Mean test mse is 0.26394418786678997
[2026-07-22 06:43:13,763][agents.ddpm_agent][INFO] - New best test loss. Stored weights have been updated!
[2026-07-22 06:43:44,726][agents.ddpm_agent][INFO] - Epoch 449: Mean test mse is 0.2447863221168518
[2026-07-22 06:43:44,743][agents.ddpm_agent][INFO] - New best test loss. Stored weights have been updated!
[2026-07-22 06:44:15,790][agents.ddpm_agent][INFO] - Epoch 499: Mean test mse is 0.2409807885331767
[2026-07-22 06:44:15,807][agents.ddpm_agent][INFO] - New best test loss. Stored weights have been updated!
[2026-07-22 06:44:46,751][agents.ddpm_agent][INFO] - Epoch 549: Mean test mse is 0.23682111448475293
[2026-07-22 06:44:46,767][agents.ddpm_agent][INFO] - New best test loss. Stored weights have been updated!
[2026-07-22 06:45:17,763][agents.ddpm_agent][INFO] - Epoch 599: Mean test mse is 0.2305498288146087
[2026-07-22 06:45:17,780][agents.ddpm_agent][INFO] - New best test loss. Stored weights have been updated!
[2026-07-22 06:45:48,740][agents.ddpm_agent][INFO] - Epoch 649: Mean test mse is 0.23208848014473915
[2026-07-22 06:46:19,688][agents.ddpm_agent][INFO] - Epoch 699: Mean test mse is 0.2339340283402375
[2026-07-22 06:46:50,024][agents.ddpm_agent][INFO] - Epoch 749: Mean test mse is 0.2134117175425802
[2026-07-22 06:46:50,042][agents.ddpm_agent][INFO] - New best test loss. Stored weights have been updated!
[2026-07-22 06:47:20,559][agents.ddpm_agent][INFO] - Epoch 799: Mean test mse is 0.21389468386769295
[2026-07-22 06:47:51,553][agents.ddpm_agent][INFO] - Epoch 849: Mean test mse is 0.21080431661435536
[2026-07-22 06:47:51,569][agents.ddpm_agent][INFO] - New best test loss. Stored weights have been updated!
[2026-07-22 06:48:22,497][agents.ddpm_agent][INFO] - Epoch 899: Mean test mse is 0.1941960012274129
[2026-07-22 06:48:22,513][agents.ddpm_agent][INFO] - New best test loss. Stored weights have been updated!
[2026-07-22 06:48:53,455][agents.ddpm_agent][INFO] - Epoch 949: Mean test mse is 0.20666117487209185
[2026-07-22 06:49:23,502][agents.ddpm_agent][INFO] - Epoch 999: Mean test mse is 0.2136796409530299
[2026-07-22 06:49:53,060][agents.ddpm_agent][INFO] - Epoch 1049: Mean test mse is 0.19485174970967428
[2026-07-22 06:50:22,355][agents.ddpm_agent][INFO] - Epoch 1099: Mean test mse is 0.2129982885505472
[2026-07-22 06:50:51,490][agents.ddpm_agent][INFO] - Epoch 1149: Mean test mse is 0.18089368966008937
[2026-07-22 06:50:51,507][agents.ddpm_agent][INFO] - New best test loss. Stored weights have been updated!
[2026-07-22 06:51:20,563][agents.ddpm_agent][INFO] - Epoch 1199: Mean test mse is 0.18078349104949407
[2026-07-22 06:51:20,580][agents.ddpm_agent][INFO] - New best test loss. Stored weights have been updated!
[2026-07-22 06:51:49,766][agents.ddpm_agent][INFO] - Epoch 1249: Mean test mse is 0.18658153553094184
[2026-07-22 06:52:18,890][agents.ddpm_agent][INFO] - Epoch 1299: Mean test mse is 0.17011138583932603
[2026-07-22 06:52:18,907][agents.ddpm_agent][INFO] - New best test loss. Stored weights have been updated!
[2026-07-22 06:52:48,091][agents.ddpm_agent][INFO] - Epoch 1349: Mean test mse is 0.18447965356920445
[2026-07-22 06:53:17,270][agents.ddpm_agent][INFO] - Epoch 1399: Mean test mse is 0.18904136813112668
[2026-07-22 06:53:46,866][agents.ddpm_agent][INFO] - Epoch 1449: Mean test mse is 0.17166558626507009
[2026-07-22 06:54:16,517][agents.ddpm_agent][INFO] - Epoch 1499: Mean test mse is 0.167917881959251
[2026-07-22 06:54:16,533][agents.ddpm_agent][INFO] - New best test loss. Stored weights have been updated!
[2026-07-22 06:54:46,281][agents.ddpm_agent][INFO] - Epoch 1549: Mean test mse is 0.16772234572895936
[2026-07-22 06:54:46,308][agents.ddpm_agent][INFO] - New best test loss. Stored weights have been updated!
[2026-07-22 06:55:15,866][agents.ddpm_agent][INFO] - Epoch 1599: Mean test mse is 0.1657618890915598
[2026-07-22 06:55:15,883][agents.ddpm_agent][INFO] - New best test loss. Stored weights have been updated!
[2026-07-22 06:55:45,459][agents.ddpm_agent][INFO] - Epoch 1649: Mean test mse is 0.1626720010702099
[2026-07-22 06:55:45,476][agents.ddpm_agent][INFO] - New best test loss. Stored weights have been updated!
[2026-07-22 06:56:15,622][agents.ddpm_agent][INFO] - Epoch 1699: Mean test mse is 0.15304315223225526
[2026-07-22 06:56:15,639][agents.ddpm_agent][INFO] - New best test loss. Stored weights have been updated!
[2026-07-22 06:56:45,559][agents.ddpm_agent][INFO] - Epoch 1749: Mean test mse is 0.14877546126289026
[2026-07-22 06:56:45,575][agents.ddpm_agent][INFO] - New best test loss. Stored weights have been updated!
[2026-07-22 06:57:19,184][agents.ddpm_agent][INFO] - Epoch 1799: Mean test mse is 0.16936116426118783
[2026-07-22 06:57:49,288][agents.ddpm_agent][INFO] - Epoch 1849: Mean test mse is 0.15626522632581846
[2026-07-22 06:58:19,031][agents.ddpm_agent][INFO] - Epoch 1899: Mean test mse is 0.14075351958828314
[2026-07-22 06:58:19,048][agents.ddpm_agent][INFO] - New best test loss. Stored weights have been updated!
[2026-07-22 06:58:48,374][agents.ddpm_agent][INFO] - Epoch 1949: Mean test mse is 0.14219815683151996
[2026-07-22 06:59:17,614][agents.ddpm_agent][INFO] - Epoch 1999: Mean test mse is 0.15379382031304495
[2026-07-22 06:59:47,115][agents.ddpm_agent][INFO] - Epoch 2049: Mean test mse is 0.14978152433676378
[2026-07-22 07:00:16,104][agents.ddpm_agent][INFO] - Epoch 2099: Mean test mse is 0.15329403350395815
[2026-07-22 07:00:45,155][agents.ddpm_agent][INFO] - Epoch 2149: Mean test mse is 0.13650992645749024
[2026-07-22 07:00:45,186][agents.ddpm_agent][INFO] - New best test loss. Stored weights have been updated!
[2026-07-22 07:01:14,179][agents.ddpm_agent][INFO] - Epoch 2199: Mean test mse is 0.12733519210347108
[2026-07-22 07:01:14,196][agents.ddpm_agent][INFO] - New best test loss. Stored weights have been updated!
[2026-07-22 07:01:43,298][agents.ddpm_agent][INFO] - Epoch 2249: Mean test mse is 0.13579266890883446
[2026-07-22 07:02:12,325][agents.ddpm_agent][INFO] - Epoch 2299: Mean test mse is 0.14241846464574337
[2026-07-22 07:02:41,287][agents.ddpm_agent][INFO] - Epoch 2349: Mean test mse is 0.1380279529839754
[2026-07-22 07:03:10,289][agents.ddpm_agent][INFO] - Epoch 2399: Mean test mse is 0.13051251295421804
[2026-07-22 07:03:39,320][agents.ddpm_agent][INFO] - Epoch 2449: Mean test mse is 0.13662350364029408
[2026-07-22 07:04:08,333][agents.ddpm_agent][INFO] - Epoch 2499: Mean test mse is 0.1246941616492612
[2026-07-22 07:04:08,349][agents.ddpm_agent][INFO] - New best test loss. Stored weights have been updated!
[2026-07-22 07:04:37,301][agents.ddpm_agent][INFO] - Epoch 2549: Mean test mse is 0.12732326611876488
[2026-07-22 07:05:06,329][agents.ddpm_agent][INFO] - Epoch 2599: Mean test mse is 0.12560604885220528
[2026-07-22 07:05:35,398][agents.ddpm_agent][INFO] - Epoch 2649: Mean test mse is 0.12930750846862793
[2026-07-22 07:06:04,289][agents.ddpm_agent][INFO] - Epoch 2699: Mean test mse is 0.13408872591597693
[2026-07-22 07:06:33,289][agents.ddpm_agent][INFO] - Epoch 2749: Mean test mse is 0.13465943693050317
[2026-07-22 07:07:02,309][agents.ddpm_agent][INFO] - Epoch 2799: Mean test mse is 0.12556513319058077
[2026-07-22 07:07:31,315][agents.ddpm_agent][INFO] - Epoch 2849: Mean test mse is 0.12253014477235931
[2026-07-22 07:07:31,371][agents.ddpm_agent][INFO] - New best test loss. Stored weights have been updated!
[2026-07-22 07:08:00,462][agents.ddpm_agent][INFO] - Epoch 2899: Mean test mse is 0.11829934588500432
[2026-07-22 07:08:00,479][agents.ddpm_agent][INFO] - New best test loss. Stored weights have been updated!
[2026-07-22 07:08:29,418][agents.ddpm_agent][INFO] - Epoch 2949: Mean test mse is 0.11793330098901476
[2026-07-22 07:08:29,437][agents.ddpm_agent][INFO] - New best test loss. Stored weights have been updated!
[2026-07-22 07:08:58,424][agents.ddpm_agent][INFO] - Epoch 2999: Mean test mse is 0.11156134360602923
[2026-07-22 07:08:58,441][agents.ddpm_agent][INFO] - New best test loss. Stored weights have been updated!
[2026-07-22 07:09:27,495][agents.ddpm_agent][INFO] - Epoch 3049: Mean test mse is 0.11302670277655125
[2026-07-22 07:09:56,533][agents.ddpm_agent][INFO] - Epoch 3099: Mean test mse is 0.10925705677696637
[2026-07-22 07:09:56,550][agents.ddpm_agent][INFO] - New best test loss. Stored weights have been updated!
[2026-07-22 07:10:25,530][agents.ddpm_agent][INFO] - Epoch 3149: Mean test mse is 0.11071909751210894
[2026-07-22 07:10:54,567][agents.ddpm_agent][INFO] - Epoch 3199: Mean test mse is 0.10699662220265184
[2026-07-22 07:10:54,584][agents.ddpm_agent][INFO] - New best test loss. Stored weights have been updated!
[2026-07-22 07:11:23,616][agents.ddpm_agent][INFO] - Epoch 3249: Mean test mse is 0.11300955313657012
[2026-07-22 07:11:52,648][agents.ddpm_agent][INFO] - Epoch 3299: Mean test mse is 0.10710856265255383
[2026-07-22 07:12:21,689][agents.ddpm_agent][INFO] - Epoch 3349: Mean test mse is 0.10944037032978875
[2026-07-22 07:12:50,709][agents.ddpm_agent][INFO] - Epoch 3399: Mean test mse is 0.11102279222437314
[2026-07-22 07:13:19,853][agents.ddpm_agent][INFO] - Epoch 3449: Mean test mse is 0.1105065279241119
[2026-07-22 07:13:48,924][agents.ddpm_agent][INFO] - Epoch 3499: Mean test mse is 0.10500990599393845
[2026-07-22 07:13:48,941][agents.ddpm_agent][INFO] - New best test loss. Stored weights have been updated!
[2026-07-22 07:14:17,901][agents.ddpm_agent][INFO] - Epoch 3549: Mean test mse is 0.10006208824259895
[2026-07-22 07:14:17,918][agents.ddpm_agent][INFO] - New best test loss. Stored weights have been updated!
[2026-07-22 07:14:46,985][agents.ddpm_agent][INFO] - Epoch 3599: Mean test mse is 0.11213533287601811
[2026-07-22 07:15:16,047][agents.ddpm_agent][INFO] - Epoch 3649: Mean test mse is 0.10900908708572388
[2026-07-22 07:15:45,134][agents.ddpm_agent][INFO] - Epoch 3699: Mean test mse is 0.10893134293811661
[2026-07-22 07:16:14,155][agents.ddpm_agent][INFO] - Epoch 3749: Mean test mse is 0.10209093828286443
[2026-07-22 07:16:43,266][agents.ddpm_agent][INFO] - Epoch 3799: Mean test mse is 0.10066427609750203
[2026-07-22 07:17:12,323][agents.ddpm_agent][INFO] - Epoch 3849: Mean test mse is 0.10063940499510084
[2026-07-22 07:17:41,522][agents.ddpm_agent][INFO] - Epoch 3899: Mean test mse is 0.11140988926802363
[2026-07-22 07:18:10,569][agents.ddpm_agent][INFO] - Epoch 3949: Mean test mse is 0.10266460318650518
[2026-07-22 07:18:41,903][agents.ddpm_agent][INFO] - Epoch 3999: Mean test mse is 0.10746316718203681
[2026-07-22 07:19:14,018][agents.ddpm_agent][INFO] - Epoch 4049: Mean test mse is 0.1001399986978088
[2026-07-22 07:19:43,061][agents.ddpm_agent][INFO] - Epoch 4099: Mean test mse is 0.10103795757251126
[2026-07-22 07:20:12,155][agents.ddpm_agent][INFO] - Epoch 4149: Mean test mse is 0.10200637898274831
[2026-07-22 07:20:41,264][agents.ddpm_agent][INFO] - Epoch 4199: Mean test mse is 0.10866943933069706
[2026-07-22 07:21:10,330][agents.ddpm_agent][INFO] - Epoch 4249: Mean test mse is 0.09611306246370077
[2026-07-22 07:21:10,401][agents.ddpm_agent][INFO] - New best test loss. Stored weights have been updated!
[2026-07-22 07:21:39,493][agents.ddpm_agent][INFO] - Epoch 4299: Mean test mse is 0.09792976853038583
[2026-07-22 07:22:08,490][agents.ddpm_agent][INFO] - Epoch 4349: Mean test mse is 0.09619169868528843
[2026-07-22 07:22:37,538][agents.ddpm_agent][INFO] - Epoch 4399: Mean test mse is 0.1023095018629517
[2026-07-22 07:23:06,580][agents.ddpm_agent][INFO] - Epoch 4449: Mean test mse is 0.09358659532985517
[2026-07-22 07:23:06,618][agents.ddpm_agent][INFO] - New best test loss. Stored weights have been updated!
[2026-07-22 07:23:35,651][agents.ddpm_agent][INFO] - Epoch 4499: Mean test mse is 0.09535823789026056
[2026-07-22 07:24:04,761][agents.ddpm_agent][INFO] - Epoch 4549: Mean test mse is 0.09706645458936691
[2026-07-22 07:24:33,869][agents.ddpm_agent][INFO] - Epoch 4599: Mean test mse is 0.094282090796956
[2026-07-22 07:25:02,996][agents.ddpm_agent][INFO] - Epoch 4649: Mean test mse is 0.09878998276378427
[2026-07-22 07:25:32,178][agents.ddpm_agent][INFO] - Epoch 4699: Mean test mse is 0.0940633046307734
[2026-07-22 07:26:01,211][agents.ddpm_agent][INFO] - Epoch 4749: Mean test mse is 0.09208920757685389
[2026-07-22 07:26:01,233][agents.ddpm_agent][INFO] - New best test loss. Stored weights have been updated!
[2026-07-22 07:26:30,235][agents.ddpm_agent][INFO] - Epoch 4799: Mean test mse is 0.09090505061405045
[2026-07-22 07:26:30,252][agents.ddpm_agent][INFO] - New best test loss. Stored weights have been updated!
[2026-07-22 07:26:59,280][agents.ddpm_agent][INFO] - Epoch 4849: Mean test mse is 0.0906677453645638
[2026-07-22 07:26:59,297][agents.ddpm_agent][INFO] - New best test loss. Stored weights have been updated!
[2026-07-22 07:27:28,351][agents.ddpm_agent][INFO] - Epoch 4899: Mean test mse is 0.09020550083369017
[2026-07-22 07:27:28,899][agents.ddpm_agent][INFO] - New best test loss. Stored weights have been updated!
[2026-07-22 07:27:58,416][agents.ddpm_agent][INFO] - Epoch 4949: Mean test mse is 0.09036314367715802
[2026-07-22 07:28:28,072][agents.ddpm_agent][INFO] - Epoch 4999: Mean test mse is 0.09080772580845016
[2026-07-22 07:28:28,663][agents.ddpm_agent][INFO] - Training done!
[2026-07-22 07:28:28,666][__main__][INFO] - Training-only mode enabled; skipping simulation.
