pybullet build time: Jan 29 2025 23:16:28
/jet/home/qzhou7/workspace/anaconda3/envs/d3il/lib/python3.10/site-packages/hydra/_internal/defaults_list.py:251: UserWarning: In 'avoiding_config': Defaults list is missing `_self_`. See https://hydra.cc/docs/upgrades/1.0_to_1.1/default_composition_order for more information
  warnings.warn(msg, UserWarning)
Final IK error (78 iterations):  7.2858622740646e-06
Final IK error (0 iterations):  7.2858622740646e-06
{"rollout_progress": {"completed": 10, "total": 120, "successful_so_far": 7, "elapsed_seconds": 33.115651616011746, "finished": false}}
{"rollout_progress": {"completed": 20, "total": 120, "successful_so_far": 16, "elapsed_seconds": 66.3174360259436, "finished": false}}
{"rollout_progress": {"completed": 30, "total": 120, "successful_so_far": 25, "elapsed_seconds": 100.51161167398095, "finished": false}}
{"rollout_progress": {"completed": 40, "total": 120, "successful_so_far": 34, "elapsed_seconds": 135.169952807948, "finished": false}}
{"rollout_progress": {"completed": 50, "total": 120, "successful_so_far": 43, "elapsed_seconds": 170.62711579503957, "finished": false}}
{"rollout_progress": {"completed": 60, "total": 120, "successful_so_far": 52, "elapsed_seconds": 202.2631802209653, "finished": false}}
{"rollout_progress": {"completed": 70, "total": 120, "successful_so_far": 61, "elapsed_seconds": 236.54869262198918, "finished": false}}
{"rollout_progress": {"completed": 80, "total": 120, "successful_so_far": 69, "elapsed_seconds": 269.06969742896035, "finished": false}}
{"rollout_progress": {"completed": 90, "total": 120, "successful_so_far": 78, "elapsed_seconds": 305.08462709595915, "finished": false}}
{"rollout_progress": {"completed": 100, "total": 120, "successful_so_far": 86, "elapsed_seconds": 338.52722554304637, "finished": false}}
{"rollout_progress": {"completed": 110, "total": 120, "successful_so_far": 96, "elapsed_seconds": 373.43803269497585, "finished": false}}
{"rollout_progress": {"completed": 120, "total": 120, "successful_so_far": 105, "elapsed_seconds": 406.3956857599551, "finished": true}}
{
  "Flow-Matching": {
    "n_trajectories": 120,
    "success_rate": 0.875,
    "successful_trajectories": 105,
    "unique_successful_modes": 18,
    "normalized_mode_entropy": 0.8301477326054946
  }
}
