pybullet build time: Jan 29 2025 23:16:28
/jet/home/qzhou7/workspace/anaconda3/envs/d3il/lib/python3.10/site-packages/hydra/_internal/defaults_list.py:251: UserWarning: In 'avoiding_config': Defaults list is missing `_self_`. See https://hydra.cc/docs/upgrades/1.0_to_1.1/default_composition_order for more information
  warnings.warn(msg, UserWarning)
Final IK error (78 iterations):  7.2858622740646e-06
Final IK error (0 iterations):  7.2858622740646e-06
{"rollout_progress": {"completed": 10, "total": 120, "successful_so_far": 9, "elapsed_seconds": 34.1722369940253, "finished": false}}
{"rollout_progress": {"completed": 20, "total": 120, "successful_so_far": 19, "elapsed_seconds": 70.91614934906829, "finished": false}}
{"rollout_progress": {"completed": 30, "total": 120, "successful_so_far": 28, "elapsed_seconds": 105.42300721700303, "finished": false}}
{"rollout_progress": {"completed": 40, "total": 120, "successful_so_far": 37, "elapsed_seconds": 141.26708978007082, "finished": false}}
{"rollout_progress": {"completed": 50, "total": 120, "successful_so_far": 46, "elapsed_seconds": 172.8635110029718, "finished": false}}
{"rollout_progress": {"completed": 60, "total": 120, "successful_so_far": 55, "elapsed_seconds": 205.86041511397343, "finished": false}}
{"rollout_progress": {"completed": 70, "total": 120, "successful_so_far": 63, "elapsed_seconds": 238.49282738403417, "finished": false}}
{"rollout_progress": {"completed": 80, "total": 120, "successful_so_far": 70, "elapsed_seconds": 269.86699113296345, "finished": false}}
{"rollout_progress": {"completed": 90, "total": 120, "successful_so_far": 79, "elapsed_seconds": 302.20614134403877, "finished": false}}
{"rollout_progress": {"completed": 100, "total": 120, "successful_so_far": 88, "elapsed_seconds": 335.8807384959655, "finished": false}}
{"rollout_progress": {"completed": 110, "total": 120, "successful_so_far": 97, "elapsed_seconds": 368.3653730279766, "finished": false}}
{"rollout_progress": {"completed": 120, "total": 120, "successful_so_far": 107, "elapsed_seconds": 401.0554365500575, "finished": true}}
{
  "Flow-Matching": {
    "n_trajectories": 120,
    "success_rate": 0.8916666666666667,
    "successful_trajectories": 107,
    "unique_successful_modes": 17,
    "normalized_mode_entropy": 0.7650121368376124
  }
}
