pybullet build time: Jan 29 2025 23:16:28
/jet/home/qzhou7/workspace/anaconda3/envs/d3il/lib/python3.10/site-packages/hydra/_internal/defaults_list.py:251: UserWarning: In 'avoiding_config': Defaults list is missing `_self_`. See https://hydra.cc/docs/upgrades/1.0_to_1.1/default_composition_order for more information
  warnings.warn(msg, UserWarning)
Final IK error (78 iterations):  7.2858622740646e-06
Final IK error (0 iterations):  7.2858622740646e-06
{"rollout_progress": {"completed": 10, "total": 120, "successful_so_far": 9, "elapsed_seconds": 32.913833320955746, "finished": false}}
{"rollout_progress": {"completed": 20, "total": 120, "successful_so_far": 17, "elapsed_seconds": 65.15430987090804, "finished": false}}
{"rollout_progress": {"completed": 30, "total": 120, "successful_so_far": 27, "elapsed_seconds": 98.91094892797992, "finished": false}}
{"rollout_progress": {"completed": 40, "total": 120, "successful_so_far": 36, "elapsed_seconds": 133.5069600859424, "finished": false}}
{"rollout_progress": {"completed": 50, "total": 120, "successful_so_far": 45, "elapsed_seconds": 165.78425981593318, "finished": false}}
{"rollout_progress": {"completed": 60, "total": 120, "successful_so_far": 54, "elapsed_seconds": 196.93047697097063, "finished": false}}
{"rollout_progress": {"completed": 70, "total": 120, "successful_so_far": 63, "elapsed_seconds": 229.95609610597603, "finished": false}}
{"rollout_progress": {"completed": 80, "total": 120, "successful_so_far": 72, "elapsed_seconds": 261.53958619595505, "finished": false}}
{"rollout_progress": {"completed": 90, "total": 120, "successful_so_far": 81, "elapsed_seconds": 296.8018167068949, "finished": false}}
{"rollout_progress": {"completed": 100, "total": 120, "successful_so_far": 90, "elapsed_seconds": 329.07639730290975, "finished": false}}
{"rollout_progress": {"completed": 110, "total": 120, "successful_so_far": 98, "elapsed_seconds": 360.72461550997104, "finished": false}}
{"rollout_progress": {"completed": 120, "total": 120, "successful_so_far": 107, "elapsed_seconds": 393.3078726599924, "finished": true}}
{
  "Flow-Matching": {
    "n_trajectories": 120,
    "success_rate": 0.8916666666666667,
    "successful_trajectories": 107,
    "unique_successful_modes": 19,
    "normalized_mode_entropy": 0.8238740306038828
  }
}
