pybullet build time: Jan 29 2025 23:16:28
/jet/home/qzhou7/workspace/anaconda3/envs/d3il/lib/python3.10/site-packages/hydra/_internal/defaults_list.py:251: UserWarning: In 'avoiding_config': Defaults list is missing `_self_`. See https://hydra.cc/docs/upgrades/1.0_to_1.1/default_composition_order for more information
  warnings.warn(msg, UserWarning)
Final IK error (78 iterations):  7.2858622740646e-06
Final IK error (0 iterations):  7.2858622740646e-06
{"rollout_progress": {"completed": 10, "total": 120, "successful_so_far": 10, "elapsed_seconds": 35.673233865061775, "finished": false}}
{"rollout_progress": {"completed": 20, "total": 120, "successful_so_far": 18, "elapsed_seconds": 68.0107468070928, "finished": false}}
{"rollout_progress": {"completed": 30, "total": 120, "successful_so_far": 26, "elapsed_seconds": 98.46043754403945, "finished": false}}
{"rollout_progress": {"completed": 40, "total": 120, "successful_so_far": 35, "elapsed_seconds": 131.0104210510617, "finished": false}}
{"rollout_progress": {"completed": 50, "total": 120, "successful_so_far": 43, "elapsed_seconds": 163.28248169308063, "finished": false}}
{"rollout_progress": {"completed": 60, "total": 120, "successful_so_far": 52, "elapsed_seconds": 195.40276864508633, "finished": false}}
{"rollout_progress": {"completed": 70, "total": 120, "successful_so_far": 60, "elapsed_seconds": 227.12888096203096, "finished": false}}
{"rollout_progress": {"completed": 80, "total": 120, "successful_so_far": 68, "elapsed_seconds": 259.3397711060243, "finished": false}}
{"rollout_progress": {"completed": 90, "total": 120, "successful_so_far": 78, "elapsed_seconds": 291.9423541420838, "finished": false}}
{"rollout_progress": {"completed": 100, "total": 120, "successful_so_far": 87, "elapsed_seconds": 325.93576037010644, "finished": false}}
{"rollout_progress": {"completed": 110, "total": 120, "successful_so_far": 97, "elapsed_seconds": 362.7125836510677, "finished": false}}
{"rollout_progress": {"completed": 120, "total": 120, "successful_so_far": 107, "elapsed_seconds": 397.1827267931076, "finished": true}}
{
  "Flow-Matching": {
    "n_trajectories": 120,
    "success_rate": 0.8916666666666667,
    "successful_trajectories": 107,
    "unique_successful_modes": 17,
    "normalized_mode_entropy": 0.7882088016066314
  }
}
