{"stage": "ctm", "method": "minilmv2_relation", "epoch": 0, "ctm_loss": 0.0605899051297456, "pseudo_dsm_loss": 0.21527312695980072, "endpoint_anchor_loss": 0.0, "mode_gram_loss": 0.0, "endpoint_mmd_loss": 0.0, "selection_loss": 0.08211721782572567}
{"stage": "ctm", "method": "minilmv2_relation", "epoch": 25, "ctm_loss": 0.03303609951399267, "pseudo_dsm_loss": 0.1911611594259739, "endpoint_anchor_loss": 0.0, "mode_gram_loss": 0.0, "endpoint_mmd_loss": 0.0, "selection_loss": 0.05215221545659006}
{"stage": "ctm", "method": "minilmv2_relation", "epoch": 50, "ctm_loss": 0.054545633029192686, "pseudo_dsm_loss": 0.1803782507777214, "endpoint_anchor_loss": 0.0, "mode_gram_loss": 0.0, "endpoint_mmd_loss": 0.0, "selection_loss": 0.07258345810696483}
{"stage": "ctm", "method": "minilmv2_relation", "epoch": 75, "ctm_loss": 0.04886590922251344, "pseudo_dsm_loss": 0.23347687348723412, "endpoint_anchor_loss": 0.0, "mode_gram_loss": 0.0, "endpoint_mmd_loss": 0.0, "selection_loss": 0.07221359657123685}
{"stage": "ctm", "method": "minilmv2_relation", "epoch": 100, "ctm_loss": 0.03144108271226287, "pseudo_dsm_loss": 0.1537141315639019, "endpoint_anchor_loss": 0.0, "mode_gram_loss": 0.0, "endpoint_mmd_loss": 0.0, "selection_loss": 0.04681249586865306}
{"stage": "ctm", "method": "minilmv2_relation", "epoch": 125, "ctm_loss": 0.01831515849335119, "pseudo_dsm_loss": 0.1762136910110712, "endpoint_anchor_loss": 0.0, "mode_gram_loss": 0.0, "endpoint_mmd_loss": 0.0, "selection_loss": 0.03593652759445831}
{"stage": "ctm", "method": "minilmv2_relation", "epoch": 150, "ctm_loss": 0.03991063986904919, "pseudo_dsm_loss": 0.2071583941578865, "endpoint_anchor_loss": 0.0, "mode_gram_loss": 0.0, "endpoint_mmd_loss": 0.0, "selection_loss": 0.060626479284837845}
{"stage": "ctm", "method": "minilmv2_relation", "epoch": 175, "ctm_loss": 0.02432374469935894, "pseudo_dsm_loss": 0.1685925591737032, "endpoint_anchor_loss": 0.0, "mode_gram_loss": 0.0, "endpoint_mmd_loss": 0.0, "selection_loss": 0.04118300061672926}
{"stage": "ctm", "method": "minilmv2_relation", "epoch": 200, "ctm_loss": 0.040229138219729066, "pseudo_dsm_loss": 0.19715215265750885, "endpoint_anchor_loss": 0.0, "mode_gram_loss": 0.0, "endpoint_mmd_loss": 0.0, "selection_loss": 0.059944353485479954}
{"stage": "ctm", "method": "minilmv2_relation", "epoch": 225, "ctm_loss": 0.03604159638052806, "pseudo_dsm_loss": 0.22434300184249878, "endpoint_anchor_loss": 0.0, "mode_gram_loss": 0.0, "endpoint_mmd_loss": 0.0, "selection_loss": 0.058475896564777946}
{"stage": "ctm", "method": "minilmv2_relation", "epoch": 250, "ctm_loss": 0.03271420765668154, "pseudo_dsm_loss": 0.13704975694417953, "endpoint_anchor_loss": 0.0, "mode_gram_loss": 0.0, "endpoint_mmd_loss": 0.0, "selection_loss": 0.04641918335109949}
{"stage": "ctm", "method": "minilmv2_relation", "epoch": 275, "ctm_loss": 0.013343906553927809, "pseudo_dsm_loss": 0.19297385029494762, "endpoint_anchor_loss": 0.0, "mode_gram_loss": 0.0, "endpoint_mmd_loss": 0.0, "selection_loss": 0.03264129158342258}
{"stage": "ctm", "method": "minilmv2_relation", "epoch": 300, "ctm_loss": 0.03228855098132044, "pseudo_dsm_loss": 0.1640826091170311, "endpoint_anchor_loss": 0.0, "mode_gram_loss": 0.0, "endpoint_mmd_loss": 0.0, "selection_loss": 0.04869681189302355}
{"stage": "ctm", "method": "minilmv2_relation", "epoch": 325, "ctm_loss": 0.01780447125202045, "pseudo_dsm_loss": 0.21800729632377625, "endpoint_anchor_loss": 0.0, "mode_gram_loss": 0.0, "endpoint_mmd_loss": 0.0, "selection_loss": 0.039605200884398076}
{"stage": "ctm", "method": "minilmv2_relation", "epoch": 350, "ctm_loss": 0.035035260720178485, "pseudo_dsm_loss": 0.14826196990907192, "endpoint_anchor_loss": 0.0, "mode_gram_loss": 0.0, "endpoint_mmd_loss": 0.0, "selection_loss": 0.049861457711085674}
{"stage": "ctm", "method": "minilmv2_relation", "epoch": 375, "ctm_loss": 0.02814577054232359, "pseudo_dsm_loss": 0.1748532373458147, "endpoint_anchor_loss": 0.0, "mode_gram_loss": 0.0, "endpoint_mmd_loss": 0.0, "selection_loss": 0.045631094276905065}
{"stage": "ctm", "method": "minilmv2_relation", "epoch": 400, "ctm_loss": 0.024221158411819488, "pseudo_dsm_loss": 0.13673769682645798, "endpoint_anchor_loss": 0.0, "mode_gram_loss": 0.0, "endpoint_mmd_loss": 0.0, "selection_loss": 0.037894928094465284}
{"stage": "ctm", "method": "minilmv2_relation", "epoch": 425, "ctm_loss": 0.029665387759450823, "pseudo_dsm_loss": 0.18719632178544998, "endpoint_anchor_loss": 0.0, "mode_gram_loss": 0.0, "endpoint_mmd_loss": 0.0, "selection_loss": 0.04838501993799582}
{"stage": "ctm", "method": "minilmv2_relation", "epoch": 450, "ctm_loss": 0.04683400131762028, "pseudo_dsm_loss": 0.1677854210138321, "endpoint_anchor_loss": 0.0, "mode_gram_loss": 0.0, "endpoint_mmd_loss": 0.0, "selection_loss": 0.06361254341900349}
{"stage": "ctm", "method": "minilmv2_relation", "epoch": 475, "ctm_loss": 0.024675795808434486, "pseudo_dsm_loss": 0.11997503414750099, "endpoint_anchor_loss": 0.0, "mode_gram_loss": 0.0, "endpoint_mmd_loss": 0.0, "selection_loss": 0.03667329922318459}
{
  "method": "minilmv2_relation",
  "experiment_label": "demonstration_free_ctm",
  "demonstration_free": true,
  "ctm_data_source": "rollout",
  "ctm_balance_kind": "none",
  "ctm_latent_labels": null,
  "ctm_success_only": false,
  "demonstration_mixture_probability": 0.0,
  "student_architecture": {
    "layers": 3,
    "embed_dim": 48,
    "heads": 3
  },
  "multi_noise": 1,
  "endpoint_weight": 0.0,
  "mode_balanced_sampling": false,
  "stratified_multitime": false,
  "initialization": {
    "teacher_layers": [
      0,
      1,
      2
    ],
    "selected_heads": [
      0,
      1,
      2
    ],
    "selected_channels": [
      0,
      1,
      2,
      3,
      4,
      6,
      7,
      8,
      10,
      11,
      12,
      13,
      14,
      15,
      16,
      17,
      18,
      19,
      20,
      21,
      22,
      23,
      25,
      27,
      28,
      29,
      30,
      31,
      32,
      33,
      34,
      35,
      36,
      37,
      38,
      39,
      40,
      41,
      42,
      43,
      44,
      46,
      47,
      48,
      50,
      51,
      52,
      53
    ],
    "method": "early",
    "load_max_abs_diff": 0.0,
    "pretrained_structure": "logs/avoiding/teacher_generated_minilmv2_repair_accuracy/velocity_w1/model/pretrain_epoch_0250.pth"
  },
  "uses_original_demonstrations": false,
  "uses_expert_actions": false,
  "demonstration_dir": null,
  "buffer": "logs/avoiding/bmd_velocity250/transfer_buffer.pt",
  "structure_dynamic_pretraining": false,
  "pretrain_epochs": 0,
  "ctm_epochs": 500,
  "ctm_dsm_weight": 0.1,
  "ctm_endpoint_anchor_weight": 0.0,
  "ctm_mode_weight": 0.0,
  "ctm_endpoint_mmd_weight": 0.0,
  "ctm_conditional_samples": 4,
  "ctm_milestones": [
    100,
    250,
    500
  ],
  "best_epoch": 458,
  "best_selection_loss": 0.03041935320943594
}
