{"stage": "ctm", "method": "minilmv2_relation", "epoch": 0, "ctm_loss": 0.03736723028123379, "pseudo_dsm_loss": 0.1722188387066126, "endpoint_anchor_loss": 0.2406696043908596, "mode_gram_loss": 0.027549752965569496, "selection_loss": 0.07948256717994809}
{"stage": "ctm", "method": "minilmv2_relation", "epoch": 25, "ctm_loss": 0.04270194796845317, "pseudo_dsm_loss": 0.1687768753618002, "endpoint_anchor_loss": 0.21777921542525291, "mode_gram_loss": 0.026407462544739246, "selection_loss": 0.08214978092350066}
{"stage": "ctm", "method": "minilmv2_relation", "epoch": 50, "ctm_loss": 0.02955729770474136, "pseudo_dsm_loss": 0.18013538420200348, "endpoint_anchor_loss": 0.21203921362757683, "mode_gram_loss": 0.027386380825191736, "selection_loss": 0.06959634891245516}
{"stage": "ctm", "method": "minilmv2_relation", "epoch": 75, "ctm_loss": 0.05071193631738424, "pseudo_dsm_loss": 0.15107255801558495, "endpoint_anchor_loss": 0.20661251991987228, "mode_gram_loss": 0.027794453781098127, "selection_loss": 0.08731427772436293}
{"stage": "ctm", "method": "minilmv2_relation", "epoch": 100, "ctm_loss": 0.06262926710769534, "pseudo_dsm_loss": 0.17025753017514944, "endpoint_anchor_loss": 0.2082953378558159, "mode_gram_loss": 0.024907846935093403, "selection_loss": 0.10123178931884466}
{"stage": "ctm", "method": "minilmv2_relation", "epoch": 125, "ctm_loss": 0.06343982880935073, "pseudo_dsm_loss": 0.1777229718863964, "endpoint_anchor_loss": 0.209001787006855, "mode_gram_loss": 0.025772009044885635, "selection_loss": 0.10288546497002243}
{"stage": "ctm", "method": "minilmv2_relation", "epoch": 150, "ctm_loss": 0.04848148534074426, "pseudo_dsm_loss": 0.11954999528825283, "endpoint_anchor_loss": 0.2036503218114376, "mode_gram_loss": 0.026393058709800243, "selection_loss": 0.08159330881200731}
{"stage": "ctm", "method": "minilmv2_relation", "epoch": 175, "ctm_loss": 0.022738786647096276, "pseudo_dsm_loss": 0.16728503536432981, "endpoint_anchor_loss": 0.20248527079820633, "mode_gram_loss": 0.02697002235800028, "selection_loss": 0.06052491793408991}
{"stage": "ctm", "method": "minilmv2_relation", "epoch": 200, "ctm_loss": 0.02998525829752907, "pseudo_dsm_loss": 0.16118649020791054, "endpoint_anchor_loss": 0.19985992088913918, "mode_gram_loss": 0.025832063518464565, "selection_loss": 0.06686486131278799}
{"stage": "ctm", "method": "minilmv2_relation", "epoch": 225, "ctm_loss": 0.04307840159162879, "pseudo_dsm_loss": 0.18048402294516563, "endpoint_anchor_loss": 0.19349044188857079, "mode_gram_loss": 0.023875251412391663, "selection_loss": 0.0811921056173742}
{"stage": "ctm", "method": "minilmv2_relation", "epoch": 250, "ctm_loss": 0.02142904425272718, "pseudo_dsm_loss": 0.20096303150057793, "endpoint_anchor_loss": 0.20027406513690948, "mode_gram_loss": 0.02529976051300764, "selection_loss": 0.06231174673186615}
{"stage": "ctm", "method": "minilmv2_relation", "epoch": 275, "ctm_loss": 0.024029044987400994, "pseudo_dsm_loss": 0.17389118485152721, "endpoint_anchor_loss": 0.19408508762717247, "mode_gram_loss": 0.02623045677319169, "selection_loss": 0.06161358593846671}
{"stage": "ctm", "method": "minilmv2_relation", "epoch": 300, "ctm_loss": 0.02129211137071252, "pseudo_dsm_loss": 0.16324083134531975, "endpoint_anchor_loss": 0.19421285390853882, "mode_gram_loss": 0.026369149796664715, "selection_loss": 0.05782855438999832}
{"stage": "ctm", "method": "minilmv2_relation", "epoch": 325, "ctm_loss": 0.03680238942615688, "pseudo_dsm_loss": 0.1639138013124466, "endpoint_anchor_loss": 0.19970478489995003, "mode_gram_loss": 0.027806546073406935, "selection_loss": 0.07399844442959876}
{"stage": "ctm", "method": "minilmv2_relation", "epoch": 350, "ctm_loss": 0.042141485027968884, "pseudo_dsm_loss": 0.1505813430994749, "endpoint_anchor_loss": 0.1959284171462059, "mode_gram_loss": 0.026624407153576612, "selection_loss": 0.07759119326714427}
{"stage": "ctm", "method": "minilmv2_relation", "epoch": 375, "ctm_loss": 0.03911766241071746, "pseudo_dsm_loss": 0.17221368663012981, "endpoint_anchor_loss": 0.19740306958556175, "mode_gram_loss": 0.02805585926398635, "selection_loss": 0.0769210138102062}
{"stage": "ctm", "method": "minilmv2_relation", "epoch": 400, "ctm_loss": 0.03957636607810855, "pseudo_dsm_loss": 0.16694758646190166, "endpoint_anchor_loss": 0.19631377607584, "mode_gram_loss": 0.02510209521278739, "selection_loss": 0.07665556518826634}
{"stage": "ctm", "method": "minilmv2_relation", "epoch": 425, "ctm_loss": 0.03928877133876085, "pseudo_dsm_loss": 0.13386037945747375, "endpoint_anchor_loss": 0.19254972785711288, "mode_gram_loss": 0.02749006263911724, "selection_loss": 0.07275448394939305}
{"stage": "ctm", "method": "minilmv2_relation", "epoch": 450, "ctm_loss": 0.026553815696388483, "pseudo_dsm_loss": 0.1304254997521639, "endpoint_anchor_loss": 0.1941891796886921, "mode_gram_loss": 0.026815226301550865, "selection_loss": 0.0598197404295206}
{"stage": "ctm", "method": "minilmv2_relation", "epoch": 475, "ctm_loss": 0.05904864857438952, "pseudo_dsm_loss": 0.19235725700855255, "endpoint_anchor_loss": 0.19382133707404137, "mode_gram_loss": 0.027350311633199453, "selection_loss": 0.0984870173316449}
{
  "method": "minilmv2_relation",
  "student_architecture": {
    "layers": 3,
    "embed_dim": 48,
    "heads": 3
  },
  "multi_noise": 1,
  "endpoint_weight": 0.0,
  "mode_balanced_sampling": false,
  "stratified_multitime": false,
  "initialization": {
    "teacher_layers": [
      0,
      1,
      2
    ],
    "selected_heads": [
      0,
      1,
      2
    ],
    "selected_channels": [
      0,
      1,
      2,
      3,
      4,
      6,
      7,
      8,
      10,
      11,
      12,
      13,
      14,
      15,
      16,
      17,
      18,
      19,
      20,
      21,
      22,
      23,
      25,
      27,
      28,
      29,
      30,
      31,
      32,
      33,
      34,
      35,
      36,
      37,
      38,
      39,
      40,
      41,
      42,
      43,
      44,
      46,
      47,
      48,
      50,
      51,
      52,
      53
    ],
    "method": "early",
    "load_max_abs_diff": 0.0,
    "pretrained_structure": "logs/avoiding/teacher_generated_minilmv2_repair_accuracy/velocity_w1/model/pretrain_epoch_0250.pth"
  },
  "uses_original_demonstrations": false,
  "uses_expert_actions": false,
  "buffer": "logs/avoiding/teacher_generated_transfer/transfer_buffer.pt",
  "structure_dynamic_pretraining": false,
  "pretrain_epochs": 0,
  "ctm_epochs": 500,
  "ctm_dsm_weight": 0.1,
  "ctm_endpoint_anchor_weight": 0.1,
  "ctm_mode_weight": 0.03,
  "ctm_conditional_samples": 4,
  "ctm_milestones": [
    100,
    250,
    500
  ],
  "best_epoch": 472,
  "best_selection_loss": 0.04740971764549613
}
