{"stage": "ctm", "method": "minilmv2_relation", "epoch": 0, "ctm_loss": 0.03951278096064925, "pseudo_dsm_loss": 0.18216291442513466, "endpoint_anchor_loss": 0.0, "mode_gram_loss": 0.0, "endpoint_mmd_loss": 0.0, "trajectory_mmd_loss": 0.00017256489263672847, "selection_loss": 0.05945472132953}
{"stage": "ctm", "method": "minilmv2_relation", "epoch": 25, "ctm_loss": 0.01953134621726349, "pseudo_dsm_loss": 0.2185003086924553, "endpoint_anchor_loss": 0.0, "mode_gram_loss": 0.0, "endpoint_mmd_loss": 0.0, "trajectory_mmd_loss": 9.569029680278618e-05, "selection_loss": 0.04233828005453688}
{"stage": "ctm", "method": "minilmv2_relation", "epoch": 50, "ctm_loss": 0.03508675750344992, "pseudo_dsm_loss": 0.16632212698459625, "endpoint_anchor_loss": 0.0, "mode_gram_loss": 0.0, "endpoint_mmd_loss": 0.0, "trajectory_mmd_loss": 5.670140490110498e-05, "selection_loss": 0.0522859842509206}
{"stage": "ctm", "method": "minilmv2_relation", "epoch": 75, "ctm_loss": 0.06419211160391569, "pseudo_dsm_loss": 0.22172363102436066, "endpoint_anchor_loss": 0.0, "mode_gram_loss": 0.0, "endpoint_mmd_loss": 0.0, "trajectory_mmd_loss": 0.0033823601452240837, "selection_loss": 0.12018807615859259}
{"stage": "ctm", "method": "minilmv2_relation", "epoch": 100, "ctm_loss": 0.04974117362871766, "pseudo_dsm_loss": 0.21107424423098564, "endpoint_anchor_loss": 0.0, "mode_gram_loss": 0.0, "endpoint_mmd_loss": 0.0, "trajectory_mmd_loss": 8.554369924240746e-05, "selection_loss": 0.0717040350442403}
{"stage": "ctm", "method": "minilmv2_relation", "epoch": 125, "ctm_loss": 0.04021466709673405, "pseudo_dsm_loss": 0.18123777210712433, "endpoint_anchor_loss": 0.0, "mode_gram_loss": 0.0, "endpoint_mmd_loss": 0.0, "trajectory_mmd_loss": 6.237725665414473e-05, "selection_loss": 0.05896221687398793}
{"stage": "ctm", "method": "minilmv2_relation", "epoch": 150, "ctm_loss": 0.034925737883895636, "pseudo_dsm_loss": 0.21927963942289352, "endpoint_anchor_loss": 0.0, "mode_gram_loss": 0.0, "endpoint_mmd_loss": 0.0, "trajectory_mmd_loss": 6.372084681061096e-05, "selection_loss": 0.0574909102942911}
{"stage": "ctm", "method": "minilmv2_relation", "epoch": 175, "ctm_loss": 0.034664076985791326, "pseudo_dsm_loss": 0.16928994469344616, "endpoint_anchor_loss": 0.0, "mode_gram_loss": 0.0, "endpoint_mmd_loss": 0.0, "trajectory_mmd_loss": 7.421921327477321e-05, "selection_loss": 0.05233526358788368}
{"stage": "ctm", "method": "minilmv2_relation", "epoch": 200, "ctm_loss": 0.028066704282537103, "pseudo_dsm_loss": 0.20191647857427597, "endpoint_anchor_loss": 0.0, "mode_gram_loss": 0.0, "endpoint_mmd_loss": 0.0, "trajectory_mmd_loss": 0.00010983845095324796, "selection_loss": 0.04935673664949718}
{"stage": "ctm", "method": "minilmv2_relation", "epoch": 225, "ctm_loss": 0.047081129043363035, "pseudo_dsm_loss": 0.20476967841386795, "endpoint_anchor_loss": 0.0, "mode_gram_loss": 0.0, "endpoint_mmd_loss": 0.0, "trajectory_mmd_loss": 0.00035394828501011943, "selection_loss": 0.07109757973485102}
{"stage": "ctm", "method": "minilmv2_relation", "epoch": 250, "ctm_loss": 0.03848239593207836, "pseudo_dsm_loss": 0.1742874663323164, "endpoint_anchor_loss": 0.0, "mode_gram_loss": 0.0, "endpoint_mmd_loss": 0.0, "trajectory_mmd_loss": 8.087059268291341e-05, "selection_loss": 0.05671984849213914}
{"stage": "ctm", "method": "minilmv2_relation", "epoch": 275, "ctm_loss": 0.05157929752022028, "pseudo_dsm_loss": 0.16382301412522793, "endpoint_anchor_loss": 0.0, "mode_gram_loss": 0.0, "endpoint_mmd_loss": 0.0, "trajectory_mmd_loss": 5.0735476179397665e-05, "selection_loss": 0.06846895369453705}
{"stage": "ctm", "method": "minilmv2_relation", "epoch": 300, "ctm_loss": 0.04855015501379967, "pseudo_dsm_loss": 0.17590372450649738, "endpoint_anchor_loss": 0.0, "mode_gram_loss": 0.0, "endpoint_mmd_loss": 0.0, "trajectory_mmd_loss": 6.204545843502274e-05, "selection_loss": 0.06676098204879963}
{"stage": "ctm", "method": "minilmv2_relation", "epoch": 325, "ctm_loss": 0.025477295741438866, "pseudo_dsm_loss": 0.1643029972910881, "endpoint_anchor_loss": 0.0, "mode_gram_loss": 0.0, "endpoint_mmd_loss": 0.0, "trajectory_mmd_loss": 6.693211253150366e-05, "selection_loss": 0.04257691659586271}
{"stage": "ctm", "method": "minilmv2_relation", "epoch": 350, "ctm_loss": 0.027798269409686327, "pseudo_dsm_loss": 0.21427281200885773, "endpoint_anchor_loss": 0.0, "mode_gram_loss": 0.0, "endpoint_mmd_loss": 0.0, "trajectory_mmd_loss": 7.96481317593134e-05, "selection_loss": 0.050022031928165234}
{"stage": "ctm", "method": "minilmv2_relation", "epoch": 375, "ctm_loss": 0.015730448765680194, "pseudo_dsm_loss": 0.20496265217661858, "endpoint_anchor_loss": 0.0, "mode_gram_loss": 0.0, "endpoint_mmd_loss": 0.0, "trajectory_mmd_loss": 0.000156360670189315, "selection_loss": 0.037790320685235204}
{"stage": "ctm", "method": "minilmv2_relation", "epoch": 400, "ctm_loss": 0.05754249915480614, "pseudo_dsm_loss": 0.22150838002562523, "endpoint_anchor_loss": 0.0, "mode_gram_loss": 0.0, "endpoint_mmd_loss": 0.0, "trajectory_mmd_loss": 7.028778964013327e-05, "selection_loss": 0.08039621505377}
{"stage": "ctm", "method": "minilmv2_relation", "epoch": 425, "ctm_loss": 0.04316335485782474, "pseudo_dsm_loss": 0.17723229341208935, "endpoint_anchor_loss": 0.0, "mode_gram_loss": 0.0, "endpoint_mmd_loss": 0.0, "trajectory_mmd_loss": 6.816586210334208e-05, "selection_loss": 0.0615682428200671}
{"stage": "ctm", "method": "minilmv2_relation", "epoch": 450, "ctm_loss": 0.03571133076911792, "pseudo_dsm_loss": 0.20401299744844437, "endpoint_anchor_loss": 0.0, "mode_gram_loss": 0.0, "endpoint_mmd_loss": 0.0, "trajectory_mmd_loss": 9.882500125968363e-05, "selection_loss": 0.05710088052655919}
{"stage": "ctm", "method": "minilmv2_relation", "epoch": 475, "ctm_loss": 0.05564193055033684, "pseudo_dsm_loss": 0.18048910796642303, "endpoint_anchor_loss": 0.0, "mode_gram_loss": 0.0, "endpoint_mmd_loss": 0.0, "trajectory_mmd_loss": 0.00011480749435577309, "selection_loss": 0.07483891629053688}
{
  "method": "minilmv2_relation",
  "experiment_label": "demonstration_free_ctm",
  "demonstration_free": true,
  "ctm_data_source": "rollout",
  "ctm_balance_kind": "ground_truth_mode_oracle",
  "ctm_balancing_protocol": "uniform_latent_then_episode_then_timestep",
  "ctm_latent_labels": null,
  "ctm_success_only": false,
  "demonstration_mixture_probability": 0.0,
  "student_architecture": {
    "layers": 3,
    "embed_dim": 48,
    "heads": 3
  },
  "multi_noise": 1,
  "endpoint_weight": 0.0,
  "mode_balanced_sampling": false,
  "stratified_multitime": false,
  "initialization": {
    "teacher_layers": [
      0,
      1,
      2
    ],
    "selected_heads": [
      0,
      1,
      2
    ],
    "selected_channels": [
      0,
      1,
      2,
      3,
      4,
      6,
      7,
      8,
      10,
      11,
      12,
      13,
      14,
      15,
      16,
      17,
      18,
      19,
      20,
      21,
      22,
      23,
      25,
      27,
      28,
      29,
      30,
      31,
      32,
      33,
      34,
      35,
      36,
      37,
      38,
      39,
      40,
      41,
      42,
      43,
      44,
      46,
      47,
      48,
      50,
      51,
      52,
      53
    ],
    "method": "early",
    "load_max_abs_diff": 0.0,
    "pretrained_structure": "logs/avoiding/teacher_generated_minilmv2_repair_accuracy/velocity_w1/model/pretrain_epoch_0250.pth"
  },
  "uses_original_demonstrations": false,
  "uses_expert_actions": false,
  "demonstration_dir": null,
  "buffer": "logs/avoiding/bmd_velocity250/transfer_buffer.pt",
  "structure_dynamic_pretraining": false,
  "pretrain_epochs": 0,
  "ctm_epochs": 500,
  "ctm_dsm_weight": 0.1,
  "ctm_endpoint_anchor_weight": 0.0,
  "ctm_mode_weight": 0.0,
  "ctm_endpoint_mmd_weight": 0.0,
  "ctm_trajectory_mmd_weight": 10.0,
  "ctm_trajectory_horizon": 4,
  "ctm_conditional_samples": 4,
  "ctm_milestones": [
    100,
    250,
    500
  ],
  "best_epoch": 331,
  "best_selection_loss": 0.030863216178113363
}
