[2026-07-23 07:01:32,488][agents.models.diffusion.diffusion_models][INFO] - number of parameters: 9.504200e+04
[2026-07-23 07:01:32,532][root][INFO] - Loading Sorting Dataset
[2026-07-23 07:01:32,543][root][INFO] - Loading Sorting Dataset
[2026-07-23 07:01:32,561][agents.utils.scaler][INFO] - Datset Info: state min: [-2.3854534  -1.52318297 -2.5436591  -1.47282681] and max: [2.68851348 1.91139402 2.31634682 1.92205774], action min: [-1.83908446 -2.15521727] and max: [1.93458139 0.68739523]
[2026-07-23 07:01:32,561][agents.utils.scaler][INFO] - Training dataset size: input (7305, 4) target (7305, 2)
[2026-07-23 07:01:32,561][agents.base_agent][INFO] - The model has a total amount of 95042 parameters
[2026-07-23 07:01:59,654][agents.ddpm_agent][INFO] - Epoch 49: Mean test mse is 0.5447368025779724
[2026-07-23 07:01:59,675][agents.ddpm_agent][INFO] - New best test loss. Stored weights have been updated!
[2026-07-23 07:02:26,488][agents.ddpm_agent][INFO] - Epoch 99: Mean test mse is 0.45689393899270464
[2026-07-23 07:02:26,501][agents.ddpm_agent][INFO] - New best test loss. Stored weights have been updated!
[2026-07-23 07:02:53,080][agents.ddpm_agent][INFO] - Epoch 149: Mean test mse is 0.4131094643047878
[2026-07-23 07:02:53,093][agents.ddpm_agent][INFO] - New best test loss. Stored weights have been updated!
[2026-07-23 07:03:19,931][agents.ddpm_agent][INFO] - Epoch 199: Mean test mse is 0.37540172572646824
[2026-07-23 07:03:19,944][agents.ddpm_agent][INFO] - New best test loss. Stored weights have been updated!
[2026-07-23 07:03:46,592][agents.ddpm_agent][INFO] - Epoch 249: Mean test mse is 0.32690530589648653
[2026-07-23 07:03:46,605][agents.ddpm_agent][INFO] - New best test loss. Stored weights have been updated!
[2026-07-23 07:04:13,179][agents.ddpm_agent][INFO] - Epoch 299: Mean test mse is 0.32483165711164474
[2026-07-23 07:04:13,192][agents.ddpm_agent][INFO] - New best test loss. Stored weights have been updated!
[2026-07-23 07:04:40,035][agents.ddpm_agent][INFO] - Epoch 349: Mean test mse is 0.3261159716972283
[2026-07-23 07:05:06,744][agents.ddpm_agent][INFO] - Epoch 399: Mean test mse is 0.3031394082520689
[2026-07-23 07:05:06,757][agents.ddpm_agent][INFO] - New best test loss. Stored weights have been updated!
[2026-07-23 07:05:33,422][agents.ddpm_agent][INFO] - Epoch 449: Mean test mse is 0.2847380781812327
[2026-07-23 07:05:33,435][agents.ddpm_agent][INFO] - New best test loss. Stored weights have been updated!
[2026-07-23 07:06:00,294][agents.ddpm_agent][INFO] - Epoch 499: Mean test mse is 0.2810471797628062
[2026-07-23 07:06:00,306][agents.ddpm_agent][INFO] - New best test loss. Stored weights have been updated!
[2026-07-23 07:06:27,005][agents.ddpm_agent][INFO] - Epoch 549: Mean test mse is 0.28089724693979534
[2026-07-23 07:06:27,017][agents.ddpm_agent][INFO] - New best test loss. Stored weights have been updated!
[2026-07-23 07:06:53,682][agents.ddpm_agent][INFO] - Epoch 599: Mean test mse is 0.2798705069082124
[2026-07-23 07:06:53,712][agents.ddpm_agent][INFO] - New best test loss. Stored weights have been updated!
[2026-07-23 07:07:20,353][agents.ddpm_agent][INFO] - Epoch 649: Mean test mse is 0.26926197005169733
[2026-07-23 07:07:20,365][agents.ddpm_agent][INFO] - New best test loss. Stored weights have been updated!
[2026-07-23 07:07:47,108][agents.ddpm_agent][INFO] - Epoch 699: Mean test mse is 0.24914614962679998
[2026-07-23 07:07:47,121][agents.ddpm_agent][INFO] - New best test loss. Stored weights have been updated!
[2026-07-23 07:08:13,876][agents.ddpm_agent][INFO] - Epoch 749: Mean test mse is 0.2632404917052814
[2026-07-23 07:08:40,527][agents.ddpm_agent][INFO] - Epoch 799: Mean test mse is 0.25839293748140335
[2026-07-23 07:09:07,306][agents.ddpm_agent][INFO] - Epoch 849: Mean test mse is 0.2514345443674496
[2026-07-23 07:09:34,040][agents.ddpm_agent][INFO] - Epoch 899: Mean test mse is 0.23177279319081986
[2026-07-23 07:09:34,053][agents.ddpm_agent][INFO] - New best test loss. Stored weights have been updated!
[2026-07-23 07:10:00,651][agents.ddpm_agent][INFO] - Epoch 949: Mean test mse is 0.23723748485956872
[2026-07-23 07:10:27,361][agents.ddpm_agent][INFO] - Epoch 999: Mean test mse is 0.22992100619844028
[2026-07-23 07:10:27,373][agents.ddpm_agent][INFO] - New best test loss. Stored weights have been updated!
[2026-07-23 07:10:54,106][agents.ddpm_agent][INFO] - Epoch 1049: Mean test mse is 0.23030667592372214
[2026-07-23 07:11:20,949][agents.ddpm_agent][INFO] - Epoch 1099: Mean test mse is 0.23388420045375824
[2026-07-23 07:11:47,852][agents.ddpm_agent][INFO] - Epoch 1149: Mean test mse is 0.21444340742060117
[2026-07-23 07:11:47,865][agents.ddpm_agent][INFO] - New best test loss. Stored weights have been updated!
[2026-07-23 07:12:14,540][agents.ddpm_agent][INFO] - Epoch 1199: Mean test mse is 0.23568025869982584
[2026-07-23 07:12:41,203][agents.ddpm_agent][INFO] - Epoch 1249: Mean test mse is 0.23663360252976418
[2026-07-23 07:13:07,966][agents.ddpm_agent][INFO] - Epoch 1299: Mean test mse is 0.22840696892568044
[2026-07-23 07:13:34,788][agents.ddpm_agent][INFO] - Epoch 1349: Mean test mse is 0.2189799760069166
[2026-07-23 07:14:01,452][agents.ddpm_agent][INFO] - Epoch 1399: Mean test mse is 0.20412526013595717
[2026-07-23 07:14:01,465][agents.ddpm_agent][INFO] - New best test loss. Stored weights have been updated!
[2026-07-23 07:14:28,220][agents.ddpm_agent][INFO] - Epoch 1449: Mean test mse is 0.20850886377905095
[2026-07-23 07:14:55,149][agents.ddpm_agent][INFO] - Epoch 1499: Mean test mse is 0.20833342841693334
[2026-07-23 07:15:22,351][agents.ddpm_agent][INFO] - Epoch 1549: Mean test mse is 0.20771754479834012
[2026-07-23 07:15:49,468][agents.ddpm_agent][INFO] - Epoch 1599: Mean test mse is 0.20730147351111686
[2026-07-23 07:16:16,449][agents.ddpm_agent][INFO] - Epoch 1649: Mean test mse is 0.20982302352786064
[2026-07-23 07:16:43,239][agents.ddpm_agent][INFO] - Epoch 1699: Mean test mse is 0.20189132168889046
[2026-07-23 07:16:43,252][agents.ddpm_agent][INFO] - New best test loss. Stored weights have been updated!
[2026-07-23 07:17:09,922][agents.ddpm_agent][INFO] - Epoch 1749: Mean test mse is 0.1971899622253009
[2026-07-23 07:17:09,934][agents.ddpm_agent][INFO] - New best test loss. Stored weights have been updated!
[2026-07-23 07:17:38,935][agents.ddpm_agent][INFO] - Epoch 1799: Mean test mse is 0.19918672793677875
[2026-07-23 07:18:08,794][agents.ddpm_agent][INFO] - Epoch 1849: Mean test mse is 0.2136098997933524
[2026-07-23 07:18:35,538][agents.ddpm_agent][INFO] - Epoch 1899: Mean test mse is 0.194148381373712
[2026-07-23 07:18:35,551][agents.ddpm_agent][INFO] - New best test loss. Stored weights have been updated!
[2026-07-23 07:19:02,226][agents.ddpm_agent][INFO] - Epoch 1949: Mean test mse is 0.2003899488065924
[2026-07-23 07:19:28,885][agents.ddpm_agent][INFO] - Epoch 1999: Mean test mse is 0.1906788343829768
[2026-07-23 07:19:28,897][agents.ddpm_agent][INFO] - New best test loss. Stored weights have been updated!
[2026-07-23 07:19:55,819][agents.ddpm_agent][INFO] - Epoch 2049: Mean test mse is 0.19595490289585932
[2026-07-23 07:20:22,747][agents.ddpm_agent][INFO] - Epoch 2099: Mean test mse is 0.18457095670912946
[2026-07-23 07:20:22,759][agents.ddpm_agent][INFO] - New best test loss. Stored weights have been updated!
[2026-07-23 07:20:49,490][agents.ddpm_agent][INFO] - Epoch 2149: Mean test mse is 0.18725878612271377
[2026-07-23 07:21:16,245][agents.ddpm_agent][INFO] - Epoch 2199: Mean test mse is 0.1879854356603963
[2026-07-23 07:21:42,782][agents.ddpm_agent][INFO] - Epoch 2249: Mean test mse is 0.18206703077469552
[2026-07-23 07:21:42,795][agents.ddpm_agent][INFO] - New best test loss. Stored weights have been updated!
[2026-07-23 07:22:09,430][agents.ddpm_agent][INFO] - Epoch 2299: Mean test mse is 0.18004137596913747
[2026-07-23 07:22:09,442][agents.ddpm_agent][INFO] - New best test loss. Stored weights have been updated!
[2026-07-23 07:22:36,139][agents.ddpm_agent][INFO] - Epoch 2349: Mean test mse is 0.20143550687602588
[2026-07-23 07:23:02,945][agents.ddpm_agent][INFO] - Epoch 2399: Mean test mse is 0.18088081691946303
[2026-07-23 07:23:29,770][agents.ddpm_agent][INFO] - Epoch 2449: Mean test mse is 0.18774122159395898
[2026-07-23 07:23:56,418][agents.ddpm_agent][INFO] - Epoch 2499: Mean test mse is 0.18524922164423124
[2026-07-23 07:24:23,155][agents.ddpm_agent][INFO] - Epoch 2549: Mean test mse is 0.19038664496370725
[2026-07-23 07:24:49,824][agents.ddpm_agent][INFO] - Epoch 2599: Mean test mse is 0.18062026798725128
[2026-07-23 07:25:16,521][agents.ddpm_agent][INFO] - Epoch 2649: Mean test mse is 0.18663094192743301
[2026-07-23 07:25:43,177][agents.ddpm_agent][INFO] - Epoch 2699: Mean test mse is 0.1869745792022773
[2026-07-23 07:26:09,877][agents.ddpm_agent][INFO] - Epoch 2749: Mean test mse is 0.1774834128362792
[2026-07-23 07:26:09,890][agents.ddpm_agent][INFO] - New best test loss. Stored weights have been updated!
[2026-07-23 07:26:36,439][agents.ddpm_agent][INFO] - Epoch 2799: Mean test mse is 0.17719826315130507
[2026-07-23 07:26:36,451][agents.ddpm_agent][INFO] - New best test loss. Stored weights have been updated!
[2026-07-23 07:27:03,200][agents.ddpm_agent][INFO] - Epoch 2849: Mean test mse is 0.17413324942546232
[2026-07-23 07:27:03,231][agents.ddpm_agent][INFO] - New best test loss. Stored weights have been updated!
[2026-07-23 07:27:29,884][agents.ddpm_agent][INFO] - Epoch 2899: Mean test mse is 0.17349628305860929
[2026-07-23 07:27:29,896][agents.ddpm_agent][INFO] - New best test loss. Stored weights have been updated!
[2026-07-23 07:27:56,824][agents.ddpm_agent][INFO] - Epoch 2949: Mean test mse is 0.18040269506829126
[2026-07-23 07:28:23,907][agents.ddpm_agent][INFO] - Epoch 2999: Mean test mse is 0.18342612071761064
[2026-07-23 07:28:50,693][agents.ddpm_agent][INFO] - Epoch 3049: Mean test mse is 0.17679229298872606
[2026-07-23 07:29:17,436][agents.ddpm_agent][INFO] - Epoch 3099: Mean test mse is 0.17723101590360915
[2026-07-23 07:29:44,033][agents.ddpm_agent][INFO] - Epoch 3149: Mean test mse is 0.17564572234238898
[2026-07-23 07:30:11,010][agents.ddpm_agent][INFO] - Epoch 3199: Mean test mse is 0.16207477636635303
[2026-07-23 07:30:11,022][agents.ddpm_agent][INFO] - New best test loss. Stored weights have been updated!
[2026-07-23 07:30:39,021][agents.ddpm_agent][INFO] - Epoch 3249: Mean test mse is 0.16684820928743907
[2026-07-23 07:31:07,235][agents.ddpm_agent][INFO] - Epoch 3299: Mean test mse is 0.16731551316167628
[2026-07-23 07:31:35,557][agents.ddpm_agent][INFO] - Epoch 3349: Mean test mse is 0.18170628297541822
[2026-07-23 07:32:03,726][agents.ddpm_agent][INFO] - Epoch 3399: Mean test mse is 0.17383856273123197
[2026-07-23 07:32:32,259][agents.ddpm_agent][INFO] - Epoch 3449: Mean test mse is 0.16710734819727285
[2026-07-23 07:33:00,120][agents.ddpm_agent][INFO] - Epoch 3499: Mean test mse is 0.16775233431586198
[2026-07-23 07:33:27,547][agents.ddpm_agent][INFO] - Epoch 3549: Mean test mse is 0.17997655884495803
[2026-07-23 07:33:55,062][agents.ddpm_agent][INFO] - Epoch 3599: Mean test mse is 0.18083809928170272
[2026-07-23 07:34:22,690][agents.ddpm_agent][INFO] - Epoch 3649: Mean test mse is 0.17228973683501994
[2026-07-23 07:34:50,298][agents.ddpm_agent][INFO] - Epoch 3699: Mean test mse is 0.15917218662798405
[2026-07-23 07:34:50,311][agents.ddpm_agent][INFO] - New best test loss. Stored weights have been updated!
[2026-07-23 07:35:17,772][agents.ddpm_agent][INFO] - Epoch 3749: Mean test mse is 0.17536952532827854
[2026-07-23 07:35:45,263][agents.ddpm_agent][INFO] - Epoch 3799: Mean test mse is 0.15912682030882155
[2026-07-23 07:35:45,276][agents.ddpm_agent][INFO] - New best test loss. Stored weights have been updated!
[2026-07-23 07:36:12,765][agents.ddpm_agent][INFO] - Epoch 3849: Mean test mse is 0.1635701326387269
[2026-07-23 07:36:40,385][agents.ddpm_agent][INFO] - Epoch 3899: Mean test mse is 0.16407907381653786
[2026-07-23 07:37:07,825][agents.ddpm_agent][INFO] - Epoch 3949: Mean test mse is 0.16189720508243358
[2026-07-23 07:37:35,338][agents.ddpm_agent][INFO] - Epoch 3999: Mean test mse is 0.15326678992382117
[2026-07-23 07:37:35,351][agents.ddpm_agent][INFO] - New best test loss. Stored weights have been updated!
[2026-07-23 07:38:05,350][agents.ddpm_agent][INFO] - Epoch 4049: Mean test mse is 0.16066756312336242
[2026-07-23 07:38:34,632][agents.ddpm_agent][INFO] - Epoch 4099: Mean test mse is 0.16523982637694903
[2026-07-23 07:39:01,692][agents.ddpm_agent][INFO] - Epoch 4149: Mean test mse is 0.15826204046607018
[2026-07-23 07:39:28,267][agents.ddpm_agent][INFO] - Epoch 4199: Mean test mse is 0.1600754207798413
[2026-07-23 07:39:54,566][agents.ddpm_agent][INFO] - Epoch 4249: Mean test mse is 0.15585645980068616
[2026-07-23 07:40:20,972][agents.ddpm_agent][INFO] - Epoch 4299: Mean test mse is 0.15174137933978013
[2026-07-23 07:40:20,984][agents.ddpm_agent][INFO] - New best test loss. Stored weights have been updated!
[2026-07-23 07:40:47,278][agents.ddpm_agent][INFO] - Epoch 4349: Mean test mse is 0.15238064021936484
[2026-07-23 07:41:13,624][agents.ddpm_agent][INFO] - Epoch 4399: Mean test mse is 0.1548228088234152
[2026-07-23 07:41:40,036][agents.ddpm_agent][INFO] - Epoch 4449: Mean test mse is 0.15337975456246308
[2026-07-23 07:42:06,238][agents.ddpm_agent][INFO] - Epoch 4499: Mean test mse is 0.15649265050888062
[2026-07-23 07:42:32,550][agents.ddpm_agent][INFO] - Epoch 4549: Mean test mse is 0.1462848942194666
[2026-07-23 07:42:32,562][agents.ddpm_agent][INFO] - New best test loss. Stored weights have been updated!
[2026-07-23 07:42:58,664][agents.ddpm_agent][INFO] - Epoch 4599: Mean test mse is 0.1505849590258939
[2026-07-23 07:43:24,762][agents.ddpm_agent][INFO] - Epoch 4649: Mean test mse is 0.16351902138973987
[2026-07-23 07:43:50,866][agents.ddpm_agent][INFO] - Epoch 4699: Mean test mse is 0.16578673997095653
[2026-07-23 07:44:17,076][agents.ddpm_agent][INFO] - Epoch 4749: Mean test mse is 0.15314811361687525
[2026-07-23 07:44:43,034][agents.ddpm_agent][INFO] - Epoch 4799: Mean test mse is 0.14092606625386647
[2026-07-23 07:44:43,046][agents.ddpm_agent][INFO] - New best test loss. Stored weights have been updated!
[2026-07-23 07:45:09,007][agents.ddpm_agent][INFO] - Epoch 4849: Mean test mse is 0.15935141327125685
[2026-07-23 07:45:35,052][agents.ddpm_agent][INFO] - Epoch 4899: Mean test mse is 0.14640368494604314
[2026-07-23 07:46:01,056][agents.ddpm_agent][INFO] - Epoch 4949: Mean test mse is 0.14472604542970657
[2026-07-23 07:46:27,046][agents.ddpm_agent][INFO] - Epoch 4999: Mean test mse is 0.14412413564111506
[2026-07-23 07:46:27,699][agents.ddpm_agent][INFO] - Training done!
[2026-07-23 07:46:27,700][__main__][INFO] - Training-only mode enabled; skipping simulation.
