[2026-07-16 05:05:25,071][agents.models.diffusion.diffusion_models][INFO] - number of parameters: 2.748260e+05
[2026-07-16 05:05:25,116][root][INFO] - Loading Sorting Dataset
[2026-07-16 05:05:25,128][root][INFO] - Loading Sorting Dataset
[2026-07-16 05:05:25,145][agents.utils.scaler][INFO] - Datset Info: state min: [-2.3854534  -1.52318297 -2.5436591  -1.47282681] and max: [2.68851348 1.91139402 2.31634682 1.92205774], action min: [-1.83908446 -2.15521727] and max: [1.93458139 0.68739523]
[2026-07-16 05:05:25,145][agents.utils.scaler][INFO] - Training dataset size: input (7305, 4) target (7305, 2)
[2026-07-16 05:05:25,145][agents.base_agent][INFO] - The model has a total amount of 274826 parameters
[2026-07-16 05:05:28,865][agents.ddpm_agent][INFO] - Epoch 9: Mean test mse is 0.2758617230824062
[2026-07-16 05:05:28,882][agents.ddpm_agent][INFO] - New best test loss. Stored weights have been updated!
[2026-07-16 05:05:31,999][agents.ddpm_agent][INFO] - Epoch 19: Mean test mse is 0.20753966910498484
[2026-07-16 05:05:32,017][agents.ddpm_agent][INFO] - New best test loss. Stored weights have been updated!
[2026-07-16 05:05:35,132][agents.ddpm_agent][INFO] - Epoch 29: Mean test mse is 0.17377340580735887
[2026-07-16 05:05:35,150][agents.ddpm_agent][INFO] - New best test loss. Stored weights have been updated!
[2026-07-16 05:05:38,242][agents.ddpm_agent][INFO] - Epoch 39: Mean test mse is 0.16132992506027222
[2026-07-16 05:05:38,260][agents.ddpm_agent][INFO] - New best test loss. Stored weights have been updated!
[2026-07-16 05:05:41,286][agents.ddpm_agent][INFO] - Epoch 49: Mean test mse is 0.14650281838008336
[2026-07-16 05:05:42,027][agents.ddpm_agent][INFO] - New best test loss. Stored weights have been updated!
[2026-07-16 05:05:45,116][agents.ddpm_agent][INFO] - Epoch 59: Mean test mse is 0.1373552190405982
[2026-07-16 05:05:45,133][agents.ddpm_agent][INFO] - New best test loss. Stored weights have been updated!
[2026-07-16 05:05:48,294][agents.ddpm_agent][INFO] - Epoch 69: Mean test mse is 0.13246084111077444
[2026-07-16 05:05:48,311][agents.ddpm_agent][INFO] - New best test loss. Stored weights have been updated!
[2026-07-16 05:05:51,442][agents.ddpm_agent][INFO] - Epoch 79: Mean test mse is 0.12678570193903788
[2026-07-16 05:05:51,459][agents.ddpm_agent][INFO] - New best test loss. Stored weights have been updated!
[2026-07-16 05:05:54,545][agents.ddpm_agent][INFO] - Epoch 89: Mean test mse is 0.12428399068968636
[2026-07-16 05:05:54,562][agents.ddpm_agent][INFO] - New best test loss. Stored weights have been updated!
[2026-07-16 05:05:57,694][agents.ddpm_agent][INFO] - Epoch 99: Mean test mse is 0.11692335563046592
[2026-07-16 05:05:57,711][agents.ddpm_agent][INFO] - New best test loss. Stored weights have been updated!
[2026-07-16 05:06:00,819][agents.ddpm_agent][INFO] - Epoch 109: Mean test mse is 0.11157747038773128
[2026-07-16 05:06:00,836][agents.ddpm_agent][INFO] - New best test loss. Stored weights have been updated!
[2026-07-16 05:06:03,927][agents.ddpm_agent][INFO] - Epoch 119: Mean test mse is 0.11030341897691999
[2026-07-16 05:06:03,943][agents.ddpm_agent][INFO] - New best test loss. Stored weights have been updated!
[2026-07-16 05:06:07,064][agents.ddpm_agent][INFO] - Epoch 129: Mean test mse is 0.1120728531054088
[2026-07-16 05:06:10,142][agents.ddpm_agent][INFO] - Epoch 139: Mean test mse is 0.10990569314786366
[2026-07-16 05:06:10,159][agents.ddpm_agent][INFO] - New best test loss. Stored weights have been updated!
[2026-07-16 05:06:13,240][agents.ddpm_agent][INFO] - Epoch 149: Mean test mse is 0.10659086065632957
[2026-07-16 05:06:13,257][agents.ddpm_agent][INFO] - New best test loss. Stored weights have been updated!
[2026-07-16 05:06:16,377][agents.ddpm_agent][INFO] - Epoch 159: Mean test mse is 0.10245680489710399
[2026-07-16 05:06:16,394][agents.ddpm_agent][INFO] - New best test loss. Stored weights have been updated!
[2026-07-16 05:06:19,389][agents.ddpm_agent][INFO] - Epoch 169: Mean test mse is 0.10342421701976232
[2026-07-16 05:06:22,310][agents.ddpm_agent][INFO] - Epoch 179: Mean test mse is 0.09884054852383477
[2026-07-16 05:06:22,327][agents.ddpm_agent][INFO] - New best test loss. Stored weights have been updated!
[2026-07-16 05:06:25,197][agents.ddpm_agent][INFO] - Epoch 189: Mean test mse is 0.10008106700011662
[2026-07-16 05:06:28,123][agents.ddpm_agent][INFO] - Epoch 199: Mean test mse is 0.09677767966474805
[2026-07-16 05:06:28,140][agents.ddpm_agent][INFO] - New best test loss. Stored weights have been updated!
[2026-07-16 05:06:31,053][agents.ddpm_agent][INFO] - Epoch 209: Mean test mse is 0.09940606142793383
[2026-07-16 05:06:33,951][agents.ddpm_agent][INFO] - Epoch 219: Mean test mse is 0.10031434893608093
[2026-07-16 05:06:36,852][agents.ddpm_agent][INFO] - Epoch 229: Mean test mse is 0.09641990278448377
[2026-07-16 05:06:36,961][agents.ddpm_agent][INFO] - New best test loss. Stored weights have been updated!
[2026-07-16 05:06:39,889][agents.ddpm_agent][INFO] - Epoch 239: Mean test mse is 0.09399691543408803
[2026-07-16 05:06:39,906][agents.ddpm_agent][INFO] - New best test loss. Stored weights have been updated!
[2026-07-16 05:06:42,789][agents.ddpm_agent][INFO] - Epoch 249: Mean test mse is 0.09393489892993655
[2026-07-16 05:06:42,805][agents.ddpm_agent][INFO] - New best test loss. Stored weights have been updated!
[2026-07-16 05:06:45,754][agents.ddpm_agent][INFO] - Epoch 259: Mean test mse is 0.08912590146064758
[2026-07-16 05:06:45,772][agents.ddpm_agent][INFO] - New best test loss. Stored weights have been updated!
[2026-07-16 05:06:48,746][agents.ddpm_agent][INFO] - Epoch 269: Mean test mse is 0.08668493373053414
[2026-07-16 05:06:48,762][agents.ddpm_agent][INFO] - New best test loss. Stored weights have been updated!
[2026-07-16 05:06:51,654][agents.ddpm_agent][INFO] - Epoch 279: Mean test mse is 0.09093610090868813
[2026-07-16 05:06:54,597][agents.ddpm_agent][INFO] - Epoch 289: Mean test mse is 0.08887102667774473
[2026-07-16 05:06:57,548][agents.ddpm_agent][INFO] - Epoch 299: Mean test mse is 0.08768379581826073
[2026-07-16 05:07:00,470][agents.ddpm_agent][INFO] - Epoch 309: Mean test mse is 0.08664498371737343
[2026-07-16 05:07:00,487][agents.ddpm_agent][INFO] - New best test loss. Stored weights have been updated!
[2026-07-16 05:07:03,644][agents.ddpm_agent][INFO] - Epoch 319: Mean test mse is 0.08498565214020866
[2026-07-16 05:07:03,662][agents.ddpm_agent][INFO] - New best test loss. Stored weights have been updated!
[2026-07-16 05:07:06,976][agents.ddpm_agent][INFO] - Epoch 329: Mean test mse is 0.08754306499447141
[2026-07-16 05:07:10,073][agents.ddpm_agent][INFO] - Epoch 339: Mean test mse is 0.08531605026551656
[2026-07-16 05:07:13,047][agents.ddpm_agent][INFO] - Epoch 349: Mean test mse is 0.08334310033491679
[2026-07-16 05:07:13,064][agents.ddpm_agent][INFO] - New best test loss. Stored weights have been updated!
[2026-07-16 05:07:15,975][agents.ddpm_agent][INFO] - Epoch 359: Mean test mse is 0.08167922816106252
[2026-07-16 05:07:15,991][agents.ddpm_agent][INFO] - New best test loss. Stored weights have been updated!
[2026-07-16 05:07:18,905][agents.ddpm_agent][INFO] - Epoch 369: Mean test mse is 0.08075833001307078
[2026-07-16 05:07:18,921][agents.ddpm_agent][INFO] - New best test loss. Stored weights have been updated!
[2026-07-16 05:07:21,856][agents.ddpm_agent][INFO] - Epoch 379: Mean test mse is 0.08026790086712156
[2026-07-16 05:07:21,873][agents.ddpm_agent][INFO] - New best test loss. Stored weights have been updated!
[2026-07-16 05:07:24,797][agents.ddpm_agent][INFO] - Epoch 389: Mean test mse is 0.07927619985171727
[2026-07-16 05:07:24,814][agents.ddpm_agent][INFO] - New best test loss. Stored weights have been updated!
[2026-07-16 05:07:27,681][agents.ddpm_agent][INFO] - Epoch 399: Mean test mse is 0.07997052797249385
[2026-07-16 05:07:30,667][agents.ddpm_agent][INFO] - Epoch 409: Mean test mse is 0.07954397797584534
[2026-07-16 05:07:33,789][agents.ddpm_agent][INFO] - Epoch 419: Mean test mse is 0.08045905189854759
[2026-07-16 05:07:36,922][agents.ddpm_agent][INFO] - Epoch 429: Mean test mse is 0.08307977765798569
[2026-07-16 05:07:40,004][agents.ddpm_agent][INFO] - Epoch 439: Mean test mse is 0.07874365470239095
[2026-07-16 05:07:40,021][agents.ddpm_agent][INFO] - New best test loss. Stored weights have been updated!
[2026-07-16 05:07:43,110][agents.ddpm_agent][INFO] - Epoch 449: Mean test mse is 0.07439719353403364
[2026-07-16 05:07:43,126][agents.ddpm_agent][INFO] - New best test loss. Stored weights have been updated!
[2026-07-16 05:07:46,291][agents.ddpm_agent][INFO] - Epoch 459: Mean test mse is 0.07554251700639725
[2026-07-16 05:07:49,450][agents.ddpm_agent][INFO] - Epoch 469: Mean test mse is 0.07459219225815364
[2026-07-16 05:07:52,574][agents.ddpm_agent][INFO] - Epoch 479: Mean test mse is 0.07634698120611054
[2026-07-16 05:07:55,802][agents.ddpm_agent][INFO] - Epoch 489: Mean test mse is 0.07851604265826088
[2026-07-16 05:07:58,929][agents.ddpm_agent][INFO] - Epoch 499: Mean test mse is 0.07690113357135228
[2026-07-16 05:08:02,050][agents.ddpm_agent][INFO] - Epoch 509: Mean test mse is 0.0771327433841569
[2026-07-16 05:08:05,212][agents.ddpm_agent][INFO] - Epoch 519: Mean test mse is 0.07408992946147919
[2026-07-16 05:08:05,229][agents.ddpm_agent][INFO] - New best test loss. Stored weights have been updated!
[2026-07-16 05:08:08,327][agents.ddpm_agent][INFO] - Epoch 529: Mean test mse is 0.073704508798463
[2026-07-16 05:08:08,344][agents.ddpm_agent][INFO] - New best test loss. Stored weights have been updated!
[2026-07-16 05:08:11,478][agents.ddpm_agent][INFO] - Epoch 539: Mean test mse is 0.07245107314416341
[2026-07-16 05:08:11,495][agents.ddpm_agent][INFO] - New best test loss. Stored weights have been updated!
[2026-07-16 05:08:14,630][agents.ddpm_agent][INFO] - Epoch 549: Mean test mse is 0.07452053683144706
[2026-07-16 05:08:17,739][agents.ddpm_agent][INFO] - Epoch 559: Mean test mse is 0.07277744423065867
[2026-07-16 05:08:20,841][agents.ddpm_agent][INFO] - Epoch 569: Mean test mse is 0.07552685482161385
[2026-07-16 05:08:23,979][agents.ddpm_agent][INFO] - Epoch 579: Mean test mse is 0.07299986109137535
[2026-07-16 05:08:27,086][agents.ddpm_agent][INFO] - Epoch 589: Mean test mse is 0.07439521913017545
[2026-07-16 05:08:30,218][agents.ddpm_agent][INFO] - Epoch 599: Mean test mse is 0.07409305178693362
[2026-07-16 05:08:33,309][agents.ddpm_agent][INFO] - Epoch 609: Mean test mse is 0.07423333930117744
[2026-07-16 05:08:36,399][agents.ddpm_agent][INFO] - Epoch 619: Mean test mse is 0.0683055796793529
[2026-07-16 05:08:36,416][agents.ddpm_agent][INFO] - New best test loss. Stored weights have been updated!
[2026-07-16 05:08:39,564][agents.ddpm_agent][INFO] - Epoch 629: Mean test mse is 0.07164797825472695
[2026-07-16 05:08:42,651][agents.ddpm_agent][INFO] - Epoch 639: Mean test mse is 0.06550436626587595
[2026-07-16 05:08:42,668][agents.ddpm_agent][INFO] - New best test loss. Stored weights have been updated!
[2026-07-16 05:08:45,736][agents.ddpm_agent][INFO] - Epoch 649: Mean test mse is 0.07016296737960406
[2026-07-16 05:08:48,795][agents.ddpm_agent][INFO] - Epoch 659: Mean test mse is 0.0726903932435172
[2026-07-16 05:08:51,933][agents.ddpm_agent][INFO] - Epoch 669: Mean test mse is 0.07065839001110621
[2026-07-16 05:08:55,033][agents.ddpm_agent][INFO] - Epoch 679: Mean test mse is 0.07284610718488693
[2026-07-16 05:08:58,166][agents.ddpm_agent][INFO] - Epoch 689: Mean test mse is 0.07011545023747853
[2026-07-16 05:09:01,248][agents.ddpm_agent][INFO] - Epoch 699: Mean test mse is 0.067533620766231
[2026-07-16 05:09:04,351][agents.ddpm_agent][INFO] - Epoch 709: Mean test mse is 0.06630877618278776
[2026-07-16 05:09:07,463][agents.ddpm_agent][INFO] - Epoch 719: Mean test mse is 0.0699599300112043
[2026-07-16 05:09:10,598][agents.ddpm_agent][INFO] - Epoch 729: Mean test mse is 0.06638298024024282
[2026-07-16 05:09:13,720][agents.ddpm_agent][INFO] - Epoch 739: Mean test mse is 0.0662763783974307
[2026-07-16 05:09:16,832][agents.ddpm_agent][INFO] - Epoch 749: Mean test mse is 0.06792101317218371
[2026-07-16 05:09:19,906][agents.ddpm_agent][INFO] - Epoch 759: Mean test mse is 0.06860697961279325
[2026-07-16 05:09:22,974][agents.ddpm_agent][INFO] - Epoch 769: Mean test mse is 0.06928764869059835
[2026-07-16 05:09:26,040][agents.ddpm_agent][INFO] - Epoch 779: Mean test mse is 0.06693646098886218
[2026-07-16 05:09:29,206][agents.ddpm_agent][INFO] - Epoch 789: Mean test mse is 0.06385543836014611
[2026-07-16 05:09:29,222][agents.ddpm_agent][INFO] - New best test loss. Stored weights have been updated!
[2026-07-16 05:09:32,352][agents.ddpm_agent][INFO] - Epoch 799: Mean test mse is 0.06560426258615085
[2026-07-16 05:09:35,443][agents.ddpm_agent][INFO] - Epoch 809: Mean test mse is 0.06826660516006607
[2026-07-16 05:09:38,648][agents.ddpm_agent][INFO] - Epoch 819: Mean test mse is 0.06675741768309049
[2026-07-16 05:09:41,809][agents.ddpm_agent][INFO] - Epoch 829: Mean test mse is 0.06347591429948807
[2026-07-16 05:09:41,826][agents.ddpm_agent][INFO] - New best test loss. Stored weights have been updated!
[2026-07-16 05:09:44,927][agents.ddpm_agent][INFO] - Epoch 839: Mean test mse is 0.06640490463801793
[2026-07-16 05:09:48,051][agents.ddpm_agent][INFO] - Epoch 849: Mean test mse is 0.06612985421504293
[2026-07-16 05:09:51,342][agents.ddpm_agent][INFO] - Epoch 859: Mean test mse is 0.06593029201030731
[2026-07-16 05:09:54,402][agents.ddpm_agent][INFO] - Epoch 869: Mean test mse is 0.06445175249661718
[2026-07-16 05:09:57,436][agents.ddpm_agent][INFO] - Epoch 879: Mean test mse is 0.068430309849126
[2026-07-16 05:10:00,552][agents.ddpm_agent][INFO] - Epoch 889: Mean test mse is 0.06571815641863006
[2026-07-16 05:10:03,609][agents.ddpm_agent][INFO] - Epoch 899: Mean test mse is 0.06218242698482105
[2026-07-16 05:10:03,626][agents.ddpm_agent][INFO] - New best test loss. Stored weights have been updated!
[2026-07-16 05:10:06,704][agents.ddpm_agent][INFO] - Epoch 909: Mean test mse is 0.0667395708816392
[2026-07-16 05:10:09,731][agents.ddpm_agent][INFO] - Epoch 919: Mean test mse is 0.06200463005474636
[2026-07-16 05:10:09,748][agents.ddpm_agent][INFO] - New best test loss. Stored weights have been updated!
[2026-07-16 05:10:12,861][agents.ddpm_agent][INFO] - Epoch 929: Mean test mse is 0.06785757839679718
[2026-07-16 05:10:16,058][agents.ddpm_agent][INFO] - Epoch 939: Mean test mse is 0.06630657027874674
[2026-07-16 05:10:19,151][agents.ddpm_agent][INFO] - Epoch 949: Mean test mse is 0.06649085347141538
[2026-07-16 05:10:22,227][agents.ddpm_agent][INFO] - Epoch 959: Mean test mse is 0.06635071017912456
[2026-07-16 05:10:25,406][agents.ddpm_agent][INFO] - Epoch 969: Mean test mse is 0.06316021936280387
[2026-07-16 05:10:28,542][agents.ddpm_agent][INFO] - Epoch 979: Mean test mse is 0.06666808468954903
[2026-07-16 05:10:31,614][agents.ddpm_agent][INFO] - Epoch 989: Mean test mse is 0.06443916953035764
[2026-07-16 05:10:34,741][agents.ddpm_agent][INFO] - Epoch 999: Mean test mse is 0.06532441771456174
[2026-07-16 05:10:35,058][agents.ddpm_agent][INFO] - Training done!
[2026-07-16 05:10:35,059][__main__][INFO] - Training-only mode enabled; skipping simulation.
