pybullet build time: Jan 29 2025 23:16:28
/jet/home/qzhou7/workspace/anaconda3/envs/d3il/lib/python3.10/site-packages/hydra/_internal/defaults_list.py:251: UserWarning: In 'avoiding_config': Defaults list is missing `_self_`. See https://hydra.cc/docs/upgrades/1.0_to_1.1/default_composition_order for more information
  warnings.warn(msg, UserWarning)
/jet/home/qzhou7/workspace/anaconda3/envs/d3il/lib/python3.10/site-packages/hydra/_internal/defaults_list.py:251: UserWarning: In 'avoiding_config': Defaults list is missing `_self_`. See https://hydra.cc/docs/upgrades/1.0_to_1.1/default_composition_order for more information
  warnings.warn(msg, UserWarning)
Final IK error (78 iterations):  7.2858622740646e-06
Final IK error (0 iterations):  7.2858622740646e-06
{"paired_progress": {"episode_start": 750, "completed": 10, "total": 250, "teacher_successes": 10, "student_successes": 7, "finished": false}}
{"paired_progress": {"episode_start": 750, "completed": 20, "total": 250, "teacher_successes": 19, "student_successes": 14, "finished": false}}
{"paired_progress": {"episode_start": 750, "completed": 30, "total": 250, "teacher_successes": 29, "student_successes": 23, "finished": false}}
{"paired_progress": {"episode_start": 750, "completed": 40, "total": 250, "teacher_successes": 38, "student_successes": 28, "finished": false}}
{"paired_progress": {"episode_start": 750, "completed": 50, "total": 250, "teacher_successes": 48, "student_successes": 33, "finished": false}}
{"paired_progress": {"episode_start": 750, "completed": 60, "total": 250, "teacher_successes": 58, "student_successes": 41, "finished": false}}
{"paired_progress": {"episode_start": 750, "completed": 70, "total": 250, "teacher_successes": 67, "student_successes": 49, "finished": false}}
{"paired_progress": {"episode_start": 750, "completed": 80, "total": 250, "teacher_successes": 77, "student_successes": 57, "finished": false}}
{"paired_progress": {"episode_start": 750, "completed": 90, "total": 250, "teacher_successes": 86, "student_successes": 65, "finished": false}}
{"paired_progress": {"episode_start": 750, "completed": 100, "total": 250, "teacher_successes": 96, "student_successes": 74, "finished": false}}
{"paired_progress": {"episode_start": 750, "completed": 110, "total": 250, "teacher_successes": 105, "student_successes": 81, "finished": false}}
{"paired_progress": {"episode_start": 750, "completed": 120, "total": 250, "teacher_successes": 115, "student_successes": 90, "finished": false}}
{"paired_progress": {"episode_start": 750, "completed": 130, "total": 250, "teacher_successes": 125, "student_successes": 96, "finished": false}}
{"paired_progress": {"episode_start": 750, "completed": 140, "total": 250, "teacher_successes": 134, "student_successes": 102, "finished": false}}
{"paired_progress": {"episode_start": 750, "completed": 150, "total": 250, "teacher_successes": 144, "student_successes": 111, "finished": false}}
{"paired_progress": {"episode_start": 750, "completed": 160, "total": 250, "teacher_successes": 154, "student_successes": 119, "finished": false}}
{"paired_progress": {"episode_start": 750, "completed": 170, "total": 250, "teacher_successes": 163, "student_successes": 126, "finished": false}}
{"paired_progress": {"episode_start": 750, "completed": 180, "total": 250, "teacher_successes": 173, "student_successes": 135, "finished": false}}
{"paired_progress": {"episode_start": 750, "completed": 190, "total": 250, "teacher_successes": 183, "student_successes": 141, "finished": false}}
{"paired_progress": {"episode_start": 750, "completed": 200, "total": 250, "teacher_successes": 193, "student_successes": 149, "finished": false}}
{"paired_progress": {"episode_start": 750, "completed": 210, "total": 250, "teacher_successes": 203, "student_successes": 155, "finished": false}}
{"paired_progress": {"episode_start": 750, "completed": 220, "total": 250, "teacher_successes": 212, "student_successes": 165, "finished": false}}
{"paired_progress": {"episode_start": 750, "completed": 230, "total": 250, "teacher_successes": 222, "student_successes": 174, "finished": false}}
{"paired_progress": {"episode_start": 750, "completed": 240, "total": 250, "teacher_successes": 231, "student_successes": 180, "finished": false}}
{"paired_progress": {"episode_start": 750, "completed": 250, "total": 250, "teacher_successes": 241, "student_successes": 189, "finished": true}}
