pybullet build time: Jan 29 2025 23:16:28
/jet/home/qzhou7/workspace/anaconda3/envs/d3il/lib/python3.10/site-packages/hydra/_internal/defaults_list.py:251: UserWarning: In 'avoiding_config': Defaults list is missing `_self_`. See https://hydra.cc/docs/upgrades/1.0_to_1.1/default_composition_order for more information
  warnings.warn(msg, UserWarning)
/jet/home/qzhou7/workspace/anaconda3/envs/d3il/lib/python3.10/site-packages/hydra/_internal/defaults_list.py:251: UserWarning: In 'avoiding_config': Defaults list is missing `_self_`. See https://hydra.cc/docs/upgrades/1.0_to_1.1/default_composition_order for more information
  warnings.warn(msg, UserWarning)
Final IK error (78 iterations):  7.2858622740646e-06
Final IK error (0 iterations):  7.2858622740646e-06
{"paired_progress": {"episode_start": 0, "completed": 10, "total": 250, "teacher_successes": 7, "student_successes": 8, "finished": false}}
{"paired_progress": {"episode_start": 0, "completed": 20, "total": 250, "teacher_successes": 17, "student_successes": 15, "finished": false}}
{"paired_progress": {"episode_start": 0, "completed": 30, "total": 250, "teacher_successes": 27, "student_successes": 23, "finished": false}}
{"paired_progress": {"episode_start": 0, "completed": 40, "total": 250, "teacher_successes": 37, "student_successes": 32, "finished": false}}
{"paired_progress": {"episode_start": 0, "completed": 50, "total": 250, "teacher_successes": 47, "student_successes": 38, "finished": false}}
{"paired_progress": {"episode_start": 0, "completed": 60, "total": 250, "teacher_successes": 56, "student_successes": 46, "finished": false}}
{"paired_progress": {"episode_start": 0, "completed": 70, "total": 250, "teacher_successes": 66, "student_successes": 53, "finished": false}}
{"paired_progress": {"episode_start": 0, "completed": 80, "total": 250, "teacher_successes": 74, "student_successes": 60, "finished": false}}
{"paired_progress": {"episode_start": 0, "completed": 90, "total": 250, "teacher_successes": 84, "student_successes": 67, "finished": false}}
{"paired_progress": {"episode_start": 0, "completed": 100, "total": 250, "teacher_successes": 94, "student_successes": 74, "finished": false}}
{"paired_progress": {"episode_start": 0, "completed": 110, "total": 250, "teacher_successes": 104, "student_successes": 81, "finished": false}}
{"paired_progress": {"episode_start": 0, "completed": 120, "total": 250, "teacher_successes": 114, "student_successes": 90, "finished": false}}
{"paired_progress": {"episode_start": 0, "completed": 130, "total": 250, "teacher_successes": 124, "student_successes": 96, "finished": false}}
{"paired_progress": {"episode_start": 0, "completed": 140, "total": 250, "teacher_successes": 134, "student_successes": 105, "finished": false}}
{"paired_progress": {"episode_start": 0, "completed": 150, "total": 250, "teacher_successes": 143, "student_successes": 112, "finished": false}}
{"paired_progress": {"episode_start": 0, "completed": 160, "total": 250, "teacher_successes": 153, "student_successes": 121, "finished": false}}
{"paired_progress": {"episode_start": 0, "completed": 170, "total": 250, "teacher_successes": 163, "student_successes": 130, "finished": false}}
{"paired_progress": {"episode_start": 0, "completed": 180, "total": 250, "teacher_successes": 173, "student_successes": 139, "finished": false}}
{"paired_progress": {"episode_start": 0, "completed": 190, "total": 250, "teacher_successes": 182, "student_successes": 147, "finished": false}}
{"paired_progress": {"episode_start": 0, "completed": 200, "total": 250, "teacher_successes": 192, "student_successes": 154, "finished": false}}
{"paired_progress": {"episode_start": 0, "completed": 210, "total": 250, "teacher_successes": 202, "student_successes": 160, "finished": false}}
{"paired_progress": {"episode_start": 0, "completed": 220, "total": 250, "teacher_successes": 212, "student_successes": 169, "finished": false}}
{"paired_progress": {"episode_start": 0, "completed": 230, "total": 250, "teacher_successes": 222, "student_successes": 178, "finished": false}}
{"paired_progress": {"episode_start": 0, "completed": 240, "total": 250, "teacher_successes": 232, "student_successes": 184, "finished": false}}
{"paired_progress": {"episode_start": 0, "completed": 250, "total": 250, "teacher_successes": 242, "student_successes": 193, "finished": true}}
