pybullet build time: Jan 29 2025 23:16:28
/jet/home/qzhou7/workspace/anaconda3/envs/d3il/lib/python3.10/site-packages/hydra/_internal/defaults_list.py:251: UserWarning: In 'avoiding_config': Defaults list is missing `_self_`. See https://hydra.cc/docs/upgrades/1.0_to_1.1/default_composition_order for more information
  warnings.warn(msg, UserWarning)
/jet/home/qzhou7/workspace/anaconda3/envs/d3il/lib/python3.10/site-packages/hydra/_internal/defaults_list.py:251: UserWarning: In 'avoiding_config': Defaults list is missing `_self_`. See https://hydra.cc/docs/upgrades/1.0_to_1.1/default_composition_order for more information
  warnings.warn(msg, UserWarning)
Final IK error (78 iterations):  7.2858622740646e-06
Final IK error (0 iterations):  7.2858622740646e-06
{"paired_progress": {"episode_start": 250, "completed": 10, "total": 250, "teacher_successes": 9, "student_successes": 6, "finished": false}}
{"paired_progress": {"episode_start": 250, "completed": 20, "total": 250, "teacher_successes": 18, "student_successes": 14, "finished": false}}
{"paired_progress": {"episode_start": 250, "completed": 30, "total": 250, "teacher_successes": 28, "student_successes": 23, "finished": false}}
{"paired_progress": {"episode_start": 250, "completed": 40, "total": 250, "teacher_successes": 37, "student_successes": 30, "finished": false}}
{"paired_progress": {"episode_start": 250, "completed": 50, "total": 250, "teacher_successes": 47, "student_successes": 36, "finished": false}}
{"paired_progress": {"episode_start": 250, "completed": 60, "total": 250, "teacher_successes": 57, "student_successes": 46, "finished": false}}
{"paired_progress": {"episode_start": 250, "completed": 70, "total": 250, "teacher_successes": 67, "student_successes": 54, "finished": false}}
{"paired_progress": {"episode_start": 250, "completed": 80, "total": 250, "teacher_successes": 77, "student_successes": 62, "finished": false}}
{"paired_progress": {"episode_start": 250, "completed": 90, "total": 250, "teacher_successes": 87, "student_successes": 68, "finished": false}}
{"paired_progress": {"episode_start": 250, "completed": 100, "total": 250, "teacher_successes": 96, "student_successes": 76, "finished": false}}
{"paired_progress": {"episode_start": 250, "completed": 110, "total": 250, "teacher_successes": 105, "student_successes": 84, "finished": false}}
{"paired_progress": {"episode_start": 250, "completed": 120, "total": 250, "teacher_successes": 114, "student_successes": 93, "finished": false}}
{"paired_progress": {"episode_start": 250, "completed": 130, "total": 250, "teacher_successes": 123, "student_successes": 102, "finished": false}}
{"paired_progress": {"episode_start": 250, "completed": 140, "total": 250, "teacher_successes": 133, "student_successes": 111, "finished": false}}
{"paired_progress": {"episode_start": 250, "completed": 150, "total": 250, "teacher_successes": 143, "student_successes": 119, "finished": false}}
{"paired_progress": {"episode_start": 250, "completed": 160, "total": 250, "teacher_successes": 152, "student_successes": 128, "finished": false}}
{"paired_progress": {"episode_start": 250, "completed": 170, "total": 250, "teacher_successes": 161, "student_successes": 135, "finished": false}}
{"paired_progress": {"episode_start": 250, "completed": 180, "total": 250, "teacher_successes": 170, "student_successes": 143, "finished": false}}
{"paired_progress": {"episode_start": 250, "completed": 190, "total": 250, "teacher_successes": 180, "student_successes": 153, "finished": false}}
{"paired_progress": {"episode_start": 250, "completed": 200, "total": 250, "teacher_successes": 190, "student_successes": 162, "finished": false}}
{"paired_progress": {"episode_start": 250, "completed": 210, "total": 250, "teacher_successes": 198, "student_successes": 171, "finished": false}}
{"paired_progress": {"episode_start": 250, "completed": 220, "total": 250, "teacher_successes": 206, "student_successes": 178, "finished": false}}
{"paired_progress": {"episode_start": 250, "completed": 230, "total": 250, "teacher_successes": 216, "student_successes": 188, "finished": false}}
{"paired_progress": {"episode_start": 250, "completed": 240, "total": 250, "teacher_successes": 226, "student_successes": 195, "finished": false}}
{"paired_progress": {"episode_start": 250, "completed": 250, "total": 250, "teacher_successes": 236, "student_successes": 204, "finished": true}}
