pybullet build time: Jan 29 2025 23:16:28
/jet/home/qzhou7/workspace/anaconda3/envs/d3il/lib/python3.10/site-packages/hydra/_internal/defaults_list.py:251: UserWarning: In 'avoiding_config': Defaults list is missing `_self_`. See https://hydra.cc/docs/upgrades/1.0_to_1.1/default_composition_order for more information
  warnings.warn(msg, UserWarning)
/jet/home/qzhou7/workspace/anaconda3/envs/d3il/lib/python3.10/site-packages/hydra/_internal/defaults_list.py:251: UserWarning: In 'avoiding_config': Defaults list is missing `_self_`. See https://hydra.cc/docs/upgrades/1.0_to_1.1/default_composition_order for more information
  warnings.warn(msg, UserWarning)
Final IK error (78 iterations):  7.2858622740646e-06
Final IK error (0 iterations):  7.2858622740646e-06
{"paired_progress": {"episode_start": 500, "completed": 10, "total": 250, "teacher_successes": 9, "student_successes": 5, "finished": false}}
{"paired_progress": {"episode_start": 500, "completed": 20, "total": 250, "teacher_successes": 19, "student_successes": 11, "finished": false}}
{"paired_progress": {"episode_start": 500, "completed": 30, "total": 250, "teacher_successes": 26, "student_successes": 20, "finished": false}}
{"paired_progress": {"episode_start": 500, "completed": 40, "total": 250, "teacher_successes": 36, "student_successes": 28, "finished": false}}
{"paired_progress": {"episode_start": 500, "completed": 50, "total": 250, "teacher_successes": 46, "student_successes": 38, "finished": false}}
{"paired_progress": {"episode_start": 500, "completed": 60, "total": 250, "teacher_successes": 56, "student_successes": 43, "finished": false}}
{"paired_progress": {"episode_start": 500, "completed": 70, "total": 250, "teacher_successes": 66, "student_successes": 51, "finished": false}}
{"paired_progress": {"episode_start": 500, "completed": 80, "total": 250, "teacher_successes": 76, "student_successes": 61, "finished": false}}
{"paired_progress": {"episode_start": 500, "completed": 90, "total": 250, "teacher_successes": 86, "student_successes": 67, "finished": false}}
{"paired_progress": {"episode_start": 500, "completed": 100, "total": 250, "teacher_successes": 96, "student_successes": 74, "finished": false}}
{"paired_progress": {"episode_start": 500, "completed": 110, "total": 250, "teacher_successes": 106, "student_successes": 83, "finished": false}}
{"paired_progress": {"episode_start": 500, "completed": 120, "total": 250, "teacher_successes": 116, "student_successes": 92, "finished": false}}
{"paired_progress": {"episode_start": 500, "completed": 130, "total": 250, "teacher_successes": 126, "student_successes": 100, "finished": false}}
{"paired_progress": {"episode_start": 500, "completed": 140, "total": 250, "teacher_successes": 136, "student_successes": 107, "finished": false}}
{"paired_progress": {"episode_start": 500, "completed": 150, "total": 250, "teacher_successes": 146, "student_successes": 116, "finished": false}}
{"paired_progress": {"episode_start": 500, "completed": 160, "total": 250, "teacher_successes": 155, "student_successes": 122, "finished": false}}
{"paired_progress": {"episode_start": 500, "completed": 170, "total": 250, "teacher_successes": 165, "student_successes": 127, "finished": false}}
{"paired_progress": {"episode_start": 500, "completed": 180, "total": 250, "teacher_successes": 175, "student_successes": 133, "finished": false}}
{"paired_progress": {"episode_start": 500, "completed": 190, "total": 250, "teacher_successes": 185, "student_successes": 142, "finished": false}}
{"paired_progress": {"episode_start": 500, "completed": 200, "total": 250, "teacher_successes": 195, "student_successes": 150, "finished": false}}
{"paired_progress": {"episode_start": 500, "completed": 210, "total": 250, "teacher_successes": 204, "student_successes": 157, "finished": false}}
{"paired_progress": {"episode_start": 500, "completed": 220, "total": 250, "teacher_successes": 213, "student_successes": 161, "finished": false}}
{"paired_progress": {"episode_start": 500, "completed": 230, "total": 250, "teacher_successes": 223, "student_successes": 169, "finished": false}}
{"paired_progress": {"episode_start": 500, "completed": 240, "total": 250, "teacher_successes": 232, "student_successes": 177, "finished": false}}
{"paired_progress": {"episode_start": 500, "completed": 250, "total": 250, "teacher_successes": 242, "student_successes": 185, "finished": true}}
