{
  "protocol": "Standard-120: require SR>=0.75 and coverage>=20; then maximize SR, coverage, entropy",
  "rows": [
    {
      "epoch": 50,
      "success_rate": 0.65,
      "coverage": 18,
      "entropy": 0.8119732564830812,
      "metrics": "logs/avoiding/p6_intervention_dagger_repair/h8_recovery/eval120_epoch50/metrics.json",
      "passed_gate": false
    },
    {
      "epoch": 100,
      "success_rate": 0.5833333333333334,
      "coverage": 19,
      "entropy": 0.777410973623228,
      "metrics": "logs/avoiding/p6_intervention_dagger_repair/h8_recovery/eval120_epoch100/metrics.json"
    },
    {
      "epoch": 250,
      "success_rate": 0.6333333333333333,
      "coverage": 18,
      "entropy": 0.7866321129001772,
      "metrics": "logs/avoiding/p6_intervention_dagger_repair/h8_recovery/eval120_epoch250/metrics.json"
    }
  ],
  "selected": {
    "epoch": 50,
    "success_rate": 0.65,
    "coverage": 18,
    "entropy": 0.8119732564830812,
    "metrics": "logs/avoiding/p6_intervention_dagger_repair/h8_recovery/eval120_epoch50/metrics.json",
    "passed_gate": false
  }
}
