/jet/home/qzhou7/workspace/anaconda3/envs/d3il/lib/python3.10/site-packages/hydra/_internal/defaults_list.py:251: UserWarning: In 'avoiding_config': Defaults list is missing `_self_`. See https://hydra.cc/docs/upgrades/1.0_to_1.1/default_composition_order for more information
  warnings.warn(msg, UserWarning)
/jet/home/qzhou7/workspace/anaconda3/envs/d3il/lib/python3.10/site-packages/hydra/_internal/defaults_list.py:251: UserWarning: In 'avoiding_config': Defaults list is missing `_self_`. See https://hydra.cc/docs/upgrades/1.0_to_1.1/default_composition_order for more information
  warnings.warn(msg, UserWarning)
FM shortcut 16-to-1:   0%|          | 0/3 [00:00<?, ?it/s]{"epoch": 0, "loss": 2.111684799194336, "shortcut_loss": 1.6053593158721924, "flow_loss": 1.7296085357666016, "geometry_loss": 3.3336448669433594, "validation_loss": 2.422236204147339, "learning_rate": 7.525e-05}
FM shortcut 16-to-1:  33%|███▎      | 1/3 [00:00<00:00,  3.18it/s]FM shortcut 16-to-1:  67%|██████▋   | 2/3 [00:00<00:00,  3.72it/s]{"epoch": 2, "loss": 1.9573217630386353, "shortcut_loss": 1.4541467428207397, "flow_loss": 1.6748650074005127, "geometry_loss": 3.356884479522705, "validation_loss": 2.373361825942993, "learning_rate": 1e-06}
FM shortcut 16-to-1: 100%|██████████| 3/3 [00:00<00:00,  4.02it/s]FM shortcut 16-to-1: 100%|██████████| 3/3 [00:00<00:00,  3.86it/s]
{
  "teacher_checkpoint": "logs/avoiding/trained/flow_matching_transformer_5000_seed42/eval_best_flow.pth",
  "teacher_steps": 16,
  "student_steps": 1,
  "epochs": 3,
  "best_epoch": 2,
  "best_loss": 2.373361825942993,
  "flow_weight": 0.1,
  "geometry_weight": 0.1,
  "conditional_samples": 4,
  "student_architecture": {
    "layers": 2,
    "embed_dim": 36,
    "heads": 3
  },
  "student_parameters": 37982
}
