{"stage": "structure", "method": "pca_dynamic", "epoch": 0, "loss": 1.4469554126262665}
{"stage": "structure", "method": "pca_dynamic", "epoch": 25, "loss": 1.856164962053299}
{"stage": "structure", "method": "pca_dynamic", "epoch": 50, "loss": 1.4867759197950363}
{"stage": "structure", "method": "pca_dynamic", "epoch": 75, "loss": 0.7663345169275999}
{"stage": "structure", "method": "pca_dynamic", "epoch": 100, "loss": 1.3238809742033482}
{"stage": "structure", "method": "pca_dynamic", "epoch": 125, "loss": 2.6731094997376204}
{"stage": "structure", "method": "pca_dynamic", "epoch": 150, "loss": 0.18215345405042171}
{"stage": "structure", "method": "pca_dynamic", "epoch": 175, "loss": 1.5622328761965036}
{"stage": "structure", "method": "pca_dynamic", "epoch": 200, "loss": 0.13359280861914158}
{"stage": "structure", "method": "pca_dynamic", "epoch": 225, "loss": 1.4497632086277008}
{"stage": "structure", "method": "pca_dynamic", "epoch": 250, "loss": 1.684113698080182}
{"stage": "structure", "method": "pca_dynamic", "epoch": 275, "loss": 0.8996390979737043}
{"stage": "ctm", "method": "pca_dynamic", "epoch": 0, "ctm_loss": 0.05797212477773428, "pseudo_dsm_loss": 0.4214318282902241, "selection_loss": 0.10011530760675669}
{"stage": "ctm", "method": "pca_dynamic", "epoch": 25, "ctm_loss": 0.08030816540122032, "pseudo_dsm_loss": 0.45132775604724884, "selection_loss": 0.12544094100594522}
{"stage": "ctm", "method": "pca_dynamic", "epoch": 50, "ctm_loss": 0.0555502506904304, "pseudo_dsm_loss": 0.5527664572000504, "selection_loss": 0.11082689641043544}
{"stage": "ctm", "method": "pca_dynamic", "epoch": 75, "ctm_loss": 0.06874344358220696, "pseudo_dsm_loss": 0.48107263818383217, "selection_loss": 0.11685070740059018}
{"stage": "ctm", "method": "pca_dynamic", "epoch": 100, "ctm_loss": 0.04894599877297878, "pseudo_dsm_loss": 0.35181833803653717, "selection_loss": 0.0841278325766325}
{"stage": "ctm", "method": "pca_dynamic", "epoch": 125, "ctm_loss": 0.059145890176296234, "pseudo_dsm_loss": 0.313601303845644, "selection_loss": 0.09050602056086063}
{"stage": "ctm", "method": "pca_dynamic", "epoch": 150, "ctm_loss": 0.07261482067406178, "pseudo_dsm_loss": 0.3319702446460724, "selection_loss": 0.10581184513866901}
{"stage": "ctm", "method": "pca_dynamic", "epoch": 175, "ctm_loss": 0.07260764203965664, "pseudo_dsm_loss": 0.39020541310310364, "selection_loss": 0.111628183349967}
{"stage": "ctm", "method": "pca_dynamic", "epoch": 200, "ctm_loss": 0.05390984192490578, "pseudo_dsm_loss": 0.3415575660765171, "selection_loss": 0.08806559853255749}
{"stage": "ctm", "method": "pca_dynamic", "epoch": 225, "ctm_loss": 0.05920166987925768, "pseudo_dsm_loss": 0.24064953811466694, "selection_loss": 0.08326662369072438}
{"stage": "ctm", "method": "pca_dynamic", "epoch": 250, "ctm_loss": 0.05722006782889366, "pseudo_dsm_loss": 0.28933724761009216, "selection_loss": 0.08615379258990288}
{"stage": "ctm", "method": "pca_dynamic", "epoch": 275, "ctm_loss": 0.08951231045648456, "pseudo_dsm_loss": 0.4222717136144638, "selection_loss": 0.13173948181793094}
{"stage": "ctm", "method": "pca_dynamic", "epoch": 300, "ctm_loss": 0.05261255521327257, "pseudo_dsm_loss": 0.3505947198718786, "selection_loss": 0.08767202720046044}
{"stage": "ctm", "method": "pca_dynamic", "epoch": 325, "ctm_loss": 0.04419897124171257, "pseudo_dsm_loss": 0.29142390564084053, "selection_loss": 0.07334136180579662}
{"stage": "ctm", "method": "pca_dynamic", "epoch": 350, "ctm_loss": 0.05023608636111021, "pseudo_dsm_loss": 0.4111633077263832, "selection_loss": 0.09135241713374853}
{"stage": "ctm", "method": "pca_dynamic", "epoch": 375, "ctm_loss": 0.048020745161920786, "pseudo_dsm_loss": 0.37503354996442795, "selection_loss": 0.08552410015836359}
{"stage": "ctm", "method": "pca_dynamic", "epoch": 400, "ctm_loss": 0.06888560485094786, "pseudo_dsm_loss": 0.3486347310245037, "selection_loss": 0.10374907795339823}
{"stage": "ctm", "method": "pca_dynamic", "epoch": 425, "ctm_loss": 0.048346295952796936, "pseudo_dsm_loss": 0.3212979771196842, "selection_loss": 0.08047609366476535}
{"stage": "ctm", "method": "pca_dynamic", "epoch": 450, "ctm_loss": 0.04397954698652029, "pseudo_dsm_loss": 0.17073098197579384, "selection_loss": 0.061052645184099676}
{"stage": "ctm", "method": "pca_dynamic", "epoch": 475, "ctm_loss": 0.03958320617675781, "pseudo_dsm_loss": 0.3055639863014221, "selection_loss": 0.07013960480690003}
{
  "method": "pca_dynamic",
  "initialization": {
    "teacher_layers": [
      0,
      2,
      3
    ],
    "explained_variance": 1.0,
    "method": "pca",
    "load_max_abs_diff": 0.0
  },
  "uses_original_demonstrations": false,
  "uses_expert_actions": false,
  "buffer": "logs/avoiding/teacher_generated_transfer/transfer_buffer.pt",
  "structure_dynamic_pretraining": true,
  "pretrain_epochs": 300,
  "ctm_epochs": 500,
  "best_epoch": 483,
  "best_selection_loss": 0.05796288680285215
}
