{"stage": "ctm", "method": "minilmv2_relation", "epoch": 0, "ctm_loss": 0.09452599659562111, "pseudo_dsm_loss": 0.2272821143269539, "endpoint_anchor_loss": 0.0, "mode_gram_loss": 0.0, "endpoint_mmd_loss": 0.0, "selection_loss": 0.1172542080283165}
{"stage": "ctm", "method": "minilmv2_relation", "epoch": 25, "ctm_loss": 0.02776939608156681, "pseudo_dsm_loss": 0.146037925966084, "endpoint_anchor_loss": 0.0, "mode_gram_loss": 0.0, "endpoint_mmd_loss": 0.0, "selection_loss": 0.04237318867817521}
{"stage": "ctm", "method": "minilmv2_relation", "epoch": 50, "ctm_loss": 0.031925801013130695, "pseudo_dsm_loss": 0.18472157046198845, "endpoint_anchor_loss": 0.0, "mode_gram_loss": 0.0, "endpoint_mmd_loss": 0.0, "selection_loss": 0.05039795805932954}
{"stage": "ctm", "method": "minilmv2_relation", "epoch": 75, "ctm_loss": 0.03056429256685078, "pseudo_dsm_loss": 0.19130989722907543, "endpoint_anchor_loss": 0.0, "mode_gram_loss": 0.0, "endpoint_mmd_loss": 0.0, "selection_loss": 0.04969528228975832}
{"stage": "ctm", "method": "minilmv2_relation", "epoch": 100, "ctm_loss": 0.07318967184983194, "pseudo_dsm_loss": 0.21989353373646736, "endpoint_anchor_loss": 0.0, "mode_gram_loss": 0.0, "endpoint_mmd_loss": 0.0, "selection_loss": 0.09517902522347868}
{"stage": "ctm", "method": "minilmv2_relation", "epoch": 125, "ctm_loss": 0.024473991070408374, "pseudo_dsm_loss": 0.18443970009684563, "endpoint_anchor_loss": 0.0, "mode_gram_loss": 0.0, "endpoint_mmd_loss": 0.0, "selection_loss": 0.04291796108009294}
{"stage": "ctm", "method": "minilmv2_relation", "epoch": 150, "ctm_loss": 0.015348336135502905, "pseudo_dsm_loss": 0.17955227755010128, "endpoint_anchor_loss": 0.0, "mode_gram_loss": 0.0, "endpoint_mmd_loss": 0.0, "selection_loss": 0.03330356389051303}
{"stage": "ctm", "method": "minilmv2_relation", "epoch": 175, "ctm_loss": 0.016075531719252467, "pseudo_dsm_loss": 0.20226968079805374, "endpoint_anchor_loss": 0.0, "mode_gram_loss": 0.0, "endpoint_mmd_loss": 0.0, "selection_loss": 0.03630249979905784}
{"stage": "ctm", "method": "minilmv2_relation", "epoch": 200, "ctm_loss": 0.05581509554758668, "pseudo_dsm_loss": 0.14066151157021523, "endpoint_anchor_loss": 0.0, "mode_gram_loss": 0.0, "endpoint_mmd_loss": 0.0, "selection_loss": 0.0698812467046082}
{"stage": "ctm", "method": "minilmv2_relation", "epoch": 225, "ctm_loss": 0.025430989044252783, "pseudo_dsm_loss": 0.2006228920072317, "endpoint_anchor_loss": 0.0, "mode_gram_loss": 0.0, "endpoint_mmd_loss": 0.0, "selection_loss": 0.045493278244975954}
{"stage": "ctm", "method": "minilmv2_relation", "epoch": 250, "ctm_loss": 0.028445581207051873, "pseudo_dsm_loss": 0.19103381410241127, "endpoint_anchor_loss": 0.0, "mode_gram_loss": 0.0, "endpoint_mmd_loss": 0.0, "selection_loss": 0.047548962617293}
{"stage": "ctm", "method": "minilmv2_relation", "epoch": 275, "ctm_loss": 0.034688867803197354, "pseudo_dsm_loss": 0.19148260913789272, "endpoint_anchor_loss": 0.0, "mode_gram_loss": 0.0, "endpoint_mmd_loss": 0.0, "selection_loss": 0.05383712871698663}
{"stage": "ctm", "method": "minilmv2_relation", "epoch": 300, "ctm_loss": 0.04849510919302702, "pseudo_dsm_loss": 0.14820698462426662, "endpoint_anchor_loss": 0.0, "mode_gram_loss": 0.0, "endpoint_mmd_loss": 0.0, "selection_loss": 0.06331580765545368}
{"stage": "ctm", "method": "minilmv2_relation", "epoch": 325, "ctm_loss": 0.03349397657439113, "pseudo_dsm_loss": 0.1672065407037735, "endpoint_anchor_loss": 0.0, "mode_gram_loss": 0.0, "endpoint_mmd_loss": 0.0, "selection_loss": 0.05021463064476848}
{"stage": "ctm", "method": "minilmv2_relation", "epoch": 350, "ctm_loss": 0.028431471291696653, "pseudo_dsm_loss": 0.22523258253932, "endpoint_anchor_loss": 0.0, "mode_gram_loss": 0.0, "endpoint_mmd_loss": 0.0, "selection_loss": 0.05095472954562866}
{"stage": "ctm", "method": "minilmv2_relation", "epoch": 375, "ctm_loss": 0.03232778515666723, "pseudo_dsm_loss": 0.17272979766130447, "endpoint_anchor_loss": 0.0, "mode_gram_loss": 0.0, "endpoint_mmd_loss": 0.0, "selection_loss": 0.04960076492279768}
{"stage": "ctm", "method": "minilmv2_relation", "epoch": 400, "ctm_loss": 0.044088589027523994, "pseudo_dsm_loss": 0.14088916406035423, "endpoint_anchor_loss": 0.0, "mode_gram_loss": 0.0, "endpoint_mmd_loss": 0.0, "selection_loss": 0.058177505433559415}
{"stage": "ctm", "method": "minilmv2_relation", "epoch": 425, "ctm_loss": 0.028291712631471455, "pseudo_dsm_loss": 0.20066509395837784, "endpoint_anchor_loss": 0.0, "mode_gram_loss": 0.0, "endpoint_mmd_loss": 0.0, "selection_loss": 0.048358222027309244}
{"stage": "ctm", "method": "minilmv2_relation", "epoch": 450, "ctm_loss": 0.031059919856488705, "pseudo_dsm_loss": 0.18500691838562489, "endpoint_anchor_loss": 0.0, "mode_gram_loss": 0.0, "endpoint_mmd_loss": 0.0, "selection_loss": 0.049560611695051195}
{"stage": "ctm", "method": "minilmv2_relation", "epoch": 475, "ctm_loss": 0.02077756787184626, "pseudo_dsm_loss": 0.16924231685698032, "endpoint_anchor_loss": 0.0, "mode_gram_loss": 0.0, "endpoint_mmd_loss": 0.0, "selection_loss": 0.0377017995575443}
{
  "method": "minilmv2_relation",
  "experiment_label": "demonstration_free_ctm",
  "demonstration_free": true,
  "ctm_data_source": "rollout",
  "ctm_balance_kind": "bmd_latent",
  "ctm_latent_labels": "logs/avoiding/bmd_velocity250/discovery/k16_seed42/discovery.npz",
  "ctm_success_only": false,
  "demonstration_mixture_probability": 0.0,
  "student_architecture": {
    "layers": 3,
    "embed_dim": 48,
    "heads": 3
  },
  "multi_noise": 1,
  "endpoint_weight": 0.0,
  "mode_balanced_sampling": false,
  "stratified_multitime": false,
  "initialization": {
    "teacher_layers": [
      0,
      1,
      2
    ],
    "selected_heads": [
      0,
      1,
      2
    ],
    "selected_channels": [
      0,
      1,
      2,
      3,
      4,
      6,
      7,
      8,
      10,
      11,
      12,
      13,
      14,
      15,
      16,
      17,
      18,
      19,
      20,
      21,
      22,
      23,
      25,
      27,
      28,
      29,
      30,
      31,
      32,
      33,
      34,
      35,
      36,
      37,
      38,
      39,
      40,
      41,
      42,
      43,
      44,
      46,
      47,
      48,
      50,
      51,
      52,
      53
    ],
    "method": "early",
    "load_max_abs_diff": 0.0,
    "pretrained_structure": "logs/avoiding/teacher_generated_minilmv2_repair_accuracy/velocity_w1/model/pretrain_epoch_0250.pth"
  },
  "uses_original_demonstrations": false,
  "uses_expert_actions": false,
  "demonstration_dir": null,
  "buffer": "logs/avoiding/bmd_velocity250/transfer_buffer.pt",
  "structure_dynamic_pretraining": false,
  "pretrain_epochs": 0,
  "ctm_epochs": 500,
  "ctm_dsm_weight": 0.1,
  "ctm_endpoint_anchor_weight": 0.0,
  "ctm_mode_weight": 0.0,
  "ctm_endpoint_mmd_weight": 0.0,
  "ctm_conditional_samples": 4,
  "ctm_milestones": [
    100,
    250,
    500
  ],
  "best_epoch": 206,
  "best_selection_loss": 0.030742124078096823
}
