{"stage": "structure", "method": "pca_balanced_multitime", "epoch": 0, "loss": 3.1242769360542297}
{"stage": "structure", "method": "pca_balanced_multitime", "epoch": 25, "loss": 1.578833669424057}
{"stage": "structure", "method": "pca_balanced_multitime", "epoch": 50, "loss": 1.1578176319599152}
{"stage": "structure", "method": "pca_balanced_multitime", "epoch": 75, "loss": 0.982376366853714}
{"stage": "structure", "method": "pca_balanced_multitime", "epoch": 100, "loss": 0.920507624745369}
{"stage": "structure", "method": "pca_balanced_multitime", "epoch": 125, "loss": 0.880933940410614}
{"stage": "structure", "method": "pca_balanced_multitime", "epoch": 150, "loss": 0.8337293714284897}
{"stage": "structure", "method": "pca_balanced_multitime", "epoch": 175, "loss": 0.8227833658456802}
{"stage": "structure", "method": "pca_balanced_multitime", "epoch": 200, "loss": 0.7686727941036224}
{"stage": "structure", "method": "pca_balanced_multitime", "epoch": 225, "loss": 0.8110917508602142}
{"stage": "structure", "method": "pca_balanced_multitime", "epoch": 250, "loss": 0.7581228613853455}
{"stage": "structure", "method": "pca_balanced_multitime", "epoch": 275, "loss": 0.7829229086637497}
{"stage": "ctm", "method": "pca_balanced_multitime", "epoch": 0, "ctm_loss": 0.15943605545908213, "pseudo_dsm_loss": 0.5314303562045097, "selection_loss": 0.2125790910795331}
{"stage": "ctm", "method": "pca_balanced_multitime", "epoch": 25, "ctm_loss": 0.05935068894177675, "pseudo_dsm_loss": 0.25153525546193123, "selection_loss": 0.08450421448796988}
{"stage": "ctm", "method": "pca_balanced_multitime", "epoch": 50, "ctm_loss": 0.06269087549299002, "pseudo_dsm_loss": 0.3646208606660366, "selection_loss": 0.09915296155959369}
{"stage": "ctm", "method": "pca_balanced_multitime", "epoch": 75, "ctm_loss": 0.07100087497383356, "pseudo_dsm_loss": 0.2909049093723297, "selection_loss": 0.10009136591106653}
{"stage": "ctm", "method": "pca_balanced_multitime", "epoch": 100, "ctm_loss": 0.06535838777199388, "pseudo_dsm_loss": 0.3467817194759846, "selection_loss": 0.10003655971959233}
{"stage": "ctm", "method": "pca_balanced_multitime", "epoch": 125, "ctm_loss": 0.05676870699971914, "pseudo_dsm_loss": 0.33061056584119797, "selection_loss": 0.08982976358383894}
{"stage": "ctm", "method": "pca_balanced_multitime", "epoch": 150, "ctm_loss": 0.0680885836482048, "pseudo_dsm_loss": 0.303551709279418, "selection_loss": 0.0984437545761466}
{"stage": "ctm", "method": "pca_balanced_multitime", "epoch": 175, "ctm_loss": 0.04793323064222932, "pseudo_dsm_loss": 0.38808783888816833, "selection_loss": 0.08674201453104616}
{"stage": "ctm", "method": "pca_balanced_multitime", "epoch": 200, "ctm_loss": 0.09934337437152863, "pseudo_dsm_loss": 0.42047373950481415, "selection_loss": 0.14139074832201004}
{"stage": "ctm", "method": "pca_balanced_multitime", "epoch": 225, "ctm_loss": 0.038116530515253544, "pseudo_dsm_loss": 0.24089695513248444, "selection_loss": 0.06220622602850199}
{"stage": "ctm", "method": "pca_balanced_multitime", "epoch": 250, "ctm_loss": 0.08084080088883638, "pseudo_dsm_loss": 0.27724745124578476, "selection_loss": 0.10856554601341487}
{"stage": "ctm", "method": "pca_balanced_multitime", "epoch": 275, "ctm_loss": 0.05336804315447807, "pseudo_dsm_loss": 0.24702374264597893, "selection_loss": 0.07807041741907597}
{"stage": "ctm", "method": "pca_balanced_multitime", "epoch": 300, "ctm_loss": 0.05920130852609873, "pseudo_dsm_loss": 0.36306148394942284, "selection_loss": 0.09550745692104101}
{"stage": "ctm", "method": "pca_balanced_multitime", "epoch": 325, "ctm_loss": 0.035559569485485554, "pseudo_dsm_loss": 0.4516599252820015, "selection_loss": 0.0807255620136857}
{"stage": "ctm", "method": "pca_balanced_multitime", "epoch": 350, "ctm_loss": 0.047846611589193344, "pseudo_dsm_loss": 0.29932749457657337, "selection_loss": 0.07777936104685068}
{"stage": "ctm", "method": "pca_balanced_multitime", "epoch": 375, "ctm_loss": 0.04987625451758504, "pseudo_dsm_loss": 0.3092398475855589, "selection_loss": 0.08080023927614093}
{"stage": "ctm", "method": "pca_balanced_multitime", "epoch": 400, "ctm_loss": 0.04569174721837044, "pseudo_dsm_loss": 0.25033500976860523, "selection_loss": 0.07072524819523096}
{"stage": "ctm", "method": "pca_balanced_multitime", "epoch": 425, "ctm_loss": 0.06194052938371897, "pseudo_dsm_loss": 0.25902939587831497, "selection_loss": 0.08784346897155046}
{"stage": "ctm", "method": "pca_balanced_multitime", "epoch": 450, "ctm_loss": 0.07173074875026941, "pseudo_dsm_loss": 0.3095587193965912, "selection_loss": 0.10268662068992854}
{"stage": "ctm", "method": "pca_balanced_multitime", "epoch": 475, "ctm_loss": 0.08286040741950274, "pseudo_dsm_loss": 0.38968081772327423, "selection_loss": 0.12182848919183016}
{
  "method": "pca_balanced_multitime",
  "student_architecture": {
    "layers": 3,
    "embed_dim": 48,
    "heads": 3
  },
  "multi_noise": 1,
  "endpoint_weight": 0.0,
  "mode_balanced_sampling": true,
  "stratified_multitime": true,
  "initialization": {
    "teacher_layers": [
      0,
      2,
      3
    ],
    "explained_variance": 1.0,
    "method": "pca",
    "load_max_abs_diff": 0.0
  },
  "uses_original_demonstrations": false,
  "uses_expert_actions": false,
  "buffer": "logs/avoiding/teacher_generated_transfer/transfer_buffer.pt",
  "structure_dynamic_pretraining": true,
  "pretrain_epochs": 300,
  "ctm_epochs": 500,
  "best_epoch": 224,
  "best_selection_loss": 0.05932359332218766
}
