pybullet build time: Jan 29 2025 23:16:28
/jet/home/qzhou7/workspace/anaconda3/envs/d3il/lib/python3.10/site-packages/hydra/_internal/defaults_list.py:251: UserWarning: In 'avoiding_config': Defaults list is missing `_self_`. See https://hydra.cc/docs/upgrades/1.0_to_1.1/default_composition_order for more information
  warnings.warn(msg, UserWarning)
Final IK error (78 iterations):  7.2858622740627195e-06
Final IK error (0 iterations):  7.2858622740627195e-06
{"rollout_progress": {"completed": 10, "total": 120, "successful_so_far": 10, "elapsed_seconds": 80.49320833000093, "finished": false}}
{"rollout_progress": {"completed": 20, "total": 120, "successful_so_far": 20, "elapsed_seconds": 154.9121648040018, "finished": false}}
{"rollout_progress": {"completed": 30, "total": 120, "successful_so_far": 30, "elapsed_seconds": 229.49407998000243, "finished": false}}
{"rollout_progress": {"completed": 40, "total": 120, "successful_so_far": 39, "elapsed_seconds": 304.43667294400075, "finished": false}}
{"rollout_progress": {"completed": 50, "total": 120, "successful_so_far": 49, "elapsed_seconds": 374.59966972000257, "finished": false}}
{"rollout_progress": {"completed": 60, "total": 120, "successful_so_far": 58, "elapsed_seconds": 449.5505726859992, "finished": false}}
{"rollout_progress": {"completed": 70, "total": 120, "successful_so_far": 67, "elapsed_seconds": 529.7462024190027, "finished": false}}
{"rollout_progress": {"completed": 80, "total": 120, "successful_so_far": 77, "elapsed_seconds": 602.1149787510003, "finished": false}}
{"rollout_progress": {"completed": 90, "total": 120, "successful_so_far": 87, "elapsed_seconds": 672.7089385790023, "finished": false}}
{"rollout_progress": {"completed": 100, "total": 120, "successful_so_far": 97, "elapsed_seconds": 746.7289389329962, "finished": false}}
{"rollout_progress": {"completed": 110, "total": 120, "successful_so_far": 106, "elapsed_seconds": 820.760444435, "finished": false}}
{"rollout_progress": {"completed": 120, "total": 120, "successful_so_far": 116, "elapsed_seconds": 897.9075164710011, "finished": true}}
{
  "Flow-Matching": {
    "n_trajectories": 120,
    "success_rate": 0.9666666666666667,
    "successful_trajectories": 116,
    "unique_successful_modes": 24,
    "normalized_mode_entropy": 0.9540495239051584
  }
}
