pybullet build time: Jan 29 2025 23:16:28
/jet/home/qzhou7/workspace/anaconda3/envs/d3il/lib/python3.10/site-packages/hydra/_internal/defaults_list.py:251: UserWarning: In 'avoiding_config': Defaults list is missing `_self_`. See https://hydra.cc/docs/upgrades/1.0_to_1.1/default_composition_order for more information
  warnings.warn(msg, UserWarning)
Final IK error (78 iterations):  7.2858622740627195e-06
Final IK error (0 iterations):  7.2858622740627195e-06
{"rollout_progress": {"completed": 10, "total": 120, "successful_so_far": 8, "elapsed_seconds": 38.72826693400566, "finished": false}}
{"rollout_progress": {"completed": 20, "total": 120, "successful_so_far": 16, "elapsed_seconds": 77.65814969000348, "finished": false}}
{"rollout_progress": {"completed": 30, "total": 120, "successful_so_far": 25, "elapsed_seconds": 119.29540804000135, "finished": false}}
{"rollout_progress": {"completed": 40, "total": 120, "successful_so_far": 34, "elapsed_seconds": 162.85674292800104, "finished": false}}
{"rollout_progress": {"completed": 50, "total": 120, "successful_so_far": 41, "elapsed_seconds": 199.24508907000563, "finished": false}}
{"rollout_progress": {"completed": 60, "total": 120, "successful_so_far": 50, "elapsed_seconds": 237.09376400399924, "finished": false}}
{"rollout_progress": {"completed": 70, "total": 120, "successful_so_far": 57, "elapsed_seconds": 274.025600121, "finished": false}}
{"rollout_progress": {"completed": 80, "total": 120, "successful_so_far": 66, "elapsed_seconds": 312.06666651300475, "finished": false}}
{"rollout_progress": {"completed": 90, "total": 120, "successful_so_far": 74, "elapsed_seconds": 352.46125023900095, "finished": false}}
{"rollout_progress": {"completed": 100, "total": 120, "successful_so_far": 83, "elapsed_seconds": 391.71158392000507, "finished": false}}
{"rollout_progress": {"completed": 110, "total": 120, "successful_so_far": 91, "elapsed_seconds": 429.8677647299992, "finished": false}}
{"rollout_progress": {"completed": 120, "total": 120, "successful_so_far": 99, "elapsed_seconds": 470.2052436640006, "finished": true}}
{
  "Flow-Matching": {
    "n_trajectories": 120,
    "success_rate": 0.825,
    "successful_trajectories": 99,
    "unique_successful_modes": 11,
    "normalized_mode_entropy": 0.6469698564419628
  }
}
