{
  "model_dir": "logs/avoiding/tinysr_depth_recoverability/selected_model",
  "steps": 16,
  "inference_mode": "integrate",
  "batch_size": 1,
  "warmup": 100,
  "repeats": 1000,
  "mean_ms": 51.18956756591797,
  "median_ms": 51.160064697265625,
  "p95_ms": 51.385498046875
}
{
  "model_dir": "logs/avoiding/keep013_step_distillation/endpoint/model/checkpoints/epoch_0500",
  "steps": 1,
  "inference_mode": "boundary",
  "batch_size": 1,
  "warmup": 100,
  "repeats": 1000,
  "mean_ms": 2.1470320224761963,
  "median_ms": 2.1422080993652344,
  "p95_ms": 2.1575679779052734
}
{
  "model_dir": "logs/avoiding/keep013_step_distillation/boundary_ctm/model/checkpoints/epoch_0500",
  "steps": 1,
  "inference_mode": "boundary",
  "batch_size": 1,
  "warmup": 100,
  "repeats": 1000,
  "mean_ms": 2.1382288932800293,
  "median_ms": 2.1329920291900635,
  "p95_ms": 2.147379159927368
}
