{"stage": "ctm", "method": "activation", "epoch": 0, "ctm_loss": 0.10755051299929619, "pseudo_dsm_loss": 1.0031875669956207, "selection_loss": 0.20786926969885827}
{"stage": "ctm", "method": "activation", "epoch": 25, "ctm_loss": 0.0853929203003645, "pseudo_dsm_loss": 0.8533018380403519, "selection_loss": 0.17072310410439967}
{"stage": "ctm", "method": "activation", "epoch": 50, "ctm_loss": 0.06993205100297928, "pseudo_dsm_loss": 0.9046660736203194, "selection_loss": 0.16039865836501122}
{"stage": "ctm", "method": "activation", "epoch": 75, "ctm_loss": 0.07939689699560404, "pseudo_dsm_loss": 0.6185150742530823, "selection_loss": 0.14124840442091227}
{"stage": "ctm", "method": "activation", "epoch": 100, "ctm_loss": 0.07220947183668613, "pseudo_dsm_loss": 0.70040687546134, "selection_loss": 0.14225015938282015}
{"stage": "ctm", "method": "activation", "epoch": 125, "ctm_loss": 0.07653226517140865, "pseudo_dsm_loss": 0.7164443582296371, "selection_loss": 0.14817670099437236}
{"stage": "ctm", "method": "activation", "epoch": 150, "ctm_loss": 0.08431754447519779, "pseudo_dsm_loss": 0.4037789963185787, "selection_loss": 0.12469544410705566}
{"stage": "ctm", "method": "activation", "epoch": 175, "ctm_loss": 0.05497113708406687, "pseudo_dsm_loss": 0.692382212728262, "selection_loss": 0.12420935835689306}
{"stage": "ctm", "method": "activation", "epoch": 200, "ctm_loss": 0.05152950156480074, "pseudo_dsm_loss": 0.5441079512238503, "selection_loss": 0.10594029668718577}
{"stage": "ctm", "method": "activation", "epoch": 225, "ctm_loss": 0.05248005595058203, "pseudo_dsm_loss": 0.6403180733323097, "selection_loss": 0.11651186328381301}
{"stage": "ctm", "method": "activation", "epoch": 250, "ctm_loss": 0.04486376512795687, "pseudo_dsm_loss": 0.742881715297699, "selection_loss": 0.11915193665772676}
{"stage": "ctm", "method": "activation", "epoch": 275, "ctm_loss": 0.05334779666736722, "pseudo_dsm_loss": 0.630083005875349, "selection_loss": 0.11635609725490213}
{"stage": "ctm", "method": "activation", "epoch": 300, "ctm_loss": 0.046137891709804535, "pseudo_dsm_loss": 0.47277089208364487, "selection_loss": 0.09341498091816902}
{"stage": "ctm", "method": "activation", "epoch": 325, "ctm_loss": 0.05023850221186876, "pseudo_dsm_loss": 0.39610209316015244, "selection_loss": 0.08984871152788401}
{"stage": "ctm", "method": "activation", "epoch": 350, "ctm_loss": 0.05838732700794935, "pseudo_dsm_loss": 0.4306959919631481, "selection_loss": 0.10145692620426416}
{"stage": "ctm", "method": "activation", "epoch": 375, "ctm_loss": 0.0641404059715569, "pseudo_dsm_loss": 0.4961523562669754, "selection_loss": 0.11375564159825444}
{"stage": "ctm", "method": "activation", "epoch": 400, "ctm_loss": 0.051796902902424335, "pseudo_dsm_loss": 0.42879949137568474, "selection_loss": 0.09467685203999282}
{"stage": "ctm", "method": "activation", "epoch": 425, "ctm_loss": 0.05433714110404253, "pseudo_dsm_loss": 0.2910842467099428, "selection_loss": 0.08344556577503681}
{"stage": "ctm", "method": "activation", "epoch": 450, "ctm_loss": 0.05537970457226038, "pseudo_dsm_loss": 0.34910878725349903, "selection_loss": 0.09029058329761028}
{"stage": "ctm", "method": "activation", "epoch": 475, "ctm_loss": 0.0797359412536025, "pseudo_dsm_loss": 0.522532619535923, "selection_loss": 0.13198920320719482}
{
  "method": "activation",
  "initialization": {
    "teacher_layers": [
      0,
      2,
      3
    ],
    "selected_heads": [
      1,
      2,
      3
    ],
    "selected_channels": [
      18,
      19,
      20,
      21,
      22,
      23,
      26,
      27,
      28,
      29,
      30,
      31,
      32,
      33,
      34,
      35,
      36,
      37,
      39,
      40,
      41,
      42,
      43,
      44,
      45,
      46,
      47,
      48,
      50,
      51,
      52,
      53,
      54,
      55,
      57,
      58,
      59,
      60,
      61,
      62,
      63,
      64,
      65,
      66,
      67,
      68,
      69,
      71
    ],
    "method": "activation",
    "load_max_abs_diff": 0.0
  },
  "uses_original_demonstrations": false,
  "uses_expert_actions": false,
  "buffer": "logs/avoiding/teacher_generated_transfer/transfer_buffer.pt",
  "structure_dynamic_pretraining": false,
  "pretrain_epochs": 0,
  "ctm_epochs": 500,
  "best_epoch": 469,
  "best_selection_loss": 0.0706419350579381
}
