pybullet build time: Jan 29 2025 23:16:28
/jet/home/qzhou7/workspace/anaconda3/envs/d3il/lib/python3.10/site-packages/hydra/_internal/defaults_list.py:251: UserWarning: In 'avoiding_config': Defaults list is missing `_self_`. See https://hydra.cc/docs/upgrades/1.0_to_1.1/default_composition_order for more information
  warnings.warn(msg, UserWarning)
/jet/home/qzhou7/workspace/anaconda3/envs/d3il/lib/python3.10/site-packages/hydra/_internal/defaults_list.py:251: UserWarning: In 'avoiding_config': Defaults list is missing `_self_`. See https://hydra.cc/docs/upgrades/1.0_to_1.1/default_composition_order for more information
  warnings.warn(msg, UserWarning)
Final IK error (78 iterations):  7.2858622740646e-06
Final IK error (0 iterations):  7.2858622740646e-06
{"paired_progress": {"episode_start": 750, "completed": 10, "total": 250, "teacher_successes": 10, "student_successes": 10, "finished": false}}
{"paired_progress": {"episode_start": 750, "completed": 20, "total": 250, "teacher_successes": 19, "student_successes": 20, "finished": false}}
{"paired_progress": {"episode_start": 750, "completed": 30, "total": 250, "teacher_successes": 29, "student_successes": 30, "finished": false}}
{"paired_progress": {"episode_start": 750, "completed": 40, "total": 250, "teacher_successes": 38, "student_successes": 40, "finished": false}}
{"paired_progress": {"episode_start": 750, "completed": 50, "total": 250, "teacher_successes": 48, "student_successes": 50, "finished": false}}
{"paired_progress": {"episode_start": 750, "completed": 60, "total": 250, "teacher_successes": 58, "student_successes": 59, "finished": false}}
{"paired_progress": {"episode_start": 750, "completed": 70, "total": 250, "teacher_successes": 67, "student_successes": 68, "finished": false}}
{"paired_progress": {"episode_start": 750, "completed": 80, "total": 250, "teacher_successes": 77, "student_successes": 78, "finished": false}}
{"paired_progress": {"episode_start": 750, "completed": 90, "total": 250, "teacher_successes": 86, "student_successes": 87, "finished": false}}
{"paired_progress": {"episode_start": 750, "completed": 100, "total": 250, "teacher_successes": 96, "student_successes": 96, "finished": false}}
{"paired_progress": {"episode_start": 750, "completed": 110, "total": 250, "teacher_successes": 105, "student_successes": 106, "finished": false}}
{"paired_progress": {"episode_start": 750, "completed": 120, "total": 250, "teacher_successes": 115, "student_successes": 116, "finished": false}}
{"paired_progress": {"episode_start": 750, "completed": 130, "total": 250, "teacher_successes": 125, "student_successes": 125, "finished": false}}
{"paired_progress": {"episode_start": 750, "completed": 140, "total": 250, "teacher_successes": 134, "student_successes": 135, "finished": false}}
{"paired_progress": {"episode_start": 750, "completed": 150, "total": 250, "teacher_successes": 144, "student_successes": 145, "finished": false}}
{"paired_progress": {"episode_start": 750, "completed": 160, "total": 250, "teacher_successes": 154, "student_successes": 155, "finished": false}}
{"paired_progress": {"episode_start": 750, "completed": 170, "total": 250, "teacher_successes": 163, "student_successes": 165, "finished": false}}
{"paired_progress": {"episode_start": 750, "completed": 180, "total": 250, "teacher_successes": 173, "student_successes": 175, "finished": false}}
{"paired_progress": {"episode_start": 750, "completed": 190, "total": 250, "teacher_successes": 183, "student_successes": 184, "finished": false}}
{"paired_progress": {"episode_start": 750, "completed": 200, "total": 250, "teacher_successes": 193, "student_successes": 194, "finished": false}}
{"paired_progress": {"episode_start": 750, "completed": 210, "total": 250, "teacher_successes": 203, "student_successes": 204, "finished": false}}
{"paired_progress": {"episode_start": 750, "completed": 220, "total": 250, "teacher_successes": 212, "student_successes": 214, "finished": false}}
{"paired_progress": {"episode_start": 750, "completed": 230, "total": 250, "teacher_successes": 222, "student_successes": 223, "finished": false}}
{"paired_progress": {"episode_start": 750, "completed": 240, "total": 250, "teacher_successes": 231, "student_successes": 233, "finished": false}}
{"paired_progress": {"episode_start": 750, "completed": 250, "total": 250, "teacher_successes": 241, "student_successes": 243, "finished": true}}
