pybullet build time: Jan 29 2025 23:16:28
/jet/home/qzhou7/workspace/anaconda3/envs/d3il/lib/python3.10/site-packages/hydra/_internal/defaults_list.py:251: UserWarning: In 'avoiding_config': Defaults list is missing `_self_`. See https://hydra.cc/docs/upgrades/1.0_to_1.1/default_composition_order for more information
  warnings.warn(msg, UserWarning)
/jet/home/qzhou7/workspace/anaconda3/envs/d3il/lib/python3.10/site-packages/hydra/_internal/defaults_list.py:251: UserWarning: In 'avoiding_config': Defaults list is missing `_self_`. See https://hydra.cc/docs/upgrades/1.0_to_1.1/default_composition_order for more information
  warnings.warn(msg, UserWarning)
Final IK error (78 iterations):  7.2858622740646e-06
Final IK error (0 iterations):  7.2858622740646e-06
{"paired_progress": {"episode_start": 0, "completed": 10, "total": 250, "teacher_successes": 10, "student_successes": 10, "finished": false}}
{"paired_progress": {"episode_start": 0, "completed": 20, "total": 250, "teacher_successes": 20, "student_successes": 18, "finished": false}}
{"paired_progress": {"episode_start": 0, "completed": 30, "total": 250, "teacher_successes": 30, "student_successes": 26, "finished": false}}
{"paired_progress": {"episode_start": 0, "completed": 40, "total": 250, "teacher_successes": 40, "student_successes": 36, "finished": false}}
{"paired_progress": {"episode_start": 0, "completed": 50, "total": 250, "teacher_successes": 49, "student_successes": 46, "finished": false}}
{"paired_progress": {"episode_start": 0, "completed": 60, "total": 250, "teacher_successes": 59, "student_successes": 56, "finished": false}}
{"paired_progress": {"episode_start": 0, "completed": 70, "total": 250, "teacher_successes": 69, "student_successes": 65, "finished": false}}
{"paired_progress": {"episode_start": 0, "completed": 80, "total": 250, "teacher_successes": 77, "student_successes": 74, "finished": false}}
{"paired_progress": {"episode_start": 0, "completed": 90, "total": 250, "teacher_successes": 85, "student_successes": 83, "finished": false}}
{"paired_progress": {"episode_start": 0, "completed": 100, "total": 250, "teacher_successes": 94, "student_successes": 93, "finished": false}}
{"paired_progress": {"episode_start": 0, "completed": 110, "total": 250, "teacher_successes": 104, "student_successes": 103, "finished": false}}
{"paired_progress": {"episode_start": 0, "completed": 120, "total": 250, "teacher_successes": 114, "student_successes": 113, "finished": false}}
{"paired_progress": {"episode_start": 0, "completed": 130, "total": 250, "teacher_successes": 123, "student_successes": 122, "finished": false}}
{"paired_progress": {"episode_start": 0, "completed": 140, "total": 250, "teacher_successes": 133, "student_successes": 132, "finished": false}}
{"paired_progress": {"episode_start": 0, "completed": 150, "total": 250, "teacher_successes": 142, "student_successes": 141, "finished": false}}
{"paired_progress": {"episode_start": 0, "completed": 160, "total": 250, "teacher_successes": 151, "student_successes": 151, "finished": false}}
{"paired_progress": {"episode_start": 0, "completed": 170, "total": 250, "teacher_successes": 160, "student_successes": 160, "finished": false}}
{"paired_progress": {"episode_start": 0, "completed": 180, "total": 250, "teacher_successes": 170, "student_successes": 169, "finished": false}}
{"paired_progress": {"episode_start": 0, "completed": 190, "total": 250, "teacher_successes": 179, "student_successes": 179, "finished": false}}
{"paired_progress": {"episode_start": 0, "completed": 200, "total": 250, "teacher_successes": 188, "student_successes": 189, "finished": false}}
{"paired_progress": {"episode_start": 0, "completed": 210, "total": 250, "teacher_successes": 198, "student_successes": 197, "finished": false}}
{"paired_progress": {"episode_start": 0, "completed": 220, "total": 250, "teacher_successes": 208, "student_successes": 207, "finished": false}}
{"paired_progress": {"episode_start": 0, "completed": 230, "total": 250, "teacher_successes": 217, "student_successes": 214, "finished": false}}
{"paired_progress": {"episode_start": 0, "completed": 240, "total": 250, "teacher_successes": 226, "student_successes": 224, "finished": false}}
{"paired_progress": {"episode_start": 0, "completed": 250, "total": 250, "teacher_successes": 236, "student_successes": 233, "finished": true}}
