{"epoch": 10, "loss": 2.7600460052490234, "validation": {"0.25": {"macro_f1": 0.02448073719881681, "balanced_accuracy": 0.08562271062271061, "per_class_recall": [0.0, 0.0, 0.0, 0.0, 0.14285714285714285, 0.0, 0.14285714285714285, 0.0, 0.0, 0.0, 0.0, 0.0, 0.0, 0.0, 0.7692307692307693, 0.0, 0.0, 0.0, 0.0, 0.0, 1.0, 0.0, 0.0, 0.0]}, "0.5": {"macro_f1": 0.04198688271604938, "balanced_accuracy": 0.07748397435897436, "per_class_recall": [0.0, 0.375, 0.0, 0.0, 1.0, 0.0, 0.0, 0.0, 0.0, 0.0, 0.0, 0.0, 0.0, 0.0, 0.38461538461538464, 0.0, 0.0, 0.0, 0.0, 0.0, 0.0, 0.0, 0.1, 0.0]}, "0.75": {"macro_f1": 0.14405711527035056, "balanced_accuracy": 0.25872140522875814, "per_class_recall": [0.0, 1.0, 1.0, 0.2, 1.0, 0.11764705882352941, 0.0, 0.0, 0.0, 0.0, 0.0, 0.125, 0.0, 0.0, 0.0, 0.6666666666666666, 0.0, 0.4, 0.0, 0.0, 1.0, 0.0, 0.7, 0.0]}, "1.0": {"macro_f1": 0.06109819776699572, "balanced_accuracy": 0.13402777777777777, "per_class_recall": [0.0, 0.0, 0.0, 0.0, 1.0, 0.0, 0.0, 0.0, 0.0, 0.0, 0.0, 0.375, 0.0, 0.0, 0.0, 0.0, 0.0, 0.0, 0.125, 0.75, 0.6666666666666666, 0.0, 0.3, 0.0]}}, "selection_score": 0.1030850804830451}
{"epoch": 20, "loss": 2.3679086480821883, "validation": {"0.25": {"macro_f1": 0.04671801292437616, "balanced_accuracy": 0.09864612511671335, "per_class_recall": [0.26666666666666666, 0.0, 0.0, 0.0, 0.5714285714285714, 0.5294117647058824, 0.0, 0.0, 0.0, 0.0, 0.0, 0.0, 0.0, 0.0, 0.0, 1.0, 0.0, 0.0, 0.0, 0.0, 0.0, 0.0, 0.0, 0.0]}, "0.5": {"macro_f1": 0.041757264655433356, "balanced_accuracy": 0.10763888888888888, "per_class_recall": [1.0, 0.25, 0.0, 0.0, 1.0, 0.0, 0.0, 0.0, 0.0, 0.0, 0.0, 0.0, 0.0, 0.0, 0.0, 0.3333333333333333, 0.0, 0.0, 0.0, 0.0, 0.0, 0.0, 0.0, 0.0]}, "0.75": {"macro_f1": 0.37922847876028304, "balanced_accuracy": 0.49527717652717657, "per_class_recall": [1.0, 1.0, 1.0, 0.0, 1.0, 1.0, 0.5714285714285714, 0.36363636363636365, 0.0, 0.3333333333333333, 0.1111111111111111, 0.0, 0.8571428571428571, 0.6, 0.0, 1.0, 0.0, 0.8, 0.0, 1.0, 1.0, 0.25, 0.0, 0.0]}, "1.0": {"macro_f1": 0.2922866725199849, "balanced_accuracy": 0.4112978524743231, "per_class_recall": [1.0, 0.0, 1.0, 0.0, 1.0, 0.8235294117647058, 0.7142857142857143, 0.0, 1.0, 1.0, 0.0, 0.0, 0.0, 1.0, 0.0, 0.6666666666666666, 0.0, 0.0, 0.0, 1.0, 0.0, 0.0, 0.0, 0.6666666666666666]}}, "selection_score": 0.33404393717541825}
{"epoch": 30, "loss": 2.0414979117257253, "validation": {"0.25": {"macro_f1": 0.05304025559204939, "balanced_accuracy": 0.09236111111111112, "per_class_recall": [0.06666666666666667, 0.0, 0.0, 0.0, 0.8571428571428571, 0.0, 0.0, 0.0, 0.0, 0.5, 0.0, 0.25, 0.14285714285714285, 0.0, 0.0, 0.0, 0.0, 0.0, 0.0, 0.0, 0.0, 0.0, 0.4, 0.0]}, "0.5": {"macro_f1": 0.10042817183595586, "balanced_accuracy": 0.15121527777777777, "per_class_recall": [0.9333333333333333, 0.1875, 0.0, 0.0, 1.0, 0.0, 0.0, 0.0, 0.0, 0.5833333333333334, 0.0, 0.125, 0.0, 0.0, 0.0, 0.0, 0.0, 0.0, 0.0, 0.0, 0.0, 0.0, 0.3, 0.5]}, "0.75": {"macro_f1": 0.49907093901658683, "balanced_accuracy": 0.5855699855699855, "per_class_recall": [1.0, 1.0, 0.8181818181818182, 1.0, 1.0, 1.0, 0.7142857142857143, 0.45454545454545453, 0.6666666666666666, 1.0, 0.0, 0.0, 1.0, 0.6, 0.0, 0.0, 0.0, 0.8, 0.5, 0.5, 1.0, 1.0, 0.0, 0.0]}, "1.0": {"macro_f1": 0.42121067803601236, "balanced_accuracy": 0.5338065087145969, "per_class_recall": [1.0, 0.9375, 0.0, 0.4, 1.0, 0.5294117647058824, 1.0, 0.0, 1.0, 0.9166666666666666, 0.1111111111111111, 0.25, 1.0, 1.0, 0.0, 0.3333333333333333, 0.0, 0.0, 1.0, 1.0, 0.3333333333333333, 1.0, 0.0, 0.0]}}, "selection_score": 0.5216388498719682}
{"epoch": 40, "loss": 1.8630879776818412, "validation": {"0.25": {"macro_f1": 0.045613037177045755, "balanced_accuracy": 0.12361111111111112, "per_class_recall": [0.0, 0.0, 0.0, 0.0, 0.8571428571428571, 0.0, 0.0, 0.0, 0.0, 0.0, 0.0, 0.5, 0.0, 0.4, 0.0, 0.0, 0.14285714285714285, 0.4, 0.0, 0.0, 0.6666666666666666, 0.0, 0.0, 0.0]}, "0.5": {"macro_f1": 0.1521592212096561, "balanced_accuracy": 0.22142094017094016, "per_class_recall": [0.2, 0.5, 0.0, 0.0, 1.0, 0.0, 0.0, 0.0, 0.6666666666666666, 0.0, 0.0, 0.0, 0.0, 0.2, 0.23076923076923078, 0.3333333333333333, 0.0, 0.0, 0.0, 0.5, 0.0, 1.0, 0.1, 0.5833333333333334]}, "0.75": {"macro_f1": 0.4932824410520489, "balanced_accuracy": 0.5878558192896428, "per_class_recall": [1.0, 1.0, 1.0, 0.0, 1.0, 0.9411764705882353, 0.42857142857142855, 0.9090909090909091, 1.0, 0.9166666666666666, 0.1111111111111111, 0.0, 1.0, 0.8, 0.07692307692307693, 0.0, 0.0, 0.8, 0.625, 1.0, 1.0, 0.5, 0.0, 0.0]}, "1.0": {"macro_f1": 0.423802329636308, "balanced_accuracy": 0.5262504380151439, "per_class_recall": [1.0, 1.0, 0.0, 0.0, 1.0, 0.23529411764705882, 1.0, 0.45454545454545453, 1.0, 1.0, 0.2222222222222222, 0.0, 1.0, 1.0, 0.38461538461538464, 0.3333333333333333, 0.0, 0.0, 1.0, 1.0, 0.0, 1.0, 0.0, 0.0]}}, "selection_score": 0.5759615508459641}
{"epoch": 50, "loss": 1.7832037380763464, "validation": {"0.25": {"macro_f1": 0.04682251216733976, "balanced_accuracy": 0.12254026610644259, "per_class_recall": [0.0, 0.0, 0.0, 0.0, 0.8571428571428571, 0.058823529411764705, 0.0, 0.0, 0.0, 0.0, 0.0, 0.625, 0.0, 0.8, 0.0, 0.0, 0.0, 0.6, 0.0, 0.0, 0.0, 0.0, 0.0, 0.0]}, "0.5": {"macro_f1": 0.1280882901593686, "balanced_accuracy": 0.24188988095238095, "per_class_recall": [0.0, 0.0625, 0.0, 0.8, 1.0, 0.0, 0.14285714285714285, 0.0, 0.0, 0.0, 0.0, 0.0, 0.0, 0.6, 0.0, 0.0, 0.0, 0.2, 0.0, 0.0, 1.0, 1.0, 0.0, 1.0]}, "0.75": {"macro_f1": 0.5483765199283464, "balanced_accuracy": 0.6258898508898509, "per_class_recall": [0.8666666666666667, 1.0, 1.0, 0.8, 1.0, 1.0, 0.7142857142857143, 0.8181818181818182, 1.0, 0.8333333333333334, 0.8888888888888888, 0.0, 1.0, 1.0, 0.0, 0.0, 0.0, 0.6, 0.0, 1.0, 1.0, 0.25, 0.0, 0.25]}, "1.0": {"macro_f1": 0.5784458674251853, "balanced_accuracy": 0.6545462639212639, "per_class_recall": [0.7333333333333333, 0.625, 1.0, 0.2, 1.0, 1.0, 1.0, 0.7272727272727273, 1.0, 1.0, 0.2222222222222222, 0.0, 1.0, 1.0, 0.38461538461538464, 1.0, 0.0, 0.2, 0.0, 1.0, 0.0, 1.0, 0.7, 0.9166666666666666]}}, "selection_score": 0.706534157584554}
{"epoch": 60, "loss": 1.661260724067688, "validation": {"0.25": {"macro_f1": 0.06444284666439261, "balanced_accuracy": 0.1451734607984608, "per_class_recall": [0.0, 0.0, 0.09090909090909091, 0.0, 0.8571428571428571, 0.0, 0.0, 0.0, 0.0, 0.0, 0.1111111111111111, 0.625, 0.0, 0.0, 0.0, 0.0, 0.0, 0.8, 0.0, 0.0, 1.0, 0.0, 0.0, 0.0]}, "0.5": {"macro_f1": 0.15835239930634668, "balanced_accuracy": 0.22873740842490842, "per_class_recall": [0.0, 0.0625, 0.0, 0.2, 1.0, 0.0, 0.42857142857142855, 0.0, 0.0, 0.0, 0.0, 0.125, 0.0, 0.4, 0.23076923076923078, 0.3333333333333333, 0.14285714285714285, 0.4, 0.0, 0.0, 1.0, 0.25, 0.0, 0.9166666666666666]}, "0.75": {"macro_f1": 0.5741886516803335, "balanced_accuracy": 0.6458336802086803, "per_class_recall": [1.0, 1.0, 1.0, 1.0, 1.0, 1.0, 0.7142857142857143, 0.6363636363636364, 1.0, 0.8333333333333334, 1.0, 0.0, 1.0, 0.8, 0.3076923076923077, 0.0, 0.0, 1.0, 0.0, 0.75, 1.0, 0.25, 0.0, 0.20833333333333334]}, "1.0": {"macro_f1": 0.639647081313748, "balanced_accuracy": 0.6934344590594591, "per_class_recall": [1.0, 0.75, 0.0, 1.0, 0.5714285714285714, 1.0, 1.0, 0.45454545454545453, 1.0, 1.0, 0.5555555555555556, 0.25, 1.0, 1.0, 0.7692307692307693, 1.0, 0.0, 0.8, 1.0, 0.5, 0.0, 1.0, 0.2, 0.7916666666666666]}}, "selection_score": 0.7979994806200947}
{"epoch": 70, "loss": 1.6207276923315865, "validation": {"0.25": {"macro_f1": 0.06989517841982067, "balanced_accuracy": 0.13606532356532355, "per_class_recall": [0.0, 0.0, 0.0, 0.0, 0.7142857142857143, 0.0, 0.0, 0.0, 0.0, 0.0, 0.0, 0.5, 0.0, 0.4, 0.38461538461538464, 0.0, 0.0, 0.6, 0.0, 0.0, 0.6666666666666666, 0.0, 0.0, 0.0]}, "0.5": {"macro_f1": 0.1608595447867547, "balanced_accuracy": 0.2509901556776557, "per_class_recall": [0.0, 0.0625, 0.0, 0.0, 1.0, 0.0, 0.42857142857142855, 0.0, 0.6666666666666666, 0.0, 0.0, 0.125, 0.0, 0.6, 0.3076923076923077, 0.3333333333333333, 0.0, 0.0, 0.0, 0.25, 1.0, 0.5, 0.0, 0.75]}, "0.75": {"macro_f1": 0.6075477543082414, "balanced_accuracy": 0.6437306906056907, "per_class_recall": [1.0, 0.25, 1.0, 0.6, 0.8571428571428571, 1.0, 0.7142857142857143, 0.9090909090909091, 1.0, 0.5, 0.5555555555555556, 0.125, 1.0, 0.6, 0.5384615384615384, 0.0, 0.0, 0.8, 0.75, 0.75, 1.0, 0.5, 0.0, 1.0]}, "1.0": {"macro_f1": 0.6564310312272269, "balanced_accuracy": 0.7093759726112667, "per_class_recall": [1.0, 0.0, 0.0, 0.6, 0.5714285714285714, 0.7647058823529411, 1.0, 1.0, 1.0, 0.8333333333333334, 0.2222222222222222, 0.75, 1.0, 1.0, 1.0, 1.0, 0.0, 0.4, 1.0, 0.75, 0.3333333333333333, 1.0, 0.8, 1.0]}}, "selection_score": 0.8172905760139816}
{"epoch": 80, "loss": 1.5663645437785558, "validation": {"0.25": {"macro_f1": 0.09655740640477632, "balanced_accuracy": 0.14712758646582177, "per_class_recall": [0.0, 0.0, 0.09090909090909091, 0.0, 0.7142857142857143, 0.4117647058823529, 0.0, 0.0, 0.0, 0.0, 0.0, 0.75, 0.0, 0.4, 0.23076923076923078, 0.0, 0.0, 0.6, 0.0, 0.0, 0.3333333333333333, 0.0, 0.0, 0.0]}, "0.5": {"macro_f1": 0.18427116061891938, "balanced_accuracy": 0.2567737409649174, "per_class_recall": [0.0, 0.25, 0.0, 0.2, 0.8571428571428571, 0.058823529411764705, 0.5714285714285714, 0.36363636363636365, 0.3333333333333333, 0.0, 0.0, 0.125, 0.0, 0.4, 0.46153846153846156, 0.3333333333333333, 0.0, 0.0, 0.0, 0.5, 1.0, 0.5, 0.0, 0.20833333333333334]}, "0.75": {"macro_f1": 0.5692927712846754, "balanced_accuracy": 0.6213751526251526, "per_class_recall": [0.13333333333333333, 1.0, 1.0, 0.6, 1.0, 1.0, 0.7142857142857143, 1.0, 1.0, 0.4166666666666667, 0.6666666666666666, 0.25, 1.0, 1.0, 0.6153846153846154, 0.0, 0.0, 0.6, 0.125, 0.75, 1.0, 0.5, 0.5, 0.041666666666666664]}, "1.0": {"macro_f1": 0.6855389611678312, "balanced_accuracy": 0.7229635526510526, "per_class_recall": [0.2, 0.9375, 0.45454545454545453, 0.6, 0.7142857142857143, 1.0, 1.0, 0.7272727272727273, 1.0, 0.9166666666666666, 0.4444444444444444, 0.5, 1.0, 1.0, 0.9230769230769231, 1.0, 0.0, 0.6, 0.625, 1.0, 0.3333333333333333, 1.0, 1.0, 0.375]}}, "selection_score": 0.8698101217867505}
{"epoch": 90, "loss": 1.5362789290291923, "validation": {"0.25": {"macro_f1": 0.1150125529842511, "balanced_accuracy": 0.14835097500538677, "per_class_recall": [0.06666666666666667, 0.0, 0.0, 0.0, 0.7142857142857143, 0.47058823529411764, 0.0, 0.0, 0.0, 0.0, 0.0, 0.0, 0.14285714285714285, 0.2, 0.3076923076923077, 0.0, 0.0, 0.6, 0.125, 0.0, 0.6666666666666666, 0.0, 0.1, 0.16666666666666666]}, "0.5": {"macro_f1": 0.23528146241252537, "balanced_accuracy": 0.3078707342494107, "per_class_recall": [0.0, 0.4375, 0.0, 0.2, 0.8571428571428571, 0.058823529411764705, 0.7142857142857143, 0.36363636363636365, 0.6666666666666666, 0.0, 0.0, 0.0, 0.14285714285714285, 0.6, 0.5384615384615384, 0.3333333333333333, 0.14285714285714285, 0.0, 0.0, 0.25, 1.0, 0.5, 0.0, 0.5833333333333334]}, "0.75": {"macro_f1": 0.6489535709108497, "balanced_accuracy": 0.6910056956931957, "per_class_recall": [1.0, 0.9375, 1.0, 1.0, 0.7142857142857143, 1.0, 0.7142857142857143, 0.9090909090909091, 1.0, 0.3333333333333333, 0.6666666666666666, 0.0, 1.0, 0.8, 0.6923076923076923, 0.6666666666666666, 0.0, 0.8, 0.5, 0.5, 1.0, 0.5, 0.1, 0.75]}, "1.0": {"macro_f1": 0.7118547498903074, "balanced_accuracy": 0.7463263588263588, "per_class_recall": [1.0, 0.0, 0.18181818181818182, 1.0, 0.5714285714285714, 1.0, 1.0, 0.6363636363636364, 1.0, 1.0, 0.5555555555555556, 0.5, 1.0, 1.0, 1.0, 1.0, 0.0, 0.6, 1.0, 0.5, 0.6666666666666666, 1.0, 0.7, 1.0]}}, "selection_score": 0.9471362123028327}
{"epoch": 100, "loss": 1.5326202426637923, "validation": {"0.25": {"macro_f1": 0.10504273649793487, "balanced_accuracy": 0.13939479638009047, "per_class_recall": [0.06666666666666667, 0.0, 0.0, 0.0, 0.8571428571428571, 0.7647058823529411, 0.0, 0.0, 0.0, 0.0, 0.0, 0.0, 0.14285714285714285, 0.4, 0.23076923076923078, 0.0, 0.0, 0.6, 0.0, 0.0, 0.0, 0.0, 0.2, 0.08333333333333333]}, "0.5": {"macro_f1": 0.2873767655017655, "balanced_accuracy": 0.3629524546803958, "per_class_recall": [0.0, 0.625, 0.0, 0.0, 1.0, 0.6470588235294118, 0.7142857142857143, 0.5454545454545454, 0.6666666666666666, 0.0, 0.4444444444444444, 0.0, 0.0, 0.6, 0.38461538461538464, 0.3333333333333333, 0.0, 0.0, 0.0, 0.75, 1.0, 0.75, 0.0, 0.25]}, "0.75": {"macro_f1": 0.6262459534355252, "balanced_accuracy": 0.6758995633995634, "per_class_recall": [1.0, 1.0, 0.8181818181818182, 0.4, 1.0, 1.0, 0.7142857142857143, 0.8181818181818182, 1.0, 0.5833333333333334, 0.5555555555555556, 0.0, 1.0, 1.0, 0.6153846153846154, 0.3333333333333333, 0.0, 1.0, 0.625, 0.75, 1.0, 0.5, 0.3, 0.20833333333333334]}, "1.0": {"macro_f1": 0.706545990496022, "balanced_accuracy": 0.7550172628297629, "per_class_recall": [1.0, 0.0625, 0.09090909090909091, 0.6, 0.7142857142857143, 1.0, 1.0, 0.5454545454545454, 1.0, 1.0, 0.4444444444444444, 0.5, 1.0, 1.0, 0.8461538461538461, 1.0, 0.0, 1.0, 1.0, 0.75, 0.6666666666666666, 1.0, 0.9, 1.0]}}, "selection_score": 0.9939227559977875}
{"epoch": 110, "loss": 1.415284173829215, "validation": {"0.25": {"macro_f1": 0.1396904593813196, "balanced_accuracy": 0.1928944013502837, "per_class_recall": [0.2, 0.25, 0.0, 0.0, 0.8571428571428571, 0.29411764705882354, 0.0, 0.0, 0.0, 0.0, 0.0, 0.125, 0.0, 0.2, 0.46153846153846156, 0.0, 0.0, 0.6, 0.0, 0.0, 1.0, 0.0, 0.1, 0.5416666666666666]}, "0.5": {"macro_f1": 0.22056001892159183, "balanced_accuracy": 0.31304334962423197, "per_class_recall": [0.0, 0.75, 0.0, 0.0, 0.8571428571428571, 0.29411764705882354, 0.7142857142857143, 0.45454545454545453, 1.0, 0.0, 0.0, 0.0, 0.0, 0.6, 0.38461538461538464, 0.3333333333333333, 0.0, 0.0, 0.125, 0.25, 1.0, 0.5, 0.0, 0.25]}, "0.75": {"macro_f1": 0.6217020574946561, "balanced_accuracy": 0.6699617512117513, "per_class_recall": [0.9333333333333333, 1.0, 0.45454545454545453, 0.4, 0.8571428571428571, 1.0, 0.7142857142857143, 0.9090909090909091, 1.0, 0.8333333333333334, 0.5555555555555556, 0.0, 1.0, 1.0, 0.5384615384615384, 0.0, 0.0, 1.0, 0.875, 0.75, 1.0, 0.5, 0.3, 0.4583333333333333]}, "1.0": {"macro_f1": 0.6983560649372809, "balanced_accuracy": 0.7567401076592253, "per_class_recall": [0.7333333333333333, 0.0, 0.09090909090909091, 0.4, 0.7142857142857143, 0.7058823529411765, 1.0, 0.7272727272727273, 1.0, 0.9166666666666666, 0.5555555555555556, 0.625, 1.0, 1.0, 1.0, 1.0, 0.14285714285714285, 0.8, 1.0, 0.75, 1.0, 1.0, 1.0, 1.0]}}, "selection_score": 0.9189160838588727}
{"epoch": 120, "loss": 1.4171622821262904, "validation": {"0.25": {"macro_f1": 0.10615841658626125, "balanced_accuracy": 0.1396006158873806, "per_class_recall": [0.0, 0.375, 0.0, 0.0, 0.8571428571428571, 0.5882352941176471, 0.0, 0.0, 0.0, 0.0, 0.0, 0.0, 0.14285714285714285, 0.2, 0.15384615384615385, 0.0, 0.0, 0.6, 0.0, 0.0, 0.0, 0.0, 0.1, 0.3333333333333333]}, "0.5": {"macro_f1": 0.31845485602534473, "balanced_accuracy": 0.4074609826448062, "per_class_recall": [0.0, 1.0, 0.0, 0.0, 1.0, 0.9411764705882353, 0.5714285714285714, 0.09090909090909091, 0.6666666666666666, 0.0, 0.0, 0.0, 0.0, 0.8, 0.3076923076923077, 0.3333333333333333, 0.14285714285714285, 0.6, 0.25, 0.5, 1.0, 1.0, 0.2, 0.375]}, "0.75": {"macro_f1": 0.6709090931404527, "balanced_accuracy": 0.7029208060458062, "per_class_recall": [1.0, 1.0, 0.9090909090909091, 0.4, 1.0, 1.0, 0.7142857142857143, 0.8181818181818182, 1.0, 0.6666666666666666, 0.8888888888888888, 0.25, 1.0, 1.0, 0.5384615384615384, 0.0, 0.14285714285714285, 1.0, 0.625, 0.75, 1.0, 0.5, 0.5, 0.16666666666666666]}, "1.0": {"macro_f1": 0.8041566654738892, "balanced_accuracy": 0.8199371230621232, "per_class_recall": [1.0, 0.875, 0.45454545454545453, 0.8, 0.7142857142857143, 1.0, 1.0, 0.7272727272727273, 1.0, 0.8333333333333334, 0.8888888888888888, 0.875, 1.0, 1.0, 0.6923076923076923, 1.0, 0.14285714285714285, 0.8, 0.75, 0.75, 1.0, 0.75, 1.0, 0.625]}}, "selection_score": 1.122611521499234}
{"epoch": 130, "loss": 1.3843863010406494, "validation": {"0.25": {"macro_f1": 0.12827666605433105, "balanced_accuracy": 0.18826817586008762, "per_class_recall": [0.26666666666666666, 0.1875, 0.0, 0.0, 0.8571428571428571, 0.47058823529411764, 0.0, 0.0, 0.0, 0.0, 0.0, 0.0, 0.0, 0.2, 0.46153846153846156, 0.0, 0.0, 0.6, 0.0, 0.0, 0.6666666666666666, 0.0, 0.1, 0.7083333333333334]}, "0.5": {"macro_f1": 0.34379113916354226, "balanced_accuracy": 0.4099173123989301, "per_class_recall": [0.4, 0.9375, 0.0, 0.0, 1.0, 0.7058823529411765, 0.7142857142857143, 0.09090909090909091, 1.0, 0.0, 0.2222222222222222, 0.0, 0.0, 0.6, 0.3076923076923077, 0.0, 0.14285714285714285, 0.6, 0.25, 0.5, 1.0, 0.75, 0.2, 0.4166666666666667]}, "0.75": {"macro_f1": 0.6904901904859656, "balanced_accuracy": 0.7254499551374552, "per_class_recall": [1.0, 0.9375, 0.8181818181818182, 1.0, 1.0, 1.0, 0.7142857142857143, 0.8181818181818182, 1.0, 0.8333333333333334, 0.7777777777777778, 0.25, 1.0, 1.0, 0.46153846153846156, 0.0, 0.0, 1.0, 0.625, 0.75, 1.0, 0.5, 0.3, 0.625]}, "1.0": {"macro_f1": 0.7822233078812028, "balanced_accuracy": 0.8132830710955711, "per_class_recall": [1.0, 0.0625, 0.45454545454545453, 1.0, 0.8571428571428571, 1.0, 1.0, 0.6363636363636364, 1.0, 0.8333333333333334, 0.6666666666666666, 0.75, 1.0, 1.0, 0.6153846153846154, 1.0, 0.14285714285714285, 1.0, 0.75, 0.75, 1.0, 1.0, 1.0, 1.0]}}, "selection_score": 1.126014447044745}
{"epoch": 140, "loss": 1.3542737449918474, "validation": {"0.25": {"macro_f1": 0.13556854858240183, "balanced_accuracy": 0.17213109602815482, "per_class_recall": [0.13333333333333333, 0.0, 0.0, 0.0, 0.8571428571428571, 0.35294117647058826, 0.14285714285714285, 0.0, 0.0, 0.0, 0.3333333333333333, 0.0, 0.0, 0.4, 0.46153846153846156, 0.0, 0.0, 0.6, 0.125, 0.0, 0.3333333333333333, 0.0, 0.1, 0.2916666666666667]}, "0.5": {"macro_f1": 0.29718245094698587, "balanced_accuracy": 0.3788943491149374, "per_class_recall": [0.0, 0.125, 0.0, 0.0, 1.0, 0.5294117647058824, 0.7142857142857143, 0.18181818181818182, 1.0, 0.0, 0.3333333333333333, 0.0, 0.0, 0.6, 0.38461538461538464, 0.3333333333333333, 0.0, 0.6, 0.375, 0.75, 1.0, 0.75, 0.0, 0.4166666666666667]}, "0.75": {"macro_f1": 0.6835424649507321, "balanced_accuracy": 0.7146591834091834, "per_class_recall": [0.8666666666666667, 0.75, 0.9090909090909091, 0.4, 1.0, 1.0, 0.7142857142857143, 0.9090909090909091, 1.0, 0.8333333333333334, 0.7777777777777778, 0.0, 1.0, 1.0, 0.6153846153846154, 0.0, 0.14285714285714285, 1.0, 0.625, 0.75, 1.0, 0.5, 0.4, 0.9583333333333334]}, "1.0": {"macro_f1": 0.7557473390806724, "balanced_accuracy": 0.7918566387316387, "per_class_recall": [1.0, 0.0, 0.5454545454545454, 0.8, 0.7142857142857143, 1.0, 1.0, 0.6363636363636364, 1.0, 1.0, 0.4444444444444444, 0.5, 1.0, 1.0, 0.8461538461538461, 1.0, 0.14285714285714285, 1.0, 0.625, 0.75, 1.0, 1.0, 1.0, 1.0]}}, "selection_score": 1.0529297900276582}
{"epoch": 150, "loss": 1.3967945064817155, "validation": {"0.25": {"macro_f1": 0.13993318715998168, "balanced_accuracy": 0.19310059493883025, "per_class_recall": [0.06666666666666667, 0.125, 0.0, 0.0, 0.8571428571428571, 0.4117647058823529, 0.14285714285714285, 0.0, 0.0, 0.0, 0.1111111111111111, 0.0, 0.0, 0.2, 0.46153846153846156, 0.0, 0.0, 0.6, 0.0, 0.0, 0.6666666666666666, 0.25, 0.2, 0.5416666666666666]}, "0.5": {"macro_f1": 0.3261915229954333, "balanced_accuracy": 0.4129704921984334, "per_class_recall": [0.0, 0.625, 0.0, 0.0, 1.0, 0.6470588235294118, 0.7142857142857143, 0.6363636363636364, 1.0, 0.0, 0.1111111111111111, 0.0, 0.0, 0.6, 0.38461538461538464, 0.3333333333333333, 0.14285714285714285, 0.6, 0.0, 0.75, 1.0, 0.75, 0.2, 0.4166666666666667]}, "0.75": {"macro_f1": 0.6660049755386416, "balanced_accuracy": 0.7056449337699338, "per_class_recall": [0.9333333333333333, 0.875, 0.8181818181818182, 0.4, 1.0, 1.0, 0.7142857142857143, 0.8181818181818182, 1.0, 0.8333333333333334, 0.7777777777777778, 0.0, 1.0, 1.0, 0.6153846153846154, 0.0, 0.0, 1.0, 0.625, 0.75, 1.0, 0.5, 0.4, 0.875]}, "1.0": {"macro_f1": 0.7615920426073477, "balanced_accuracy": 0.7954223438598439, "per_class_recall": [1.0, 0.0625, 0.6363636363636364, 1.0, 0.7142857142857143, 1.0, 1.0, 0.5454545454545454, 1.0, 1.0, 0.4444444444444444, 0.5, 1.0, 1.0, 0.7692307692307693, 1.0, 0.14285714285714285, 1.0, 0.625, 0.75, 1.0, 1.0, 0.9, 1.0]}}, "selection_score": 1.087783565602781}
{"epoch": 160, "loss": 1.4023413147245134, "validation": {"0.25": {"macro_f1": 0.13253978694155474, "balanced_accuracy": 0.17838109602815486, "per_class_recall": [0.06666666666666667, 0.25, 0.0, 0.0, 0.8571428571428571, 0.35294117647058826, 0.14285714285714285, 0.0, 0.0, 0.0, 0.0, 0.0, 0.0, 0.2, 0.46153846153846156, 0.0, 0.0, 0.6, 0.0, 0.0, 0.6666666666666666, 0.0, 0.1, 0.5833333333333334]}, "0.5": {"macro_f1": 0.30371290474231655, "balanced_accuracy": 0.39136340239281414, "per_class_recall": [0.0, 0.75, 0.0, 0.0, 1.0, 0.47058823529411764, 0.7142857142857143, 0.5454545454545454, 1.0, 0.0, 0.4444444444444444, 0.0, 0.0, 0.6, 0.38461538461538464, 0.3333333333333333, 0.0, 0.4, 0.125, 0.5, 1.0, 0.75, 0.0, 0.375]}, "0.75": {"macro_f1": 0.6868705073188769, "balanced_accuracy": 0.7174199642949644, "per_class_recall": [1.0, 1.0, 0.8181818181818182, 0.4, 1.0, 1.0, 0.7142857142857143, 0.8181818181818182, 1.0, 0.8333333333333334, 0.7777777777777778, 0.375, 1.0, 1.0, 0.5384615384615384, 0.0, 0.14285714285714285, 1.0, 0.75, 0.75, 1.0, 0.5, 0.3, 0.5]}, "1.0": {"macro_f1": 0.7716619585949512, "balanced_accuracy": 0.7978528994153994, "per_class_recall": [1.0, 0.3125, 0.45454545454545453, 0.6, 0.7142857142857143, 1.0, 1.0, 0.7272727272727273, 1.0, 0.75, 0.4444444444444444, 0.875, 1.0, 1.0, 0.7692307692307693, 1.0, 0.14285714285714285, 1.0, 0.75, 0.75, 1.0, 1.0, 0.9, 0.9583333333333334]}}, "selection_score": 1.0753748633372677}
{"epoch": 170, "loss": 1.366316659109933, "validation": {"0.25": {"macro_f1": 0.13370673075319964, "balanced_accuracy": 0.17336156150494386, "per_class_recall": [0.2, 0.1875, 0.0, 0.0, 0.8571428571428571, 0.29411764705882354, 0.14285714285714285, 0.0, 0.0, 0.0, 0.1111111111111111, 0.0, 0.0, 0.2, 0.38461538461538464, 0.0, 0.0, 0.6, 0.0, 0.0, 0.6666666666666666, 0.0, 0.1, 0.4166666666666667]}, "0.5": {"macro_f1": 0.31640439337085674, "balanced_accuracy": 0.41159051324492496, "per_class_recall": [0.0, 0.625, 0.0, 0.0, 1.0, 0.47058823529411764, 0.7142857142857143, 0.7272727272727273, 1.0, 0.0, 0.3333333333333333, 0.0, 0.0, 0.6, 0.3076923076923077, 0.3333333333333333, 0.0, 0.6, 0.25, 0.75, 1.0, 0.75, 0.0, 0.4166666666666667]}, "0.75": {"macro_f1": 0.6900471330570014, "balanced_accuracy": 0.721760242072742, "per_class_recall": [1.0, 0.9375, 0.8181818181818182, 0.4, 1.0, 1.0, 0.7142857142857143, 0.8181818181818182, 1.0, 0.8333333333333334, 0.7777777777777778, 0.125, 1.0, 1.0, 0.5384615384615384, 0.0, 0.14285714285714285, 1.0, 0.875, 0.75, 1.0, 0.5, 0.3, 0.7916666666666666]}, "1.0": {"macro_f1": 0.7683810909119094, "balanced_accuracy": 0.7992733539608539, "per_class_recall": [1.0, 0.1875, 0.36363636363636365, 0.6, 0.7142857142857143, 1.0, 1.0, 0.7272727272727273, 1.0, 0.8333333333333334, 0.4444444444444444, 0.75, 1.0, 1.0, 0.7692307692307693, 1.0, 0.14285714285714285, 1.0, 1.0, 0.75, 1.0, 1.0, 0.9, 1.0]}}, "selection_score": 1.0847854842827662}
{"epoch": 180, "loss": 1.325613566807338, "validation": {"0.25": {"macro_f1": 0.12777152996451244, "balanced_accuracy": 0.17472127205583088, "per_class_recall": [0.06666666666666667, 0.1875, 0.0, 0.0, 0.8571428571428571, 0.35294117647058826, 0.0, 0.0, 0.0, 0.0, 0.1111111111111111, 0.0, 0.0, 0.2, 0.38461538461538464, 0.0, 0.0, 0.6, 0.0, 0.0, 0.6666666666666666, 0.0, 0.1, 0.6666666666666666]}, "0.5": {"macro_f1": 0.3236582598371216, "balanced_accuracy": 0.4185401948269596, "per_class_recall": [0.0, 0.75, 0.0, 0.0, 1.0, 0.5882352941176471, 0.7142857142857143, 0.7272727272727273, 1.0, 0.0, 0.2222222222222222, 0.0, 0.0, 0.6, 0.38461538461538464, 0.3333333333333333, 0.0, 0.6, 0.25, 0.75, 1.0, 0.75, 0.0, 0.375]}, "0.75": {"macro_f1": 0.6821813338798953, "balanced_accuracy": 0.7095718517593518, "per_class_recall": [0.9333333333333333, 0.9375, 0.8181818181818182, 0.4, 1.0, 1.0, 0.7142857142857143, 0.8181818181818182, 1.0, 0.8333333333333334, 0.6666666666666666, 0.25, 1.0, 1.0, 0.6153846153846154, 0.0, 0.14285714285714285, 1.0, 0.625, 0.75, 1.0, 0.5, 0.4, 0.625]}, "1.0": {"macro_f1": 0.7846100942592171, "balanced_accuracy": 0.8092756202131203, "per_class_recall": [1.0, 0.1875, 0.5454545454545454, 0.6, 0.7142857142857143, 1.0, 1.0, 0.6363636363636364, 1.0, 0.8333333333333334, 0.6666666666666666, 0.75, 1.0, 1.0, 0.8461538461538461, 1.0, 0.14285714285714285, 1.0, 0.75, 0.75, 1.0, 1.0, 1.0, 1.0]}}, "selection_score": 1.1082683540963387}
{"epoch": 190, "loss": 1.3429374694824219, "validation": {"0.25": {"macro_f1": 0.13205137366165962, "balanced_accuracy": 0.17938834721922958, "per_class_recall": [0.13333333333333333, 0.25, 0.0, 0.0, 0.8571428571428571, 0.29411764705882354, 0.0, 0.0, 0.0, 0.0, 0.1111111111111111, 0.0, 0.0, 0.2, 0.38461538461538464, 0.0, 0.0, 0.6, 0.0, 0.0, 0.6666666666666666, 0.0, 0.1, 0.7083333333333334]}, "0.5": {"macro_f1": 0.31750621560404174, "balanced_accuracy": 0.4134364852195735, "per_class_recall": [0.0, 0.8125, 0.0, 0.0, 1.0, 0.5294117647058824, 0.7142857142857143, 0.6363636363636364, 1.0, 0.0, 0.2222222222222222, 0.0, 0.0, 0.6, 0.3076923076923077, 0.3333333333333333, 0.0, 0.6, 0.25, 0.75, 1.0, 0.75, 0.0, 0.4166666666666667]}, "0.75": {"macro_f1": 0.6875203464597647, "balanced_accuracy": 0.7167833902208902, "per_class_recall": [1.0, 0.9375, 0.8181818181818182, 0.6, 1.0, 1.0, 0.7142857142857143, 0.8181818181818182, 1.0, 0.8333333333333334, 0.6666666666666666, 0.125, 1.0, 1.0, 0.5384615384615384, 0.0, 0.14285714285714285, 1.0, 0.625, 0.75, 1.0, 0.5, 0.3, 0.8333333333333334]}, "1.0": {"macro_f1": 0.7823398591755977, "balanced_accuracy": 0.808816704129204, "per_class_recall": [1.0, 0.0625, 0.5454545454545454, 0.8, 0.7142857142857143, 1.0, 1.0, 0.7272727272727273, 1.0, 0.8333333333333334, 0.6666666666666666, 0.75, 1.0, 1.0, 0.7692307692307693, 1.0, 0.14285714285714285, 1.0, 0.75, 0.75, 1.0, 1.0, 0.9, 1.0]}}, "selection_score": 1.0998460747796395}
{"epoch": 200, "loss": 1.3859249353408813, "validation": {"0.25": {"macro_f1": 0.13164613616632745, "balanced_accuracy": 0.17591612499700734, "per_class_recall": [0.13333333333333333, 0.25, 0.0, 0.0, 0.8571428571428571, 0.29411764705882354, 0.0, 0.0, 0.0, 0.0, 0.1111111111111111, 0.0, 0.0, 0.2, 0.38461538461538464, 0.0, 0.0, 0.6, 0.0, 0.0, 0.6666666666666666, 0.0, 0.1, 0.625]}, "0.5": {"macro_f1": 0.3243928713405458, "balanced_accuracy": 0.42071884406443233, "per_class_recall": [0.0, 0.75, 0.0, 0.0, 1.0, 0.5294117647058824, 0.7142857142857143, 0.7272727272727273, 1.0, 0.0, 0.3333333333333333, 0.0, 0.0, 0.6, 0.38461538461538464, 0.3333333333333333, 0.0, 0.6, 0.25, 0.75, 1.0, 0.75, 0.0, 0.375]}, "0.75": {"macro_f1": 0.6831252383271919, "balanced_accuracy": 0.7128125925000925, "per_class_recall": [1.0, 0.9375, 0.8181818181818182, 0.4, 1.0, 1.0, 0.7142857142857143, 0.8181818181818182, 1.0, 0.8333333333333334, 0.7777777777777778, 0.125, 1.0, 1.0, 0.6153846153846154, 0.0, 0.14285714285714285, 1.0, 0.625, 0.75, 1.0, 0.5, 0.3, 0.75]}, "1.0": {"macro_f1": 0.7850903494260879, "balanced_accuracy": 0.8093954078329079, "per_class_recall": [1.0, 0.1875, 0.5454545454545454, 0.8, 0.7142857142857143, 1.0, 1.0, 0.7272727272727273, 1.0, 0.8333333333333334, 0.5555555555555556, 0.75, 1.0, 1.0, 0.7692307692307693, 1.0, 0.14285714285714285, 1.0, 0.75, 0.75, 1.0, 1.0, 0.9, 1.0]}}, "selection_score": 1.1094832207666336}
{
  "model": "gru",
  "seed": 42,
  "labels_source": "logs/avoiding/bmd_velocity250_expanded/hierarchical_k24/basic_white_diag_seed42/discovery.npz",
  "uses_true_modes": false,
  "uses_binary_success_partition": true,
  "uses_original_demonstrations": false,
  "episodes": {
    "train": 998,
    "validation": 214,
    "test": 214
  },
  "best_epoch": 130,
  "validation_selection_score": 1.126014447044745,
  "test": {
    "0.25": {
      "macro_f1": 0.11383162629203696,
      "balanced_accuracy": 0.15570436507936505,
      "per_class_recall": [
        0.06666666666666667,
        0.375,
        0.0,
        0.0,
        0.875,
        0.5,
        0.0,
        0.0,
        0.0,
        0.0,
        0.0,
        0.0,
        0.0,
        0.0,
        0.42857142857142855,
        0.0,
        0.0,
        0.2,
        0.0,
        0.0,
        0.5,
        0.0,
        0.0,
        0.7916666666666666
      ]
    },
    "0.5": {
      "macro_f1": 0.3798456668992383,
      "balanced_accuracy": 0.41840277777777773,
      "per_class_recall": [
        0.4666666666666667,
        0.625,
        0.0,
        0.5,
        1.0,
        0.625,
        1.0,
        0.0,
        1.0,
        0.0,
        0.125,
        0.0,
        0.125,
        1.0,
        0.5,
        0.0,
        0.0,
        0.2,
        0.3333333333333333,
        0.75,
        0.5,
        0.75,
        0.0,
        0.5416666666666666
      ]
    },
    "0.75": {
      "macro_f1": 0.6942650254864214,
      "balanced_accuracy": 0.7155633718133719,
      "per_class_recall": [
        1.0,
        0.875,
        0.7272727272727273,
        0.5,
        1.0,
        1.0,
        0.8571428571428571,
        0.8181818181818182,
        1.0,
        0.7272727272727273,
        0.875,
        0.5,
        1.0,
        1.0,
        0.5714285714285714,
        0.0,
        0.0,
        1.0,
        0.5555555555555556,
        0.75,
        0.75,
        0.5,
        0.3333333333333333,
        0.8333333333333334
      ]
    },
    "1.0": {
      "macro_f1": 0.8161793275625443,
      "balanced_accuracy": 0.8246257215007216,
      "per_class_recall": [
        1.0,
        0.125,
        0.45454545454545453,
        1.0,
        1.0,
        0.875,
        1.0,
        1.0,
        1.0,
        0.9090909090909091,
        1.0,
        0.875,
        1.0,
        1.0,
        0.7857142857142857,
        1.0,
        0.25,
        0.6,
        0.8888888888888888,
        0.75,
        0.75,
        0.75,
        0.7777777777777778,
        1.0
      ]
    }
  }
}
