pybullet build time: Jan 29 2025 23:16:28
/jet/home/qzhou7/workspace/anaconda3/envs/d3il/lib/python3.10/site-packages/hydra/_internal/defaults_list.py:251: UserWarning: In 'avoiding_config': Defaults list is missing `_self_`. See https://hydra.cc/docs/upgrades/1.0_to_1.1/default_composition_order for more information
  warnings.warn(msg, UserWarning)
/jet/home/qzhou7/workspace/anaconda3/envs/d3il/lib/python3.10/site-packages/hydra/_internal/defaults_list.py:251: UserWarning: In 'avoiding_config': Defaults list is missing `_self_`. See https://hydra.cc/docs/upgrades/1.0_to_1.1/default_composition_order for more information
  warnings.warn(msg, UserWarning)
Final IK error (78 iterations):  7.2858622740646e-06
Final IK error (0 iterations):  7.2858622740646e-06
{"paired_progress": {"episode_start": 500, "completed": 10, "total": 250, "teacher_successes": 10, "student_successes": 6, "finished": false}}
{"paired_progress": {"episode_start": 500, "completed": 20, "total": 250, "teacher_successes": 19, "student_successes": 13, "finished": false}}
{"paired_progress": {"episode_start": 500, "completed": 30, "total": 250, "teacher_successes": 29, "student_successes": 23, "finished": false}}
{"paired_progress": {"episode_start": 500, "completed": 40, "total": 250, "teacher_successes": 39, "student_successes": 31, "finished": false}}
{"paired_progress": {"episode_start": 500, "completed": 50, "total": 250, "teacher_successes": 49, "student_successes": 41, "finished": false}}
{"paired_progress": {"episode_start": 500, "completed": 60, "total": 250, "teacher_successes": 58, "student_successes": 47, "finished": false}}
{"paired_progress": {"episode_start": 500, "completed": 70, "total": 250, "teacher_successes": 67, "student_successes": 55, "finished": false}}
{"paired_progress": {"episode_start": 500, "completed": 80, "total": 250, "teacher_successes": 77, "student_successes": 65, "finished": false}}
{"paired_progress": {"episode_start": 500, "completed": 90, "total": 250, "teacher_successes": 87, "student_successes": 72, "finished": false}}
{"paired_progress": {"episode_start": 500, "completed": 100, "total": 250, "teacher_successes": 97, "student_successes": 81, "finished": false}}
{"paired_progress": {"episode_start": 500, "completed": 110, "total": 250, "teacher_successes": 106, "student_successes": 90, "finished": false}}
{"paired_progress": {"episode_start": 500, "completed": 120, "total": 250, "teacher_successes": 116, "student_successes": 98, "finished": false}}
{"paired_progress": {"episode_start": 500, "completed": 130, "total": 250, "teacher_successes": 126, "student_successes": 103, "finished": false}}
{"paired_progress": {"episode_start": 500, "completed": 140, "total": 250, "teacher_successes": 136, "student_successes": 110, "finished": false}}
{"paired_progress": {"episode_start": 500, "completed": 150, "total": 250, "teacher_successes": 144, "student_successes": 118, "finished": false}}
{"paired_progress": {"episode_start": 500, "completed": 160, "total": 250, "teacher_successes": 152, "student_successes": 126, "finished": false}}
{"paired_progress": {"episode_start": 500, "completed": 170, "total": 250, "teacher_successes": 162, "student_successes": 130, "finished": false}}
{"paired_progress": {"episode_start": 500, "completed": 180, "total": 250, "teacher_successes": 172, "student_successes": 137, "finished": false}}
{"paired_progress": {"episode_start": 500, "completed": 190, "total": 250, "teacher_successes": 182, "student_successes": 145, "finished": false}}
{"paired_progress": {"episode_start": 500, "completed": 200, "total": 250, "teacher_successes": 191, "student_successes": 153, "finished": false}}
{"paired_progress": {"episode_start": 500, "completed": 210, "total": 250, "teacher_successes": 200, "student_successes": 162, "finished": false}}
{"paired_progress": {"episode_start": 500, "completed": 220, "total": 250, "teacher_successes": 208, "student_successes": 168, "finished": false}}
{"paired_progress": {"episode_start": 500, "completed": 230, "total": 250, "teacher_successes": 217, "student_successes": 175, "finished": false}}
{"paired_progress": {"episode_start": 500, "completed": 240, "total": 250, "teacher_successes": 226, "student_successes": 182, "finished": false}}
{"paired_progress": {"episode_start": 500, "completed": 250, "total": 250, "teacher_successes": 234, "student_successes": 191, "finished": true}}
