pybullet build time: Jan 29 2025 23:16:28
/jet/home/qzhou7/workspace/anaconda3/envs/d3il/lib/python3.10/site-packages/hydra/_internal/defaults_list.py:251: UserWarning: In 'avoiding_config': Defaults list is missing `_self_`. See https://hydra.cc/docs/upgrades/1.0_to_1.1/default_composition_order for more information
  warnings.warn(msg, UserWarning)
/jet/home/qzhou7/workspace/anaconda3/envs/d3il/lib/python3.10/site-packages/hydra/_internal/defaults_list.py:251: UserWarning: In 'avoiding_config': Defaults list is missing `_self_`. See https://hydra.cc/docs/upgrades/1.0_to_1.1/default_composition_order for more information
  warnings.warn(msg, UserWarning)
Final IK error (78 iterations):  7.2858622740646e-06
Final IK error (0 iterations):  7.2858622740646e-06
{"paired_progress": {"episode_start": 0, "completed": 10, "total": 250, "teacher_successes": 9, "student_successes": 8, "finished": false}}
{"paired_progress": {"episode_start": 0, "completed": 20, "total": 250, "teacher_successes": 19, "student_successes": 14, "finished": false}}
{"paired_progress": {"episode_start": 0, "completed": 30, "total": 250, "teacher_successes": 28, "student_successes": 23, "finished": false}}
{"paired_progress": {"episode_start": 0, "completed": 40, "total": 250, "teacher_successes": 38, "student_successes": 33, "finished": false}}
{"paired_progress": {"episode_start": 0, "completed": 50, "total": 250, "teacher_successes": 46, "student_successes": 40, "finished": false}}
{"paired_progress": {"episode_start": 0, "completed": 60, "total": 250, "teacher_successes": 56, "student_successes": 47, "finished": false}}
{"paired_progress": {"episode_start": 0, "completed": 70, "total": 250, "teacher_successes": 64, "student_successes": 54, "finished": false}}
{"paired_progress": {"episode_start": 0, "completed": 80, "total": 250, "teacher_successes": 72, "student_successes": 63, "finished": false}}
{"paired_progress": {"episode_start": 0, "completed": 90, "total": 250, "teacher_successes": 82, "student_successes": 72, "finished": false}}
{"paired_progress": {"episode_start": 0, "completed": 100, "total": 250, "teacher_successes": 91, "student_successes": 80, "finished": false}}
{"paired_progress": {"episode_start": 0, "completed": 110, "total": 250, "teacher_successes": 101, "student_successes": 87, "finished": false}}
{"paired_progress": {"episode_start": 0, "completed": 120, "total": 250, "teacher_successes": 111, "student_successes": 95, "finished": false}}
{"paired_progress": {"episode_start": 0, "completed": 130, "total": 250, "teacher_successes": 120, "student_successes": 101, "finished": false}}
{"paired_progress": {"episode_start": 0, "completed": 140, "total": 250, "teacher_successes": 130, "student_successes": 111, "finished": false}}
{"paired_progress": {"episode_start": 0, "completed": 150, "total": 250, "teacher_successes": 138, "student_successes": 117, "finished": false}}
{"paired_progress": {"episode_start": 0, "completed": 160, "total": 250, "teacher_successes": 148, "student_successes": 125, "finished": false}}
{"paired_progress": {"episode_start": 0, "completed": 170, "total": 250, "teacher_successes": 158, "student_successes": 133, "finished": false}}
{"paired_progress": {"episode_start": 0, "completed": 180, "total": 250, "teacher_successes": 167, "student_successes": 142, "finished": false}}
{"paired_progress": {"episode_start": 0, "completed": 190, "total": 250, "teacher_successes": 177, "student_successes": 151, "finished": false}}
{"paired_progress": {"episode_start": 0, "completed": 200, "total": 250, "teacher_successes": 187, "student_successes": 158, "finished": false}}
{"paired_progress": {"episode_start": 0, "completed": 210, "total": 250, "teacher_successes": 196, "student_successes": 166, "finished": false}}
{"paired_progress": {"episode_start": 0, "completed": 220, "total": 250, "teacher_successes": 205, "student_successes": 176, "finished": false}}
{"paired_progress": {"episode_start": 0, "completed": 230, "total": 250, "teacher_successes": 215, "student_successes": 184, "finished": false}}
{"paired_progress": {"episode_start": 0, "completed": 240, "total": 250, "teacher_successes": 225, "student_successes": 192, "finished": false}}
{"paired_progress": {"episode_start": 0, "completed": 250, "total": 250, "teacher_successes": 234, "student_successes": 199, "finished": true}}
