pybullet build time: Jan 29 2025 23:16:28
/jet/home/qzhou7/workspace/anaconda3/envs/d3il/lib/python3.10/site-packages/hydra/_internal/defaults_list.py:251: UserWarning: In 'avoiding_config': Defaults list is missing `_self_`. See https://hydra.cc/docs/upgrades/1.0_to_1.1/default_composition_order for more information
  warnings.warn(msg, UserWarning)
/jet/home/qzhou7/workspace/anaconda3/envs/d3il/lib/python3.10/site-packages/hydra/_internal/defaults_list.py:251: UserWarning: In 'avoiding_config': Defaults list is missing `_self_`. See https://hydra.cc/docs/upgrades/1.0_to_1.1/default_composition_order for more information
  warnings.warn(msg, UserWarning)
Final IK error (78 iterations):  7.2858622740646e-06
Final IK error (0 iterations):  7.2858622740646e-06
{"paired_progress": {"episode_start": 250, "completed": 10, "total": 250, "teacher_successes": 10, "student_successes": 7, "finished": false}}
{"paired_progress": {"episode_start": 250, "completed": 20, "total": 250, "teacher_successes": 20, "student_successes": 14, "finished": false}}
{"paired_progress": {"episode_start": 250, "completed": 30, "total": 250, "teacher_successes": 30, "student_successes": 22, "finished": false}}
{"paired_progress": {"episode_start": 250, "completed": 40, "total": 250, "teacher_successes": 40, "student_successes": 29, "finished": false}}
{"paired_progress": {"episode_start": 250, "completed": 50, "total": 250, "teacher_successes": 50, "student_successes": 36, "finished": false}}
{"paired_progress": {"episode_start": 250, "completed": 60, "total": 250, "teacher_successes": 58, "student_successes": 44, "finished": false}}
{"paired_progress": {"episode_start": 250, "completed": 70, "total": 250, "teacher_successes": 67, "student_successes": 52, "finished": false}}
{"paired_progress": {"episode_start": 250, "completed": 80, "total": 250, "teacher_successes": 77, "student_successes": 59, "finished": false}}
{"paired_progress": {"episode_start": 250, "completed": 90, "total": 250, "teacher_successes": 87, "student_successes": 65, "finished": false}}
{"paired_progress": {"episode_start": 250, "completed": 100, "total": 250, "teacher_successes": 96, "student_successes": 72, "finished": false}}
{"paired_progress": {"episode_start": 250, "completed": 110, "total": 250, "teacher_successes": 105, "student_successes": 80, "finished": false}}
{"paired_progress": {"episode_start": 250, "completed": 120, "total": 250, "teacher_successes": 115, "student_successes": 89, "finished": false}}
{"paired_progress": {"episode_start": 250, "completed": 130, "total": 250, "teacher_successes": 124, "student_successes": 98, "finished": false}}
{"paired_progress": {"episode_start": 250, "completed": 140, "total": 250, "teacher_successes": 133, "student_successes": 108, "finished": false}}
{"paired_progress": {"episode_start": 250, "completed": 150, "total": 250, "teacher_successes": 142, "student_successes": 117, "finished": false}}
{"paired_progress": {"episode_start": 250, "completed": 160, "total": 250, "teacher_successes": 150, "student_successes": 124, "finished": false}}
{"paired_progress": {"episode_start": 250, "completed": 170, "total": 250, "teacher_successes": 159, "student_successes": 133, "finished": false}}
{"paired_progress": {"episode_start": 250, "completed": 180, "total": 250, "teacher_successes": 167, "student_successes": 141, "finished": false}}
{"paired_progress": {"episode_start": 250, "completed": 190, "total": 250, "teacher_successes": 176, "student_successes": 151, "finished": false}}
{"paired_progress": {"episode_start": 250, "completed": 200, "total": 250, "teacher_successes": 186, "student_successes": 158, "finished": false}}
{"paired_progress": {"episode_start": 250, "completed": 210, "total": 250, "teacher_successes": 196, "student_successes": 168, "finished": false}}
{"paired_progress": {"episode_start": 250, "completed": 220, "total": 250, "teacher_successes": 206, "student_successes": 175, "finished": false}}
{"paired_progress": {"episode_start": 250, "completed": 230, "total": 250, "teacher_successes": 216, "student_successes": 185, "finished": false}}
{"paired_progress": {"episode_start": 250, "completed": 240, "total": 250, "teacher_successes": 226, "student_successes": 192, "finished": false}}
{"paired_progress": {"episode_start": 250, "completed": 250, "total": 250, "teacher_successes": 236, "student_successes": 201, "finished": true}}
