{"stage": "ctm", "method": "minilmv2_relation", "epoch": 0, "ctm_loss": 0.03960178792476654, "pseudo_dsm_loss": 0.18239195831120014, "endpoint_anchor_loss": 0.0, "mode_gram_loss": 0.0, "endpoint_mmd_loss": 0.0, "trajectory_mmd_loss": 0.0001806020827643806, "selection_loss": 0.057859043964163}
{"stage": "ctm", "method": "minilmv2_relation", "epoch": 25, "ctm_loss": 0.019657823082525283, "pseudo_dsm_loss": 0.21871348097920418, "endpoint_anchor_loss": 0.0, "mode_gram_loss": 0.0, "endpoint_mmd_loss": 0.0, "trajectory_mmd_loss": 0.0001076549324352527, "selection_loss": 0.04153993667368923}
{"stage": "ctm", "method": "minilmv2_relation", "epoch": 50, "ctm_loss": 0.03475471772253513, "pseudo_dsm_loss": 0.16607427597045898, "endpoint_anchor_loss": 0.0, "mode_gram_loss": 0.0, "endpoint_mmd_loss": 0.0, "trajectory_mmd_loss": 7.885446575528476e-05, "selection_loss": 0.05137003076615656}
{"stage": "ctm", "method": "minilmv2_relation", "epoch": 75, "ctm_loss": 0.06176069099456072, "pseudo_dsm_loss": 0.22064285725355148, "endpoint_anchor_loss": 0.0, "mode_gram_loss": 0.0, "endpoint_mmd_loss": 0.0, "trajectory_mmd_loss": 0.003840861940261675, "selection_loss": 0.08420906291394203}
{"stage": "ctm", "method": "minilmv2_relation", "epoch": 100, "ctm_loss": 0.04568161955103278, "pseudo_dsm_loss": 0.20880820602178574, "endpoint_anchor_loss": 0.0, "mode_gram_loss": 0.0, "endpoint_mmd_loss": 0.0, "trajectory_mmd_loss": 0.0001142422388511477, "selection_loss": 0.06657386437709648}
{"stage": "ctm", "method": "minilmv2_relation", "epoch": 125, "ctm_loss": 0.0400572894141078, "pseudo_dsm_loss": 0.1814703233540058, "endpoint_anchor_loss": 0.0, "mode_gram_loss": 0.0, "endpoint_mmd_loss": 0.0, "trajectory_mmd_loss": 9.249051799997687e-05, "selection_loss": 0.05821357080130838}
{"stage": "ctm", "method": "minilmv2_relation", "epoch": 150, "ctm_loss": 0.0342149268835783, "pseudo_dsm_loss": 0.21861180290579796, "endpoint_anchor_loss": 0.0, "mode_gram_loss": 0.0, "endpoint_mmd_loss": 0.0, "trajectory_mmd_loss": 9.567936740495497e-05, "selection_loss": 0.05608567511089859}
{"stage": "ctm", "method": "minilmv2_relation", "epoch": 175, "ctm_loss": 0.0343695180490613, "pseudo_dsm_loss": 0.16862738318741322, "endpoint_anchor_loss": 0.0, "mode_gram_loss": 0.0, "endpoint_mmd_loss": 0.0, "trajectory_mmd_loss": 0.0001229325989697827, "selection_loss": 0.0512445496276996}
{"stage": "ctm", "method": "minilmv2_relation", "epoch": 200, "ctm_loss": 0.02775915921665728, "pseudo_dsm_loss": 0.2021181806921959, "endpoint_anchor_loss": 0.0, "mode_gram_loss": 0.0, "endpoint_mmd_loss": 0.0, "trajectory_mmd_loss": 0.00015767912918818183, "selection_loss": 0.04798674519879569}
{"stage": "ctm", "method": "minilmv2_relation", "epoch": 225, "ctm_loss": 0.04680454859044403, "pseudo_dsm_loss": 0.20623060688376427, "endpoint_anchor_loss": 0.0, "mode_gram_loss": 0.0, "endpoint_mmd_loss": 0.0, "trajectory_mmd_loss": 0.00043499868843355216, "selection_loss": 0.06747110914766381}
{"stage": "ctm", "method": "minilmv2_relation", "epoch": 250, "ctm_loss": 0.03829979803413153, "pseudo_dsm_loss": 0.174440560862422, "endpoint_anchor_loss": 0.0, "mode_gram_loss": 0.0, "endpoint_mmd_loss": 0.0, "trajectory_mmd_loss": 0.0001309906492679147, "selection_loss": 0.055756953185300516}
{"stage": "ctm", "method": "minilmv2_relation", "epoch": 275, "ctm_loss": 0.05149466963484883, "pseudo_dsm_loss": 0.1638581696897745, "endpoint_anchor_loss": 0.0, "mode_gram_loss": 0.0, "endpoint_mmd_loss": 0.0, "trajectory_mmd_loss": 7.779201405355707e-05, "selection_loss": 0.06788826580523163}
{"stage": "ctm", "method": "minilmv2_relation", "epoch": 300, "ctm_loss": 0.048444957472383976, "pseudo_dsm_loss": 0.17673012055456638, "endpoint_anchor_loss": 0.0, "mode_gram_loss": 0.0, "endpoint_mmd_loss": 0.0, "trajectory_mmd_loss": 9.559889986121561e-05, "selection_loss": 0.06612752941782674}
{"stage": "ctm", "method": "minilmv2_relation", "epoch": 325, "ctm_loss": 0.02544204518198967, "pseudo_dsm_loss": 0.16439717262983322, "endpoint_anchor_loss": 0.0, "mode_gram_loss": 0.0, "endpoint_mmd_loss": 0.0, "trajectory_mmd_loss": 0.0001024423363560345, "selection_loss": 0.041892006678608595}
{"stage": "ctm", "method": "minilmv2_relation", "epoch": 350, "ctm_loss": 0.027612440520897508, "pseudo_dsm_loss": 0.21461648494005203, "endpoint_anchor_loss": 0.0, "mode_gram_loss": 0.0, "endpoint_mmd_loss": 0.0, "trajectory_mmd_loss": 0.00011176672887813766, "selection_loss": 0.04908526568779053}
{"stage": "ctm", "method": "minilmv2_relation", "epoch": 375, "ctm_loss": 0.015706881298683584, "pseudo_dsm_loss": 0.20510300621390343, "endpoint_anchor_loss": 0.0, "mode_gram_loss": 0.0, "endpoint_mmd_loss": 0.0, "trajectory_mmd_loss": 0.0002747100097622024, "selection_loss": 0.03624465292105015}
{"stage": "ctm", "method": "minilmv2_relation", "epoch": 400, "ctm_loss": 0.05715274112299085, "pseudo_dsm_loss": 0.22405969724059105, "endpoint_anchor_loss": 0.0, "mode_gram_loss": 0.0, "endpoint_mmd_loss": 0.0, "trajectory_mmd_loss": 9.54816769080935e-05, "selection_loss": 0.07956825901474075}
{"stage": "ctm", "method": "minilmv2_relation", "epoch": 425, "ctm_loss": 0.042834416148252785, "pseudo_dsm_loss": 0.17729905247688293, "endpoint_anchor_loss": 0.0, "mode_gram_loss": 0.0, "endpoint_mmd_loss": 0.0, "trajectory_mmd_loss": 0.0001109441182052251, "selection_loss": 0.0605754158077616}
{"stage": "ctm", "method": "minilmv2_relation", "epoch": 450, "ctm_loss": 0.03536493662977591, "pseudo_dsm_loss": 0.20443950966000557, "endpoint_anchor_loss": 0.0, "mode_gram_loss": 0.0, "endpoint_mmd_loss": 0.0, "trajectory_mmd_loss": 0.00014926692711014766, "selection_loss": 0.05582381428848748}
{"stage": "ctm", "method": "minilmv2_relation", "epoch": 475, "ctm_loss": 0.055316838435828686, "pseudo_dsm_loss": 0.18074346706271172, "endpoint_anchor_loss": 0.0, "mode_gram_loss": 0.0, "endpoint_mmd_loss": 0.0, "trajectory_mmd_loss": 0.0001599858296685852, "selection_loss": 0.07340718372506672}
{
  "method": "minilmv2_relation",
  "experiment_label": "demonstration_free_ctm",
  "demonstration_free": true,
  "ctm_data_source": "rollout",
  "ctm_balance_kind": "ground_truth_mode_oracle",
  "ctm_balancing_protocol": "uniform_latent_then_episode_then_timestep",
  "ctm_latent_labels": null,
  "ctm_success_only": false,
  "demonstration_mixture_probability": 0.0,
  "student_architecture": {
    "layers": 3,
    "embed_dim": 48,
    "heads": 3
  },
  "multi_noise": 1,
  "endpoint_weight": 0.0,
  "mode_balanced_sampling": false,
  "stratified_multitime": false,
  "initialization": {
    "teacher_layers": [
      0,
      1,
      2
    ],
    "selected_heads": [
      0,
      1,
      2
    ],
    "selected_channels": [
      0,
      1,
      2,
      3,
      4,
      6,
      7,
      8,
      10,
      11,
      12,
      13,
      14,
      15,
      16,
      17,
      18,
      19,
      20,
      21,
      22,
      23,
      25,
      27,
      28,
      29,
      30,
      31,
      32,
      33,
      34,
      35,
      36,
      37,
      38,
      39,
      40,
      41,
      42,
      43,
      44,
      46,
      47,
      48,
      50,
      51,
      52,
      53
    ],
    "method": "early",
    "load_max_abs_diff": 0.0,
    "pretrained_structure": "logs/avoiding/teacher_generated_minilmv2_repair_accuracy/velocity_w1/model/pretrain_epoch_0250.pth"
  },
  "uses_original_demonstrations": false,
  "uses_expert_actions": false,
  "demonstration_dir": null,
  "buffer": "logs/avoiding/bmd_velocity250/transfer_buffer.pt",
  "structure_dynamic_pretraining": false,
  "pretrain_epochs": 0,
  "ctm_epochs": 500,
  "ctm_dsm_weight": 0.1,
  "ctm_endpoint_anchor_weight": 0.0,
  "ctm_mode_weight": 0.0,
  "ctm_endpoint_mmd_weight": 0.0,
  "ctm_trajectory_mmd_weight": 0.1,
  "ctm_trajectory_horizon": 4,
  "ctm_conditional_samples": 4,
  "ctm_milestones": [
    100,
    250,
    500
  ],
  "best_epoch": 321,
  "best_selection_loss": 0.029330690765709735
}
