pybullet build time: Jan 29 2025 23:16:28
/jet/home/qzhou7/workspace/anaconda3/envs/d3il/lib/python3.10/site-packages/hydra/_internal/defaults_list.py:251: UserWarning: In 'avoiding_config': Defaults list is missing `_self_`. See https://hydra.cc/docs/upgrades/1.0_to_1.1/default_composition_order for more information
  warnings.warn(msg, UserWarning)
Final IK error (78 iterations):  7.2858622740646e-06
Final IK error (0 iterations):  7.2858622740646e-06
{"rollout_progress": {"completed": 10, "total": 120, "successful_so_far": 7, "elapsed_seconds": 53.054659017012455, "finished": false}}
{"rollout_progress": {"completed": 20, "total": 120, "successful_so_far": 15, "elapsed_seconds": 105.31205235095695, "finished": false}}
{"rollout_progress": {"completed": 30, "total": 120, "successful_so_far": 24, "elapsed_seconds": 160.3952130220132, "finished": false}}
{"rollout_progress": {"completed": 40, "total": 120, "successful_so_far": 33, "elapsed_seconds": 211.33509306504857, "finished": false}}
{"rollout_progress": {"completed": 50, "total": 120, "successful_so_far": 42, "elapsed_seconds": 261.9026847690111, "finished": false}}
{"rollout_progress": {"completed": 60, "total": 120, "successful_so_far": 52, "elapsed_seconds": 311.13141128397547, "finished": false}}
{"rollout_progress": {"completed": 70, "total": 120, "successful_so_far": 60, "elapsed_seconds": 360.58156960306223, "finished": false}}
{"rollout_progress": {"completed": 80, "total": 120, "successful_so_far": 70, "elapsed_seconds": 405.7988852460403, "finished": false}}
{"rollout_progress": {"completed": 90, "total": 120, "successful_so_far": 79, "elapsed_seconds": 459.20743274502456, "finished": false}}
{"rollout_progress": {"completed": 100, "total": 120, "successful_so_far": 87, "elapsed_seconds": 509.66065143595915, "finished": false}}
{"rollout_progress": {"completed": 110, "total": 120, "successful_so_far": 95, "elapsed_seconds": 560.5128257219912, "finished": false}}
{"rollout_progress": {"completed": 120, "total": 120, "successful_so_far": 104, "elapsed_seconds": 614.8631391919916, "finished": true}}
{
  "Flow-Matching": {
    "n_trajectories": 120,
    "success_rate": 0.8666666666666667,
    "successful_trajectories": 104,
    "unique_successful_modes": 8,
    "normalized_mode_entropy": 0.41671050163754464
  }
}
