pybullet build time: Jan 29 2025 23:16:28
/jet/home/qzhou7/workspace/anaconda3/envs/d3il/lib/python3.10/site-packages/hydra/_internal/defaults_list.py:251: UserWarning: In 'avoiding_config': Defaults list is missing `_self_`. See https://hydra.cc/docs/upgrades/1.0_to_1.1/default_composition_order for more information
  warnings.warn(msg, UserWarning)
Final IK error (78 iterations):  7.2858622740646e-06
Final IK error (0 iterations):  7.2858622740646e-06
{"rollout_progress": {"completed": 10, "total": 120, "successful_so_far": 10, "elapsed_seconds": 50.71875127404928, "finished": false}}
{"rollout_progress": {"completed": 20, "total": 120, "successful_so_far": 19, "elapsed_seconds": 98.83804755005985, "finished": false}}
{"rollout_progress": {"completed": 30, "total": 120, "successful_so_far": 26, "elapsed_seconds": 148.87640741898213, "finished": false}}
{"rollout_progress": {"completed": 40, "total": 120, "successful_so_far": 36, "elapsed_seconds": 195.8641126829898, "finished": false}}
{"rollout_progress": {"completed": 50, "total": 120, "successful_so_far": 46, "elapsed_seconds": 251.56602019502316, "finished": false}}
{"rollout_progress": {"completed": 60, "total": 120, "successful_so_far": 54, "elapsed_seconds": 296.6974957389757, "finished": false}}
{"rollout_progress": {"completed": 70, "total": 120, "successful_so_far": 64, "elapsed_seconds": 349.42580338404514, "finished": false}}
{"rollout_progress": {"completed": 80, "total": 120, "successful_so_far": 71, "elapsed_seconds": 394.19524429703597, "finished": false}}
{"rollout_progress": {"completed": 90, "total": 120, "successful_so_far": 77, "elapsed_seconds": 444.0873999269679, "finished": false}}
{"rollout_progress": {"completed": 100, "total": 120, "successful_so_far": 85, "elapsed_seconds": 489.2901932389941, "finished": false}}
{"rollout_progress": {"completed": 110, "total": 120, "successful_so_far": 92, "elapsed_seconds": 538.7718854440609, "finished": false}}
{"rollout_progress": {"completed": 120, "total": 120, "successful_so_far": 102, "elapsed_seconds": 590.5777345329989, "finished": true}}
{
  "Flow-Matching": {
    "n_trajectories": 120,
    "success_rate": 0.85,
    "successful_trajectories": 102,
    "unique_successful_modes": 10,
    "normalized_mode_entropy": 0.46268421939740145
  }
}
