pybullet build time: Jan 29 2025 23:16:28
/jet/home/qzhou7/workspace/anaconda3/envs/d3il/lib/python3.10/site-packages/hydra/_internal/defaults_list.py:251: UserWarning: In 'avoiding_config': Defaults list is missing `_self_`. See https://hydra.cc/docs/upgrades/1.0_to_1.1/default_composition_order for more information
  warnings.warn(msg, UserWarning)
Final IK error (78 iterations):  7.2858622740646e-06
Final IK error (0 iterations):  7.2858622740646e-06
{"rollout_progress": {"completed": 10, "total": 120, "successful_so_far": 9, "elapsed_seconds": 50.08207664405927, "finished": false}}
{"rollout_progress": {"completed": 20, "total": 120, "successful_so_far": 17, "elapsed_seconds": 100.53799551201519, "finished": false}}
{"rollout_progress": {"completed": 30, "total": 120, "successful_so_far": 25, "elapsed_seconds": 152.46143788599875, "finished": false}}
{"rollout_progress": {"completed": 40, "total": 120, "successful_so_far": 33, "elapsed_seconds": 205.37149324500933, "finished": false}}
{"rollout_progress": {"completed": 50, "total": 120, "successful_so_far": 42, "elapsed_seconds": 258.4758189850254, "finished": false}}
{"rollout_progress": {"completed": 60, "total": 120, "successful_so_far": 51, "elapsed_seconds": 306.6888661790872, "finished": false}}
{"rollout_progress": {"completed": 70, "total": 120, "successful_so_far": 57, "elapsed_seconds": 356.1853593940614, "finished": false}}
{"rollout_progress": {"completed": 80, "total": 120, "successful_so_far": 66, "elapsed_seconds": 398.6093450020999, "finished": false}}
{"rollout_progress": {"completed": 90, "total": 120, "successful_so_far": 75, "elapsed_seconds": 444.3398818920832, "finished": false}}
{"rollout_progress": {"completed": 100, "total": 120, "successful_so_far": 84, "elapsed_seconds": 489.0476442470681, "finished": false}}
{"rollout_progress": {"completed": 110, "total": 120, "successful_so_far": 94, "elapsed_seconds": 536.3460362510523, "finished": false}}
{"rollout_progress": {"completed": 120, "total": 120, "successful_so_far": 101, "elapsed_seconds": 590.671880572103, "finished": true}}
{
  "Flow-Matching": {
    "n_trajectories": 120,
    "success_rate": 0.8416666666666667,
    "successful_trajectories": 101,
    "unique_successful_modes": 7,
    "normalized_mode_entropy": 0.38377580936629896
  }
}
