pybullet build time: Jan 29 2025 23:16:28
/jet/home/qzhou7/workspace/anaconda3/envs/d3il/lib/python3.10/site-packages/hydra/_internal/defaults_list.py:251: UserWarning: In 'avoiding_config': Defaults list is missing `_self_`. See https://hydra.cc/docs/upgrades/1.0_to_1.1/default_composition_order for more information
  warnings.warn(msg, UserWarning)
Final IK error (78 iterations):  7.2858622740646e-06
Final IK error (0 iterations):  7.2858622740646e-06
{"rollout_progress": {"completed": 10, "total": 120, "successful_so_far": 10, "elapsed_seconds": 44.65502940595616, "finished": false}}
{"rollout_progress": {"completed": 20, "total": 120, "successful_so_far": 19, "elapsed_seconds": 102.40243097802158, "finished": false}}
{"rollout_progress": {"completed": 30, "total": 120, "successful_so_far": 27, "elapsed_seconds": 150.451030428987, "finished": false}}
{"rollout_progress": {"completed": 40, "total": 120, "successful_so_far": 36, "elapsed_seconds": 197.72049495996907, "finished": false}}
{"rollout_progress": {"completed": 50, "total": 120, "successful_so_far": 46, "elapsed_seconds": 245.99456858297344, "finished": false}}
{"rollout_progress": {"completed": 60, "total": 120, "successful_so_far": 55, "elapsed_seconds": 295.1485462629935, "finished": false}}
{"rollout_progress": {"completed": 70, "total": 120, "successful_so_far": 63, "elapsed_seconds": 338.59803380502854, "finished": false}}
{"rollout_progress": {"completed": 80, "total": 120, "successful_so_far": 73, "elapsed_seconds": 387.36581435694825, "finished": false}}
{"rollout_progress": {"completed": 90, "total": 120, "successful_so_far": 82, "elapsed_seconds": 434.15321284299716, "finished": false}}
{"rollout_progress": {"completed": 100, "total": 120, "successful_so_far": 91, "elapsed_seconds": 481.05980609101243, "finished": false}}
{"rollout_progress": {"completed": 110, "total": 120, "successful_so_far": 98, "elapsed_seconds": 531.525608339929, "finished": false}}
{"rollout_progress": {"completed": 120, "total": 120, "successful_so_far": 107, "elapsed_seconds": 579.7564048439963, "finished": true}}
{
  "Flow-Matching": {
    "n_trajectories": 120,
    "success_rate": 0.8916666666666667,
    "successful_trajectories": 107,
    "unique_successful_modes": 10,
    "normalized_mode_entropy": 0.42400176429500436
  }
}
