{"stage": "ctm", "method": "minilmv2_relation", "epoch": 0, "ctm_loss": 0.022823973326012492, "pseudo_dsm_loss": 0.19072396494448185, "endpoint_anchor_loss": 0.0, "mode_gram_loss": 0.0, "selection_loss": 0.041896369820460674}
{"stage": "ctm", "method": "minilmv2_relation", "epoch": 25, "ctm_loss": 0.022503874206449836, "pseudo_dsm_loss": 0.20168832130730152, "endpoint_anchor_loss": 0.0, "mode_gram_loss": 0.0, "selection_loss": 0.04267270633717999}
{"stage": "ctm", "method": "minilmv2_relation", "epoch": 50, "ctm_loss": 0.06993109406903386, "pseudo_dsm_loss": 0.2078135646879673, "endpoint_anchor_loss": 0.0, "mode_gram_loss": 0.0, "selection_loss": 0.09071245053783059}
{"stage": "ctm", "method": "minilmv2_relation", "epoch": 75, "ctm_loss": 0.02243938366882503, "pseudo_dsm_loss": 0.21191926673054695, "endpoint_anchor_loss": 0.0, "mode_gram_loss": 0.0, "selection_loss": 0.043631310341879725}
{"stage": "ctm", "method": "minilmv2_relation", "epoch": 100, "ctm_loss": 0.043569247936829925, "pseudo_dsm_loss": 0.20578763633966446, "endpoint_anchor_loss": 0.0, "mode_gram_loss": 0.0, "selection_loss": 0.06414801157079637}
{"stage": "ctm", "method": "minilmv2_relation", "epoch": 125, "ctm_loss": 0.02450230228714645, "pseudo_dsm_loss": 0.17858116887509823, "endpoint_anchor_loss": 0.0, "mode_gram_loss": 0.0, "selection_loss": 0.04236041917465627}
{"stage": "ctm", "method": "minilmv2_relation", "epoch": 150, "ctm_loss": 0.06910565868020058, "pseudo_dsm_loss": 0.18768299743533134, "endpoint_anchor_loss": 0.0, "mode_gram_loss": 0.0, "selection_loss": 0.08787395842373372}
{"stage": "ctm", "method": "minilmv2_relation", "epoch": 175, "ctm_loss": 0.03404040168970823, "pseudo_dsm_loss": 0.16104809567332268, "endpoint_anchor_loss": 0.0, "mode_gram_loss": 0.0, "selection_loss": 0.0501452112570405}
{"stage": "ctm", "method": "minilmv2_relation", "epoch": 200, "ctm_loss": 0.04803970898501575, "pseudo_dsm_loss": 0.19192000851035118, "endpoint_anchor_loss": 0.0, "mode_gram_loss": 0.0, "selection_loss": 0.06723170983605087}
{"stage": "ctm", "method": "minilmv2_relation", "epoch": 225, "ctm_loss": 0.05149897839874029, "pseudo_dsm_loss": 0.1360831130295992, "endpoint_anchor_loss": 0.0, "mode_gram_loss": 0.0, "selection_loss": 0.06510728970170021}
{"stage": "ctm", "method": "minilmv2_relation", "epoch": 250, "ctm_loss": 0.029909363016486168, "pseudo_dsm_loss": 0.16461714543402195, "endpoint_anchor_loss": 0.0, "mode_gram_loss": 0.0, "selection_loss": 0.04637107755988837}
{"stage": "ctm", "method": "minilmv2_relation", "epoch": 275, "ctm_loss": 0.03306138073094189, "pseudo_dsm_loss": 0.19366761296987534, "endpoint_anchor_loss": 0.0, "mode_gram_loss": 0.0, "selection_loss": 0.05242814202792943}
{"stage": "ctm", "method": "minilmv2_relation", "epoch": 300, "ctm_loss": 0.04883953899843618, "pseudo_dsm_loss": 0.22548790276050568, "endpoint_anchor_loss": 0.0, "mode_gram_loss": 0.0, "selection_loss": 0.07138832927448675}
{"stage": "ctm", "method": "minilmv2_relation", "epoch": 325, "ctm_loss": 0.028944817138835788, "pseudo_dsm_loss": 0.20396117866039276, "endpoint_anchor_loss": 0.0, "mode_gram_loss": 0.0, "selection_loss": 0.04934093500487506}
{"stage": "ctm", "method": "minilmv2_relation", "epoch": 350, "ctm_loss": 0.059388096909970045, "pseudo_dsm_loss": 0.19242509454488754, "endpoint_anchor_loss": 0.0, "mode_gram_loss": 0.0, "selection_loss": 0.0786306063644588}
{"stage": "ctm", "method": "minilmv2_relation", "epoch": 375, "ctm_loss": 0.054157872684299946, "pseudo_dsm_loss": 0.23744523525238037, "endpoint_anchor_loss": 0.0, "mode_gram_loss": 0.0, "selection_loss": 0.07790239620953798}
{"stage": "ctm", "method": "minilmv2_relation", "epoch": 400, "ctm_loss": 0.038074079900979996, "pseudo_dsm_loss": 0.21744735166430473, "endpoint_anchor_loss": 0.0, "mode_gram_loss": 0.0, "selection_loss": 0.05981881506741047}
{"stage": "ctm", "method": "minilmv2_relation", "epoch": 425, "ctm_loss": 0.023791910149157047, "pseudo_dsm_loss": 0.10507092252373695, "endpoint_anchor_loss": 0.0, "mode_gram_loss": 0.0, "selection_loss": 0.03429900240153074}
{"stage": "ctm", "method": "minilmv2_relation", "epoch": 450, "ctm_loss": 0.03906430781353265, "pseudo_dsm_loss": 0.1933141741901636, "endpoint_anchor_loss": 0.0, "mode_gram_loss": 0.0, "selection_loss": 0.05839572523254902}
{"stage": "ctm", "method": "minilmv2_relation", "epoch": 475, "ctm_loss": 0.04069179412908852, "pseudo_dsm_loss": 0.16532299295067787, "endpoint_anchor_loss": 0.0, "mode_gram_loss": 0.0, "selection_loss": 0.05722409342415631}
{
  "method": "minilmv2_relation",
  "experiment_label": "demonstration_assisted_ctm_oracle",
  "demonstration_free": false,
  "ctm_data_source": "mixed",
  "demonstration_mixture_probability": 0.5,
  "student_architecture": {
    "layers": 3,
    "embed_dim": 48,
    "heads": 3
  },
  "multi_noise": 1,
  "endpoint_weight": 0.0,
  "mode_balanced_sampling": false,
  "stratified_multitime": false,
  "initialization": {
    "teacher_layers": [
      0,
      1,
      2
    ],
    "selected_heads": [
      0,
      1,
      2
    ],
    "selected_channels": [
      0,
      1,
      2,
      3,
      4,
      6,
      7,
      8,
      10,
      11,
      12,
      13,
      14,
      15,
      16,
      17,
      18,
      19,
      20,
      21,
      22,
      23,
      25,
      27,
      28,
      29,
      30,
      31,
      32,
      33,
      34,
      35,
      36,
      37,
      38,
      39,
      40,
      41,
      42,
      43,
      44,
      46,
      47,
      48,
      50,
      51,
      52,
      53
    ],
    "method": "early",
    "load_max_abs_diff": 0.0,
    "pretrained_structure": "logs/avoiding/teacher_generated_minilmv2_repair_accuracy/velocity_w1/model/pretrain_epoch_0250.pth"
  },
  "uses_original_demonstrations": true,
  "uses_expert_actions": true,
  "demonstration_dir": "environments/dataset/data/avoiding/data",
  "buffer": "logs/avoiding/teacher_generated_transfer/transfer_buffer.pt",
  "structure_dynamic_pretraining": false,
  "pretrain_epochs": 0,
  "ctm_epochs": 500,
  "ctm_dsm_weight": 0.1,
  "ctm_endpoint_anchor_weight": 0.0,
  "ctm_mode_weight": 0.0,
  "ctm_conditional_samples": 4,
  "ctm_milestones": [
    100,
    250,
    500
  ],
  "best_epoch": 330,
  "best_selection_loss": 0.029941216303268448
}
