{"stage": "ctm", "method": "minilmv2_relation", "epoch": 0, "ctm_loss": 0.0365226324647665, "pseudo_dsm_loss": 0.19680174998939037, "endpoint_anchor_loss": 0.0, "mode_gram_loss": 0.0, "selection_loss": 0.05620280746370554}
{"stage": "ctm", "method": "minilmv2_relation", "epoch": 25, "ctm_loss": 0.04491539625450969, "pseudo_dsm_loss": 0.20324089378118515, "endpoint_anchor_loss": 0.0, "mode_gram_loss": 0.0, "selection_loss": 0.0652394856326282}
{"stage": "ctm", "method": "minilmv2_relation", "epoch": 50, "ctm_loss": 0.0343732126057148, "pseudo_dsm_loss": 0.21901433914899826, "endpoint_anchor_loss": 0.0, "mode_gram_loss": 0.0, "selection_loss": 0.056274646520614625}
{"stage": "ctm", "method": "minilmv2_relation", "epoch": 75, "ctm_loss": 0.05084314802661538, "pseudo_dsm_loss": 0.1700673270970583, "endpoint_anchor_loss": 0.0, "mode_gram_loss": 0.0, "selection_loss": 0.06784988073632121}
{"stage": "ctm", "method": "minilmv2_relation", "epoch": 100, "ctm_loss": 0.06323835859075189, "pseudo_dsm_loss": 0.19039464090019464, "endpoint_anchor_loss": 0.0, "mode_gram_loss": 0.0, "selection_loss": 0.08227782268077136}
{"stage": "ctm", "method": "minilmv2_relation", "epoch": 125, "ctm_loss": 0.0642194701358676, "pseudo_dsm_loss": 0.20920221507549286, "endpoint_anchor_loss": 0.0, "mode_gram_loss": 0.0, "selection_loss": 0.08513969164341688}
{"stage": "ctm", "method": "minilmv2_relation", "epoch": 150, "ctm_loss": 0.04958080593496561, "pseudo_dsm_loss": 0.13228476606309414, "endpoint_anchor_loss": 0.0, "mode_gram_loss": 0.0, "selection_loss": 0.06280928254127502}
{"stage": "ctm", "method": "minilmv2_relation", "epoch": 175, "ctm_loss": 0.03017229586839676, "pseudo_dsm_loss": 0.21211359463632107, "endpoint_anchor_loss": 0.0, "mode_gram_loss": 0.0, "selection_loss": 0.05138365533202886}
{"stage": "ctm", "method": "minilmv2_relation", "epoch": 200, "ctm_loss": 0.03467806719709188, "pseudo_dsm_loss": 0.18472174368798733, "endpoint_anchor_loss": 0.0, "mode_gram_loss": 0.0, "selection_loss": 0.05315024156589061}
{"stage": "ctm", "method": "minilmv2_relation", "epoch": 225, "ctm_loss": 0.04915678175166249, "pseudo_dsm_loss": 0.2225244753062725, "endpoint_anchor_loss": 0.0, "mode_gram_loss": 0.0, "selection_loss": 0.07140922928228974}
{"stage": "ctm", "method": "minilmv2_relation", "epoch": 250, "ctm_loss": 0.024998186039738357, "pseudo_dsm_loss": 0.2437908798456192, "endpoint_anchor_loss": 0.0, "mode_gram_loss": 0.0, "selection_loss": 0.04937727402430028}
{"stage": "ctm", "method": "minilmv2_relation", "epoch": 275, "ctm_loss": 0.027810276340460405, "pseudo_dsm_loss": 0.21580505184829235, "endpoint_anchor_loss": 0.0, "mode_gram_loss": 0.0, "selection_loss": 0.04939078152528964}
{"stage": "ctm", "method": "minilmv2_relation", "epoch": 300, "ctm_loss": 0.02504013804718852, "pseudo_dsm_loss": 0.18106900714337826, "endpoint_anchor_loss": 0.0, "mode_gram_loss": 0.0, "selection_loss": 0.04314703876152635}
{"stage": "ctm", "method": "minilmv2_relation", "epoch": 325, "ctm_loss": 0.038266283459961414, "pseudo_dsm_loss": 0.16932567581534386, "endpoint_anchor_loss": 0.0, "mode_gram_loss": 0.0, "selection_loss": 0.0551988510414958}
{"stage": "ctm", "method": "minilmv2_relation", "epoch": 350, "ctm_loss": 0.04423249512910843, "pseudo_dsm_loss": 0.16710706986486912, "endpoint_anchor_loss": 0.0, "mode_gram_loss": 0.0, "selection_loss": 0.06094320211559534}
{"stage": "ctm", "method": "minilmv2_relation", "epoch": 375, "ctm_loss": 0.045789570431225, "pseudo_dsm_loss": 0.20360688120126724, "endpoint_anchor_loss": 0.0, "mode_gram_loss": 0.0, "selection_loss": 0.06615025855135173}
{"stage": "ctm", "method": "minilmv2_relation", "epoch": 400, "ctm_loss": 0.04278091248124838, "pseudo_dsm_loss": 0.18552414700388908, "endpoint_anchor_loss": 0.0, "mode_gram_loss": 0.0, "selection_loss": 0.06133332718163729}
{"stage": "ctm", "method": "minilmv2_relation", "epoch": 425, "ctm_loss": 0.043018745724111795, "pseudo_dsm_loss": 0.1435462748631835, "endpoint_anchor_loss": 0.0, "mode_gram_loss": 0.0, "selection_loss": 0.057373373210430144}
{"stage": "ctm", "method": "minilmv2_relation", "epoch": 450, "ctm_loss": 0.030819286592304707, "pseudo_dsm_loss": 0.15223166532814503, "endpoint_anchor_loss": 0.0, "mode_gram_loss": 0.0, "selection_loss": 0.04604245312511921}
{"stage": "ctm", "method": "minilmv2_relation", "epoch": 475, "ctm_loss": 0.06671673292294145, "pseudo_dsm_loss": 0.22222204133868217, "endpoint_anchor_loss": 0.0, "mode_gram_loss": 0.0, "selection_loss": 0.08893893705680966}
{
  "method": "minilmv2_relation",
  "experiment_label": "demonstration_assisted_ctm_oracle",
  "demonstration_free": false,
  "ctm_data_source": "demonstration",
  "demonstration_mixture_probability": 1.0,
  "student_architecture": {
    "layers": 3,
    "embed_dim": 48,
    "heads": 3
  },
  "multi_noise": 1,
  "endpoint_weight": 0.0,
  "mode_balanced_sampling": false,
  "stratified_multitime": false,
  "initialization": {
    "teacher_layers": [
      0,
      1,
      2
    ],
    "selected_heads": [
      0,
      1,
      2
    ],
    "selected_channels": [
      0,
      1,
      2,
      3,
      4,
      6,
      7,
      8,
      10,
      11,
      12,
      13,
      14,
      15,
      16,
      17,
      18,
      19,
      20,
      21,
      22,
      23,
      25,
      27,
      28,
      29,
      30,
      31,
      32,
      33,
      34,
      35,
      36,
      37,
      38,
      39,
      40,
      41,
      42,
      43,
      44,
      46,
      47,
      48,
      50,
      51,
      52,
      53
    ],
    "method": "early",
    "load_max_abs_diff": 0.0,
    "pretrained_structure": "logs/avoiding/teacher_generated_minilmv2_repair_accuracy/velocity_w1/model/pretrain_epoch_0250.pth"
  },
  "uses_original_demonstrations": true,
  "uses_expert_actions": true,
  "demonstration_dir": "environments/dataset/data/avoiding/data",
  "buffer": "logs/avoiding/teacher_generated_transfer/transfer_buffer.pt",
  "structure_dynamic_pretraining": false,
  "pretrain_epochs": 0,
  "ctm_epochs": 500,
  "ctm_dsm_weight": 0.1,
  "ctm_endpoint_anchor_weight": 0.0,
  "ctm_mode_weight": 0.0,
  "ctm_conditional_samples": 4,
  "ctm_milestones": [
    100,
    250,
    500
  ],
  "best_epoch": 242,
  "best_selection_loss": 0.0324663840001449
}
