[2026-07-16 02:46:51,912][root][INFO] - Loading Sorting Dataset
[2026-07-16 02:46:51,924][root][INFO] - Loading Sorting Dataset
[2026-07-16 02:46:51,941][agents.utils.scaler][INFO] - Datset Info: state min: [-2.3854534  -1.52318297 -2.5436591  -1.47282681] and max: [2.68851348 1.91139402 2.31634682 1.92205774], action min: [-1.83908446 -2.15521727] and max: [1.93458139 0.68739523]
[2026-07-16 02:46:51,941][agents.utils.scaler][INFO] - Training dataset size: input (7305, 4) target (7305, 2)
[2026-07-16 02:46:51,941][agents.base_agent][INFO] - The model has a total amount of 99970 parameters
[2026-07-16 02:46:52,944][agents.bc_agent][INFO] - Epoch 0: Average train loss is 0.9661818444728851
[2026-07-16 02:46:53,077][agents.bc_agent][INFO] - Epoch 1: Average train loss is 0.8847800716757774
[2026-07-16 02:46:53,205][agents.bc_agent][INFO] - Epoch 2: Average train loss is 0.8449478670954704
[2026-07-16 02:46:53,344][agents.bc_agent][INFO] - Epoch 3: Average train loss is 0.7900679931044579
[2026-07-16 02:46:53,477][agents.bc_agent][INFO] - Epoch 4: Average train loss is 0.7570877149701118
[2026-07-16 02:46:53,611][agents.bc_agent][INFO] - Epoch 5: Average train loss is 0.6907186359167099
[2026-07-16 02:46:53,744][agents.bc_agent][INFO] - Epoch 6: Average train loss is 0.614597737789154
[2026-07-16 02:46:53,881][agents.bc_agent][INFO] - Epoch 7: Average train loss is 0.5496203117072582
[2026-07-16 02:46:54,012][agents.bc_agent][INFO] - Epoch 8: Average train loss is 0.5267845764756203
[2026-07-16 02:46:54,122][agents.bc_agent][INFO] - Epoch 9: Mean test mse is 0.5111264288425446
[2026-07-16 02:46:54,126][agents.bc_agent][INFO] - New best test loss. Stored weights have been updated!
[2026-07-16 02:46:54,256][agents.bc_agent][INFO] - Epoch 9: Average train loss is 0.5041078515350819
[2026-07-16 02:46:54,384][agents.bc_agent][INFO] - Epoch 10: Average train loss is 0.49713296070694923
[2026-07-16 02:46:54,518][agents.bc_agent][INFO] - Epoch 11: Average train loss is 0.46686800196766853
[2026-07-16 02:46:54,648][agents.bc_agent][INFO] - Epoch 12: Average train loss is 0.47850964963436127
[2026-07-16 02:46:54,784][agents.bc_agent][INFO] - Epoch 13: Average train loss is 0.45568931475281715
[2026-07-16 02:46:54,934][agents.bc_agent][INFO] - Epoch 14: Average train loss is 0.4464586339890957
[2026-07-16 02:46:55,068][agents.bc_agent][INFO] - Epoch 15: Average train loss is 0.4587518237531185
[2026-07-16 02:46:55,201][agents.bc_agent][INFO] - Epoch 16: Average train loss is 0.44574451819062233
[2026-07-16 02:46:55,357][agents.bc_agent][INFO] - Epoch 17: Average train loss is 0.44975150004029274
[2026-07-16 02:46:55,502][agents.bc_agent][INFO] - Epoch 18: Average train loss is 0.43435826897621155
[2026-07-16 02:46:55,626][agents.bc_agent][INFO] - Epoch 19: Mean test mse is 0.42597561329603195
[2026-07-16 02:46:55,630][agents.bc_agent][INFO] - New best test loss. Stored weights have been updated!
[2026-07-16 02:46:55,759][agents.bc_agent][INFO] - Epoch 19: Average train loss is 0.4146112725138664
[2026-07-16 02:46:55,892][agents.bc_agent][INFO] - Epoch 20: Average train loss is 0.4108063243329525
[2026-07-16 02:46:56,041][agents.bc_agent][INFO] - Epoch 21: Average train loss is 0.41432273760437965
[2026-07-16 02:46:56,176][agents.bc_agent][INFO] - Epoch 22: Average train loss is 0.3986654356122017
[2026-07-16 02:46:56,319][agents.bc_agent][INFO] - Epoch 23: Average train loss is 0.3920113258063793
[2026-07-16 02:46:56,468][agents.bc_agent][INFO] - Epoch 24: Average train loss is 0.37070659920573235
[2026-07-16 02:46:56,605][agents.bc_agent][INFO] - Epoch 25: Average train loss is 0.380046721547842
[2026-07-16 02:46:56,746][agents.bc_agent][INFO] - Epoch 26: Average train loss is 0.37700900062918663
[2026-07-16 02:46:56,899][agents.bc_agent][INFO] - Epoch 27: Average train loss is 0.36460841074585915
[2026-07-16 02:46:57,068][agents.bc_agent][INFO] - Epoch 28: Average train loss is 0.3562445044517517
[2026-07-16 02:46:57,200][agents.bc_agent][INFO] - Epoch 29: Mean test mse is 0.36506207287311554
[2026-07-16 02:46:57,203][agents.bc_agent][INFO] - New best test loss. Stored weights have been updated!
[2026-07-16 02:46:57,353][agents.bc_agent][INFO] - Epoch 29: Average train loss is 0.34399666264653206
[2026-07-16 02:46:57,492][agents.bc_agent][INFO] - Epoch 30: Average train loss is 0.3471682295203209
[2026-07-16 02:46:57,625][agents.bc_agent][INFO] - Epoch 31: Average train loss is 0.3492906279861927
[2026-07-16 02:46:57,771][agents.bc_agent][INFO] - Epoch 32: Average train loss is 0.3490053005516529
[2026-07-16 02:46:57,918][agents.bc_agent][INFO] - Epoch 33: Average train loss is 0.33157597854733467
[2026-07-16 02:46:58,060][agents.bc_agent][INFO] - Epoch 34: Average train loss is 0.3226405531167984
[2026-07-16 02:46:58,209][agents.bc_agent][INFO] - Epoch 35: Average train loss is 0.32123782485723495
[2026-07-16 02:46:58,359][agents.bc_agent][INFO] - Epoch 36: Average train loss is 0.33114156872034073
[2026-07-16 02:46:58,506][agents.bc_agent][INFO] - Epoch 37: Average train loss is 0.3401983976364136
[2026-07-16 02:46:58,655][agents.bc_agent][INFO] - Epoch 38: Average train loss is 0.33488576114177704
[2026-07-16 02:46:58,788][agents.bc_agent][INFO] - Epoch 39: Mean test mse is 0.32756737992167473
[2026-07-16 02:46:58,791][agents.bc_agent][INFO] - New best test loss. Stored weights have been updated!
[2026-07-16 02:46:58,943][agents.bc_agent][INFO] - Epoch 39: Average train loss is 0.31890811398625374
[2026-07-16 02:46:59,084][agents.bc_agent][INFO] - Epoch 40: Average train loss is 0.3096132166683674
[2026-07-16 02:46:59,235][agents.bc_agent][INFO] - Epoch 41: Average train loss is 0.3131655231118202
[2026-07-16 02:46:59,392][agents.bc_agent][INFO] - Epoch 42: Average train loss is 0.3087830878794193
[2026-07-16 02:46:59,552][agents.bc_agent][INFO] - Epoch 43: Average train loss is 0.326609592884779
[2026-07-16 02:46:59,695][agents.bc_agent][INFO] - Epoch 44: Average train loss is 0.30130622163414955
[2026-07-16 02:46:59,840][agents.bc_agent][INFO] - Epoch 45: Average train loss is 0.29684706777334213
[2026-07-16 02:46:59,987][agents.bc_agent][INFO] - Epoch 46: Average train loss is 0.30521152168512344
[2026-07-16 02:47:00,119][agents.bc_agent][INFO] - Epoch 47: Average train loss is 0.318117156624794
[2026-07-16 02:47:00,262][agents.bc_agent][INFO] - Epoch 48: Average train loss is 0.3210301883518696
[2026-07-16 02:47:00,378][agents.bc_agent][INFO] - Epoch 49: Mean test mse is 0.3447877801954746
[2026-07-16 02:47:00,518][agents.bc_agent][INFO] - Epoch 49: Average train loss is 0.30470310896635056
[2026-07-16 02:47:00,660][agents.bc_agent][INFO] - Epoch 50: Average train loss is 0.29299449175596237
[2026-07-16 02:47:00,806][agents.bc_agent][INFO] - Epoch 51: Average train loss is 0.29066480696201324
[2026-07-16 02:47:00,953][agents.bc_agent][INFO] - Epoch 52: Average train loss is 0.2866518273949623
[2026-07-16 02:47:01,086][agents.bc_agent][INFO] - Epoch 53: Average train loss is 0.28258444741368294
[2026-07-16 02:47:01,240][agents.bc_agent][INFO] - Epoch 54: Average train loss is 0.269441369920969
[2026-07-16 02:47:01,389][agents.bc_agent][INFO] - Epoch 55: Average train loss is 0.275717556476593
[2026-07-16 02:47:01,537][agents.bc_agent][INFO] - Epoch 56: Average train loss is 0.28825439885258675
[2026-07-16 02:47:01,681][agents.bc_agent][INFO] - Epoch 57: Average train loss is 0.27021608501672745
[2026-07-16 02:47:01,817][agents.bc_agent][INFO] - Epoch 58: Average train loss is 0.2707163840532303
[2026-07-16 02:47:01,927][agents.bc_agent][INFO] - Epoch 59: Mean test mse is 0.27771053463220596
[2026-07-16 02:47:01,930][agents.bc_agent][INFO] - New best test loss. Stored weights have been updated!
[2026-07-16 02:47:02,076][agents.bc_agent][INFO] - Epoch 59: Average train loss is 0.2796041425317526
[2026-07-16 02:47:02,221][agents.bc_agent][INFO] - Epoch 60: Average train loss is 0.2754109166562557
[2026-07-16 02:47:02,371][agents.bc_agent][INFO] - Epoch 61: Average train loss is 0.2781059704720974
[2026-07-16 02:47:02,515][agents.bc_agent][INFO] - Epoch 62: Average train loss is 0.2666138634085655
[2026-07-16 02:47:02,666][agents.bc_agent][INFO] - Epoch 63: Average train loss is 0.26457200571894646
[2026-07-16 02:47:02,815][agents.bc_agent][INFO] - Epoch 64: Average train loss is 0.27313582226634026
[2026-07-16 02:47:02,961][agents.bc_agent][INFO] - Epoch 65: Average train loss is 0.2632523961365223
[2026-07-16 02:47:03,096][agents.bc_agent][INFO] - Epoch 66: Average train loss is 0.2723584808409214
[2026-07-16 02:47:03,238][agents.bc_agent][INFO] - Epoch 67: Average train loss is 0.26747043058276176
[2026-07-16 02:47:03,384][agents.bc_agent][INFO] - Epoch 68: Average train loss is 0.26853417605161667
[2026-07-16 02:47:03,512][agents.bc_agent][INFO] - Epoch 69: Mean test mse is 0.2662170622497797
[2026-07-16 02:47:03,515][agents.bc_agent][INFO] - New best test loss. Stored weights have been updated!
[2026-07-16 02:47:03,652][agents.bc_agent][INFO] - Epoch 69: Average train loss is 0.2515865061432123
[2026-07-16 02:47:03,808][agents.bc_agent][INFO] - Epoch 70: Average train loss is 0.2585478350520134
[2026-07-16 02:47:03,953][agents.bc_agent][INFO] - Epoch 71: Average train loss is 0.2500884309411049
[2026-07-16 02:47:04,097][agents.bc_agent][INFO] - Epoch 72: Average train loss is 0.2517278604209423
[2026-07-16 02:47:04,241][agents.bc_agent][INFO] - Epoch 73: Average train loss is 0.25032538175582886
[2026-07-16 02:47:04,388][agents.bc_agent][INFO] - Epoch 74: Average train loss is 0.24589443393051624
[2026-07-16 02:47:04,539][agents.bc_agent][INFO] - Epoch 75: Average train loss is 0.25403349474072456
[2026-07-16 02:47:04,681][agents.bc_agent][INFO] - Epoch 76: Average train loss is 0.2413237728178501
[2026-07-16 02:47:04,828][agents.bc_agent][INFO] - Epoch 77: Average train loss is 0.2447797879576683
[2026-07-16 02:47:04,968][agents.bc_agent][INFO] - Epoch 78: Average train loss is 0.24552363343536854
[2026-07-16 02:47:05,101][agents.bc_agent][INFO] - Epoch 79: Mean test mse is 0.2536788024008274
[2026-07-16 02:47:05,104][agents.bc_agent][INFO] - New best test loss. Stored weights have been updated!
[2026-07-16 02:47:05,248][agents.bc_agent][INFO] - Epoch 79: Average train loss is 0.23972872830927372
[2026-07-16 02:47:05,398][agents.bc_agent][INFO] - Epoch 80: Average train loss is 0.25051004253327847
[2026-07-16 02:47:05,545][agents.bc_agent][INFO] - Epoch 81: Average train loss is 0.2520497776567936
[2026-07-16 02:47:05,703][agents.bc_agent][INFO] - Epoch 82: Average train loss is 0.2641467656940222
[2026-07-16 02:47:05,859][agents.bc_agent][INFO] - Epoch 83: Average train loss is 0.26925142854452133
[2026-07-16 02:47:06,005][agents.bc_agent][INFO] - Epoch 84: Average train loss is 0.26990649476647377
[2026-07-16 02:47:06,158][agents.bc_agent][INFO] - Epoch 85: Average train loss is 0.2467364128679037
[2026-07-16 02:47:06,312][agents.bc_agent][INFO] - Epoch 86: Average train loss is 0.24299315176904202
[2026-07-16 02:47:06,458][agents.bc_agent][INFO] - Epoch 87: Average train loss is 0.2353382706642151
[2026-07-16 02:47:06,599][agents.bc_agent][INFO] - Epoch 88: Average train loss is 0.2401795294135809
[2026-07-16 02:47:06,726][agents.bc_agent][INFO] - Epoch 89: Mean test mse is 0.2573647778481245
[2026-07-16 02:47:06,872][agents.bc_agent][INFO] - Epoch 89: Average train loss is 0.23531073331832886
[2026-07-16 02:47:07,016][agents.bc_agent][INFO] - Epoch 90: Average train loss is 0.2421708833426237
[2026-07-16 02:47:07,157][agents.bc_agent][INFO] - Epoch 91: Average train loss is 0.2428351789712906
[2026-07-16 02:47:07,302][agents.bc_agent][INFO] - Epoch 92: Average train loss is 0.23694914393126965
[2026-07-16 02:47:07,433][agents.bc_agent][INFO] - Epoch 93: Average train loss is 0.22680439241230488
[2026-07-16 02:47:07,577][agents.bc_agent][INFO] - Epoch 94: Average train loss is 0.2285728920251131
[2026-07-16 02:47:07,711][agents.bc_agent][INFO] - Epoch 95: Average train loss is 0.2362060621380806
[2026-07-16 02:47:07,869][agents.bc_agent][INFO] - Epoch 96: Average train loss is 0.23898369818925858
[2026-07-16 02:47:08,010][agents.bc_agent][INFO] - Epoch 97: Average train loss is 0.2358366660773754
[2026-07-16 02:47:08,144][agents.bc_agent][INFO] - Epoch 98: Average train loss is 0.22769389860332012
[2026-07-16 02:47:08,273][agents.bc_agent][INFO] - Epoch 99: Mean test mse is 0.24212679639458656
[2026-07-16 02:47:08,279][agents.bc_agent][INFO] - New best test loss. Stored weights have been updated!
[2026-07-16 02:47:08,421][agents.bc_agent][INFO] - Epoch 99: Average train loss is 0.22799604758620262
[2026-07-16 02:47:08,567][agents.bc_agent][INFO] - Epoch 100: Average train loss is 0.2414447646588087
[2026-07-16 02:47:08,709][agents.bc_agent][INFO] - Epoch 101: Average train loss is 0.26028635911643505
[2026-07-16 02:47:08,855][agents.bc_agent][INFO] - Epoch 102: Average train loss is 0.2503567971289158
[2026-07-16 02:47:09,001][agents.bc_agent][INFO] - Epoch 103: Average train loss is 0.24642801098525524
[2026-07-16 02:47:09,137][agents.bc_agent][INFO] - Epoch 104: Average train loss is 0.24939126707613468
[2026-07-16 02:47:09,289][agents.bc_agent][INFO] - Epoch 105: Average train loss is 0.23525309190154076
[2026-07-16 02:47:09,420][agents.bc_agent][INFO] - Epoch 106: Average train loss is 0.2367065642029047
[2026-07-16 02:47:09,561][agents.bc_agent][INFO] - Epoch 107: Average train loss is 0.23321259953081608
[2026-07-16 02:47:09,699][agents.bc_agent][INFO] - Epoch 108: Average train loss is 0.2259731888771057
[2026-07-16 02:47:09,810][agents.bc_agent][INFO] - Epoch 109: Mean test mse is 0.23613492026925087
[2026-07-16 02:47:09,813][agents.bc_agent][INFO] - New best test loss. Stored weights have been updated!
[2026-07-16 02:47:09,962][agents.bc_agent][INFO] - Epoch 109: Average train loss is 0.22738954611122608
[2026-07-16 02:47:10,118][agents.bc_agent][INFO] - Epoch 110: Average train loss is 0.2250786293298006
[2026-07-16 02:47:10,261][agents.bc_agent][INFO] - Epoch 111: Average train loss is 0.22801855020225048
[2026-07-16 02:47:10,408][agents.bc_agent][INFO] - Epoch 112: Average train loss is 0.22183802723884583
[2026-07-16 02:47:10,560][agents.bc_agent][INFO] - Epoch 113: Average train loss is 0.22680971398949623
[2026-07-16 02:47:10,794][agents.bc_agent][INFO] - Epoch 114: Average train loss is 0.2320429477840662
[2026-07-16 02:47:11,068][agents.bc_agent][INFO] - Epoch 115: Average train loss is 0.23843892104923725
[2026-07-16 02:47:11,287][agents.bc_agent][INFO] - Epoch 116: Average train loss is 0.27168443612754345
[2026-07-16 02:47:11,522][agents.bc_agent][INFO] - Epoch 117: Average train loss is 0.25365896709263325
[2026-07-16 02:47:11,754][agents.bc_agent][INFO] - Epoch 118: Average train loss is 0.22890420258045197
[2026-07-16 02:47:11,968][agents.bc_agent][INFO] - Epoch 119: Mean test mse is 0.23549879901111126
[2026-07-16 02:47:11,970][agents.bc_agent][INFO] - New best test loss. Stored weights have been updated!
[2026-07-16 02:47:12,190][agents.bc_agent][INFO] - Epoch 119: Average train loss is 0.22035063058137894
[2026-07-16 02:47:12,422][agents.bc_agent][INFO] - Epoch 120: Average train loss is 0.22665954567492008
[2026-07-16 02:47:12,638][agents.bc_agent][INFO] - Epoch 121: Average train loss is 0.22264600172638893
[2026-07-16 02:47:12,875][agents.bc_agent][INFO] - Epoch 122: Average train loss is 0.21295546926558018
[2026-07-16 02:47:13,097][agents.bc_agent][INFO] - Epoch 123: Average train loss is 0.22583035938441753
[2026-07-16 02:47:13,323][agents.bc_agent][INFO] - Epoch 124: Average train loss is 0.2254533302038908
[2026-07-16 02:47:13,540][agents.bc_agent][INFO] - Epoch 125: Average train loss is 0.22058303095400333
[2026-07-16 02:47:13,778][agents.bc_agent][INFO] - Epoch 126: Average train loss is 0.22426055558025837
[2026-07-16 02:47:14,012][agents.bc_agent][INFO] - Epoch 127: Average train loss is 0.2258724644780159
[2026-07-16 02:47:14,262][agents.bc_agent][INFO] - Epoch 128: Average train loss is 0.2266755811870098
[2026-07-16 02:47:14,484][agents.bc_agent][INFO] - Epoch 129: Mean test mse is 0.23199487291276455
[2026-07-16 02:47:14,487][agents.bc_agent][INFO] - New best test loss. Stored weights have been updated!
[2026-07-16 02:47:14,730][agents.bc_agent][INFO] - Epoch 129: Average train loss is 0.22258132509887218
[2026-07-16 02:47:14,960][agents.bc_agent][INFO] - Epoch 130: Average train loss is 0.21574468910694122
[2026-07-16 02:47:15,178][agents.bc_agent][INFO] - Epoch 131: Average train loss is 0.22492969781160355
[2026-07-16 02:47:15,401][agents.bc_agent][INFO] - Epoch 132: Average train loss is 0.20831766165792942
[2026-07-16 02:47:15,626][agents.bc_agent][INFO] - Epoch 133: Average train loss is 0.2121666632592678
[2026-07-16 02:47:15,863][agents.bc_agent][INFO] - Epoch 134: Average train loss is 0.22265983931720257
[2026-07-16 02:47:16,078][agents.bc_agent][INFO] - Epoch 135: Average train loss is 0.21118683367967606
[2026-07-16 02:47:16,314][agents.bc_agent][INFO] - Epoch 136: Average train loss is 0.22138168290257454
[2026-07-16 02:47:16,543][agents.bc_agent][INFO] - Epoch 137: Average train loss is 0.2118555922061205
[2026-07-16 02:47:16,769][agents.bc_agent][INFO] - Epoch 138: Average train loss is 0.22557934932410717
[2026-07-16 02:47:16,975][agents.bc_agent][INFO] - Epoch 139: Mean test mse is 0.23333842493593693
[2026-07-16 02:47:17,206][agents.bc_agent][INFO] - Epoch 139: Average train loss is 0.20967908762395382
[2026-07-16 02:47:17,432][agents.bc_agent][INFO] - Epoch 140: Average train loss is 0.2117036897689104
[2026-07-16 02:47:17,657][agents.bc_agent][INFO] - Epoch 141: Average train loss is 0.2101693656295538
[2026-07-16 02:47:17,879][agents.bc_agent][INFO] - Epoch 142: Average train loss is 0.2208095397800207
[2026-07-16 02:47:18,124][agents.bc_agent][INFO] - Epoch 143: Average train loss is 0.22446002438664436
[2026-07-16 02:47:18,376][agents.bc_agent][INFO] - Epoch 144: Average train loss is 0.21243631280958652
[2026-07-16 02:47:18,604][agents.bc_agent][INFO] - Epoch 145: Average train loss is 0.22263125516474247
[2026-07-16 02:47:18,846][agents.bc_agent][INFO] - Epoch 146: Average train loss is 0.20975887216627598
[2026-07-16 02:47:19,086][agents.bc_agent][INFO] - Epoch 147: Average train loss is 0.20596680790185928
[2026-07-16 02:47:19,318][agents.bc_agent][INFO] - Epoch 148: Average train loss is 0.19824843853712082
[2026-07-16 02:47:19,536][agents.bc_agent][INFO] - Epoch 149: Mean test mse is 0.21054887771606445
[2026-07-16 02:47:19,539][agents.bc_agent][INFO] - New best test loss. Stored weights have been updated!
[2026-07-16 02:47:19,764][agents.bc_agent][INFO] - Epoch 149: Average train loss is 0.20428394712507725
[2026-07-16 02:47:19,997][agents.bc_agent][INFO] - Epoch 150: Average train loss is 0.20467286556959152
[2026-07-16 02:47:20,220][agents.bc_agent][INFO] - Epoch 151: Average train loss is 0.20755887031555176
[2026-07-16 02:47:20,457][agents.bc_agent][INFO] - Epoch 152: Average train loss is 0.20811428502202034
[2026-07-16 02:47:20,683][agents.bc_agent][INFO] - Epoch 153: Average train loss is 0.2027678582817316
[2026-07-16 02:47:20,904][agents.bc_agent][INFO] - Epoch 154: Average train loss is 0.21362387016415596
[2026-07-16 02:47:21,155][agents.bc_agent][INFO] - Epoch 155: Average train loss is 0.21953418478369713
[2026-07-16 02:47:21,376][agents.bc_agent][INFO] - Epoch 156: Average train loss is 0.1989777460694313
[2026-07-16 02:47:21,606][agents.bc_agent][INFO] - Epoch 157: Average train loss is 0.19873042404651642
[2026-07-16 02:47:21,844][agents.bc_agent][INFO] - Epoch 158: Average train loss is 0.2027481235563755
[2026-07-16 02:47:22,053][agents.bc_agent][INFO] - Epoch 159: Mean test mse is 0.23184429667890072
[2026-07-16 02:47:22,269][agents.bc_agent][INFO] - Epoch 159: Average train loss is 0.20401109382510185
[2026-07-16 02:47:22,492][agents.bc_agent][INFO] - Epoch 160: Average train loss is 0.20237640477716923
[2026-07-16 02:47:22,712][agents.bc_agent][INFO] - Epoch 161: Average train loss is 0.20905832573771477
[2026-07-16 02:47:22,944][agents.bc_agent][INFO] - Epoch 162: Average train loss is 0.20300293900072575
[2026-07-16 02:47:23,176][agents.bc_agent][INFO] - Epoch 163: Average train loss is 0.2097793109714985
[2026-07-16 02:47:23,406][agents.bc_agent][INFO] - Epoch 164: Average train loss is 0.20478189177811146
[2026-07-16 02:47:23,640][agents.bc_agent][INFO] - Epoch 165: Average train loss is 0.23086110688745975
[2026-07-16 02:47:23,862][agents.bc_agent][INFO] - Epoch 166: Average train loss is 0.21744219027459621
[2026-07-16 02:47:24,081][agents.bc_agent][INFO] - Epoch 167: Average train loss is 0.2034523393958807
[2026-07-16 02:47:24,299][agents.bc_agent][INFO] - Epoch 168: Average train loss is 0.2158274818211794
[2026-07-16 02:47:24,505][agents.bc_agent][INFO] - Epoch 169: Mean test mse is 0.21935287304222584
[2026-07-16 02:47:24,743][agents.bc_agent][INFO] - Epoch 169: Average train loss is 0.197426225990057
[2026-07-16 02:47:25,032][agents.bc_agent][INFO] - Epoch 170: Average train loss is 0.20865281857550144
[2026-07-16 02:47:25,183][agents.bc_agent][INFO] - Epoch 171: Average train loss is 0.19927055947482586
[2026-07-16 02:47:25,323][agents.bc_agent][INFO] - Epoch 172: Average train loss is 0.194454837590456
[2026-07-16 02:47:25,471][agents.bc_agent][INFO] - Epoch 173: Average train loss is 0.1956057921051979
[2026-07-16 02:47:25,625][agents.bc_agent][INFO] - Epoch 174: Average train loss is 0.20014323107898235
[2026-07-16 02:47:25,782][agents.bc_agent][INFO] - Epoch 175: Average train loss is 0.1910711470991373
[2026-07-16 02:47:25,933][agents.bc_agent][INFO] - Epoch 176: Average train loss is 0.196773337200284
[2026-07-16 02:47:26,070][agents.bc_agent][INFO] - Epoch 177: Average train loss is 0.19832996651530266
[2026-07-16 02:47:26,216][agents.bc_agent][INFO] - Epoch 178: Average train loss is 0.20117921940982342
[2026-07-16 02:47:26,332][agents.bc_agent][INFO] - Epoch 179: Mean test mse is 0.19680041819810867
[2026-07-16 02:47:26,335][agents.bc_agent][INFO] - New best test loss. Stored weights have been updated!
[2026-07-16 02:47:26,485][agents.bc_agent][INFO] - Epoch 179: Average train loss is 0.18834134936332703
[2026-07-16 02:47:26,632][agents.bc_agent][INFO] - Epoch 180: Average train loss is 0.19100777246057987
[2026-07-16 02:47:26,769][agents.bc_agent][INFO] - Epoch 181: Average train loss is 0.19250968843698502
[2026-07-16 02:47:26,917][agents.bc_agent][INFO] - Epoch 182: Average train loss is 0.19680528715252876
[2026-07-16 02:47:27,056][agents.bc_agent][INFO] - Epoch 183: Average train loss is 0.19603100046515465
[2026-07-16 02:47:27,195][agents.bc_agent][INFO] - Epoch 184: Average train loss is 0.19031486473977566
[2026-07-16 02:47:27,336][agents.bc_agent][INFO] - Epoch 185: Average train loss is 0.18765960447490215
[2026-07-16 02:47:27,478][agents.bc_agent][INFO] - Epoch 186: Average train loss is 0.18338463455438614
[2026-07-16 02:47:27,612][agents.bc_agent][INFO] - Epoch 187: Average train loss is 0.18828767351806164
[2026-07-16 02:47:27,762][agents.bc_agent][INFO] - Epoch 188: Average train loss is 0.19380257092416286
[2026-07-16 02:47:27,880][agents.bc_agent][INFO] - Epoch 189: Mean test mse is 0.19326584972441196
[2026-07-16 02:47:27,883][agents.bc_agent][INFO] - New best test loss. Stored weights have been updated!
[2026-07-16 02:47:28,025][agents.bc_agent][INFO] - Epoch 189: Average train loss is 0.19056737050414085
[2026-07-16 02:47:28,171][agents.bc_agent][INFO] - Epoch 190: Average train loss is 0.1910388320684433
[2026-07-16 02:47:28,316][agents.bc_agent][INFO] - Epoch 191: Average train loss is 0.19288785569369793
[2026-07-16 02:47:28,465][agents.bc_agent][INFO] - Epoch 192: Average train loss is 0.1931995525956154
[2026-07-16 02:47:28,604][agents.bc_agent][INFO] - Epoch 193: Average train loss is 0.18374741077423096
[2026-07-16 02:47:28,751][agents.bc_agent][INFO] - Epoch 194: Average train loss is 0.18664094991981983
[2026-07-16 02:47:28,909][agents.bc_agent][INFO] - Epoch 195: Average train loss is 0.18582309037446976
[2026-07-16 02:47:29,045][agents.bc_agent][INFO] - Epoch 196: Average train loss is 0.1913299635052681
[2026-07-16 02:47:29,181][agents.bc_agent][INFO] - Epoch 197: Average train loss is 0.19242576137185097
[2026-07-16 02:47:29,336][agents.bc_agent][INFO] - Epoch 198: Average train loss is 0.20934665389358997
[2026-07-16 02:47:29,471][agents.bc_agent][INFO] - Epoch 199: Mean test mse is 0.21484681405127048
[2026-07-16 02:47:29,617][agents.bc_agent][INFO] - Epoch 199: Average train loss is 0.2004348672926426
[2026-07-16 02:47:29,621][agents.bc_agent][INFO] - Training done!
[2026-07-16 02:47:29,621][__main__][INFO] - Training-only mode enabled; skipping simulation.
