{"epoch": 1, "objective": "cvar_traj_set", "velocity": 0.9358204007148743, "inner_endpoint": 0.2908942401409149, "temperature": 2.0, "logits": [0.001999999862164259, 0.0020000000949949026, -0.0019999996293336153, -0.0020000000949949026], "probabilities": [0.25049999356269836, 0.25049999356269836, 0.24950000643730164, 0.24950000643730164], "gate_loss": 4.0, "endpoint_mean": 0.12761372327804565, "endpoint_cvar20": 0.3446701765060425, "trajectory": 0.03611048310995102, "coverage": 12.91964340209961, "precision": 21.458057403564453}
{"epoch": 10, "objective": "cvar_traj_set", "velocity": 0.5378538370132446, "inner_endpoint": 0.16488543152809143, "temperature": 1.8551891210457476, "logits": [0.004407354164868593, 0.014811093918979168, 0.003840956138446927, -0.00984359160065651], "probabilities": [0.250266432762146, 0.2528837025165558, 0.2501247227191925, 0.2467251867055893], "gate_loss": 4.0, "endpoint_mean": 0.12884977459907532, "endpoint_cvar20": 0.3643055260181427, "trajectory": 0.043904222548007965, "coverage": 3.9360384941101074, "precision": 4.167848110198975}
{"epoch": 20, "objective": "cvar_traj_set", "velocity": 1.1408655643463135, "inner_endpoint": 0.21913683414459229, "temperature": 1.7065519552568404, "logits": [0.011189491488039494, 0.02197893336415291, 0.011879505589604378, -0.010853267274796963], "probabilities": [0.25064313411712646, 0.2533620595932007, 0.25081610679626465, 0.2451787143945694], "gate_loss": 4.0, "endpoint_mean": 0.2166900634765625, "endpoint_cvar20": 0.6739107370376587, "trajectory": 0.0971757024526596, "coverage": 16.193191528320312, "precision": 31.9857120513916}
{"epoch": 30, "objective": "cvar_traj_set", "velocity": 0.28049594163894653, "inner_endpoint": 0.14148780703544617, "temperature": 1.5698235521935933, "logits": [0.012869740836322308, 0.03681077063083649, 0.02226967364549637, -0.008688973262906075], "probabilities": [0.2492307424545288, 0.2552695870399475, 0.251584529876709, 0.2439151555299759], "gate_loss": 4.0, "endpoint_mean": 0.28644153475761414, "endpoint_cvar20": 0.8177918195724487, "trajectory": 0.06134049594402313, "coverage": 46.900760650634766, "precision": 67.62921142578125}
{"epoch": 40, "objective": "cvar_traj_set", "velocity": 0.3646472692489624, "inner_endpoint": 0.1485893428325653, "temperature": 1.4440497855518386, "logits": [0.015966754406690598, 0.053923483937978745, 0.030414029955863953, -0.008178760297596455], "probabilities": [0.24817702174186707, 0.2577780485153198, 0.25178852677345276, 0.24225641787052155], "gate_loss": 4.0, "endpoint_mean": 0.017800278961658478, "endpoint_cvar20": 0.04794438183307648, "trajectory": 0.022611182183027267, "coverage": 2.025116443634033, "precision": 3.9148364067077637}
{"epoch": 50, "objective": "cvar_traj_set", "velocity": 0.9394719004631042, "inner_endpoint": 0.10703258216381073, "temperature": 1.3283529733252153, "logits": [0.016948560252785683, 0.07297538220882416, 0.0406307578086853, -0.009466676041483879], "probabilities": [0.2465774118900299, 0.26078668236732483, 0.25248661637306213, 0.24014927446842194], "gate_loss": 4.0, "endpoint_mean": 0.1079004555940628, "endpoint_cvar20": 0.27196940779685974, "trajectory": 0.026409383863210678, "coverage": 2.5671327114105225, "precision": 3.183509588241577}
{"epoch": 60, "objective": "cvar_traj_set", "velocity": 0.24265781044960022, "inner_endpoint": 0.20675203204154968, "temperature": 1.2219257531121992, "logits": [0.024055633693933487, 0.0873727798461914, 0.051140010356903076, -0.009471994824707508], "probabilities": [0.24631467461585999, 0.26241493225097656, 0.25307711958885193, 0.23819324374198914], "gate_loss": 4.0, "endpoint_mean": 0.13331787288188934, "endpoint_cvar20": 0.43590664863586426, "trajectory": 0.025594230741262436, "coverage": 4.303050994873047, "precision": 11.112571716308594}
{"epoch": 70, "objective": "cvar_traj_set", "velocity": 0.5221278667449951, "inner_endpoint": 0.16778188943862915, "temperature": 1.1240254481315974, "logits": [0.022073615342378616, 0.10505399852991104, 0.06671211123466492, -0.0068465652875602245], "probabilities": [0.24368464946746826, 0.2647683918476105, 0.25480881333351135, 0.2367381900548935], "gate_loss": 4.0, "endpoint_mean": 0.11153430491685867, "endpoint_cvar20": 0.3205413818359375, "trajectory": 0.023733068257570267, "coverage": 2.587827682495117, "precision": 4.704853057861328}
{"epoch": 80, "objective": "cvar_traj_set", "velocity": 0.4172033667564392, "inner_endpoint": 0.21356701850891113, "temperature": 1.033968884631101, "logits": [0.020966608077287674, 0.12307514250278473, 0.08132296055555344, -0.010032525286078453], "probabilities": [0.2415928691625595, 0.2675650119781494, 0.2566235661506653, 0.23421859741210938], "gate_loss": 4.0, "endpoint_mean": 0.22243423759937286, "endpoint_cvar20": 0.5683877468109131, "trajectory": 0.03012680634856224, "coverage": 6.9643635749816895, "precision": 27.248125076293945}
{"epoch": 90, "objective": "cvar_traj_set", "velocity": 0.5053544044494629, "inner_endpoint": 0.10175389051437378, "temperature": 0.9511276245234236, "logits": [0.02452683076262474, 0.14306990802288055, 0.0923847109079361, -0.022102007642388344], "probabilities": [0.24093423783779144, 0.27125710248947144, 0.2578510046005249, 0.22995765507221222], "gate_loss": 4.0, "endpoint_mean": 0.17957676947116852, "endpoint_cvar20": 0.5470703840255737, "trajectory": 0.028972117230296135, "coverage": 12.450138092041016, "precision": 38.19305419921875}
{"epoch": 100, "objective": "cvar_traj_set", "velocity": 0.44023847579956055, "inner_endpoint": 0.10765787214040756, "temperature": 0.8749235799821279, "logits": [0.0302653256803751, 0.1597437560558319, 0.10699032247066498, -0.03588508814573288], "probabilities": [0.2407335788011551, 0.2740112841129303, 0.25993090867996216, 0.22532424330711365], "gate_loss": 4.0, "endpoint_mean": 0.0620119646191597, "endpoint_cvar20": 0.1540069431066513, "trajectory": 0.026605036109685898, "coverage": 6.517839431762695, "precision": 13.4102783203125}
{"epoch": 110, "objective": "cvar_traj_set", "velocity": 0.995952844619751, "inner_endpoint": 0.22093534469604492, "temperature": 0.8048249793946459, "logits": [0.033200450241565704, 0.1788099855184555, 0.12775380909442902, -0.04718611761927605], "probabilities": [0.23931050300598145, 0.2768210768699646, 0.2630423903465271, 0.22082605957984924], "gate_loss": 4.0, "endpoint_mean": 0.16193519532680511, "endpoint_cvar20": 0.5441188812255859, "trajectory": 0.048702389001846313, "coverage": 16.47620964050293, "precision": 50.36431121826172}
{"epoch": 120, "objective": "cvar_traj_set", "velocity": 0.9628066420555115, "inner_endpoint": 0.09751003980636597, "temperature": 0.7403426565218687, "logits": [0.04045092314481735, 0.19465428590774536, 0.14918044209480286, -0.057674210518598557], "probabilities": [0.23877036571502686, 0.27858009934425354, 0.26619571447372437, 0.21645380556583405], "gate_loss": 4.0, "endpoint_mean": 0.13698014616966248, "endpoint_cvar20": 0.35331928730010986, "trajectory": 0.03992629423737526, "coverage": 2.581495761871338, "precision": 4.677724838256836}
{"epoch": 130, "objective": "cvar_traj_set", "velocity": 1.0027446746826172, "inner_endpoint": 0.2112376093864441, "temperature": 0.681026636969096, "logits": [0.04490572586655617, 0.21211937069892883, 0.16792404651641846, -0.06467252969741821], "probabilities": [0.2375791221857071, 0.2808201313018799, 0.2686794698238373, 0.21292127668857574], "gate_loss": 4.0, "endpoint_mean": 0.0979161262512207, "endpoint_cvar20": 0.29887327551841736, "trajectory": 0.024630244821310043, "coverage": 6.224775314331055, "precision": 14.877384185791016}
{"epoch": 140, "objective": "cvar_traj_set", "velocity": 0.7170109152793884, "inner_endpoint": 0.14943423867225647, "temperature": 0.6264629981478542, "logits": [0.04726818948984146, 0.22982554137706757, 0.1863347291946411, -0.07260392606258392], "probabilities": [0.23604294657707214, 0.28331834077835083, 0.27126067876815796, 0.20937809348106384], "gate_loss": 4.0, "endpoint_mean": 0.08047869801521301, "endpoint_cvar20": 0.23809385299682617, "trajectory": 0.01756824366748333, "coverage": 2.432317018508911, "precision": 9.752084732055664}
{"epoch": 150, "objective": "cvar_traj_set", "velocity": 0.12915654480457306, "inner_endpoint": 0.11426486074924469, "temperature": 0.5762709808165806, "logits": [0.05197149142622948, 0.24660280346870422, 0.20851686596870422, -0.08011404424905777], "probabilities": [0.23470911383628845, 0.28513941168785095, 0.2744838297367096, 0.2056676298379898], "gate_loss": 4.0, "endpoint_mean": 0.11278168857097626, "endpoint_cvar20": 0.3432749807834625, "trajectory": 0.032324716448783875, "coverage": 5.105197906494141, "precision": 7.086021423339844}
{"epoch": 160, "objective": "cvar_traj_set", "velocity": 0.6444516181945801, "inner_endpoint": 0.14071130752563477, "temperature": 0.5301003320437552, "logits": [0.05589885637164116, 0.2606429159641266, 0.22817234694957733, -0.08942802995443344], "probabilities": [0.233647421002388, 0.2867346405982971, 0.27757376432418823, 0.20204415917396545], "gate_loss": 4.0, "endpoint_mean": 0.1441953480243683, "endpoint_cvar20": 0.388129860162735, "trajectory": 0.029952645301818848, "coverage": 6.0347113609313965, "precision": 22.76553726196289}
{"epoch": 170, "objective": "cvar_traj_set", "velocity": 0.5736914873123169, "inner_endpoint": 0.14263083040714264, "temperature": 0.4876288610519848, "logits": [0.059029027819633484, 0.2787781357765198, 0.24854357540607452, -0.09468414634466171], "probabilities": [0.23191392421722412, 0.28891003131866455, 0.2803057134151459, 0.19887033104896545], "gate_loss": 4.0, "endpoint_mean": 0.19338327646255493, "endpoint_cvar20": 0.6051848530769348, "trajectory": 0.03545374795794487, "coverage": 4.861630439758301, "precision": 14.150472640991211}
{"epoch": 180, "objective": "cvar_traj_set", "velocity": 0.3276064097881317, "inner_endpoint": 0.130754292011261, "temperature": 0.44856019088708876, "logits": [0.05948454886674881, 0.29925939440727234, 0.2656210660934448, -0.09962580353021622], "probabilities": [0.22973792254924774, 0.2919883728027344, 0.2823297381401062, 0.19594398140907288], "gate_loss": 4.0, "endpoint_mean": 0.15396587550640106, "endpoint_cvar20": 0.5152372121810913, "trajectory": 0.041489481925964355, "coverage": 3.652822494506836, "precision": 6.097812652587891}
{"epoch": 190, "objective": "cvar_traj_set", "velocity": 0.6658742427825928, "inner_endpoint": 0.133436918258667, "temperature": 0.41262169022274386, "logits": [0.059137798845767975, 0.3154873847961426, 0.28899455070495605, -0.10128235816955566], "probabilities": [0.22714829444885254, 0.29352203011512756, 0.28584790229797363, 0.1934817135334015], "gate_loss": 4.0, "endpoint_mean": 0.0865875631570816, "endpoint_cvar20": 0.2586234509944916, "trajectory": 0.042052995413541794, "coverage": 2.432981014251709, "precision": 4.2366814613342285}
{"epoch": 200, "objective": "cvar_traj_set", "velocity": 0.19896210730075836, "inner_endpoint": 0.1608162820339203, "temperature": 0.3795625708682894, "logits": [0.0631152018904686, 0.32810184359550476, 0.31112006306648254, -0.10225614905357361], "probabilities": [0.2256084382534027, 0.2940610647201538, 0.28910955786705017, 0.1912209391593933], "gate_loss": 4.0, "endpoint_mean": 0.10975410789251328, "endpoint_cvar20": 0.3266850411891937, "trajectory": 0.014349336735904217, "coverage": 3.0527586936950684, "precision": 17.394023895263672}
{"epoch": 210, "objective": "cvar_traj_set", "velocity": 0.3152124583721161, "inner_endpoint": 0.13213807344436646, "temperature": 0.34915213770360365, "logits": [0.06933015584945679, 0.33919140696525574, 0.3287433385848999, -0.10593979805707932], "probabilities": [0.22496265172958374, 0.29465219378471375, 0.2915896773338318, 0.18879550695419312], "gate_loss": 4.0, "endpoint_mean": 0.08126518130302429, "endpoint_cvar20": 0.19705776870250702, "trajectory": 0.018213942646980286, "coverage": 5.8488593101501465, "precision": 11.355762481689453}
{"epoch": 220, "objective": "cvar_traj_set", "velocity": 0.33126339316368103, "inner_endpoint": 0.117693230509758, "temperature": 0.3211781788286464, "logits": [0.0687830001115799, 0.3506348431110382, 0.34520742297172546, -0.10849985480308533], "probabilities": [0.2231379598379135, 0.2957877218723297, 0.29418671131134033, 0.18688760697841644], "gate_loss": 4.0, "endpoint_mean": 0.06106815114617348, "endpoint_cvar20": 0.19898821413516998, "trajectory": 0.02025795355439186, "coverage": 1.3146674633026123, "precision": 3.7884697914123535}
{"epoch": 230, "objective": "cvar_traj_set", "velocity": 1.0573441982269287, "inner_endpoint": 0.12887075543403625, "temperature": 0.29544548469370946, "logits": [0.06651467084884644, 0.36489832401275635, 0.3626957833766937, -0.11245789378881454], "probabilities": [0.22082263231277466, 0.2975979745388031, 0.29694321751594543, 0.1846361756324768], "gate_loss": 4.0, "endpoint_mean": 0.08981224149465561, "endpoint_cvar20": 0.20822113752365112, "trajectory": 0.01904885098338127, "coverage": 12.254911422729492, "precision": 20.736167907714844}
{"epoch": 240, "objective": "cvar_traj_set", "velocity": 0.5924721956253052, "inner_endpoint": 0.13918229937553406, "temperature": 0.27177448587648434, "logits": [0.0712447538971901, 0.3759706914424896, 0.3817894756793976, -0.11727447062730789], "probabilities": [0.21984757483005524, 0.29816901683807373, 0.2999090254306793, 0.1820743829011917], "gate_loss": 4.0, "endpoint_mean": 0.1309073269367218, "endpoint_cvar20": 0.4092037081718445, "trajectory": 0.02761891856789589, "coverage": 17.827003479003906, "precision": 36.07215118408203}
{"epoch": 250, "objective": "cvar_traj_set", "velocity": 0.23507064580917358, "inner_endpoint": 0.11322896182537079, "temperature": 0.25, "logits": [0.06947112083435059, 0.3868243992328644, 0.39790740609169006, -0.1216396912932396], "probabilities": [0.21794453263282776, 0.29934412240982056, 0.30268019437789917, 0.18003112077713013], "gate_loss": 4.0, "endpoint_mean": 0.11074888706207275, "endpoint_cvar20": 0.3030659854412079, "trajectory": 0.03978705406188965, "coverage": 6.489261627197266, "precision": 11.49138069152832}
{
  "experiment": "recoverability-guided hard Top-K depth search",
  "objective": "cvar_traj_set",
  "selected_layers": [
    0,
    1,
    2
  ],
  "final_logits": [
    0.06947112083435059,
    0.3868243992328644,
    0.39790740609169006,
    -0.1216396912932396
  ],
  "train_windows": 136078,
  "heldout_windows": 15136,
  "episode_disjoint_split": true,
  "uses_mode_labels": false,
  "uses_environment_rewards": false,
  "uses_original_demonstrations": false,
  "teacher": "FM-4x72-16",
  "target": "FM-3x72-16"
}
