{"stage": "ctm", "method": "minilmv2_relation", "epoch": 0, "ctm_loss": 0.03958561923354864, "pseudo_dsm_loss": 0.18235556036233902, "endpoint_anchor_loss": 0.0, "mode_gram_loss": 0.0, "endpoint_mmd_loss": 0.0, "trajectory_mmd_loss": 0.00017969658983929548, "selection_loss": 0.05800087185962184}
{"stage": "ctm", "method": "minilmv2_relation", "epoch": 25, "ctm_loss": 0.019666865817271173, "pseudo_dsm_loss": 0.21892071515321732, "endpoint_anchor_loss": 0.0, "mode_gram_loss": 0.0, "endpoint_mmd_loss": 0.0, "trajectory_mmd_loss": 0.00010593583647278138, "selection_loss": 0.04166487316906568}
{"stage": "ctm", "method": "minilmv2_relation", "epoch": 50, "ctm_loss": 0.034726083278656006, "pseudo_dsm_loss": 0.16595203056931496, "endpoint_anchor_loss": 0.0, "mode_gram_loss": 0.0, "endpoint_mmd_loss": 0.0, "trajectory_mmd_loss": 7.5050197665405e-05, "selection_loss": 0.05139633653325291}
{"stage": "ctm", "method": "minilmv2_relation", "epoch": 75, "ctm_loss": 0.0627848394215107, "pseudo_dsm_loss": 0.2201227732002735, "endpoint_anchor_loss": 0.0, "mode_gram_loss": 0.0, "endpoint_mmd_loss": 0.0, "trajectory_mmd_loss": 0.003983676717325579, "selection_loss": 0.08878079345886362}
{"stage": "ctm", "method": "minilmv2_relation", "epoch": 100, "ctm_loss": 0.04738500341773033, "pseudo_dsm_loss": 0.20996267721056938, "endpoint_anchor_loss": 0.0, "mode_gram_loss": 0.0, "endpoint_mmd_loss": 0.0, "trajectory_mmd_loss": 9.980212416849099e-05, "selection_loss": 0.06848107326295576}
{"stage": "ctm", "method": "minilmv2_relation", "epoch": 125, "ctm_loss": 0.040106494911015034, "pseudo_dsm_loss": 0.18093641847372055, "endpoint_anchor_loss": 0.0, "mode_gram_loss": 0.0, "endpoint_mmd_loss": 0.0, "trajectory_mmd_loss": 8.528729813406244e-05, "selection_loss": 0.05828542405652115}
{"stage": "ctm", "method": "minilmv2_relation", "epoch": 150, "ctm_loss": 0.03467279905453324, "pseudo_dsm_loss": 0.21958354488015175, "endpoint_anchor_loss": 0.0, "mode_gram_loss": 0.0, "endpoint_mmd_loss": 0.0, "trajectory_mmd_loss": 8.589228491473477e-05, "selection_loss": 0.056717045827463154}
{"stage": "ctm", "method": "minilmv2_relation", "epoch": 175, "ctm_loss": 0.03438153560273349, "pseudo_dsm_loss": 0.16839819587767124, "endpoint_anchor_loss": 0.0, "mode_gram_loss": 0.0, "endpoint_mmd_loss": 0.0, "trajectory_mmd_loss": 0.00010787000701384386, "selection_loss": 0.05132922519751446}
{"stage": "ctm", "method": "minilmv2_relation", "epoch": 200, "ctm_loss": 0.027735639130696654, "pseudo_dsm_loss": 0.2019558735191822, "endpoint_anchor_loss": 0.0, "mode_gram_loss": 0.0, "endpoint_mmd_loss": 0.0, "trajectory_mmd_loss": 0.00014313757674244698, "selection_loss": 0.04807436405935732}
{"stage": "ctm", "method": "minilmv2_relation", "epoch": 225, "ctm_loss": 0.046766965300776064, "pseudo_dsm_loss": 0.20563585311174393, "endpoint_anchor_loss": 0.0, "mode_gram_loss": 0.0, "endpoint_mmd_loss": 0.0, "trajectory_mmd_loss": 0.0004164239071542397, "selection_loss": 0.06774697451910469}
{"stage": "ctm", "method": "minilmv2_relation", "epoch": 250, "ctm_loss": 0.03811259288340807, "pseudo_dsm_loss": 0.1741023249924183, "endpoint_anchor_loss": 0.0, "mode_gram_loss": 0.0, "endpoint_mmd_loss": 0.0, "trajectory_mmd_loss": 0.00011402518066461198, "selection_loss": 0.05563685056331451}
{"stage": "ctm", "method": "minilmv2_relation", "epoch": 275, "ctm_loss": 0.051521450746804476, "pseudo_dsm_loss": 0.16358493454754353, "endpoint_anchor_loss": 0.0, "mode_gram_loss": 0.0, "endpoint_mmd_loss": 0.0, "trajectory_mmd_loss": 6.870230572531e-05, "selection_loss": 0.06794864650728413}
{"stage": "ctm", "method": "minilmv2_relation", "epoch": 300, "ctm_loss": 0.0484543377533555, "pseudo_dsm_loss": 0.1764383390545845, "endpoint_anchor_loss": 0.0, "mode_gram_loss": 0.0, "endpoint_mmd_loss": 0.0, "trajectory_mmd_loss": 8.542538125766441e-05, "selection_loss": 0.06618359704007162}
{"stage": "ctm", "method": "minilmv2_relation", "epoch": 325, "ctm_loss": 0.025415655691176653, "pseudo_dsm_loss": 0.16427945904433727, "endpoint_anchor_loss": 0.0, "mode_gram_loss": 0.0, "endpoint_mmd_loss": 0.0, "trajectory_mmd_loss": 9.223226516041905e-05, "selection_loss": 0.0419358338607708}
{"stage": "ctm", "method": "minilmv2_relation", "epoch": 350, "ctm_loss": 0.02763623488135636, "pseudo_dsm_loss": 0.21441605314612389, "endpoint_anchor_loss": 0.0, "mode_gram_loss": 0.0, "endpoint_mmd_loss": 0.0, "trajectory_mmd_loss": 0.0001027357156999642, "selection_loss": 0.04918057591166872}
{"stage": "ctm", "method": "minilmv2_relation", "epoch": 375, "ctm_loss": 0.01569005730561912, "pseudo_dsm_loss": 0.2050483040511608, "endpoint_anchor_loss": 0.0, "mode_gram_loss": 0.0, "endpoint_mmd_loss": 0.0, "trajectory_mmd_loss": 0.00022921679919818416, "selection_loss": 0.036424104509933386}
{"stage": "ctm", "method": "minilmv2_relation", "epoch": 400, "ctm_loss": 0.057159047573804855, "pseudo_dsm_loss": 0.22332361713051796, "endpoint_anchor_loss": 0.0, "mode_gram_loss": 0.0, "endpoint_mmd_loss": 0.0, "trajectory_mmd_loss": 8.848161087371409e-05, "selection_loss": 0.07957989089773036}
{"stage": "ctm", "method": "minilmv2_relation", "epoch": 425, "ctm_loss": 0.042853137012571096, "pseudo_dsm_loss": 0.17722308821976185, "endpoint_anchor_loss": 0.0, "mode_gram_loss": 0.0, "endpoint_mmd_loss": 0.0, "trajectory_mmd_loss": 9.780973778106272e-05, "selection_loss": 0.06067325557232835}
{"stage": "ctm", "method": "minilmv2_relation", "epoch": 450, "ctm_loss": 0.03538808971643448, "pseudo_dsm_loss": 0.20422662794589996, "endpoint_anchor_loss": 0.0, "mode_gram_loss": 0.0, "endpoint_mmd_loss": 0.0, "trajectory_mmd_loss": 0.00013277233210828854, "selection_loss": 0.055943524843132766}
{"stage": "ctm", "method": "minilmv2_relation", "epoch": 475, "ctm_loss": 0.05538121145218611, "pseudo_dsm_loss": 0.18057915195822716, "endpoint_anchor_loss": 0.0, "mode_gram_loss": 0.0, "endpoint_mmd_loss": 0.0, "trajectory_mmd_loss": 0.00014852286585664842, "selection_loss": 0.07358764951386547}
{
  "method": "minilmv2_relation",
  "experiment_label": "demonstration_free_ctm",
  "demonstration_free": true,
  "ctm_data_source": "rollout",
  "ctm_balance_kind": "ground_truth_mode_oracle",
  "ctm_balancing_protocol": "uniform_latent_then_episode_then_timestep",
  "ctm_latent_labels": null,
  "ctm_success_only": false,
  "demonstration_mixture_probability": 0.0,
  "student_architecture": {
    "layers": 3,
    "embed_dim": 48,
    "heads": 3
  },
  "multi_noise": 1,
  "endpoint_weight": 0.0,
  "mode_balanced_sampling": false,
  "stratified_multitime": false,
  "initialization": {
    "teacher_layers": [
      0,
      1,
      2
    ],
    "selected_heads": [
      0,
      1,
      2
    ],
    "selected_channels": [
      0,
      1,
      2,
      3,
      4,
      6,
      7,
      8,
      10,
      11,
      12,
      13,
      14,
      15,
      16,
      17,
      18,
      19,
      20,
      21,
      22,
      23,
      25,
      27,
      28,
      29,
      30,
      31,
      32,
      33,
      34,
      35,
      36,
      37,
      38,
      39,
      40,
      41,
      42,
      43,
      44,
      46,
      47,
      48,
      50,
      51,
      52,
      53
    ],
    "method": "early",
    "load_max_abs_diff": 0.0,
    "pretrained_structure": "logs/avoiding/teacher_generated_minilmv2_repair_accuracy/velocity_w1/model/pretrain_epoch_0250.pth"
  },
  "uses_original_demonstrations": false,
  "uses_expert_actions": false,
  "demonstration_dir": null,
  "buffer": "logs/avoiding/bmd_velocity250/transfer_buffer.pt",
  "structure_dynamic_pretraining": false,
  "pretrain_epochs": 0,
  "ctm_epochs": 500,
  "ctm_dsm_weight": 0.1,
  "ctm_endpoint_anchor_weight": 0.0,
  "ctm_mode_weight": 0.0,
  "ctm_endpoint_mmd_weight": 0.0,
  "ctm_trajectory_mmd_weight": 1.0,
  "ctm_trajectory_horizon": 4,
  "ctm_conditional_samples": 4,
  "ctm_milestones": [
    100,
    250,
    500
  ],
  "best_epoch": 321,
  "best_selection_loss": 0.02953587893789518
}
