{"epoch": 0, "loss": 0.6506524682044983, "active_blocks": [0, 1, 2, 3]}
{"epoch": 25, "loss": 0.27798761427402496, "active_blocks": [0, 1, 2, 3]}
{"epoch": 50, "loss": 0.19730357080698013, "active_blocks": [0, 1, 2, 3]}
{"epoch": 75, "loss": 0.13940242677927017, "active_blocks": [0, 1, 2, 3]}
{"epoch": 100, "loss": 0.14534762501716614, "active_blocks": [0, 1, 2, 3]}
{"epoch": 125, "loss": 0.10675540007650852, "active_blocks": [0, 1, 2, 3]}
{"epoch": 150, "loss": 0.09238065220415592, "active_blocks": [0, 1, 2, 3]}
{"epoch": 175, "loss": 0.0896021407097578, "active_blocks": [0, 1, 2, 3]}
{"epoch": 200, "loss": 0.08373002707958221, "active_blocks": [0, 1, 2, 3]}
{"epoch": 225, "loss": 0.07350431382656097, "active_blocks": [0, 1, 2, 3]}
{"epoch": 250, "loss": 0.08764396980404854, "active_blocks": [0, 1, 2, 3]}
{"epoch": 275, "loss": 0.09501975495368242, "active_blocks": [0, 1, 2, 3]}
{"epoch": 300, "loss": 0.07720351405441761, "active_blocks": [0, 1, 2, 3]}
{"epoch": 325, "loss": 0.05766270123422146, "active_blocks": [0, 1, 2, 3]}
{"epoch": 350, "loss": 0.0888156071305275, "active_blocks": [0, 1, 2, 3]}
{"epoch": 375, "loss": 0.0796047504991293, "active_blocks": [0, 1, 2, 3]}
{"epoch": 400, "loss": 0.06047411169856787, "active_blocks": [0, 1, 2, 3]}
{"epoch": 425, "loss": 0.08088079374283552, "active_blocks": [0, 1, 2, 3]}
{"epoch": 450, "loss": 0.08883159793913364, "active_blocks": [0, 1, 2, 3]}
{"epoch": 475, "loss": 0.05355090741068125, "active_blocks": [0, 1, 2, 3]}
{"epoch": 500, "loss": 0.06957895401865244, "active_blocks": [0, 1, 2, 3]}
{"epoch": 525, "loss": 0.05468943156301975, "active_blocks": [0, 1, 2, 3]}
{"epoch": 550, "loss": 0.0631374903023243, "active_blocks": [0, 1, 2, 3]}
{"epoch": 575, "loss": 0.06424602679908276, "active_blocks": [0, 1, 2, 3]}
{"epoch": 600, "loss": 0.07817120756953955, "active_blocks": [0, 1, 2, 3]}
{"epoch": 625, "loss": 0.07358370814472437, "active_blocks": [0, 1, 2, 3]}
{"epoch": 650, "loss": 0.07617907039821148, "active_blocks": [0, 1, 2, 3]}
{"epoch": 675, "loss": 0.05904214549809694, "active_blocks": [0, 1, 2, 3]}
{"epoch": 0, "loss": 0.11959802731871605, "active_blocks": [0, 1, 2, 3]}
{"epoch": 25, "loss": 0.05486509948968887, "active_blocks": [0, 1, 2, 3]}
{"epoch": 50, "loss": 0.04734267946332693, "active_blocks": [0, 1, 2, 3]}
{"epoch": 75, "loss": 0.0412196135148406, "active_blocks": [0, 1, 2, 3]}
{"epoch": 100, "loss": 0.03455277252942324, "active_blocks": [0, 1, 2, 3]}
{"epoch": 125, "loss": 0.03780531510710716, "active_blocks": [0, 1, 2, 3]}
{"epoch": 150, "loss": 0.03572776075452566, "active_blocks": [0, 1, 2, 3]}
{"epoch": 175, "loss": 0.03359233308583498, "active_blocks": [0, 1, 2, 3]}
{"epoch": 200, "loss": 0.03494898835197091, "active_blocks": [0, 1, 2, 3]}
{"epoch": 225, "loss": 0.033458548597991467, "active_blocks": [0, 1, 2, 3]}
{"epoch": 250, "loss": 0.032628278248012066, "active_blocks": [0, 1, 2, 3]}
{"epoch": 275, "loss": 0.0339750237762928, "active_blocks": [0, 1, 2, 3]}
{
  "method": "teacher_assistant",
  "student_architecture": {
    "layers": 3,
    "embed_dim": 48,
    "heads": 3
  },
  "initialization": {
    "method": "teacher_assistant",
    "assistant_initialization": {
      "teacher_layers": [
        0,
        1,
        2,
        3
      ],
      "selected_heads": [
        0,
        1,
        2,
        3
      ],
      "selected_channels": [
        1,
        2,
        3,
        6,
        7,
        8,
        10,
        11,
        13,
        14,
        15,
        16,
        18,
        19,
        20,
        21,
        25,
        28,
        29,
        30,
        31,
        32,
        34,
        35,
        36,
        39,
        40,
        41,
        43,
        44,
        46,
        48,
        50,
        51,
        52,
        53,
        54,
        55,
        57,
        58,
        59,
        61,
        62,
        64,
        66,
        67,
        69,
        71
      ],
      "method": "width",
      "load_max_abs_diff": 0.0
    },
    "student_layer_map": [
      0,
      2,
      3
    ]
  },
  "stages": [
    {
      "source": "FM-4x72-16",
      "target": "FM-4x48-16",
      "epochs": 700,
      "best_loss": 0.0474030040204525
    },
    {
      "source": "FM-4x48-16",
      "target": "FM-3x48-16",
      "epochs": 300
    }
  ],
  "best_selection_loss": 0.03056149324402213,
  "uses_original_demonstrations": false,
  "uses_expert_actions": false,
  "buffer": "logs/avoiding/teacher_generated_transfer/transfer_buffer.pt"
}
