{"stage": "structure", "method": "width_multinoise_endpoint", "epoch": 0, "loss": 4.21474328160286}
{"stage": "structure", "method": "width_multinoise_endpoint", "epoch": 25, "loss": 1.6571201160550117}
{"stage": "structure", "method": "width_multinoise_endpoint", "epoch": 50, "loss": 1.2032583303749562}
{"stage": "structure", "method": "width_multinoise_endpoint", "epoch": 75, "loss": 0.9077773085236549}
{"stage": "structure", "method": "width_multinoise_endpoint", "epoch": 100, "loss": 0.9052892519533634}
{"stage": "structure", "method": "width_multinoise_endpoint", "epoch": 125, "loss": 0.7355251081287861}
{"stage": "structure", "method": "width_multinoise_endpoint", "epoch": 150, "loss": 0.6020246491581202}
{"stage": "structure", "method": "width_multinoise_endpoint", "epoch": 175, "loss": 0.5638361953198909}
{"stage": "structure", "method": "width_multinoise_endpoint", "epoch": 200, "loss": 0.5756065295636654}
{"stage": "structure", "method": "width_multinoise_endpoint", "epoch": 225, "loss": 0.5088776364922524}
{"stage": "structure", "method": "width_multinoise_endpoint", "epoch": 250, "loss": 0.6262825022637845}
{"stage": "structure", "method": "width_multinoise_endpoint", "epoch": 275, "loss": 0.6650170538574457}
{"stage": "ctm", "method": "width_multinoise_endpoint", "epoch": 0, "ctm_loss": 0.09028393868356943, "pseudo_dsm_loss": 0.32838893309235573, "selection_loss": 0.123122831992805}
{"stage": "ctm", "method": "width_multinoise_endpoint", "epoch": 25, "ctm_loss": 0.07181551936082542, "pseudo_dsm_loss": 0.31260522454977036, "selection_loss": 0.10307604181580246}
{"stage": "ctm", "method": "width_multinoise_endpoint", "epoch": 50, "ctm_loss": 0.11201330926269293, "pseudo_dsm_loss": 0.35138358548283577, "selection_loss": 0.1471516678109765}
{"stage": "ctm", "method": "width_multinoise_endpoint", "epoch": 75, "ctm_loss": 0.08098101150244474, "pseudo_dsm_loss": 0.2231903299689293, "selection_loss": 0.10330004449933768}
{"stage": "ctm", "method": "width_multinoise_endpoint", "epoch": 100, "ctm_loss": 0.07517439685761929, "pseudo_dsm_loss": 0.2640253286808729, "selection_loss": 0.10157692972570657}
{"stage": "ctm", "method": "width_multinoise_endpoint", "epoch": 125, "ctm_loss": 0.09479076508432627, "pseudo_dsm_loss": 0.3181800879538059, "selection_loss": 0.12660877387970687}
{"stage": "ctm", "method": "width_multinoise_endpoint", "epoch": 150, "ctm_loss": 0.050480700097978115, "pseudo_dsm_loss": 0.245577123016119, "selection_loss": 0.07503841239959001}
{"stage": "ctm", "method": "width_multinoise_endpoint", "epoch": 175, "ctm_loss": 0.05289342487230897, "pseudo_dsm_loss": 0.2775034699589014, "selection_loss": 0.08064377186819911}
{"stage": "ctm", "method": "width_multinoise_endpoint", "epoch": 200, "ctm_loss": 0.07454864401370287, "pseudo_dsm_loss": 0.3166230171918869, "selection_loss": 0.10621094573289155}
{"stage": "ctm", "method": "width_multinoise_endpoint", "epoch": 225, "ctm_loss": 0.05575588811188936, "pseudo_dsm_loss": 0.3318592980504036, "selection_loss": 0.08894181791692973}
{"stage": "ctm", "method": "width_multinoise_endpoint", "epoch": 250, "ctm_loss": 0.05145177710801363, "pseudo_dsm_loss": 0.2669576983898878, "selection_loss": 0.0781475469470024}
{"stage": "ctm", "method": "width_multinoise_endpoint", "epoch": 275, "ctm_loss": 0.05790957063436508, "pseudo_dsm_loss": 0.21555306762456894, "selection_loss": 0.07946487739682198}
{"stage": "ctm", "method": "width_multinoise_endpoint", "epoch": 300, "ctm_loss": 0.03714462148491293, "pseudo_dsm_loss": 0.3502813130617142, "selection_loss": 0.07217275279108434}
{"stage": "ctm", "method": "width_multinoise_endpoint", "epoch": 325, "ctm_loss": 0.044498000759631395, "pseudo_dsm_loss": 0.29176824167370796, "selection_loss": 0.0736748249270022}
{"stage": "ctm", "method": "width_multinoise_endpoint", "epoch": 350, "ctm_loss": 0.052945551462471485, "pseudo_dsm_loss": 0.3029351867735386, "selection_loss": 0.08323907013982534}
{"stage": "ctm", "method": "width_multinoise_endpoint", "epoch": 375, "ctm_loss": 0.04167458554729819, "pseudo_dsm_loss": 0.26754745841026306, "selection_loss": 0.0684293313883245}
{"stage": "ctm", "method": "width_multinoise_endpoint", "epoch": 400, "ctm_loss": 0.03747574589215219, "pseudo_dsm_loss": 0.38758403062820435, "selection_loss": 0.07623414895497263}
{"stage": "ctm", "method": "width_multinoise_endpoint", "epoch": 425, "ctm_loss": 0.03276538010686636, "pseudo_dsm_loss": 0.20798454992473125, "selection_loss": 0.053563835099339485}
{"stage": "ctm", "method": "width_multinoise_endpoint", "epoch": 450, "ctm_loss": 0.03414200758561492, "pseudo_dsm_loss": 0.2377422023564577, "selection_loss": 0.05791622782126069}
{"stage": "ctm", "method": "width_multinoise_endpoint", "epoch": 475, "ctm_loss": 0.04945998266339302, "pseudo_dsm_loss": 0.21031304262578487, "selection_loss": 0.07049128692597151}
{
  "method": "width_multinoise_endpoint",
  "student_architecture": {
    "layers": 4,
    "embed_dim": 48,
    "heads": 4
  },
  "multi_noise": 4,
  "endpoint_weight": 0.03,
  "mode_balanced_sampling": false,
  "stratified_multitime": false,
  "initialization": {
    "teacher_layers": [
      0,
      1,
      2,
      3
    ],
    "selected_heads": [
      0,
      1,
      2,
      3
    ],
    "selected_channels": [
      1,
      2,
      3,
      6,
      7,
      8,
      10,
      11,
      13,
      14,
      15,
      16,
      18,
      19,
      20,
      21,
      25,
      28,
      29,
      30,
      31,
      32,
      34,
      35,
      36,
      39,
      40,
      41,
      43,
      44,
      46,
      48,
      50,
      51,
      52,
      53,
      54,
      55,
      57,
      58,
      59,
      61,
      62,
      64,
      66,
      67,
      69,
      71
    ],
    "method": "width",
    "load_max_abs_diff": 0.0
  },
  "uses_original_demonstrations": false,
  "uses_expert_actions": false,
  "buffer": "logs/avoiding/teacher_generated_transfer/transfer_buffer.pt",
  "structure_dynamic_pretraining": true,
  "pretrain_epochs": 300,
  "ctm_epochs": 500,
  "best_epoch": 485,
  "best_selection_loss": 0.047093463037163025
}
