{
  "method": "offline_trajectory_bmd_proxy",
  "full_paper_ppo_steering": false,
  "uses_original_demonstrations": false,
  "uses_ground_truth_modes_for_training": false,
  "ground_truth_modes_used_for_posthoc_evaluation": true,
  "clusters": 8,
  "seed": 42,
  "episodes": 480,
  "successful_episodes": 276,
  "silhouette": 0.11920191014146626,
  "gmm_bic": 17326.39450085583,
  "nmi_all": 0.6212421075069626,
  "ari_all": 0.27763765033253524,
  "nmi_success": 0.6680947377991975,
  "ari_success": 0.4642741282351778,
  "purity_success": 0.5253623188405797,
  "occupied_latents": 8,
  "min_latent_size": 23,
  "max_latent_size": 167,
  "latent_occupancy": [
    26,
    64,
    42,
    167,
    23,
    58,
    59,
    41
  ],
  "latent_success_rate": [
    0.0,
    0.0,
    1.0,
    0.5269461077844312,
    0.0,
    1.0,
    1.0,
    0.7073170731707317
  ],
  "latent_true_mode_coverage": [
    0,
    0,
    2,
    15,
    0,
    1,
    7,
    3
  ]
}
