{"epoch": 10, "loss": 1.8950190033231462, "validation": {"0.25": {"macro_f1": 0.07623552917670563, "balanced_accuracy": 0.13936202686202687, "per_class_recall": [0.2, 1.0, 0.0, 0.0, 0.2857142857142857, 0.0, 0.0, 0.0, 0.6666666666666666, 0.0, 0.0, 0.0, 0.0, 0.4, 0.6923076923076923, 0.0, 0.0, 0.0, 0.0, 0.0, 0.0, 0.0, 0.1, 0.0]}, "0.5": {"macro_f1": 0.15453235801425516, "balanced_accuracy": 0.22340110869522634, "per_class_recall": [0.06666666666666667, 1.0, 0.09090909090909091, 0.0, 1.0, 0.7058823529411765, 0.5714285714285714, 0.0, 0.3333333333333333, 0.0, 0.0, 0.0, 0.2857142857142857, 0.8, 0.3076923076923077, 0.0, 0.0, 0.2, 0.0, 0.0, 0.0, 0.0, 0.0, 0.0]}, "0.75": {"macro_f1": 0.3742656155768678, "balanced_accuracy": 0.5, "per_class_recall": [0.8, 1.0, 1.0, 0.2, 1.0, 1.0, 1.0, 0.0, 1.0, 0.08333333333333333, 0.0, 0.25, 1.0, 1.0, 0.0, 0.6666666666666666, 0.0, 0.0, 0.0, 0.5, 1.0, 0.0, 0.5, 0.0]}, "1.0": {"macro_f1": 0.5535696881524886, "balanced_accuracy": 0.6356691919191918, "per_class_recall": [0.9333333333333333, 0.75, 1.0, 0.0, 1.0, 1.0, 1.0, 0.2727272727272727, 1.0, 0.4166666666666667, 0.0, 0.625, 1.0, 1.0, 0.0, 0.3333333333333333, 0.0, 0.6, 0.0, 1.0, 1.0, 1.0, 0.7, 0.625]}}, "selection_score": 0.7081020461667438}
{"epoch": 20, "loss": 1.420899442264012, "validation": {"0.25": {"macro_f1": 0.05689440993788819, "balanced_accuracy": 0.13452380952380952, "per_class_recall": [0.0, 0.0, 0.0, 0.0, 0.8571428571428571, 0.0, 0.5714285714285714, 0.0, 0.0, 0.0, 0.0, 0.0, 0.0, 0.0, 0.0, 0.0, 0.0, 0.8, 0.0, 1.0, 0.0, 0.0, 0.0, 0.0]}, "0.5": {"macro_f1": 0.31506713530707336, "balanced_accuracy": 0.40065979771862126, "per_class_recall": [0.0, 0.25, 0.9090909090909091, 0.6, 1.0, 0.9411764705882353, 0.7142857142857143, 0.0, 0.6666666666666666, 0.8333333333333334, 0.3333333333333333, 0.0, 0.0, 0.6, 0.38461538461538464, 0.3333333333333333, 0.0, 0.8, 0.0, 0.75, 0.0, 0.5, 0.0, 0.0]}, "0.75": {"macro_f1": 0.6557111792668356, "balanced_accuracy": 0.7123909655159655, "per_class_recall": [0.9333333333333333, 1.0, 0.9090909090909091, 0.6, 1.0, 1.0, 1.0, 0.7272727272727273, 0.6666666666666666, 0.9166666666666666, 0.4444444444444444, 0.0, 1.0, 1.0, 0.6153846153846154, 0.6666666666666666, 0.14285714285714285, 1.0, 0.0, 0.75, 1.0, 1.0, 0.6, 0.125]}, "1.0": {"macro_f1": 0.7087396559379319, "balanced_accuracy": 0.7807295713545713, "per_class_recall": [1.0, 0.625, 0.9090909090909091, 0.4, 1.0, 1.0, 1.0, 1.0, 1.0, 1.0, 0.1111111111111111, 0.0, 0.8571428571428571, 1.0, 0.6923076923076923, 1.0, 0.14285714285714285, 1.0, 0.0, 1.0, 1.0, 1.0, 1.0, 1.0]}}, "selection_score": 1.0238067912450053}
{"epoch": 30, "loss": 1.2570370946611678, "validation": {"0.25": {"macro_f1": 0.1607406287669446, "balanced_accuracy": 0.24213643790849673, "per_class_recall": [0.0, 0.0, 0.0, 0.6, 0.7142857142857143, 0.35294117647058826, 0.14285714285714285, 0.0, 1.0, 0.5, 0.0, 0.125, 0.0, 0.0, 0.0, 0.0, 0.14285714285714285, 0.8, 0.0, 0.25, 0.6666666666666666, 0.25, 0.1, 0.16666666666666666]}, "0.5": {"macro_f1": 0.5321196163700908, "balanced_accuracy": 0.5703902000777, "per_class_recall": [0.6, 0.4375, 0.36363636363636365, 0.6, 0.5714285714285714, 1.0, 0.7142857142857143, 0.18181818181818182, 1.0, 0.5833333333333334, 0.3333333333333333, 0.125, 0.7142857142857143, 0.8, 0.9230769230769231, 0.3333333333333333, 0.0, 0.6, 0.25, 1.0, 1.0, 0.5, 0.1, 0.9583333333333334]}, "0.75": {"macro_f1": 0.7566539207918518, "balanced_accuracy": 0.7640579906204906, "per_class_recall": [0.9333333333333333, 0.4375, 0.7272727272727273, 1.0, 0.5714285714285714, 1.0, 1.0, 1.0, 1.0, 0.9166666666666666, 1.0, 0.25, 1.0, 1.0, 1.0, 0.3333333333333333, 0.14285714285714285, 1.0, 0.375, 0.75, 1.0, 0.5, 0.4, 1.0]}, "1.0": {"macro_f1": 0.7781595633451536, "balanced_accuracy": 0.7727768759018758, "per_class_recall": [1.0, 0.5, 0.5454545454545454, 1.0, 0.7142857142857143, 1.0, 1.0, 1.0, 1.0, 1.0, 1.0, 0.625, 1.0, 1.0, 1.0, 0.3333333333333333, 0.42857142857142855, 0.6, 0.5, 0.5, 1.0, 0.5, 0.3, 1.0]}}, "selection_score": 1.3102791797152444}
{"epoch": 40, "loss": 1.1118144989013672, "validation": {"0.25": {"macro_f1": 0.17870762397707096, "balanced_accuracy": 0.26175629925629923, "per_class_recall": [0.26666666666666666, 0.0, 0.0, 0.0, 0.8571428571428571, 0.0, 0.7142857142857143, 0.6363636363636364, 1.0, 0.5, 0.0, 0.0, 0.0, 0.0, 0.3076923076923077, 0.0, 0.0, 1.0, 0.25, 0.25, 0.3333333333333333, 0.0, 0.0, 0.16666666666666666]}, "0.5": {"macro_f1": 0.48431254366874793, "balanced_accuracy": 0.5654630908307379, "per_class_recall": [0.6666666666666666, 0.875, 0.6363636363636364, 0.4, 1.0, 0.8823529411764706, 0.7142857142857143, 0.2727272727272727, 1.0, 0.5833333333333334, 0.3333333333333333, 0.0, 0.0, 0.8, 0.6153846153846154, 0.3333333333333333, 0.0, 1.0, 0.375, 0.5, 1.0, 0.75, 0.0, 0.8333333333333334]}, "0.75": {"macro_f1": 0.77967654594612, "balanced_accuracy": 0.8099247974247975, "per_class_recall": [1.0, 1.0, 0.8181818181818182, 0.6, 1.0, 1.0, 1.0, 0.8181818181818182, 1.0, 1.0, 0.6666666666666666, 0.25, 1.0, 1.0, 0.6923076923076923, 0.3333333333333333, 0.14285714285714285, 1.0, 0.75, 1.0, 1.0, 1.0, 0.7, 0.6666666666666666]}, "1.0": {"macro_f1": 0.7709948208307117, "balanced_accuracy": 0.8118327274577274, "per_class_recall": [1.0, 1.0, 0.18181818181818182, 0.4, 1.0, 1.0, 1.0, 1.0, 1.0, 1.0, 0.5555555555555556, 0.5, 0.8571428571428571, 1.0, 0.7692307692307693, 0.6666666666666666, 0.42857142857142855, 1.0, 1.0, 1.0, 1.0, 1.0, 1.0, 0.125]}}, "selection_score": 1.2553073644994597}
{"epoch": 50, "loss": 1.0405558007104057, "validation": {"0.25": {"macro_f1": 0.14639548695822416, "balanced_accuracy": 0.2522626678876679, "per_class_recall": [0.06666666666666667, 0.0, 0.0, 0.4, 0.7142857142857143, 0.0, 0.5714285714285714, 0.0, 1.0, 0.08333333333333333, 0.0, 0.75, 0.0, 0.4, 0.07692307692307693, 0.0, 0.0, 0.6, 0.0, 0.25, 1.0, 0.0, 0.1, 0.041666666666666664]}, "0.5": {"macro_f1": 0.4962019771216444, "balanced_accuracy": 0.5708121161246161, "per_class_recall": [0.2, 0.9375, 0.2727272727272727, 0.6, 1.0, 1.0, 0.7142857142857143, 0.6363636363636364, 0.6666666666666666, 0.4166666666666667, 0.2222222222222222, 0.25, 0.42857142857142855, 0.8, 0.8461538461538461, 0.0, 0.0, 1.0, 0.375, 0.75, 1.0, 1.0, 0.0, 0.5833333333333334]}, "0.75": {"macro_f1": 0.8093295205086474, "balanced_accuracy": 0.8311102092352091, "per_class_recall": [0.9333333333333333, 1.0, 0.5454545454545454, 0.4, 1.0, 1.0, 1.0, 1.0, 1.0, 1.0, 0.6666666666666666, 0.5, 1.0, 1.0, 1.0, 0.3333333333333333, 0.14285714285714285, 1.0, 0.625, 1.0, 1.0, 1.0, 0.8, 1.0]}, "1.0": {"macro_f1": 0.7896871482562271, "balanced_accuracy": 0.816933009120509, "per_class_recall": [1.0, 0.9375, 0.45454545454545453, 0.2, 1.0, 1.0, 1.0, 1.0, 1.0, 1.0, 0.2222222222222222, 0.625, 0.8571428571428571, 1.0, 0.9230769230769231, 0.3333333333333333, 0.42857142857142855, 1.0, 0.625, 1.0, 1.0, 1.0, 1.0, 1.0]}}, "selection_score": 1.2858891253778715}
{"epoch": 60, "loss": 0.9447651420320783, "validation": {"0.25": {"macro_f1": 0.15689357082545938, "balanced_accuracy": 0.25196423946423946, "per_class_recall": [0.5333333333333333, 0.0, 0.0, 0.0, 0.8571428571428571, 0.0, 0.5714285714285714, 0.18181818181818182, 1.0, 0.0, 0.1111111111111111, 0.25, 0.0, 0.0, 0.6923076923076923, 0.0, 0.0, 0.6, 0.0, 0.0, 1.0, 0.0, 0.0, 0.25]}, "0.5": {"macro_f1": 0.5163084548725281, "balanced_accuracy": 0.5716458888333888, "per_class_recall": [0.5333333333333333, 0.5625, 0.7272727272727273, 0.4, 1.0, 1.0, 0.7142857142857143, 0.45454545454545453, 1.0, 0.5, 0.6666666666666666, 0.375, 0.0, 0.8, 0.7692307692307693, 0.3333333333333333, 0.0, 0.8, 0.375, 0.75, 1.0, 0.0, 0.0, 0.9583333333333334]}, "0.75": {"macro_f1": 0.8002905669979515, "balanced_accuracy": 0.8183732933732933, "per_class_recall": [1.0, 0.625, 0.9090909090909091, 0.4, 1.0, 1.0, 1.0, 1.0, 1.0, 1.0, 0.6666666666666666, 0.625, 1.0, 1.0, 0.8461538461538461, 0.3333333333333333, 0.2857142857142857, 1.0, 0.25, 1.0, 1.0, 1.0, 0.7, 1.0]}, "1.0": {"macro_f1": 0.8293329222995452, "balanced_accuracy": 0.8499399905649906, "per_class_recall": [1.0, 0.875, 0.9090909090909091, 0.2, 1.0, 1.0, 1.0, 1.0, 1.0, 1.0, 1.0, 0.625, 1.0, 1.0, 0.7692307692307693, 0.6666666666666666, 0.42857142857142855, 1.0, 0.125, 1.0, 1.0, 1.0, 0.8, 1.0]}}, "selection_score": 1.3456413771720732}
{"epoch": 70, "loss": 0.9672192931175232, "validation": {"0.25": {"macro_f1": 0.20871841645396708, "balanced_accuracy": 0.27724347411847416, "per_class_recall": [0.2, 0.0, 0.0, 0.0, 0.8571428571428571, 0.0, 0.5714285714285714, 0.45454545454545453, 1.0, 0.0, 0.1111111111111111, 0.125, 0.0, 0.0, 0.38461538461538464, 0.0, 0.0, 0.6, 0.5, 0.0, 1.0, 0.0, 0.1, 0.75]}, "0.5": {"macro_f1": 0.6308583230086716, "balanced_accuracy": 0.6621371105746106, "per_class_recall": [0.7333333333333333, 0.9375, 0.5454545454545454, 0.6, 1.0, 1.0, 0.7142857142857143, 0.5454545454545454, 1.0, 0.5, 0.2222222222222222, 0.375, 0.5714285714285714, 1.0, 0.7692307692307693, 0.3333333333333333, 0.2857142857142857, 1.0, 0.5, 0.25, 1.0, 0.75, 0.3, 0.9583333333333334]}, "0.75": {"macro_f1": 0.8161194920872066, "balanced_accuracy": 0.834654275463099, "per_class_recall": [1.0, 1.0, 0.8181818181818182, 1.0, 1.0, 0.9411764705882353, 1.0, 1.0, 1.0, 0.5833333333333334, 1.0, 0.625, 1.0, 1.0, 0.8461538461538461, 0.3333333333333333, 0.14285714285714285, 1.0, 0.625, 0.5, 1.0, 1.0, 0.7, 0.9166666666666666]}, "1.0": {"macro_f1": 0.8949279591063478, "balanced_accuracy": 0.897968351093351, "per_class_recall": [1.0, 1.0, 0.8181818181818182, 1.0, 1.0, 1.0, 1.0, 1.0, 1.0, 0.8333333333333334, 1.0, 0.875, 1.0, 1.0, 0.8461538461538461, 0.6666666666666666, 0.42857142857142855, 1.0, 0.625, 0.5, 1.0, 1.0, 1.0, 0.9583333333333334]}}, "selection_score": 1.5257862821150194}
{"epoch": 80, "loss": 0.8913648043360028, "validation": {"0.25": {"macro_f1": 0.21029143487667512, "balanced_accuracy": 0.2423785637020931, "per_class_recall": [0.3333333333333333, 0.125, 0.18181818181818182, 0.0, 0.8571428571428571, 0.17647058823529413, 0.5714285714285714, 0.09090909090909091, 1.0, 0.16666666666666666, 0.1111111111111111, 0.125, 0.0, 0.0, 0.46153846153846156, 0.0, 0.0, 0.6, 0.125, 0.0, 0.3333333333333333, 0.0, 0.1, 0.4583333333333333]}, "0.5": {"macro_f1": 0.5942967792718273, "balanced_accuracy": 0.6392888361638361, "per_class_recall": [0.6666666666666666, 1.0, 0.2727272727272727, 0.6, 1.0, 1.0, 0.7142857142857143, 0.45454545454545453, 1.0, 0.4166666666666667, 0.3333333333333333, 0.375, 0.5714285714285714, 0.8, 0.7692307692307693, 0.0, 0.2857142857142857, 1.0, 0.75, 1.0, 1.0, 0.5, 0.0, 0.8333333333333334]}, "0.75": {"macro_f1": 0.8436346788789347, "balanced_accuracy": 0.8538530913530913, "per_class_recall": [1.0, 1.0, 0.7272727272727273, 0.6, 1.0, 1.0, 0.8571428571428571, 1.0, 1.0, 1.0, 1.0, 0.375, 1.0, 1.0, 0.8461538461538461, 0.3333333333333333, 0.42857142857142855, 1.0, 0.75, 1.0, 1.0, 1.0, 0.7, 0.875]}, "1.0": {"macro_f1": 0.8880158754266406, "balanced_accuracy": 0.9065793003293003, "per_class_recall": [1.0, 1.0, 0.45454545454545453, 0.8, 1.0, 1.0, 1.0, 1.0, 1.0, 1.0, 0.8888888888888888, 0.75, 1.0, 1.0, 0.7692307692307693, 1.0, 0.42857142857142855, 1.0, 0.75, 1.0, 1.0, 1.0, 1.0, 0.9166666666666666]}}, "selection_score": 1.482312654698468}
{"epoch": 90, "loss": 0.8490053415298462, "validation": {"0.25": {"macro_f1": 0.21647609542152346, "balanced_accuracy": 0.27963841713841714, "per_class_recall": [0.6666666666666666, 0.0, 0.09090909090909091, 0.6, 0.8571428571428571, 0.0, 0.5714285714285714, 0.36363636363636365, 0.3333333333333333, 0.0, 0.0, 0.0, 0.0, 0.0, 0.46153846153846156, 0.0, 0.0, 0.6, 0.0, 0.0, 1.0, 0.5, 0.0, 0.6666666666666666]}, "0.5": {"macro_f1": 0.6341627451311258, "balanced_accuracy": 0.6683815605690606, "per_class_recall": [0.8, 0.9375, 0.36363636363636365, 0.6, 1.0, 1.0, 0.7142857142857143, 0.5454545454545454, 1.0, 0.5833333333333334, 0.5555555555555556, 0.0, 0.2857142857142857, 1.0, 0.8461538461538461, 0.3333333333333333, 0.14285714285714285, 1.0, 0.625, 0.75, 1.0, 0.5, 0.5, 0.9583333333333334]}, "0.75": {"macro_f1": 0.831994844039662, "balanced_accuracy": 0.8403424122174122, "per_class_recall": [0.9333333333333333, 1.0, 0.9090909090909091, 0.6, 1.0, 1.0, 1.0, 1.0, 1.0, 1.0, 0.5555555555555556, 0.5, 1.0, 1.0, 1.0, 0.3333333333333333, 0.42857142857142855, 1.0, 0.5, 0.75, 1.0, 1.0, 0.7, 0.9583333333333334]}, "1.0": {"macro_f1": 0.8996858135250992, "balanced_accuracy": 0.9125201187701188, "per_class_recall": [1.0, 1.0, 0.9090909090909091, 0.8, 1.0, 1.0, 1.0, 1.0, 1.0, 1.0, 0.6666666666666666, 0.75, 1.0, 1.0, 0.8461538461538461, 1.0, 0.42857142857142855, 1.0, 0.5, 1.0, 1.0, 1.0, 1.0, 1.0]}}, "selection_score": 1.5338485586562252}
{"epoch": 100, "loss": 0.8641551562717983, "validation": {"0.25": {"macro_f1": 0.20379820202522106, "balanced_accuracy": 0.29468378843378845, "per_class_recall": [0.6666666666666666, 0.625, 0.09090909090909091, 0.0, 0.8571428571428571, 0.0, 0.0, 0.0, 1.0, 0.0, 0.0, 0.0, 0.0, 0.2, 0.3076923076923077, 0.0, 0.0, 0.6, 0.125, 0.25, 1.0, 0.5, 0.1, 0.75]}, "0.5": {"macro_f1": 0.6035698853740726, "balanced_accuracy": 0.6298971861471861, "per_class_recall": [0.8, 1.0, 0.6363636363636364, 0.6, 1.0, 1.0, 0.7142857142857143, 0.5454545454545454, 1.0, 0.4166666666666667, 0.3333333333333333, 0.125, 0.42857142857142855, 0.8, 1.0, 0.3333333333333333, 0.14285714285714285, 0.6, 0.375, 0.75, 1.0, 0.5, 0.1, 0.9166666666666666]}, "0.75": {"macro_f1": 0.8220896750777108, "balanced_accuracy": 0.8326966266304501, "per_class_recall": [1.0, 1.0, 0.7272727272727273, 0.6, 0.8571428571428571, 0.9411764705882353, 1.0, 1.0, 1.0, 0.75, 0.5555555555555556, 0.5, 1.0, 1.0, 1.0, 0.3333333333333333, 0.42857142857142855, 0.8, 0.875, 1.0, 1.0, 1.0, 0.7, 0.9166666666666666]}, "1.0": {"macro_f1": 0.865841341867608, "balanced_accuracy": 0.8849487318237319, "per_class_recall": [1.0, 1.0, 0.5454545454545454, 0.6, 1.0, 1.0, 1.0, 1.0, 1.0, 0.8333333333333334, 0.3333333333333333, 0.875, 1.0, 1.0, 0.9230769230769231, 1.0, 0.42857142857142855, 0.8, 1.0, 1.0, 1.0, 1.0, 0.9, 1.0]}}, "selection_score": 1.4694112272416806}
{"epoch": 110, "loss": 0.7892719847815377, "validation": {"0.25": {"macro_f1": 0.24030977725745165, "balanced_accuracy": 0.3231264106264106, "per_class_recall": [0.6666666666666666, 0.75, 0.36363636363636365, 0.0, 0.8571428571428571, 0.0, 0.5714285714285714, 0.09090909090909091, 1.0, 0.0, 0.1111111111111111, 0.0, 0.0, 0.4, 0.38461538461538464, 0.0, 0.14285714285714285, 0.4, 0.0, 0.0, 1.0, 0.0, 0.1, 0.9166666666666666]}, "0.5": {"macro_f1": 0.6634214078336941, "balanced_accuracy": 0.688370425870426, "per_class_recall": [0.8, 1.0, 0.6363636363636364, 0.4, 1.0, 1.0, 0.7142857142857143, 0.5454545454545454, 1.0, 0.75, 0.2222222222222222, 0.25, 0.5714285714285714, 1.0, 0.7692307692307693, 0.3333333333333333, 0.42857142857142855, 0.6, 0.375, 0.75, 1.0, 1.0, 0.5, 0.875]}, "0.75": {"macro_f1": 0.8434830634992716, "balanced_accuracy": 0.8443172568172569, "per_class_recall": [1.0, 1.0, 1.0, 0.6, 1.0, 1.0, 1.0, 1.0, 1.0, 1.0, 0.8888888888888888, 0.5, 1.0, 1.0, 0.8461538461538461, 0.3333333333333333, 0.42857142857142855, 0.8, 0.5, 0.75, 1.0, 1.0, 0.7, 0.9166666666666666]}, "1.0": {"macro_f1": 0.9243339608570701, "balanced_accuracy": 0.9321960446960448, "per_class_recall": [1.0, 1.0, 0.9090909090909091, 0.8, 1.0, 1.0, 1.0, 1.0, 1.0, 1.0, 0.8888888888888888, 0.875, 1.0, 1.0, 0.8461538461538461, 1.0, 0.42857142857142855, 1.0, 0.625, 1.0, 1.0, 1.0, 1.0, 1.0]}}, "selection_score": 1.5877553686907642}
{"epoch": 120, "loss": 0.7820456368582589, "validation": {"0.25": {"macro_f1": 0.28717574390779016, "balanced_accuracy": 0.34291779163102687, "per_class_recall": [0.4666666666666667, 0.25, 0.36363636363636365, 0.0, 0.8571428571428571, 0.4117647058823529, 0.7142857142857143, 0.2727272727272727, 1.0, 0.0, 0.1111111111111111, 0.0, 0.0, 0.0, 0.3076923076923077, 0.0, 0.0, 0.6, 0.125, 0.75, 1.0, 0.25, 0.0, 0.75]}, "0.5": {"macro_f1": 0.6428018971768971, "balanced_accuracy": 0.6752896409146408, "per_class_recall": [0.6666666666666666, 1.0, 0.7272727272727273, 0.6, 1.0, 1.0, 0.7142857142857143, 0.6363636363636364, 1.0, 0.5, 0.3333333333333333, 0.375, 0.2857142857142857, 0.8, 0.9230769230769231, 0.3333333333333333, 0.42857142857142855, 0.6, 0.375, 0.75, 1.0, 1.0, 0.2, 0.9583333333333334]}, "0.75": {"macro_f1": 0.8363196414093789, "balanced_accuracy": 0.8486301892551893, "per_class_recall": [1.0, 1.0, 1.0, 0.6, 1.0, 1.0, 1.0, 1.0, 1.0, 1.0, 0.6666666666666666, 0.5, 1.0, 1.0, 0.9230769230769231, 0.3333333333333333, 0.2857142857142857, 0.8, 0.5, 1.0, 1.0, 1.0, 0.8, 0.9583333333333334]}, "1.0": {"macro_f1": 0.9105015718408577, "balanced_accuracy": 0.9198117854367854, "per_class_recall": [1.0, 1.0, 0.9090909090909091, 0.8, 1.0, 1.0, 1.0, 1.0, 1.0, 1.0, 0.6666666666666666, 0.875, 1.0, 1.0, 0.8461538461538461, 1.0, 0.42857142857142855, 0.8, 0.75, 1.0, 1.0, 1.0, 1.0, 1.0]}}, "selection_score": 1.5533034690177547}
{"epoch": 130, "loss": 0.7313574211938041, "validation": {"0.25": {"macro_f1": 0.293361845944114, "balanced_accuracy": 0.35519590363340364, "per_class_recall": [0.8666666666666667, 0.8125, 0.09090909090909091, 0.2, 0.8571428571428571, 0.0, 0.5714285714285714, 0.2727272727272727, 1.0, 0.08333333333333333, 0.1111111111111111, 0.125, 0.0, 0.4, 0.3076923076923077, 0.0, 0.14285714285714285, 0.6, 0.125, 0.25, 0.6666666666666666, 0.25, 0.0, 0.7916666666666666]}, "0.5": {"macro_f1": 0.6819130031179516, "balanced_accuracy": 0.690451677951678, "per_class_recall": [0.8666666666666667, 1.0, 0.7272727272727273, 0.6, 1.0, 1.0, 0.7142857142857143, 0.6363636363636364, 1.0, 0.6666666666666666, 0.5555555555555556, 0.25, 0.2857142857142857, 0.8, 0.9230769230769231, 0.3333333333333333, 0.42857142857142855, 0.6, 0.375, 0.75, 1.0, 0.5, 0.6, 0.9583333333333334]}, "0.75": {"macro_f1": 0.8465957241303285, "balanced_accuracy": 0.8503147315647315, "per_class_recall": [1.0, 1.0, 0.7272727272727273, 0.6, 1.0, 1.0, 1.0, 1.0, 1.0, 1.0, 0.8888888888888888, 0.5, 1.0, 1.0, 0.8461538461538461, 0.3333333333333333, 0.42857142857142855, 0.8, 0.875, 0.75, 1.0, 1.0, 0.7, 0.9583333333333334]}, "1.0": {"macro_f1": 0.9169969351376915, "balanced_accuracy": 0.9226211288711289, "per_class_recall": [1.0, 1.0, 0.8181818181818182, 0.8, 1.0, 1.0, 1.0, 1.0, 1.0, 1.0, 1.0, 0.875, 1.0, 1.0, 0.8461538461538461, 1.0, 0.42857142857142855, 1.0, 0.875, 0.5, 1.0, 1.0, 1.0, 1.0]}}, "selection_score": 1.598909938255643}
{"epoch": 140, "loss": 0.709181581224714, "validation": {"0.25": {"macro_f1": 0.23799039349144233, "balanced_accuracy": 0.3114428973803974, "per_class_recall": [0.6, 0.3125, 0.18181818181818182, 0.2, 0.8571428571428571, 0.0, 0.7142857142857143, 0.0, 1.0, 0.0, 0.0, 0.0, 0.0, 0.6, 0.3076923076923077, 0.0, 0.14285714285714285, 0.6, 0.125, 0.25, 1.0, 0.0, 0.0, 0.5833333333333334]}, "0.5": {"macro_f1": 0.6705978008919186, "balanced_accuracy": 0.6938356782106782, "per_class_recall": [0.7333333333333333, 1.0, 0.5454545454545454, 0.6, 1.0, 1.0, 0.7142857142857143, 0.6363636363636364, 1.0, 0.5, 0.3333333333333333, 0.25, 0.2857142857142857, 1.0, 1.0, 0.6666666666666666, 0.42857142857142855, 0.6, 0.75, 0.75, 1.0, 0.5, 0.4, 0.9583333333333334]}, "0.75": {"macro_f1": 0.8649808671577247, "balanced_accuracy": 0.8715438496688496, "per_class_recall": [0.9333333333333333, 1.0, 0.8181818181818182, 0.8, 1.0, 1.0, 1.0, 1.0, 1.0, 1.0, 0.8888888888888888, 0.375, 1.0, 1.0, 0.9230769230769231, 0.6666666666666666, 0.42857142857142855, 0.8, 0.875, 0.75, 1.0, 1.0, 0.7, 0.9583333333333334]}, "1.0": {"macro_f1": 0.901017161915271, "balanced_accuracy": 0.9104473073223073, "per_class_recall": [1.0, 1.0, 0.5454545454545454, 0.8, 1.0, 1.0, 1.0, 1.0, 1.0, 0.9166666666666666, 0.8888888888888888, 0.875, 1.0, 1.0, 0.8461538461538461, 1.0, 0.42857142857142855, 0.8, 1.0, 0.75, 1.0, 1.0, 1.0, 1.0]}}, "selection_score": 1.5716149628071896}
{"epoch": 150, "loss": 0.7186974627631051, "validation": {"0.25": {"macro_f1": 0.2843162150282439, "balanced_accuracy": 0.33511064099299387, "per_class_recall": [0.4666666666666667, 0.25, 0.18181818181818182, 0.4, 0.8571428571428571, 0.11764705882352941, 0.7142857142857143, 0.45454545454545453, 1.0, 0.16666666666666666, 0.0, 0.0, 0.0, 0.2, 0.3076923076923077, 0.0, 0.14285714285714285, 0.6, 0.125, 0.25, 1.0, 0.0, 0.1, 0.7083333333333334]}, "0.5": {"macro_f1": 0.6807428031165759, "balanced_accuracy": 0.6858866827616827, "per_class_recall": [0.8666666666666667, 1.0, 0.6363636363636364, 0.6, 1.0, 1.0, 0.7142857142857143, 0.6363636363636364, 1.0, 0.6666666666666666, 0.3333333333333333, 0.375, 0.7142857142857143, 0.8, 0.9230769230769231, 0.3333333333333333, 0.42857142857142855, 0.6, 0.375, 0.5, 1.0, 0.5, 0.5, 0.9583333333333334]}, "0.75": {"macro_f1": 0.8498870684637491, "balanced_accuracy": 0.8564496097584334, "per_class_recall": [0.9333333333333333, 1.0, 1.0, 1.0, 1.0, 0.9411764705882353, 1.0, 1.0, 1.0, 0.9166666666666666, 0.8888888888888888, 0.5, 1.0, 1.0, 0.8461538461538461, 0.6666666666666666, 0.42857142857142855, 0.8, 0.375, 0.75, 1.0, 0.75, 0.8, 0.9583333333333334]}, "1.0": {"macro_f1": 0.9009805858370283, "balanced_accuracy": 0.9064700345950346, "per_class_recall": [1.0, 1.0, 1.0, 1.0, 1.0, 1.0, 1.0, 1.0, 1.0, 0.9166666666666666, 0.8888888888888888, 0.875, 1.0, 1.0, 0.8461538461538461, 1.0, 0.42857142857142855, 0.8, 0.5, 0.5, 1.0, 1.0, 1.0, 1.0]}}, "selection_score": 1.5817233889536042}
{"epoch": 160, "loss": 0.7380451815468925, "validation": {"0.25": {"macro_f1": 0.29462992538650434, "balanced_accuracy": 0.3224311500046794, "per_class_recall": [0.6666666666666666, 0.25, 0.18181818181818182, 0.4, 0.8571428571428571, 0.17647058823529413, 0.7142857142857143, 0.36363636363636365, 1.0, 0.08333333333333333, 0.1111111111111111, 0.0, 0.0, 0.2, 0.3076923076923077, 0.0, 0.14285714285714285, 0.6, 0.125, 0.25, 0.3333333333333333, 0.25, 0.1, 0.625]}, "0.5": {"macro_f1": 0.668113245881103, "balanced_accuracy": 0.6820532476782476, "per_class_recall": [0.8666666666666667, 1.0, 0.6363636363636364, 0.6, 1.0, 1.0, 0.7142857142857143, 0.6363636363636364, 1.0, 0.5833333333333334, 0.4444444444444444, 0.375, 0.5714285714285714, 1.0, 0.8461538461538461, 0.3333333333333333, 0.42857142857142855, 0.6, 0.375, 0.75, 1.0, 0.25, 0.4, 0.9583333333333334]}, "0.75": {"macro_f1": 0.8314265201029906, "balanced_accuracy": 0.8307585932585932, "per_class_recall": [0.9333333333333333, 1.0, 0.8181818181818182, 0.6, 1.0, 1.0, 1.0, 1.0, 1.0, 0.9166666666666666, 0.8888888888888888, 0.625, 1.0, 1.0, 0.7692307692307693, 0.3333333333333333, 0.42857142857142855, 0.8, 0.625, 0.75, 1.0, 0.75, 0.7, 1.0]}, "1.0": {"macro_f1": 0.9137164764895859, "balanced_accuracy": 0.9189700345950346, "per_class_recall": [1.0, 1.0, 1.0, 0.8, 1.0, 1.0, 1.0, 1.0, 1.0, 0.9166666666666666, 0.8888888888888888, 0.875, 1.0, 1.0, 0.8461538461538461, 1.0, 0.42857142857142855, 0.8, 0.75, 0.75, 1.0, 1.0, 1.0, 1.0]}}, "selection_score": 1.581829722370689}
{"epoch": 170, "loss": 0.6963103839329311, "validation": {"0.25": {"macro_f1": 0.31939920469899435, "balanced_accuracy": 0.3678306987130517, "per_class_recall": [0.6666666666666666, 0.25, 0.18181818181818182, 0.4, 0.8571428571428571, 0.11764705882352941, 0.7142857142857143, 0.36363636363636365, 1.0, 0.08333333333333333, 0.0, 0.0, 0.14285714285714285, 0.4, 0.3076923076923077, 0.0, 0.14285714285714285, 0.6, 0.125, 0.25, 1.0, 0.25, 0.1, 0.875]}, "0.5": {"macro_f1": 0.704202758770677, "balanced_accuracy": 0.7125731906981906, "per_class_recall": [0.8, 1.0, 0.5454545454545454, 0.6, 1.0, 1.0, 0.7142857142857143, 0.7272727272727273, 1.0, 0.6666666666666666, 0.3333333333333333, 0.5, 0.5714285714285714, 0.8, 0.9230769230769231, 0.3333333333333333, 0.42857142857142855, 0.6, 0.75, 0.75, 1.0, 0.5, 0.6, 0.9583333333333334]}, "0.75": {"macro_f1": 0.8475853983989211, "balanced_accuracy": 0.8455377955377955, "per_class_recall": [0.9333333333333333, 1.0, 0.8181818181818182, 0.6, 1.0, 1.0, 1.0, 1.0, 1.0, 1.0, 1.0, 0.5, 1.0, 1.0, 0.8461538461538461, 0.3333333333333333, 0.42857142857142855, 0.8, 0.875, 0.75, 1.0, 0.75, 0.7, 0.9583333333333334]}, "1.0": {"macro_f1": 0.9129115164141148, "balanced_accuracy": 0.9140207015207015, "per_class_recall": [1.0, 1.0, 0.8181818181818182, 0.8, 1.0, 1.0, 1.0, 1.0, 1.0, 0.9166666666666666, 1.0, 0.875, 1.0, 1.0, 0.9230769230769231, 1.0, 0.42857142857142855, 0.8, 0.875, 0.75, 1.0, 0.75, 1.0, 1.0]}}, "selection_score": 1.6171142751847918}
{"epoch": 180, "loss": 0.6725912860461644, "validation": {"0.25": {"macro_f1": 0.29810313518093406, "balanced_accuracy": 0.33000390132743074, "per_class_recall": [0.6666666666666666, 0.375, 0.18181818181818182, 0.4, 0.8571428571428571, 0.17647058823529413, 0.7142857142857143, 0.36363636363636365, 1.0, 0.08333333333333333, 0.0, 0.0, 0.14285714285714285, 0.2, 0.3076923076923077, 0.0, 0.14285714285714285, 0.6, 0.125, 0.25, 0.3333333333333333, 0.25, 0.0, 0.75]}, "0.5": {"macro_f1": 0.702899805022, "balanced_accuracy": 0.7115315240315242, "per_class_recall": [0.8, 1.0, 0.6363636363636364, 0.6, 1.0, 1.0, 0.7142857142857143, 0.6363636363636364, 1.0, 0.6666666666666666, 0.3333333333333333, 0.5, 0.5714285714285714, 1.0, 0.9230769230769231, 0.3333333333333333, 0.42857142857142855, 0.6, 0.625, 0.75, 1.0, 0.5, 0.5, 0.9583333333333334]}, "0.75": {"macro_f1": 0.835833876285557, "balanced_accuracy": 0.834279378029378, "per_class_recall": [0.9333333333333333, 1.0, 0.9090909090909091, 0.6, 1.0, 1.0, 1.0, 1.0, 1.0, 1.0, 0.8888888888888888, 0.5, 1.0, 1.0, 0.8461538461538461, 0.3333333333333333, 0.42857142857142855, 0.8, 0.625, 0.75, 1.0, 0.75, 0.7, 0.9583333333333334]}, "1.0": {"macro_f1": 0.9211063515217243, "balanced_accuracy": 0.9250201187701187, "per_class_recall": [1.0, 1.0, 0.9090909090909091, 0.8, 1.0, 1.0, 1.0, 1.0, 1.0, 0.9166666666666666, 1.0, 0.875, 1.0, 1.0, 0.8461538461538461, 1.0, 0.42857142857142855, 0.8, 0.875, 0.75, 1.0, 1.0, 1.0, 1.0]}}, "selection_score": 1.6240061565437243}
{"epoch": 190, "loss": 0.6734963485172817, "validation": {"0.25": {"macro_f1": 0.32066767963149545, "balanced_accuracy": 0.38100710563945855, "per_class_recall": [0.8, 0.625, 0.18181818181818182, 0.4, 0.8571428571428571, 0.11764705882352941, 0.7142857142857143, 0.2727272727272727, 1.0, 0.08333333333333333, 0.0, 0.0, 0.0, 0.4, 0.3076923076923077, 0.0, 0.14285714285714285, 0.6, 0.125, 0.25, 1.0, 0.25, 0.1, 0.9166666666666666]}, "0.5": {"macro_f1": 0.6766172378980261, "balanced_accuracy": 0.6920069513819515, "per_class_recall": [0.8, 1.0, 0.6363636363636364, 0.6, 1.0, 1.0, 0.7142857142857143, 0.6363636363636364, 1.0, 0.75, 0.3333333333333333, 0.375, 0.5714285714285714, 1.0, 0.8461538461538461, 0.3333333333333333, 0.42857142857142855, 0.6, 0.375, 0.75, 1.0, 0.5, 0.4, 0.9583333333333334]}, "0.75": {"macro_f1": 0.8408702056780802, "balanced_accuracy": 0.8408450345950346, "per_class_recall": [1.0, 1.0, 1.0, 0.6, 1.0, 1.0, 1.0, 1.0, 1.0, 1.0, 0.8888888888888888, 0.5, 1.0, 1.0, 0.8461538461538461, 0.3333333333333333, 0.42857142857142855, 0.8, 0.625, 0.75, 1.0, 0.75, 0.7, 0.9583333333333334]}, "1.0": {"macro_f1": 0.9143975645813881, "balanced_accuracy": 0.9180756743256744, "per_class_recall": [1.0, 1.0, 0.9090909090909091, 0.8, 1.0, 1.0, 1.0, 1.0, 1.0, 0.9166666666666666, 1.0, 0.875, 1.0, 1.0, 0.8461538461538461, 1.0, 0.42857142857142855, 0.8, 0.75, 0.75, 1.0, 1.0, 1.0, 0.9583333333333334]}}, "selection_score": 1.5910148024794142}
{"epoch": 200, "loss": 0.7380421927997044, "validation": {"0.25": {"macro_f1": 0.31649215937141634, "balanced_accuracy": 0.3724685955384485, "per_class_recall": [0.7333333333333333, 0.4375, 0.18181818181818182, 0.4, 0.8571428571428571, 0.11764705882352941, 0.7142857142857143, 0.36363636363636365, 1.0, 0.08333333333333333, 0.0, 0.0, 0.0, 0.4, 0.3076923076923077, 0.0, 0.14285714285714285, 0.6, 0.125, 0.25, 1.0, 0.25, 0.1, 0.875]}, "0.5": {"macro_f1": 0.6809817486595957, "balanced_accuracy": 0.694468031968032, "per_class_recall": [0.8, 1.0, 0.6363636363636364, 0.6, 1.0, 1.0, 0.7142857142857143, 0.6363636363636364, 1.0, 0.75, 0.3333333333333333, 0.5, 0.42857142857142855, 1.0, 0.9230769230769231, 0.3333333333333333, 0.42857142857142855, 0.6, 0.375, 0.75, 1.0, 0.5, 0.4, 0.9583333333333334]}, "0.75": {"macro_f1": 0.8371007883669964, "balanced_accuracy": 0.8414237382987383, "per_class_recall": [1.0, 1.0, 1.0, 0.6, 1.0, 1.0, 1.0, 1.0, 1.0, 1.0, 0.7777777777777778, 0.5, 1.0, 1.0, 0.8461538461538461, 0.3333333333333333, 0.42857142857142855, 0.8, 0.5, 0.75, 1.0, 1.0, 0.7, 0.9583333333333334]}, "1.0": {"macro_f1": 0.918722961406785, "balanced_accuracy": 0.9218635531135532, "per_class_recall": [1.0, 1.0, 1.0, 0.8, 1.0, 1.0, 1.0, 1.0, 1.0, 0.9166666666666666, 1.0, 0.875, 1.0, 1.0, 0.8461538461538461, 1.0, 0.42857142857142855, 0.8, 0.75, 0.75, 1.0, 1.0, 1.0, 0.9583333333333334]}}, "selection_score": 1.5997047100663808}
{
  "model": "transformer",
  "seed": 42,
  "labels_source": "logs/avoiding/bmd_velocity250_expanded/hierarchical_k24/basic_white_diag_seed42/discovery.npz",
  "uses_true_modes": false,
  "uses_binary_success_partition": true,
  "uses_original_demonstrations": false,
  "episodes": {
    "train": 998,
    "validation": 214,
    "test": 214
  },
  "best_epoch": 180,
  "validation_selection_score": 1.6240061565437243,
  "test": {
    "0.25": {
      "macro_f1": 0.26358012634762124,
      "balanced_accuracy": 0.2832649410774411,
      "per_class_recall": [
        0.5333333333333333,
        0.6875,
        0.0,
        0.0,
        0.875,
        0.25,
        0.5714285714285714,
        0.2727272727272727,
        0.75,
        0.09090909090909091,
        0.375,
        0.0,
        0.0,
        0.0,
        0.42857142857142855,
        0.0,
        0.0,
        0.2,
        0.1111111111111111,
        0.25,
        0.25,
        0.25,
        0.1111111111111111,
        0.7916666666666666
      ]
    },
    "0.5": {
      "macro_f1": 0.6528293396118949,
      "balanced_accuracy": 0.6713008056758056,
      "per_class_recall": [
        0.8,
        0.75,
        0.6363636363636364,
        0.0,
        1.0,
        0.875,
        0.8571428571428571,
        0.7272727272727273,
        1.0,
        0.9090909090909091,
        0.75,
        0.25,
        0.625,
        1.0,
        0.9285714285714286,
        0.0,
        0.375,
        0.6,
        0.6666666666666666,
        0.75,
        0.5,
        0.75,
        0.4444444444444444,
        0.9166666666666666
      ]
    },
    "0.75": {
      "macro_f1": 0.8240061658566561,
      "balanced_accuracy": 0.8336294492544493,
      "per_class_recall": [
        1.0,
        1.0,
        0.9090909090909091,
        0.5,
        1.0,
        0.875,
        1.0,
        1.0,
        1.0,
        1.0,
        0.875,
        0.75,
        1.0,
        1.0,
        0.9285714285714286,
        0.5,
        0.25,
        0.6,
        0.6666666666666666,
        0.75,
        1.0,
        0.75,
        0.7777777777777778,
        0.875
      ]
    },
    "1.0": {
      "macro_f1": 0.9046262318919936,
      "balanced_accuracy": 0.908199555074555,
      "per_class_recall": [
        1.0,
        1.0,
        0.9090909090909091,
        0.75,
        1.0,
        0.875,
        1.0,
        1.0,
        1.0,
        1.0,
        1.0,
        1.0,
        1.0,
        0.75,
        0.8571428571428571,
        1.0,
        0.25,
        0.6,
        1.0,
        1.0,
        1.0,
        1.0,
        0.8888888888888888,
        0.9166666666666666
      ]
    }
  }
}
