[2026-07-16 04:22:26,795][agents.models.diffusion.diffusion_models][INFO] - number of parameters: 2.748260e+05
[2026-07-16 04:22:26,836][root][INFO] - Loading Sorting Dataset
[2026-07-16 04:22:26,847][root][INFO] - Loading Sorting Dataset
[2026-07-16 04:22:26,865][agents.utils.scaler][INFO] - Datset Info: state min: [-2.3854534  -1.52318297 -2.5436591  -1.47282681] and max: [2.68851348 1.91139402 2.31634682 1.92205774], action min: [-1.83908446 -2.15521727] and max: [1.93458139 0.68739523]
[2026-07-16 04:22:26,866][agents.utils.scaler][INFO] - Training dataset size: input (7305, 4) target (7305, 2)
[2026-07-16 04:22:26,866][agents.base_agent][INFO] - The model has a total amount of 274826 parameters
[2026-07-16 04:22:30,814][agents.ddpm_agent][INFO] - Epoch 9: Mean test mse is 0.275869288614818
[2026-07-16 04:22:30,832][agents.ddpm_agent][INFO] - New best test loss. Stored weights have been updated!
[2026-07-16 04:22:34,116][agents.ddpm_agent][INFO] - Epoch 19: Mean test mse is 0.2075627169438771
[2026-07-16 04:22:34,133][agents.ddpm_agent][INFO] - New best test loss. Stored weights have been updated!
[2026-07-16 04:22:37,420][agents.ddpm_agent][INFO] - Epoch 29: Mean test mse is 0.17379764361040934
[2026-07-16 04:22:37,439][agents.ddpm_agent][INFO] - New best test loss. Stored weights have been updated!
[2026-07-16 04:22:40,651][agents.ddpm_agent][INFO] - Epoch 39: Mean test mse is 0.161357119679451
[2026-07-16 04:22:40,669][agents.ddpm_agent][INFO] - New best test loss. Stored weights have been updated!
[2026-07-16 04:22:43,967][agents.ddpm_agent][INFO] - Epoch 49: Mean test mse is 0.1465650200843811
[2026-07-16 04:22:43,985][agents.ddpm_agent][INFO] - New best test loss. Stored weights have been updated!
[2026-07-16 04:22:47,275][agents.ddpm_agent][INFO] - Epoch 59: Mean test mse is 0.1374005451798439
[2026-07-16 04:22:47,292][agents.ddpm_agent][INFO] - New best test loss. Stored weights have been updated!
[2026-07-16 04:22:50,581][agents.ddpm_agent][INFO] - Epoch 69: Mean test mse is 0.13252008919204986
[2026-07-16 04:22:50,599][agents.ddpm_agent][INFO] - New best test loss. Stored weights have been updated!
[2026-07-16 04:22:53,813][agents.ddpm_agent][INFO] - Epoch 79: Mean test mse is 0.12676750868558884
[2026-07-16 04:22:53,830][agents.ddpm_agent][INFO] - New best test loss. Stored weights have been updated!
[2026-07-16 04:22:57,123][agents.ddpm_agent][INFO] - Epoch 89: Mean test mse is 0.12428599489586693
[2026-07-16 04:22:57,140][agents.ddpm_agent][INFO] - New best test loss. Stored weights have been updated!
[2026-07-16 04:23:00,496][agents.ddpm_agent][INFO] - Epoch 99: Mean test mse is 0.11711360407727105
[2026-07-16 04:23:00,513][agents.ddpm_agent][INFO] - New best test loss. Stored weights have been updated!
[2026-07-16 04:23:03,809][agents.ddpm_agent][INFO] - Epoch 109: Mean test mse is 0.11174022406339645
[2026-07-16 04:23:03,826][agents.ddpm_agent][INFO] - New best test loss. Stored weights have been updated!
[2026-07-16 04:23:07,070][agents.ddpm_agent][INFO] - Epoch 119: Mean test mse is 0.11053912448031562
[2026-07-16 04:23:07,087][agents.ddpm_agent][INFO] - New best test loss. Stored weights have been updated!
[2026-07-16 04:23:10,347][agents.ddpm_agent][INFO] - Epoch 129: Mean test mse is 0.11229578192744936
[2026-07-16 04:23:13,611][agents.ddpm_agent][INFO] - Epoch 139: Mean test mse is 0.11016624314444405
[2026-07-16 04:23:13,628][agents.ddpm_agent][INFO] - New best test loss. Stored weights have been updated!
[2026-07-16 04:23:16,967][agents.ddpm_agent][INFO] - Epoch 149: Mean test mse is 0.10672103400741305
[2026-07-16 04:23:16,984][agents.ddpm_agent][INFO] - New best test loss. Stored weights have been updated!
[2026-07-16 04:23:20,247][agents.ddpm_agent][INFO] - Epoch 159: Mean test mse is 0.10264433707509722
[2026-07-16 04:23:20,264][agents.ddpm_agent][INFO] - New best test loss. Stored weights have been updated!
[2026-07-16 04:23:23,553][agents.ddpm_agent][INFO] - Epoch 169: Mean test mse is 0.10370312311819621
[2026-07-16 04:23:26,870][agents.ddpm_agent][INFO] - Epoch 179: Mean test mse is 0.09923117501395089
[2026-07-16 04:23:26,888][agents.ddpm_agent][INFO] - New best test loss. Stored weights have been updated!
[2026-07-16 04:23:30,179][agents.ddpm_agent][INFO] - Epoch 189: Mean test mse is 0.10051030027014869
[2026-07-16 04:23:33,457][agents.ddpm_agent][INFO] - Epoch 199: Mean test mse is 0.09714508375951222
[2026-07-16 04:23:33,474][agents.ddpm_agent][INFO] - New best test loss. Stored weights have been updated!
[2026-07-16 04:23:36,846][agents.ddpm_agent][INFO] - Epoch 209: Mean test mse is 0.09995265517915998
[2026-07-16 04:23:40,167][agents.ddpm_agent][INFO] - Epoch 219: Mean test mse is 0.10077005411897387
[2026-07-16 04:23:43,495][agents.ddpm_agent][INFO] - Epoch 229: Mean test mse is 0.09696234869105476
[2026-07-16 04:23:43,511][agents.ddpm_agent][INFO] - New best test loss. Stored weights have been updated!
[2026-07-16 04:23:46,835][agents.ddpm_agent][INFO] - Epoch 239: Mean test mse is 0.09467543235846929
[2026-07-16 04:23:46,852][agents.ddpm_agent][INFO] - New best test loss. Stored weights have been updated!
[2026-07-16 04:23:50,260][agents.ddpm_agent][INFO] - Epoch 249: Mean test mse is 0.09458990288632256
[2026-07-16 04:23:50,277][agents.ddpm_agent][INFO] - New best test loss. Stored weights have been updated!
[2026-07-16 04:23:53,551][agents.ddpm_agent][INFO] - Epoch 259: Mean test mse is 0.08981553571564811
[2026-07-16 04:23:53,568][agents.ddpm_agent][INFO] - New best test loss. Stored weights have been updated!
[2026-07-16 04:23:56,782][agents.ddpm_agent][INFO] - Epoch 269: Mean test mse is 0.0876407612647329
[2026-07-16 04:23:56,800][agents.ddpm_agent][INFO] - New best test loss. Stored weights have been updated!
[2026-07-16 04:24:00,047][agents.ddpm_agent][INFO] - Epoch 279: Mean test mse is 0.09202786960772105
[2026-07-16 04:24:03,283][agents.ddpm_agent][INFO] - Epoch 289: Mean test mse is 0.09001963159867696
[2026-07-16 04:24:06,595][agents.ddpm_agent][INFO] - Epoch 299: Mean test mse is 0.08879614408527102
[2026-07-16 04:24:09,836][agents.ddpm_agent][INFO] - Epoch 309: Mean test mse is 0.08774650948388237
[2026-07-16 04:24:13,097][agents.ddpm_agent][INFO] - Epoch 319: Mean test mse is 0.08618869313171931
[2026-07-16 04:24:13,906][agents.ddpm_agent][INFO] - New best test loss. Stored weights have been updated!
[2026-07-16 04:24:17,184][agents.ddpm_agent][INFO] - Epoch 329: Mean test mse is 0.08900581726006099
[2026-07-16 04:24:20,450][agents.ddpm_agent][INFO] - Epoch 339: Mean test mse is 0.08715260880334037
[2026-07-16 04:24:23,692][agents.ddpm_agent][INFO] - Epoch 349: Mean test mse is 0.08537859150341578
[2026-07-16 04:24:24,512][agents.ddpm_agent][INFO] - New best test loss. Stored weights have been updated!
[2026-07-16 04:24:27,744][agents.ddpm_agent][INFO] - Epoch 359: Mean test mse is 0.0841399569596563
[2026-07-16 04:24:27,955][agents.ddpm_agent][INFO] - New best test loss. Stored weights have been updated!
[2026-07-16 04:24:31,282][agents.ddpm_agent][INFO] - Epoch 369: Mean test mse is 0.08290026762655803
[2026-07-16 04:24:31,298][agents.ddpm_agent][INFO] - New best test loss. Stored weights have been updated!
[2026-07-16 04:24:34,596][agents.ddpm_agent][INFO] - Epoch 379: Mean test mse is 0.08287250782762255
[2026-07-16 04:24:34,949][agents.ddpm_agent][INFO] - New best test loss. Stored weights have been updated!
[2026-07-16 04:24:38,281][agents.ddpm_agent][INFO] - Epoch 389: Mean test mse is 0.08176968033824648
[2026-07-16 04:24:38,298][agents.ddpm_agent][INFO] - New best test loss. Stored weights have been updated!
[2026-07-16 04:24:41,838][agents.ddpm_agent][INFO] - Epoch 399: Mean test mse is 0.08335924467870168
[2026-07-16 04:24:45,170][agents.ddpm_agent][INFO] - Epoch 409: Mean test mse is 0.0828424362199647
[2026-07-16 04:24:48,346][agents.ddpm_agent][INFO] - Epoch 419: Mean test mse is 0.08375193710838046
[2026-07-16 04:24:51,663][agents.ddpm_agent][INFO] - Epoch 429: Mean test mse is 0.08687882551125117
[2026-07-16 04:24:55,017][agents.ddpm_agent][INFO] - Epoch 439: Mean test mse is 0.08275132306984492
[2026-07-16 04:24:58,292][agents.ddpm_agent][INFO] - Epoch 449: Mean test mse is 0.0783917201416833
[2026-07-16 04:24:58,309][agents.ddpm_agent][INFO] - New best test loss. Stored weights have been updated!
[2026-07-16 04:25:01,547][agents.ddpm_agent][INFO] - Epoch 459: Mean test mse is 0.08004905070577349
[2026-07-16 04:25:04,712][agents.ddpm_agent][INFO] - Epoch 469: Mean test mse is 0.07901350089481898
[2026-07-16 04:25:07,922][agents.ddpm_agent][INFO] - Epoch 479: Mean test mse is 0.08108557015657425
[2026-07-16 04:25:11,130][agents.ddpm_agent][INFO] - Epoch 489: Mean test mse is 0.08421214882816587
[2026-07-16 04:25:14,324][agents.ddpm_agent][INFO] - Epoch 499: Mean test mse is 0.08221196915422167
[2026-07-16 04:25:14,644][agents.ddpm_agent][INFO] - Training done!
[2026-07-16 04:25:14,645][__main__][INFO] - Training-only mode enabled; skipping simulation.
