{
  "protocol": "Standard-120 gate SR>=80%, coverage>=22; maximize SR, coverage, entropy",
  "rows": [
    {
      "lane": "keep012",
      "epoch": 100,
      "success_rate": 0.7583333333333333,
      "coverage": 20,
      "entropy": 0.8901848544080023,
      "metrics": "logs/avoiding/tinysr_depth_recoverability/keep012/epoch100/eval120/metrics.json",
      "passed_gate": false
    },
    {
      "lane": "keep012",
      "epoch": 250,
      "success_rate": 0.7833333333333333,
      "coverage": 22,
      "entropy": 0.8977474385679378,
      "metrics": "logs/avoiding/tinysr_depth_recoverability/keep012/epoch250/eval120/metrics.json",
      "passed_gate": false
    },
    {
      "lane": "keep012",
      "epoch": 50,
      "success_rate": 0.825,
      "coverage": 19,
      "entropy": 0.8249167410181479,
      "metrics": "logs/avoiding/tinysr_depth_recoverability/keep012/epoch50/eval120/metrics.json",
      "passed_gate": false
    },
    {
      "lane": "keep012",
      "epoch": 500,
      "success_rate": 0.75,
      "coverage": 21,
      "entropy": 0.9110240298820727,
      "metrics": "logs/avoiding/tinysr_depth_recoverability/keep012/epoch500/eval120/metrics.json",
      "passed_gate": false
    },
    {
      "lane": "keep013",
      "epoch": 100,
      "success_rate": 0.9,
      "coverage": 22,
      "entropy": 0.9247714463005848,
      "metrics": "logs/avoiding/tinysr_depth_recoverability/keep013/epoch100/eval120/metrics.json",
      "passed_gate": true
    },
    {
      "lane": "keep013",
      "epoch": 250,
      "success_rate": 0.8666666666666667,
      "coverage": 22,
      "entropy": 0.8945878214694298,
      "metrics": "logs/avoiding/tinysr_depth_recoverability/keep013/epoch250/eval120/metrics.json",
      "passed_gate": true
    },
    {
      "lane": "keep013",
      "epoch": 50,
      "success_rate": 0.8333333333333334,
      "coverage": 22,
      "entropy": 0.888134210059727,
      "metrics": "logs/avoiding/tinysr_depth_recoverability/keep013/epoch50/eval120/metrics.json",
      "passed_gate": true
    },
    {
      "lane": "keep013",
      "epoch": 500,
      "success_rate": 0.9166666666666666,
      "coverage": 23,
      "entropy": 0.9212647471343719,
      "metrics": "logs/avoiding/tinysr_depth_recoverability/keep013/epoch500/eval120/metrics.json",
      "passed_gate": true
    },
    {
      "lane": "keep023",
      "epoch": 100,
      "success_rate": 0.49166666666666664,
      "coverage": 16,
      "entropy": 0.8256658309150229,
      "metrics": "logs/avoiding/tinysr_depth_recoverability/keep023/epoch100/eval120/metrics.json",
      "passed_gate": false
    },
    {
      "lane": "keep023",
      "epoch": 250,
      "success_rate": 0.6,
      "coverage": 18,
      "entropy": 0.8100979381388601,
      "metrics": "logs/avoiding/tinysr_depth_recoverability/keep023/epoch250/eval120/metrics.json",
      "passed_gate": false
    },
    {
      "lane": "keep023",
      "epoch": 50,
      "success_rate": 0.375,
      "coverage": 13,
      "entropy": 0.742451497858087,
      "metrics": "logs/avoiding/tinysr_depth_recoverability/keep023/epoch50/eval120/metrics.json",
      "passed_gate": false
    },
    {
      "lane": "keep023",
      "epoch": 500,
      "success_rate": 0.65,
      "coverage": 18,
      "entropy": 0.7902174338360317,
      "metrics": "logs/avoiding/tinysr_depth_recoverability/keep023/epoch500/eval120/metrics.json",
      "passed_gate": false
    },
    {
      "lane": "keep123",
      "epoch": 100,
      "success_rate": 0.075,
      "coverage": 5,
      "entropy": 0.44903614588066454,
      "metrics": "logs/avoiding/tinysr_depth_recoverability/keep123/epoch100/eval120/metrics.json",
      "passed_gate": false
    },
    {
      "lane": "keep123",
      "epoch": 250,
      "success_rate": 0.225,
      "coverage": 9,
      "entropy": 0.6270666016315245,
      "metrics": "logs/avoiding/tinysr_depth_recoverability/keep123/epoch250/eval120/metrics.json",
      "passed_gate": false
    },
    {
      "lane": "keep123",
      "epoch": 50,
      "success_rate": 0.058333333333333334,
      "coverage": 3,
      "entropy": 0.31599290844740924,
      "metrics": "logs/avoiding/tinysr_depth_recoverability/keep123/epoch50/eval120/metrics.json",
      "passed_gate": false
    },
    {
      "lane": "keep123",
      "epoch": 500,
      "success_rate": 0.275,
      "coverage": 8,
      "entropy": 0.6042773951823631,
      "metrics": "logs/avoiding/tinysr_depth_recoverability/keep123/epoch500/eval120/metrics.json",
      "passed_gate": false
    }
  ],
  "any_passed": true,
  "selected": {
    "lane": "keep013",
    "epoch": 500,
    "success_rate": 0.9166666666666666,
    "coverage": 23,
    "entropy": 0.9212647471343719,
    "metrics": "logs/avoiding/tinysr_depth_recoverability/keep013/epoch500/eval120/metrics.json",
    "passed_gate": true
  }
}
