pybullet build time: Jan 29 2025 23:16:28
/jet/home/qzhou7/workspace/anaconda3/envs/d3il/lib/python3.10/site-packages/hydra/_internal/defaults_list.py:251: UserWarning: In 'avoiding_config': Defaults list is missing `_self_`. See https://hydra.cc/docs/upgrades/1.0_to_1.1/default_composition_order for more information
  warnings.warn(msg, UserWarning)
/jet/home/qzhou7/workspace/anaconda3/envs/d3il/lib/python3.10/site-packages/hydra/_internal/defaults_list.py:251: UserWarning: In 'avoiding_config': Defaults list is missing `_self_`. See https://hydra.cc/docs/upgrades/1.0_to_1.1/default_composition_order for more information
  warnings.warn(msg, UserWarning)
Final IK error (78 iterations):  7.2858622740646e-06
Final IK error (0 iterations):  7.2858622740646e-06
{"paired_progress": {"episode_start": 500, "completed": 10, "total": 250, "teacher_successes": 10, "student_successes": 10, "finished": false}}
{"paired_progress": {"episode_start": 500, "completed": 20, "total": 250, "teacher_successes": 20, "student_successes": 20, "finished": false}}
{"paired_progress": {"episode_start": 500, "completed": 30, "total": 250, "teacher_successes": 30, "student_successes": 30, "finished": false}}
{"paired_progress": {"episode_start": 500, "completed": 40, "total": 250, "teacher_successes": 40, "student_successes": 40, "finished": false}}
{"paired_progress": {"episode_start": 500, "completed": 50, "total": 250, "teacher_successes": 50, "student_successes": 48, "finished": false}}
{"paired_progress": {"episode_start": 500, "completed": 60, "total": 250, "teacher_successes": 59, "student_successes": 58, "finished": false}}
{"paired_progress": {"episode_start": 500, "completed": 70, "total": 250, "teacher_successes": 68, "student_successes": 67, "finished": false}}
{"paired_progress": {"episode_start": 500, "completed": 80, "total": 250, "teacher_successes": 78, "student_successes": 75, "finished": false}}
{"paired_progress": {"episode_start": 500, "completed": 90, "total": 250, "teacher_successes": 88, "student_successes": 84, "finished": false}}
{"paired_progress": {"episode_start": 500, "completed": 100, "total": 250, "teacher_successes": 97, "student_successes": 92, "finished": false}}
{"paired_progress": {"episode_start": 500, "completed": 110, "total": 250, "teacher_successes": 107, "student_successes": 102, "finished": false}}
{"paired_progress": {"episode_start": 500, "completed": 120, "total": 250, "teacher_successes": 116, "student_successes": 109, "finished": false}}
{"paired_progress": {"episode_start": 500, "completed": 130, "total": 250, "teacher_successes": 126, "student_successes": 119, "finished": false}}
{"paired_progress": {"episode_start": 500, "completed": 140, "total": 250, "teacher_successes": 135, "student_successes": 127, "finished": false}}
{"paired_progress": {"episode_start": 500, "completed": 150, "total": 250, "teacher_successes": 145, "student_successes": 136, "finished": false}}
{"paired_progress": {"episode_start": 500, "completed": 160, "total": 250, "teacher_successes": 154, "student_successes": 144, "finished": false}}
{"paired_progress": {"episode_start": 500, "completed": 170, "total": 250, "teacher_successes": 164, "student_successes": 153, "finished": false}}
{"paired_progress": {"episode_start": 500, "completed": 180, "total": 250, "teacher_successes": 173, "student_successes": 163, "finished": false}}
{"paired_progress": {"episode_start": 500, "completed": 190, "total": 250, "teacher_successes": 183, "student_successes": 172, "finished": false}}
{"paired_progress": {"episode_start": 500, "completed": 200, "total": 250, "teacher_successes": 193, "student_successes": 182, "finished": false}}
{"paired_progress": {"episode_start": 500, "completed": 210, "total": 250, "teacher_successes": 203, "student_successes": 191, "finished": false}}
{"paired_progress": {"episode_start": 500, "completed": 220, "total": 250, "teacher_successes": 213, "student_successes": 201, "finished": false}}
{"paired_progress": {"episode_start": 500, "completed": 230, "total": 250, "teacher_successes": 223, "student_successes": 209, "finished": false}}
{"paired_progress": {"episode_start": 500, "completed": 240, "total": 250, "teacher_successes": 233, "student_successes": 219, "finished": false}}
{"paired_progress": {"episode_start": 500, "completed": 250, "total": 250, "teacher_successes": 243, "student_successes": 228, "finished": true}}
