pybullet build time: Jan 29 2025 23:16:28
/jet/home/qzhou7/workspace/anaconda3/envs/d3il/lib/python3.10/site-packages/hydra/_internal/defaults_list.py:251: UserWarning: In 'avoiding_config': Defaults list is missing `_self_`. See https://hydra.cc/docs/upgrades/1.0_to_1.1/default_composition_order for more information
  warnings.warn(msg, UserWarning)
/jet/home/qzhou7/workspace/anaconda3/envs/d3il/lib/python3.10/site-packages/hydra/_internal/defaults_list.py:251: UserWarning: In 'avoiding_config': Defaults list is missing `_self_`. See https://hydra.cc/docs/upgrades/1.0_to_1.1/default_composition_order for more information
  warnings.warn(msg, UserWarning)
Final IK error (78 iterations):  7.2858622740646e-06
Final IK error (0 iterations):  7.2858622740646e-06
{"paired_progress": {"episode_start": 750, "completed": 10, "total": 250, "teacher_successes": 10, "student_successes": 9, "finished": false}}
{"paired_progress": {"episode_start": 750, "completed": 20, "total": 250, "teacher_successes": 20, "student_successes": 18, "finished": false}}
{"paired_progress": {"episode_start": 750, "completed": 30, "total": 250, "teacher_successes": 30, "student_successes": 28, "finished": false}}
{"paired_progress": {"episode_start": 750, "completed": 40, "total": 250, "teacher_successes": 40, "student_successes": 37, "finished": false}}
{"paired_progress": {"episode_start": 750, "completed": 50, "total": 250, "teacher_successes": 50, "student_successes": 46, "finished": false}}
{"paired_progress": {"episode_start": 750, "completed": 60, "total": 250, "teacher_successes": 60, "student_successes": 55, "finished": false}}
{"paired_progress": {"episode_start": 750, "completed": 70, "total": 250, "teacher_successes": 70, "student_successes": 64, "finished": false}}
{"paired_progress": {"episode_start": 750, "completed": 80, "total": 250, "teacher_successes": 79, "student_successes": 73, "finished": false}}
{"paired_progress": {"episode_start": 750, "completed": 90, "total": 250, "teacher_successes": 88, "student_successes": 80, "finished": false}}
{"paired_progress": {"episode_start": 750, "completed": 100, "total": 250, "teacher_successes": 98, "student_successes": 90, "finished": false}}
{"paired_progress": {"episode_start": 750, "completed": 110, "total": 250, "teacher_successes": 108, "student_successes": 98, "finished": false}}
{"paired_progress": {"episode_start": 750, "completed": 120, "total": 250, "teacher_successes": 117, "student_successes": 108, "finished": false}}
{"paired_progress": {"episode_start": 750, "completed": 130, "total": 250, "teacher_successes": 127, "student_successes": 118, "finished": false}}
{"paired_progress": {"episode_start": 750, "completed": 140, "total": 250, "teacher_successes": 137, "student_successes": 127, "finished": false}}
{"paired_progress": {"episode_start": 750, "completed": 150, "total": 250, "teacher_successes": 146, "student_successes": 137, "finished": false}}
{"paired_progress": {"episode_start": 750, "completed": 160, "total": 250, "teacher_successes": 156, "student_successes": 147, "finished": false}}
{"paired_progress": {"episode_start": 750, "completed": 170, "total": 250, "teacher_successes": 166, "student_successes": 154, "finished": false}}
{"paired_progress": {"episode_start": 750, "completed": 180, "total": 250, "teacher_successes": 176, "student_successes": 163, "finished": false}}
{"paired_progress": {"episode_start": 750, "completed": 190, "total": 250, "teacher_successes": 186, "student_successes": 173, "finished": false}}
{"paired_progress": {"episode_start": 750, "completed": 200, "total": 250, "teacher_successes": 196, "student_successes": 182, "finished": false}}
{"paired_progress": {"episode_start": 750, "completed": 210, "total": 250, "teacher_successes": 206, "student_successes": 192, "finished": false}}
{"paired_progress": {"episode_start": 750, "completed": 220, "total": 250, "teacher_successes": 216, "student_successes": 202, "finished": false}}
{"paired_progress": {"episode_start": 750, "completed": 230, "total": 250, "teacher_successes": 226, "student_successes": 211, "finished": false}}
{"paired_progress": {"episode_start": 750, "completed": 240, "total": 250, "teacher_successes": 235, "student_successes": 220, "finished": false}}
{"paired_progress": {"episode_start": 750, "completed": 250, "total": 250, "teacher_successes": 245, "student_successes": 229, "finished": true}}
