{"epoch": 0, "loss": 0.5662141740322113, "active_blocks": [2]}
{"epoch": 25, "loss": 0.41132286190986633, "active_blocks": [2]}
{"epoch": 50, "loss": 0.35398389399051666, "active_blocks": [2]}
{"epoch": 75, "loss": 0.32833393663167953, "active_blocks": [2]}
{"epoch": 100, "loss": 0.3042357787489891, "active_blocks": [1, 2]}
{"epoch": 125, "loss": 0.27558156847953796, "active_blocks": [1, 2]}
{"epoch": 150, "loss": 0.2602546438574791, "active_blocks": [1, 2]}
{"epoch": 175, "loss": 0.2556227594614029, "active_blocks": [1, 2]}
{"epoch": 200, "loss": 0.24805157259106636, "active_blocks": [0, 1, 2]}
{"epoch": 225, "loss": 0.23326458781957626, "active_blocks": [0, 1, 2]}
{"epoch": 250, "loss": 0.21620313823223114, "active_blocks": [0, 1, 2]}
{"epoch": 275, "loss": 0.21792103350162506, "active_blocks": [0, 1, 2]}
{
  "method": "progressive_replacement",
  "student_architecture": {
    "layers": 3,
    "embed_dim": 48,
    "heads": 3
  },
  "initialization": {
    "teacher_layers": [
      0,
      1,
      2
    ],
    "selected_heads": [
      0,
      1,
      2
    ],
    "selected_channels": [
      0,
      1,
      2,
      3,
      4,
      6,
      7,
      8,
      10,
      11,
      12,
      13,
      14,
      15,
      16,
      17,
      18,
      19,
      20,
      21,
      22,
      23,
      25,
      27,
      28,
      29,
      30,
      31,
      32,
      33,
      34,
      35,
      36,
      37,
      38,
      39,
      40,
      41,
      42,
      43,
      44,
      46,
      47,
      48,
      50,
      51,
      52,
      53
    ],
    "method": "early",
    "load_max_abs_diff": 0.0
  },
  "stages": [
    {
      "source": "FM-4x72-16",
      "target": "FM-3x48-16",
      "epochs": 300
    }
  ],
  "best_selection_loss": 0.21178463846445084,
  "uses_original_demonstrations": false,
  "uses_expert_actions": false,
  "buffer": "logs/avoiding/teacher_generated_transfer/transfer_buffer.pt"
}
