{"epoch": 1, "objective": "cvar", "velocity": 0.9358204007148743, "inner_endpoint": 0.2908942401409149, "temperature": 2.0, "logits": [0.0019999996293336153, 0.0020000000949949026, -0.001999999862164259, -0.0019999993965029716], "probabilities": [0.25049999356269836, 0.25049999356269836, 0.24950000643730164, 0.24950000643730164], "gate_loss": 1.0, "endpoint_mean": 0.12761372327804565, "endpoint_cvar20": 0.3446701765060425, "trajectory": 0.0, "coverage": 0.0, "precision": 0.0}
{"epoch": 10, "objective": "cvar", "velocity": 0.8936778903007507, "inner_endpoint": 0.1936182677745819, "temperature": 1.8551891210457476, "logits": [0.0006672416348010302, 0.01061746384948492, 0.004945096559822559, -0.008060588501393795], "probabilities": [0.24965067207813263, 0.2521471679210663, 0.25072091817855835, 0.24748124182224274], "gate_loss": 1.0, "endpoint_mean": 0.2850455641746521, "endpoint_cvar20": 0.6382185816764832, "trajectory": 0.0, "coverage": 0.0, "precision": 0.0}
{"epoch": 20, "objective": "cvar", "velocity": 0.1224006712436676, "inner_endpoint": 0.1488286703824997, "temperature": 1.7065519552568404, "logits": [-0.0023558689281344414, 0.020317427814006805, 0.01159837655723095, -0.0036038022954016924], "probabilities": [0.24778619408607483, 0.25346851348876953, 0.25126808881759644, 0.24747715890407562], "gate_loss": 1.0, "endpoint_mean": 0.1131083220243454, "endpoint_cvar20": 0.3637598156929016, "trajectory": 0.0, "coverage": 0.0, "precision": 0.0}
{"epoch": 30, "objective": "cvar", "velocity": 1.3914051055908203, "inner_endpoint": 0.15401753783226013, "temperature": 1.5698235521935933, "logits": [-0.0030862882267683744, 0.03379296883940697, 0.01810024492442608, 0.0047490219585597515], "probabilities": [0.2458907812833786, 0.25512832403182983, 0.25115591287612915, 0.24782495200634003], "gate_loss": 1.0, "endpoint_mean": 0.24356885254383087, "endpoint_cvar20": 0.694455087184906, "trajectory": 0.0, "coverage": 0.0, "precision": 0.0}
{"epoch": 40, "objective": "cvar", "velocity": 0.5204305052757263, "inner_endpoint": 0.1698690801858902, "temperature": 1.4440497855518386, "logits": [0.0005408014985732734, 0.04606539011001587, 0.02338527888059616, 0.008192268200218678], "probabilities": [0.2452564388513565, 0.2566796839237213, 0.25092366337776184, 0.24714021384716034], "gate_loss": 1.0, "endpoint_mean": 0.04998638480901718, "endpoint_cvar20": 0.1622702181339264, "trajectory": 0.0, "coverage": 0.0, "precision": 0.0}
{"epoch": 50, "objective": "cvar", "velocity": 0.7125585079193115, "inner_endpoint": 0.21273356676101685, "temperature": 1.3283529733252153, "logits": [0.012107634916901588, 0.052055198699235916, 0.030659692361950874, 0.00693030608817935], "probabilities": [0.24665065109729767, 0.2567031979560852, 0.25126925110816956, 0.24537695944309235], "gate_loss": 1.0, "endpoint_mean": 0.18673227727413177, "endpoint_cvar20": 0.603706955909729, "trajectory": 0.0, "coverage": 0.0, "precision": 0.0}
{"epoch": 60, "objective": "cvar", "velocity": 1.3748003244400024, "inner_endpoint": 0.16676223278045654, "temperature": 1.2219257531121992, "logits": [0.024526536464691162, 0.05763767659664154, 0.036536116153001785, 0.005753595847636461], "probabilities": [0.24831458926200867, 0.256674200296402, 0.2513147294521332, 0.24369648098945618], "gate_loss": 1.0, "endpoint_mean": 0.10362040996551514, "endpoint_cvar20": 0.3132854998111725, "trajectory": 0.0, "coverage": 0.0, "precision": 0.0}
{"epoch": 70, "objective": "cvar", "velocity": 0.9268648624420166, "inner_endpoint": 0.17409439384937286, "temperature": 1.1240254481315974, "logits": [0.028739722445607185, 0.06742148846387863, 0.045947566628456116, 0.007927706465125084], "probabilities": [0.24775782227516174, 0.25752928853034973, 0.25205808877944946, 0.24265477061271667], "gate_loss": 1.0, "endpoint_mean": 0.19886574149131775, "endpoint_cvar20": 0.5554999709129333, "trajectory": 0.0, "coverage": 0.0, "precision": 0.0}
{"epoch": 80, "objective": "cvar", "velocity": 0.5583236217498779, "inner_endpoint": 0.10939023643732071, "temperature": 1.033968884631101, "logits": [0.02707454189658165, 0.08006997406482697, 0.057847194373607635, 0.012360533699393272], "probabilities": [0.24563570320606232, 0.2590043842792511, 0.2533120810985565, 0.24204786121845245], "gate_loss": 1.0, "endpoint_mean": 0.33044904470443726, "endpoint_cvar20": 0.7559553980827332, "trajectory": 0.0, "coverage": 0.0, "precision": 0.0}
{"epoch": 90, "objective": "cvar", "velocity": 1.2991142272949219, "inner_endpoint": 0.15137064456939697, "temperature": 0.9511276245234236, "logits": [0.02805544249713421, 0.09752871096134186, 0.06939450651407242, 0.007279521320015192], "probabilities": [0.244284525513649, 0.2618592083454132, 0.2545946538448334, 0.239261656999588], "gate_loss": 1.0, "endpoint_mean": 0.13585971295833588, "endpoint_cvar20": 0.3589511513710022, "trajectory": 0.0, "coverage": 0.0, "precision": 0.0}
{"epoch": 100, "objective": "cvar", "velocity": 0.6024543046951294, "inner_endpoint": 0.160892516374588, "temperature": 0.8749235799821279, "logits": [0.03437407687306404, 0.11304773390293121, 0.08569920063018799, -0.0043235765770077705], "probabilities": [0.24410738050937653, 0.26408785581588745, 0.256963312625885, 0.23484143614768982], "gate_loss": 1.0, "endpoint_mean": 0.07152453809976578, "endpoint_cvar20": 0.21145613491535187, "trajectory": 0.0, "coverage": 0.0, "precision": 0.0}
{"epoch": 110, "objective": "cvar", "velocity": 0.5270878076553345, "inner_endpoint": 0.16106060147285461, "temperature": 0.8048249793946459, "logits": [0.0387900285422802, 0.12884314358234406, 0.10659527778625488, -0.014411430805921555], "probabilities": [0.24315646290779114, 0.2660696804523468, 0.2602155804634094, 0.23055827617645264], "gate_loss": 1.0, "endpoint_mean": 0.17013981938362122, "endpoint_cvar20": 0.6012219190597534, "trajectory": 0.0, "coverage": 0.0, "precision": 0.0}
{"epoch": 120, "objective": "cvar", "velocity": 0.5301636457443237, "inner_endpoint": 0.10478085279464722, "temperature": 0.7403426565218687, "logits": [0.03856445103883743, 0.14479444921016693, 0.12648221850395203, -0.01842448301613331], "probabilities": [0.24104630947113037, 0.26806220412254333, 0.26319804787635803, 0.22769342362880707], "gate_loss": 1.0, "endpoint_mean": 0.13755002617835999, "endpoint_cvar20": 0.2561023533344269, "trajectory": 0.0, "coverage": 0.0, "precision": 0.0}
{"epoch": 130, "objective": "cvar", "velocity": 0.9626561403274536, "inner_endpoint": 0.16470269858837128, "temperature": 0.681026636969096, "logits": [0.04116242006421089, 0.1602557897567749, 0.1442154198884964, -0.02730487659573555], "probabilities": [0.23987434804439545, 0.27021247148513794, 0.2659127414226532, 0.22400043904781342], "gate_loss": 1.0, "endpoint_mean": 0.10546448826789856, "endpoint_cvar20": 0.33244872093200684, "trajectory": 0.0, "coverage": 0.0, "precision": 0.0}
{"epoch": 140, "objective": "cvar", "velocity": 0.7137329578399658, "inner_endpoint": 0.12905456125736237, "temperature": 0.6264629981478542, "logits": [0.04715137928724289, 0.1776515394449234, 0.1631133109331131, -0.034621745347976685], "probabilities": [0.23901531100273132, 0.2723335921764374, 0.26840299367904663, 0.22024807333946228], "gate_loss": 1.0, "endpoint_mean": 0.14369523525238037, "endpoint_cvar20": 0.3246767222881317, "trajectory": 0.0, "coverage": 0.0, "precision": 0.0}
{"epoch": 150, "objective": "cvar", "velocity": 0.7291327714920044, "inner_endpoint": 0.13861417770385742, "temperature": 0.5762709808165806, "logits": [0.060633689165115356, 0.1894705593585968, 0.1782195121049881, -0.03887350112199783], "probabilities": [0.23994819819927216, 0.2729421854019165, 0.2698884904384613, 0.21722114086151123], "gate_loss": 1.0, "endpoint_mean": 0.27468883991241455, "endpoint_cvar20": 0.8753603100776672, "trajectory": 0.0, "coverage": 0.0, "precision": 0.0}
{"epoch": 160, "objective": "cvar", "velocity": 1.1421623229980469, "inner_endpoint": 0.11569318920373917, "temperature": 0.5301003320437552, "logits": [0.06597352027893066, 0.19847372174263, 0.1896180659532547, -0.03305663540959358], "probabilities": [0.2392912358045578, 0.2731938362121582, 0.27078521251678467, 0.2167297601699829], "gate_loss": 1.0, "endpoint_mean": 0.21634894609451294, "endpoint_cvar20": 0.5994200110435486, "trajectory": 0.0, "coverage": 0.0, "precision": 0.0}
{"epoch": 170, "objective": "cvar", "velocity": 0.37473422288894653, "inner_endpoint": 0.1448948234319687, "temperature": 0.4876288610519848, "logits": [0.07242809236049652, 0.20796675980091095, 0.2014721930027008, -0.030483687296509743], "probabilities": [0.23894289135932922, 0.27362626791000366, 0.2718549370765686, 0.21557585895061493], "gate_loss": 1.0, "endpoint_mean": 0.13780058920383453, "endpoint_cvar20": 0.46907758712768555, "trajectory": 0.0, "coverage": 0.0, "precision": 0.0}
{"epoch": 180, "objective": "cvar", "velocity": 0.8440303206443787, "inner_endpoint": 0.10205477476119995, "temperature": 0.44856019088708876, "logits": [0.08147873729467392, 0.2184654027223587, 0.22057384252548218, -0.03519192337989807], "probabilities": [0.23889584839344025, 0.27396881580352783, 0.2745470702648163, 0.21258820593357086], "gate_loss": 1.0, "endpoint_mean": 0.13046343624591827, "endpoint_cvar20": 0.39576900005340576, "trajectory": 0.0, "coverage": 0.0, "precision": 0.0}
{"epoch": 190, "objective": "cvar", "velocity": 0.6888366341590881, "inner_endpoint": 0.1284293383359909, "temperature": 0.41262169022274386, "logits": [0.0860205814242363, 0.23174069821834564, 0.23775562644004822, -0.03971882164478302], "probabilities": [0.23794971406459808, 0.27527743577957153, 0.27693819999694824, 0.20983465015888214], "gate_loss": 1.0, "endpoint_mean": 0.1333799809217453, "endpoint_cvar20": 0.39341914653778076, "trajectory": 0.0, "coverage": 0.0, "precision": 0.0}
{"epoch": 200, "objective": "cvar", "velocity": 0.3406439423561096, "inner_endpoint": 0.1448860466480255, "temperature": 0.3795625708682894, "logits": [0.09083306789398193, 0.24538756906986237, 0.25309014320373535, -0.045436128973960876], "probabilities": [0.23719683289527893, 0.276841402053833, 0.2789820432662964, 0.20697976648807526], "gate_loss": 1.0, "endpoint_mean": 0.10947033762931824, "endpoint_cvar20": 0.26601868867874146, "trajectory": 0.0, "coverage": 0.0, "precision": 0.0}
{"epoch": 210, "objective": "cvar", "velocity": 0.29878145456314087, "inner_endpoint": 0.15169402956962585, "temperature": 0.34915213770360365, "logits": [0.09388704597949982, 0.25932973623275757, 0.27188512682914734, -0.051215145736932755], "probabilities": [0.23586729168891907, 0.27830344438552856, 0.2818196713924408, 0.20400960743427277], "gate_loss": 1.0, "endpoint_mean": 0.08920302242040634, "endpoint_cvar20": 0.19994136691093445, "trajectory": 0.0, "coverage": 0.0, "precision": 0.0}
{"epoch": 220, "objective": "cvar", "velocity": 0.19938132166862488, "inner_endpoint": 0.12429258972406387, "temperature": 0.3211781788286464, "logits": [0.09922388941049576, 0.27154964208602905, 0.29037025570869446, -0.05408912152051926], "probabilities": [0.23493137955665588, 0.27911368012428284, 0.284416526556015, 0.20153848826885223], "gate_loss": 1.0, "endpoint_mean": 0.08141642808914185, "endpoint_cvar20": 0.21630239486694336, "trajectory": 0.0, "coverage": 0.0, "precision": 0.0}
{"epoch": 230, "objective": "cvar", "velocity": 0.26107800006866455, "inner_endpoint": 0.10767507553100586, "temperature": 0.29544548469370946, "logits": [0.10332180559635162, 0.28712648153305054, 0.3127124309539795, -0.055885326117277145], "probabilities": [0.23323467373847961, 0.2802969813346863, 0.28756120800971985, 0.19890713691711426], "gate_loss": 1.0, "endpoint_mean": 0.060459837317466736, "endpoint_cvar20": 0.20823022723197937, "trajectory": 0.0, "coverage": 0.0, "precision": 0.0}
{"epoch": 240, "objective": "cvar", "velocity": 0.1477089375257492, "inner_endpoint": 0.14993852376937866, "temperature": 0.27177448587648434, "logits": [0.11267579346895218, 0.30201876163482666, 0.33702200651168823, -0.05393761768937111], "probabilities": [0.23220787942409515, 0.2806128263473511, 0.29060912132263184, 0.19657018780708313], "gate_loss": 1.0, "endpoint_mean": 0.19118672609329224, "endpoint_cvar20": 0.6772903203964233, "trajectory": 0.0, "coverage": 0.0, "precision": 0.0}
{"epoch": 250, "objective": "cvar", "velocity": 0.64609694480896, "inner_endpoint": 0.1036752387881279, "temperature": 0.25, "logits": [0.12348774075508118, 0.3175528347492218, 0.3611242473125458, -0.049836162477731705], "probabilities": [0.23130540549755096, 0.2808453142642975, 0.2933526337146759, 0.19449666142463684], "gate_loss": 1.0, "endpoint_mean": 0.11181747913360596, "endpoint_cvar20": 0.30285078287124634, "trajectory": 0.0, "coverage": 0.0, "precision": 0.0}
{
  "experiment": "recoverability-guided hard Top-K depth search",
  "objective": "cvar",
  "selected_layers": [
    0,
    1,
    2
  ],
  "final_logits": [
    0.12348774075508118,
    0.3175528347492218,
    0.3611242473125458,
    -0.049836162477731705
  ],
  "train_windows": 136078,
  "heldout_windows": 15136,
  "episode_disjoint_split": true,
  "uses_mode_labels": false,
  "uses_environment_rewards": false,
  "uses_original_demonstrations": false,
  "teacher": "FM-4x72-16",
  "target": "FM-3x72-16"
}
