{"stage": "structure", "method": "pca_dynamic", "epoch": 0, "loss": 3.121949017047882}
{"stage": "structure", "method": "pca_dynamic", "epoch": 25, "loss": 1.5847278833389282}
{"stage": "structure", "method": "pca_dynamic", "epoch": 50, "loss": 1.155552089214325}
{"stage": "structure", "method": "pca_dynamic", "epoch": 75, "loss": 0.9061489254236221}
{"stage": "structure", "method": "pca_dynamic", "epoch": 100, "loss": 0.9261558800935745}
{"stage": "structure", "method": "pca_dynamic", "epoch": 125, "loss": 1.0701455622911453}
{"stage": "structure", "method": "pca_dynamic", "epoch": 150, "loss": 0.6308892965316772}
{"stage": "structure", "method": "pca_dynamic", "epoch": 175, "loss": 0.8528186976909637}
{"stage": "structure", "method": "pca_dynamic", "epoch": 200, "loss": 0.5874746590852737}
{"stage": "structure", "method": "pca_dynamic", "epoch": 225, "loss": 0.8222414255142212}
{"stage": "structure", "method": "pca_dynamic", "epoch": 250, "loss": 0.7805491834878922}
{"stage": "structure", "method": "pca_dynamic", "epoch": 275, "loss": 0.7277864962816238}
{"stage": "ctm", "method": "pca_dynamic", "epoch": 0, "ctm_loss": 0.06027422845363617, "pseudo_dsm_loss": 0.32982150092720985, "selection_loss": 0.09325637854635715}
{"stage": "ctm", "method": "pca_dynamic", "epoch": 25, "ctm_loss": 0.10115198884159327, "pseudo_dsm_loss": 0.40036218613386154, "selection_loss": 0.14118820745497943}
{"stage": "ctm", "method": "pca_dynamic", "epoch": 50, "ctm_loss": 0.065618930850178, "pseudo_dsm_loss": 0.4552699252963066, "selection_loss": 0.11114592337980866}
{"stage": "ctm", "method": "pca_dynamic", "epoch": 75, "ctm_loss": 0.07207511970773339, "pseudo_dsm_loss": 0.42468684166669846, "selection_loss": 0.11454380387440324}
{"stage": "ctm", "method": "pca_dynamic", "epoch": 100, "ctm_loss": 0.046546874567866325, "pseudo_dsm_loss": 0.3242765702307224, "selection_loss": 0.07897453159093856}
{"stage": "ctm", "method": "pca_dynamic", "epoch": 125, "ctm_loss": 0.049537016078829765, "pseudo_dsm_loss": 0.29056786745786667, "selection_loss": 0.07859380282461643}
{"stage": "ctm", "method": "pca_dynamic", "epoch": 150, "ctm_loss": 0.06936224829405546, "pseudo_dsm_loss": 0.3170960694551468, "selection_loss": 0.10107185523957014}
{"stage": "ctm", "method": "pca_dynamic", "epoch": 175, "ctm_loss": 0.07157821301370859, "pseudo_dsm_loss": 0.38236094266176224, "selection_loss": 0.10981430727988481}
{"stage": "ctm", "method": "pca_dynamic", "epoch": 200, "ctm_loss": 0.05049307132139802, "pseudo_dsm_loss": 0.33424077183008194, "selection_loss": 0.08391714850440621}
{"stage": "ctm", "method": "pca_dynamic", "epoch": 225, "ctm_loss": 0.0500249769538641, "pseudo_dsm_loss": 0.2347631026059389, "selection_loss": 0.07350128721445799}
{"stage": "ctm", "method": "pca_dynamic", "epoch": 250, "ctm_loss": 0.05624419543892145, "pseudo_dsm_loss": 0.28575482219457626, "selection_loss": 0.08481967765837908}
{"stage": "ctm", "method": "pca_dynamic", "epoch": 275, "ctm_loss": 0.08705933718010783, "pseudo_dsm_loss": 0.41302864998579025, "selection_loss": 0.12836220217868685}
{"stage": "ctm", "method": "pca_dynamic", "epoch": 300, "ctm_loss": 0.048472368624061346, "pseudo_dsm_loss": 0.34330187924206257, "selection_loss": 0.0828025565482676}
{"stage": "ctm", "method": "pca_dynamic", "epoch": 325, "ctm_loss": 0.042157444171607494, "pseudo_dsm_loss": 0.28666912019252777, "selection_loss": 0.07082435619086028}
{"stage": "ctm", "method": "pca_dynamic", "epoch": 350, "ctm_loss": 0.04742280999198556, "pseudo_dsm_loss": 0.4218229651451111, "selection_loss": 0.08960510650649667}
{"stage": "ctm", "method": "pca_dynamic", "epoch": 375, "ctm_loss": 0.04403670411556959, "pseudo_dsm_loss": 0.36782772466540337, "selection_loss": 0.08081947658210993}
{"stage": "ctm", "method": "pca_dynamic", "epoch": 400, "ctm_loss": 0.0608519334346056, "pseudo_dsm_loss": 0.339648075401783, "selection_loss": 0.0948167409747839}
{"stage": "ctm", "method": "pca_dynamic", "epoch": 425, "ctm_loss": 0.04423342552036047, "pseudo_dsm_loss": 0.3189435377717018, "selection_loss": 0.07612777929753065}
{"stage": "ctm", "method": "pca_dynamic", "epoch": 450, "ctm_loss": 0.04197773430496454, "pseudo_dsm_loss": 0.1662525050342083, "selection_loss": 0.05860298480838537}
{"stage": "ctm", "method": "pca_dynamic", "epoch": 475, "ctm_loss": 0.03567432425916195, "pseudo_dsm_loss": 0.2975487671792507, "selection_loss": 0.06542920097708702}
{
  "method": "pca_dynamic",
  "student_architecture": {
    "layers": 3,
    "embed_dim": 48,
    "heads": 3
  },
  "multi_noise": 1,
  "endpoint_weight": 0.0,
  "mode_balanced_sampling": false,
  "stratified_multitime": false,
  "initialization": {
    "teacher_layers": [
      0,
      2,
      3
    ],
    "explained_variance": 1.0,
    "method": "pca",
    "load_max_abs_diff": 0.0
  },
  "uses_original_demonstrations": false,
  "uses_expert_actions": false,
  "buffer": "logs/avoiding/teacher_generated_transfer/transfer_buffer.pt",
  "structure_dynamic_pretraining": true,
  "pretrain_epochs": 300,
  "ctm_epochs": 500,
  "best_epoch": 483,
  "best_selection_loss": 0.05564527316018939
}
