{"stage": "ctm", "method": "minilmv2_relation", "epoch": 0, "ctm_loss": 0.0251576064620167, "pseudo_dsm_loss": 0.18827659636735916, "endpoint_anchor_loss": 0.0, "mode_gram_loss": 0.0, "selection_loss": 0.04398526609875262}
{"stage": "ctm", "method": "minilmv2_relation", "epoch": 25, "ctm_loss": 0.024117027292959392, "pseudo_dsm_loss": 0.19926726259291172, "endpoint_anchor_loss": 0.0, "mode_gram_loss": 0.0, "selection_loss": 0.04404375355225057}
{"stage": "ctm", "method": "minilmv2_relation", "epoch": 50, "ctm_loss": 0.07177675748243928, "pseudo_dsm_loss": 0.20275621488690376, "endpoint_anchor_loss": 0.0, "mode_gram_loss": 0.0, "selection_loss": 0.09205237897112965}
{"stage": "ctm", "method": "minilmv2_relation", "epoch": 75, "ctm_loss": 0.019827863899990916, "pseudo_dsm_loss": 0.2040194645524025, "endpoint_anchor_loss": 0.0, "mode_gram_loss": 0.0, "selection_loss": 0.04022981035523117}
{"stage": "ctm", "method": "minilmv2_relation", "epoch": 100, "ctm_loss": 0.04576774488668889, "pseudo_dsm_loss": 0.18984099850058556, "endpoint_anchor_loss": 0.0, "mode_gram_loss": 0.0, "selection_loss": 0.06475184473674744}
{"stage": "ctm", "method": "minilmv2_relation", "epoch": 125, "ctm_loss": 0.022217779653146863, "pseudo_dsm_loss": 0.17535230331122875, "endpoint_anchor_loss": 0.0, "mode_gram_loss": 0.0, "selection_loss": 0.03975300998426974}
{"stage": "ctm", "method": "minilmv2_relation", "epoch": 150, "ctm_loss": 0.06923657516017556, "pseudo_dsm_loss": 0.19319205731153488, "endpoint_anchor_loss": 0.0, "mode_gram_loss": 0.0, "selection_loss": 0.08855578089132905}
{"stage": "ctm", "method": "minilmv2_relation", "epoch": 175, "ctm_loss": 0.0363537086523138, "pseudo_dsm_loss": 0.161197979003191, "endpoint_anchor_loss": 0.0, "mode_gram_loss": 0.0, "selection_loss": 0.0524735065526329}
{"stage": "ctm", "method": "minilmv2_relation", "epoch": 200, "ctm_loss": 0.046197138784918934, "pseudo_dsm_loss": 0.18893268890678883, "endpoint_anchor_loss": 0.0, "mode_gram_loss": 0.0, "selection_loss": 0.06509040767559782}
{"stage": "ctm", "method": "minilmv2_relation", "epoch": 225, "ctm_loss": 0.054462030064314604, "pseudo_dsm_loss": 0.1395049635320902, "endpoint_anchor_loss": 0.0, "mode_gram_loss": 0.0, "selection_loss": 0.06841252641752363}
{"stage": "ctm", "method": "minilmv2_relation", "epoch": 250, "ctm_loss": 0.02880094340071082, "pseudo_dsm_loss": 0.16354775801301003, "endpoint_anchor_loss": 0.0, "mode_gram_loss": 0.0, "selection_loss": 0.04515571920201182}
{"stage": "ctm", "method": "minilmv2_relation", "epoch": 275, "ctm_loss": 0.028991884435527027, "pseudo_dsm_loss": 0.19026735238730907, "endpoint_anchor_loss": 0.0, "mode_gram_loss": 0.0, "selection_loss": 0.04801861967425794}
{"stage": "ctm", "method": "minilmv2_relation", "epoch": 300, "ctm_loss": 0.04488029284402728, "pseudo_dsm_loss": 0.21693425625562668, "endpoint_anchor_loss": 0.0, "mode_gram_loss": 0.0, "selection_loss": 0.06657371846958995}
{"stage": "ctm", "method": "minilmv2_relation", "epoch": 325, "ctm_loss": 0.02514842335949652, "pseudo_dsm_loss": 0.2051287740468979, "endpoint_anchor_loss": 0.0, "mode_gram_loss": 0.0, "selection_loss": 0.04566130076418631}
{"stage": "ctm", "method": "minilmv2_relation", "epoch": 350, "ctm_loss": 0.05485907569527626, "pseudo_dsm_loss": 0.18710485845804214, "endpoint_anchor_loss": 0.0, "mode_gram_loss": 0.0, "selection_loss": 0.07356956154108048}
{"stage": "ctm", "method": "minilmv2_relation", "epoch": 375, "ctm_loss": 0.04991230875020847, "pseudo_dsm_loss": 0.22762342169880867, "endpoint_anchor_loss": 0.0, "mode_gram_loss": 0.0, "selection_loss": 0.07267465092008933}
{"stage": "ctm", "method": "minilmv2_relation", "epoch": 400, "ctm_loss": 0.028786242241039872, "pseudo_dsm_loss": 0.2039232924580574, "endpoint_anchor_loss": 0.0, "mode_gram_loss": 0.0, "selection_loss": 0.04917857148684561}
{"stage": "ctm", "method": "minilmv2_relation", "epoch": 425, "ctm_loss": 0.029092189390212297, "pseudo_dsm_loss": 0.11778280884027481, "endpoint_anchor_loss": 0.0, "mode_gram_loss": 0.0, "selection_loss": 0.040870470274239776}
{"stage": "ctm", "method": "minilmv2_relation", "epoch": 450, "ctm_loss": 0.03676782478578389, "pseudo_dsm_loss": 0.19333281181752682, "endpoint_anchor_loss": 0.0, "mode_gram_loss": 0.0, "selection_loss": 0.05610110596753657}
{"stage": "ctm", "method": "minilmv2_relation", "epoch": 475, "ctm_loss": 0.03837674832902849, "pseudo_dsm_loss": 0.16069842129945755, "endpoint_anchor_loss": 0.0, "mode_gram_loss": 0.0, "selection_loss": 0.054446590458974244}
{
  "method": "minilmv2_relation",
  "experiment_label": "demonstration_free_ctm",
  "demonstration_free": true,
  "ctm_data_source": "rollout",
  "ctm_balance_kind": "bmd_latent",
  "ctm_latent_labels": "logs/avoiding/bmd_velocity250/discovery/k16_seed42/discovery.npz",
  "ctm_success_only": false,
  "demonstration_mixture_probability": 0.0,
  "student_architecture": {
    "layers": 3,
    "embed_dim": 48,
    "heads": 3
  },
  "multi_noise": 1,
  "endpoint_weight": 0.0,
  "mode_balanced_sampling": false,
  "stratified_multitime": false,
  "initialization": {
    "teacher_layers": [
      0,
      1,
      2
    ],
    "selected_heads": [
      0,
      1,
      2
    ],
    "selected_channels": [
      0,
      1,
      2,
      3,
      4,
      6,
      7,
      8,
      10,
      11,
      12,
      13,
      14,
      15,
      16,
      17,
      18,
      19,
      20,
      21,
      22,
      23,
      25,
      27,
      28,
      29,
      30,
      31,
      32,
      33,
      34,
      35,
      36,
      37,
      38,
      39,
      40,
      41,
      42,
      43,
      44,
      46,
      47,
      48,
      50,
      51,
      52,
      53
    ],
    "method": "early",
    "load_max_abs_diff": 0.0,
    "pretrained_structure": "logs/avoiding/teacher_generated_minilmv2_repair_accuracy/velocity_w1/model/pretrain_epoch_0250.pth"
  },
  "uses_original_demonstrations": false,
  "uses_expert_actions": false,
  "demonstration_dir": null,
  "buffer": "logs/avoiding/bmd_velocity250/transfer_buffer.pt",
  "structure_dynamic_pretraining": false,
  "pretrain_epochs": 0,
  "ctm_epochs": 500,
  "ctm_dsm_weight": 0.1,
  "ctm_endpoint_anchor_weight": 0.0,
  "ctm_mode_weight": 0.0,
  "ctm_conditional_samples": 4,
  "ctm_milestones": [
    100,
    250,
    500
  ],
  "best_epoch": 316,
  "best_selection_loss": 0.030289214826188984
}
