pybullet build time: Jan 29 2025 23:16:28
/jet/home/qzhou7/workspace/anaconda3/envs/d3il/lib/python3.10/site-packages/hydra/_internal/defaults_list.py:251: UserWarning: In 'avoiding_config': Defaults list is missing `_self_`. See https://hydra.cc/docs/upgrades/1.0_to_1.1/default_composition_order for more information
  warnings.warn(msg, UserWarning)
/jet/home/qzhou7/workspace/anaconda3/envs/d3il/lib/python3.10/site-packages/hydra/_internal/defaults_list.py:251: UserWarning: In 'avoiding_config': Defaults list is missing `_self_`. See https://hydra.cc/docs/upgrades/1.0_to_1.1/default_composition_order for more information
  warnings.warn(msg, UserWarning)
Final IK error (78 iterations):  7.2858622740646e-06
Final IK error (0 iterations):  7.2858622740646e-06
{"paired_progress": {"episode_start": 750, "completed": 10, "total": 250, "teacher_successes": 10, "student_successes": 10, "finished": false}}
{"paired_progress": {"episode_start": 750, "completed": 20, "total": 250, "teacher_successes": 20, "student_successes": 17, "finished": false}}
{"paired_progress": {"episode_start": 750, "completed": 30, "total": 250, "teacher_successes": 30, "student_successes": 26, "finished": false}}
{"paired_progress": {"episode_start": 750, "completed": 40, "total": 250, "teacher_successes": 40, "student_successes": 36, "finished": false}}
{"paired_progress": {"episode_start": 750, "completed": 50, "total": 250, "teacher_successes": 50, "student_successes": 45, "finished": false}}
{"paired_progress": {"episode_start": 750, "completed": 60, "total": 250, "teacher_successes": 60, "student_successes": 54, "finished": false}}
{"paired_progress": {"episode_start": 750, "completed": 70, "total": 250, "teacher_successes": 70, "student_successes": 64, "finished": false}}
{"paired_progress": {"episode_start": 750, "completed": 80, "total": 250, "teacher_successes": 79, "student_successes": 71, "finished": false}}
{"paired_progress": {"episode_start": 750, "completed": 90, "total": 250, "teacher_successes": 88, "student_successes": 80, "finished": false}}
{"paired_progress": {"episode_start": 750, "completed": 100, "total": 250, "teacher_successes": 98, "student_successes": 89, "finished": false}}
{"paired_progress": {"episode_start": 750, "completed": 110, "total": 250, "teacher_successes": 108, "student_successes": 99, "finished": false}}
{"paired_progress": {"episode_start": 750, "completed": 120, "total": 250, "teacher_successes": 117, "student_successes": 109, "finished": false}}
{"paired_progress": {"episode_start": 750, "completed": 130, "total": 250, "teacher_successes": 127, "student_successes": 119, "finished": false}}
{"paired_progress": {"episode_start": 750, "completed": 140, "total": 250, "teacher_successes": 137, "student_successes": 128, "finished": false}}
{"paired_progress": {"episode_start": 750, "completed": 150, "total": 250, "teacher_successes": 146, "student_successes": 138, "finished": false}}
{"paired_progress": {"episode_start": 750, "completed": 160, "total": 250, "teacher_successes": 156, "student_successes": 148, "finished": false}}
{"paired_progress": {"episode_start": 750, "completed": 170, "total": 250, "teacher_successes": 166, "student_successes": 157, "finished": false}}
{"paired_progress": {"episode_start": 750, "completed": 180, "total": 250, "teacher_successes": 176, "student_successes": 166, "finished": false}}
{"paired_progress": {"episode_start": 750, "completed": 190, "total": 250, "teacher_successes": 186, "student_successes": 174, "finished": false}}
{"paired_progress": {"episode_start": 750, "completed": 200, "total": 250, "teacher_successes": 196, "student_successes": 184, "finished": false}}
{"paired_progress": {"episode_start": 750, "completed": 210, "total": 250, "teacher_successes": 206, "student_successes": 194, "finished": false}}
{"paired_progress": {"episode_start": 750, "completed": 220, "total": 250, "teacher_successes": 216, "student_successes": 203, "finished": false}}
{"paired_progress": {"episode_start": 750, "completed": 230, "total": 250, "teacher_successes": 226, "student_successes": 213, "finished": false}}
{"paired_progress": {"episode_start": 750, "completed": 240, "total": 250, "teacher_successes": 235, "student_successes": 221, "finished": false}}
{"paired_progress": {"episode_start": 750, "completed": 250, "total": 250, "teacher_successes": 245, "student_successes": 229, "finished": true}}
