pybullet build time: Jan 29 2025 23:16:28
{
  "episodes": 1000,
  "teacher": {
    "n_trajectories": 1000,
    "success_rate": 0.961,
    "successful_trajectories": 961,
    "unique_successful_modes": 24,
    "normalized_mode_entropy": 0.9354229893292585
  },
  "student": {
    "n_trajectories": 1000,
    "success_rate": 0.97,
    "successful_trajectories": 970,
    "unique_successful_modes": 24,
    "normalized_mode_entropy": 0.8936380987250747
  },
  "teacher_success_to_student_failure": 29,
  "teacher_success_to_student_failure_rate": 0.030176899063475548,
  "exact_mode_retention_over_teacher_success": 0.21019771071800208,
  "exact_mode_retention_when_both_succeed": 0.2167381974248927,
  "successful_mode_js_divergence": 0.018838526158900415,
  "mutual_information": 0.5620352404896931,
  "normalized_mutual_information": 0.19020663755177022,
  "student_given_teacher_entropy": 2.32753601081021
}
