{"epoch": 1, "objective": "cvar_traj", "velocity": 0.9358204007148743, "inner_endpoint": 0.2908942401409149, "temperature": 2.0, "logits": [0.0019999996293336153, 0.0020000000949949026, -0.001999999862164259, -0.0019999993965029716], "probabilities": [0.25049999356269836, 0.25049999356269836, 0.24950000643730164, 0.24950000643730164], "gate_loss": 2.0, "endpoint_mean": 0.12761372327804565, "endpoint_cvar20": 0.3446701765060425, "trajectory": 0.03611048310995102, "coverage": 0.0, "precision": 0.0}
{"epoch": 10, "objective": "cvar_traj", "velocity": 0.5378538370132446, "inner_endpoint": 0.16488544642925262, "temperature": 1.8551891210457476, "logits": [0.0016762778395786881, 0.013164016418159008, 0.0021916802506893873, -0.009854155592620373], "probabilities": [0.24996218085289001, 0.2528502345085144, 0.2500910460948944, 0.24709656834602356], "gate_loss": 2.0, "endpoint_mean": 0.1288497895002365, "endpoint_cvar20": 0.3643055558204651, "trajectory": 0.043904222548007965, "coverage": 0.0, "precision": 0.0}
{"epoch": 20, "objective": "cvar_traj", "velocity": 1.140865445137024, "inner_endpoint": 0.21913683414459229, "temperature": 1.7065519552568404, "logits": [0.007230621296912432, 0.02153918519616127, 0.004867311101406813, -0.012348504737019539], "probabilities": [0.2504594624042511, 0.25406894087791443, 0.2498682141304016, 0.24560336768627167], "gate_loss": 2.0, "endpoint_mean": 0.2166900336742401, "endpoint_cvar20": 0.6739105582237244, "trajectory": 0.0971757024526596, "coverage": 0.0, "precision": 0.0}
{"epoch": 30, "objective": "cvar_traj", "velocity": 0.2804967164993286, "inner_endpoint": 0.14148899912834167, "temperature": 1.5698235521935933, "logits": [0.00864458829164505, 0.03611179068684578, 0.010928158648312092, -0.011796814389526844], "probabilities": [0.24938276410102844, 0.2563275694847107, 0.24995289742946625, 0.2443367838859558], "gate_loss": 2.0, "endpoint_mean": 0.2864428162574768, "endpoint_cvar20": 0.8177951574325562, "trajectory": 0.06134055182337761, "coverage": 0.0, "precision": 0.0}
{"epoch": 40, "objective": "cvar_traj", "velocity": 0.36464759707450867, "inner_endpoint": 0.14859139919281006, "temperature": 1.4440497855518386, "logits": [0.008334659039974213, 0.05134700983762741, 0.016488458961248398, -0.01039984542876482], "probabilities": [0.24791885912418365, 0.25881507992744446, 0.24994857609272003, 0.24331745505332947], "gate_loss": 2.0, "endpoint_mean": 0.017800981178879738, "endpoint_cvar20": 0.04794798791408539, "trajectory": 0.021979443728923798, "coverage": 0.0, "precision": 0.0}
{"epoch": 50, "objective": "cvar_traj", "velocity": 0.9394725561141968, "inner_endpoint": 0.10703413933515549, "temperature": 1.3283529733252153, "logits": [0.009481382556259632, 0.06643856316804886, 0.025605211034417152, -0.010935168713331223], "probabilities": [0.24663008749485016, 0.2610852122306824, 0.2506389319896698, 0.24164581298828125], "gate_loss": 2.0, "endpoint_mean": 0.10790054500102997, "endpoint_cvar20": 0.27197566628456116, "trajectory": 0.02640870027244091, "coverage": 0.0, "precision": 0.0}
{"epoch": 60, "objective": "cvar_traj", "velocity": 0.24265609681606293, "inner_endpoint": 0.2063966691493988, "temperature": 1.2219257531121992, "logits": [0.013093216344714165, 0.0807754248380661, 0.03422795981168747, -0.009202181361615658], "probabilities": [0.24574032425880432, 0.26294833421707153, 0.25098925828933716, 0.2403220683336258], "gate_loss": 2.0, "endpoint_mean": 0.13548198342323303, "endpoint_cvar20": 0.4412495493888855, "trajectory": 0.02559509128332138, "coverage": 0.0, "precision": 0.0}
{"epoch": 70, "objective": "cvar_traj", "velocity": 0.5221331715583801, "inner_endpoint": 0.16778753697872162, "temperature": 1.1240254481315974, "logits": [0.012743805535137653, 0.09769365936517715, 0.04507075995206833, -0.007073213346302509], "probabilities": [0.24378971755504608, 0.26540473103523254, 0.25179949402809143, 0.23900610208511353], "gate_loss": 2.0, "endpoint_mean": 0.11154057085514069, "endpoint_cvar20": 0.3205672800540924, "trajectory": 0.023734204471111298, "coverage": 0.0, "precision": 0.0}
{"epoch": 80, "objective": "cvar_traj", "velocity": 0.4171973168849945, "inner_endpoint": 0.1947743147611618, "temperature": 1.033968884631101, "logits": [0.011340468190610409, 0.11488346755504608, 0.05579155310988426, -0.010546337813138962], "probabilities": [0.24196094274520874, 0.2683573067188263, 0.2529589831829071, 0.23672273755073547], "gate_loss": 2.0, "endpoint_mean": 0.22244444489479065, "endpoint_cvar20": 0.5684145092964172, "trajectory": 0.030127767473459244, "coverage": 0.0, "precision": 0.0}
{"epoch": 90, "objective": "cvar_traj", "velocity": 0.5053545236587524, "inner_endpoint": 0.0963226854801178, "temperature": 0.9511276245234236, "logits": [0.015513330698013306, 0.13531745970249176, 0.06531823426485062, -0.02157525345683098], "probabilities": [0.24143318831920624, 0.2721618413925171, 0.25376221537590027, 0.2326427847146988], "gate_loss": 2.0, "endpoint_mean": 0.17382001876831055, "endpoint_cvar20": 0.5356318354606628, "trajectory": 0.02931581437587738, "coverage": 0.0, "precision": 0.0}
{"epoch": 100, "objective": "cvar_traj", "velocity": 0.44024020433425903, "inner_endpoint": 0.10766011476516724, "temperature": 0.8749235799821279, "logits": [0.030257761478424072, 0.15198546648025513, 0.07885067909955978, -0.03846187889575958], "probabilities": [0.24314171075820923, 0.2746155560016632, 0.25524845719337463, 0.22699427604675293], "gate_loss": 2.0, "endpoint_mean": 0.0620240643620491, "endpoint_cvar20": 0.1540428251028061, "trajectory": 0.026606008410453796, "coverage": 0.0, "precision": 0.0}
{"epoch": 110, "objective": "cvar_traj", "velocity": 0.9959439039230347, "inner_endpoint": 0.22094272077083588, "temperature": 0.8048249793946459, "logits": [0.039405036717653275, 0.17040881514549255, 0.09813759475946426, -0.05304339528083801], "probabilities": [0.24318119883537292, 0.2772197723388672, 0.25789162516593933, 0.22170738875865936], "gate_loss": 2.0, "endpoint_mean": 0.16193968057632446, "endpoint_cvar20": 0.5441543459892273, "trajectory": 0.0487024188041687, "coverage": 0.0, "precision": 0.0}
{"epoch": 120, "objective": "cvar_traj", "velocity": 0.9627794027328491, "inner_endpoint": 0.09751313924789429, "temperature": 0.7403426565218687, "logits": [0.04808909073472023, 0.18664605915546417, 0.11674195528030396, -0.06525503098964691], "probabilities": [0.24315974116325378, 0.27929696440696716, 0.2604397237300873, 0.21710357069969177], "gate_loss": 2.0, "endpoint_mean": 0.13697665929794312, "endpoint_cvar20": 0.3533302843570709, "trajectory": 0.03416465222835541, "coverage": 0.0, "precision": 0.0}
{"epoch": 130, "objective": "cvar_traj", "velocity": 1.0027787685394287, "inner_endpoint": 0.21127429604530334, "temperature": 0.681026636969096, "logits": [0.055981844663619995, 0.20337329804897308, 0.13507777452468872, -0.07451453059911728], "probabilities": [0.24279062449932098, 0.2813476026058197, 0.262774258852005, 0.2130875438451767], "gate_loss": 2.0, "endpoint_mean": 0.09792187809944153, "endpoint_cvar20": 0.2989029288291931, "trajectory": 0.024634014815092087, "coverage": 0.0, "precision": 0.0}
{"epoch": 140, "objective": "cvar_traj", "velocity": 0.7170130014419556, "inner_endpoint": 0.1396140158176422, "temperature": 0.6264629981478542, "logits": [0.0541171133518219, 0.22164566814899445, 0.1532890349626541, -0.07913671433925629], "probabilities": [0.24027614295482635, 0.28409746289253235, 0.2653264105319977, 0.21029998362064362], "gate_loss": 2.0, "endpoint_mean": 0.08048394322395325, "endpoint_cvar20": 0.23810918629169464, "trajectory": 0.018006298691034317, "coverage": 0.0, "precision": 0.0}
{"epoch": 150, "objective": "cvar_traj", "velocity": 0.1291593313217163, "inner_endpoint": 0.1142706423997879, "temperature": 0.5762709808165806, "logits": [0.051676854491233826, 0.23820705711841583, 0.1737087517976761, -0.08439978957176208], "probabilities": [0.23766367137432098, 0.2863992154598236, 0.2685100734233856, 0.20742708444595337], "gate_loss": 2.0, "endpoint_mean": 0.1128014475107193, "endpoint_cvar20": 0.34333527088165283, "trajectory": 0.030485471710562706, "coverage": 0.0, "precision": 0.0}
{"epoch": 160, "objective": "cvar_traj", "velocity": 0.6444870233535767, "inner_endpoint": 0.14073799550533295, "temperature": 0.5301003320437552, "logits": [0.04971618205308914, 0.25108954310417175, 0.19167719781398773, -0.08803119510412216], "probabilities": [0.23546409606933594, 0.2879917323589325, 0.27137985825538635, 0.20516431331634521], "gate_loss": 2.0, "endpoint_mean": 0.14420652389526367, "endpoint_cvar20": 0.38814777135849, "trajectory": 0.029955221340060234, "coverage": 0.0, "precision": 0.0}
{"epoch": 170, "objective": "cvar_traj", "velocity": 0.5736774206161499, "inner_endpoint": 0.14265410602092743, "temperature": 0.4876288610519848, "logits": [0.054385386407375336, 0.2690419852733612, 0.21158306300640106, -0.091462641954422], "probabilities": [0.23397548496723175, 0.2899976670742035, 0.2738044261932373, 0.20222243666648865], "gate_loss": 2.0, "endpoint_mean": 0.19341513514518738, "endpoint_cvar20": 0.6052768230438232, "trajectory": 0.0354594849050045, "coverage": 0.0, "precision": 0.0}
{"epoch": 180, "objective": "cvar_traj", "velocity": 0.3275933861732483, "inner_endpoint": 0.13077086210250854, "temperature": 0.44856019088708876, "logits": [0.06052333116531372, 0.2876856327056885, 0.22764824330806732, -0.09401225298643112], "probabilities": [0.23289671540260315, 0.2922931909561157, 0.2752611041069031, 0.19954894483089447], "gate_loss": 2.0, "endpoint_mean": 0.15401668846607208, "endpoint_cvar20": 0.5154258608818054, "trajectory": 0.04261479899287224, "coverage": 0.0, "precision": 0.0}
{"epoch": 190, "objective": "cvar_traj", "velocity": 0.6658774018287659, "inner_endpoint": 0.13345396518707275, "temperature": 0.41262169022274386, "logits": [0.06284157186746597, 0.30367863178253174, 0.24798326194286346, -0.09460525959730148], "probabilities": [0.23094557225704193, 0.29383519291877747, 0.2779173254966736, 0.19730190932750702], "gate_loss": 2.0, "endpoint_mean": 0.08658091723918915, "endpoint_cvar20": 0.2585678696632385, "trajectory": 0.04205500707030296, "coverage": 0.0, "precision": 0.0}
{"epoch": 200, "objective": "cvar_traj", "velocity": 0.19896280765533447, "inner_endpoint": 0.16083835065364838, "temperature": 0.3795625708682894, "logits": [0.06351146101951599, 0.31591886281967163, 0.2699386179447174, -0.09132243692874908], "probabilities": [0.22867828607559204, 0.2943364679813385, 0.2811092138290405, 0.1958760917186737], "gate_loss": 2.0, "endpoint_mean": 0.10974787920713425, "endpoint_cvar20": 0.3266649842262268, "trajectory": 0.014349116012454033, "coverage": 0.0, "precision": 0.0}
{"epoch": 210, "objective": "cvar_traj", "velocity": 0.3156055808067322, "inner_endpoint": 0.13062794506549835, "temperature": 0.34915213770360365, "logits": [0.0685463696718216, 0.3265672028064728, 0.28850477933883667, -0.094825379550457], "probabilities": [0.22780774533748627, 0.29486656188964844, 0.2838541567325592, 0.1934715211391449], "gate_loss": 2.0, "endpoint_mean": 0.08019164204597473, "endpoint_cvar20": 0.19337265193462372, "trajectory": 0.017913179472088814, "coverage": 0.0, "precision": 0.0}
{"epoch": 220, "objective": "cvar_traj", "velocity": 0.3294914662837982, "inner_endpoint": 0.116988405585289, "temperature": 0.3211781788286464, "logits": [0.06658390909433365, 0.3376826345920563, 0.3047904372215271, -0.09698168933391571], "probabilities": [0.22575980424880981, 0.2960624396800995, 0.28648272156715393, 0.19169509410858154], "gate_loss": 2.0, "endpoint_mean": 0.059886835515499115, "endpoint_cvar20": 0.19469358026981354, "trajectory": 0.020232021808624268, "coverage": 0.0, "precision": 0.0}
{"epoch": 230, "objective": "cvar_traj", "velocity": 1.0636639595031738, "inner_endpoint": 0.1287386119365692, "temperature": 0.29544548469370946, "logits": [0.0651363730430603, 0.3507128357887268, 0.3203539252281189, -0.10067323595285416], "probabilities": [0.22378979623317719, 0.2977587878704071, 0.2888549864292145, 0.18959639966487885], "gate_loss": 2.0, "endpoint_mean": 0.09002996236085892, "endpoint_cvar20": 0.20816808938980103, "trajectory": 0.019195418804883957, "coverage": 0.0, "precision": 0.0}
{"epoch": 240, "objective": "cvar_traj", "velocity": 0.5992748737335205, "inner_endpoint": 0.13905256986618042, "temperature": 0.27177448587648434, "logits": [0.06894625723361969, 0.3620555102825165, 0.33986732363700867, -0.10718044638633728], "probabilities": [0.22270362079143524, 0.29855409264564514, 0.29200267791748047, 0.18673960864543915], "gate_loss": 2.0, "endpoint_mean": 0.1316850185394287, "endpoint_cvar20": 0.4128277003765106, "trajectory": 0.02804625779390335, "coverage": 0.0, "precision": 0.0}
{"epoch": 250, "objective": "cvar_traj", "velocity": 0.23376312851905823, "inner_endpoint": 0.11066695302724838, "temperature": 0.25, "logits": [0.0692523866891861, 0.3716554045677185, 0.3577848970890045, -0.11152157187461853], "probabilities": [0.22113139927387238, 0.29921433329582214, 0.29509273171424866, 0.1845615804195404], "gate_loss": 2.0, "endpoint_mean": 0.09855060279369354, "endpoint_cvar20": 0.28917422890663147, "trajectory": 0.039836443960666656, "coverage": 0.0, "precision": 0.0}
{
  "experiment": "recoverability-guided hard Top-K depth search",
  "objective": "cvar_traj",
  "selected_layers": [
    0,
    1,
    2
  ],
  "final_logits": [
    0.0692523866891861,
    0.3716554045677185,
    0.3577848970890045,
    -0.11152157187461853
  ],
  "train_windows": 136078,
  "heldout_windows": 15136,
  "episode_disjoint_split": true,
  "uses_mode_labels": false,
  "uses_environment_rewards": false,
  "uses_original_demonstrations": false,
  "teacher": "FM-4x72-16",
  "target": "FM-3x72-16"
}
