{
  "method": "offline_trajectory_bmd_proxy",
  "full_paper_ppo_steering": false,
  "uses_original_demonstrations": false,
  "uses_ground_truth_modes_for_training": false,
  "ground_truth_modes_used_for_posthoc_evaluation": true,
  "feature_kind": "basic",
  "pca_whiten": false,
  "clusterer": "gmm_full",
  "hierarchical_success": true,
  "uses_binary_success_feedback_for_partition": true,
  "failure_clusters": 4,
  "clusters": 24,
  "seed": 43,
  "episodes": 480,
  "successful_episodes": 276,
  "silhouette": 0.39522751808257,
  "gmm_bic": 11270.659841156688,
  "failure_gmm_bic": 7077.270005320681,
  "nmi_all": 0.7666350539493277,
  "ari_all": 0.33235051595093473,
  "nmi_success": 0.8800017680220268,
  "ari_success": 0.8240530436925708,
  "purity_success": 0.9130434782608695,
  "occupied_latents": 24,
  "min_latent_size": 4,
  "max_latent_size": 61,
  "latent_occupancy": [
    6,
    61,
    11,
    6,
    11,
    6,
    9,
    10,
    29,
    12,
    11,
    4,
    5,
    5,
    14,
    6,
    10,
    14,
    4,
    14,
    8,
    5,
    11,
    4
  ],
  "latent_success_rate": [
    1.0,
    1.0,
    1.0,
    1.0,
    1.0,
    1.0,
    1.0,
    1.0,
    1.0,
    1.0,
    1.0,
    1.0,
    1.0,
    1.0,
    1.0,
    1.0,
    1.0,
    1.0,
    1.0,
    1.0,
    1.0,
    1.0,
    1.0,
    1.0
  ],
  "latent_success_count": [
    6,
    61,
    11,
    6,
    11,
    6,
    9,
    10,
    29,
    12,
    11,
    4,
    5,
    5,
    14,
    6,
    10,
    14,
    4,
    14,
    8,
    5,
    11,
    4
  ],
  "latent_true_mode_coverage": [
    1,
    1,
    2,
    1,
    1,
    1,
    1,
    2,
    3,
    1,
    2,
    2,
    2,
    2,
    2,
    1,
    2,
    1,
    1,
    1,
    2,
    1,
    1,
    1
  ]
}
