{
  "method": "offline_trajectory_bmd_proxy",
  "full_paper_ppo_steering": false,
  "uses_original_demonstrations": false,
  "uses_ground_truth_modes_for_training": false,
  "ground_truth_modes_used_for_posthoc_evaluation": true,
  "feature_kind": "basic",
  "pca_whiten": true,
  "clusterer": "gmm_diag",
  "hierarchical_success": true,
  "uses_binary_success_feedback_for_partition": true,
  "failure_clusters": 4,
  "clusters": 24,
  "seed": 42,
  "episodes": 480,
  "successful_episodes": 276,
  "silhouette": 0.27471897745131174,
  "gmm_bic": 9117.905362710211,
  "failure_gmm_bic": 6213.568528795421,
  "nmi_all": 0.7494598468260346,
  "ari_all": 0.2785552476589905,
  "nmi_success": 0.8485584425154504,
  "ari_success": 0.6277626832829629,
  "purity_success": 0.8840579710144928,
  "occupied_latents": 24,
  "min_latent_size": 1,
  "max_latent_size": 35,
  "latent_occupancy": [
    23,
    10,
    11,
    6,
    10,
    12,
    6,
    4,
    10,
    15,
    12,
    12,
    22,
    5,
    7,
    35,
    16,
    5,
    6,
    8,
    23,
    8,
    9,
    1
  ],
  "latent_success_rate": [
    1.0,
    1.0,
    1.0,
    1.0,
    1.0,
    1.0,
    1.0,
    1.0,
    1.0,
    1.0,
    1.0,
    1.0,
    1.0,
    1.0,
    1.0,
    1.0,
    1.0,
    1.0,
    1.0,
    1.0,
    1.0,
    1.0,
    1.0,
    1.0
  ],
  "latent_success_count": [
    23,
    10,
    11,
    6,
    10,
    12,
    6,
    4,
    10,
    15,
    12,
    12,
    22,
    5,
    7,
    35,
    16,
    5,
    6,
    8,
    23,
    8,
    9,
    1
  ],
  "latent_true_mode_coverage": [
    1,
    2,
    1,
    1,
    1,
    1,
    2,
    1,
    1,
    1,
    2,
    1,
    3,
    1,
    2,
    1,
    1,
    2,
    3,
    3,
    2,
    3,
    1,
    1
  ]
}
