{
  "method": "offline_trajectory_bmd_proxy",
  "full_paper_ppo_steering": false,
  "uses_original_demonstrations": false,
  "uses_ground_truth_modes_for_training": false,
  "ground_truth_modes_used_for_posthoc_evaluation": true,
  "feature_kind": "basic",
  "pca_whiten": true,
  "clusterer": "gmm_diag",
  "hierarchical_success": true,
  "uses_binary_success_feedback_for_partition": true,
  "failure_clusters": 4,
  "clusters": 24,
  "seed": 43,
  "episodes": 480,
  "successful_episodes": 276,
  "silhouette": 0.2484249540371301,
  "gmm_bic": 9185.338395019278,
  "failure_gmm_bic": 6213.4296973613245,
  "nmi_all": 0.7503198063729593,
  "ari_all": 0.2722319318844119,
  "nmi_success": 0.849743442300132,
  "ari_success": 0.6007712232482808,
  "purity_success": 0.894927536231884,
  "occupied_latents": 24,
  "min_latent_size": 1,
  "max_latent_size": 30,
  "latent_occupancy": [
    16,
    21,
    11,
    30,
    6,
    7,
    12,
    6,
    12,
    12,
    5,
    23,
    6,
    23,
    20,
    6,
    9,
    10,
    11,
    10,
    4,
    7,
    8,
    1
  ],
  "latent_success_rate": [
    1.0,
    1.0,
    1.0,
    1.0,
    1.0,
    1.0,
    1.0,
    1.0,
    1.0,
    1.0,
    1.0,
    1.0,
    1.0,
    1.0,
    1.0,
    1.0,
    1.0,
    1.0,
    1.0,
    1.0,
    1.0,
    1.0,
    1.0,
    1.0
  ],
  "latent_success_count": [
    16,
    21,
    11,
    30,
    6,
    7,
    12,
    6,
    12,
    12,
    5,
    23,
    6,
    23,
    20,
    6,
    9,
    10,
    11,
    10,
    4,
    7,
    8,
    1
  ],
  "latent_true_mode_coverage": [
    1,
    2,
    1,
    1,
    1,
    1,
    1,
    2,
    1,
    1,
    1,
    3,
    2,
    2,
    1,
    3,
    1,
    2,
    1,
    2,
    2,
    1,
    3,
    1
  ]
}
