{
  "method": "offline_trajectory_bmd_proxy",
  "full_paper_ppo_steering": false,
  "uses_original_demonstrations": false,
  "uses_ground_truth_modes_for_training": false,
  "ground_truth_modes_used_for_posthoc_evaluation": true,
  "feature_kind": "kinematic",
  "pca_whiten": false,
  "clusterer": "gmm_full",
  "hierarchical_success": true,
  "uses_binary_success_feedback_for_partition": true,
  "failure_clusters": 4,
  "clusters": 24,
  "seed": 43,
  "episodes": 480,
  "successful_episodes": 276,
  "silhouette": 0.40983799076138655,
  "gmm_bic": 15707.507399200666,
  "failure_gmm_bic": 11814.620939585227,
  "nmi_all": 0.7612910652028401,
  "ari_all": 0.3353494670297539,
  "nmi_success": 0.8714541876127053,
  "ari_success": 0.8341164799303342,
  "purity_success": 0.9057971014492754,
  "occupied_latents": 24,
  "min_latent_size": 2,
  "max_latent_size": 61,
  "latent_occupancy": [
    16,
    24,
    61,
    9,
    9,
    11,
    9,
    2,
    4,
    6,
    7,
    24,
    8,
    10,
    12,
    12,
    5,
    4,
    13,
    4,
    5,
    12,
    3,
    6
  ],
  "latent_success_rate": [
    1.0,
    1.0,
    1.0,
    1.0,
    1.0,
    1.0,
    1.0,
    1.0,
    1.0,
    1.0,
    1.0,
    1.0,
    1.0,
    1.0,
    1.0,
    1.0,
    1.0,
    1.0,
    1.0,
    1.0,
    1.0,
    1.0,
    1.0,
    1.0
  ],
  "latent_success_count": [
    16,
    24,
    61,
    9,
    9,
    11,
    9,
    2,
    4,
    6,
    7,
    24,
    8,
    10,
    12,
    12,
    5,
    4,
    13,
    4,
    5,
    12,
    3,
    6
  ],
  "latent_true_mode_coverage": [
    1,
    2,
    1,
    1,
    1,
    1,
    2,
    1,
    1,
    2,
    3,
    3,
    1,
    1,
    2,
    2,
    2,
    2,
    2,
    2,
    2,
    1,
    1,
    2
  ]
}
