{
  "method": "offline_trajectory_bmd_proxy",
  "full_paper_ppo_steering": false,
  "uses_original_demonstrations": false,
  "uses_ground_truth_modes_for_training": false,
  "ground_truth_modes_used_for_posthoc_evaluation": true,
  "feature_kind": "shape",
  "pca_whiten": false,
  "clusterer": "spectral",
  "hierarchical_success": true,
  "uses_binary_success_feedback_for_partition": true,
  "failure_clusters": 4,
  "clusters": 24,
  "seed": 43,
  "episodes": 480,
  "successful_episodes": 276,
  "silhouette": 0.2715602211463485,
  "gmm_bic": null,
  "failure_gmm_bic": null,
  "nmi_all": 0.7204283464659181,
  "ari_all": 0.2486160244496216,
  "nmi_success": 0.7979490653697052,
  "ari_success": 0.4963634144763682,
  "purity_success": 0.855072463768116,
  "occupied_latents": 24,
  "min_latent_size": 5,
  "max_latent_size": 19,
  "latent_occupancy": [
    5,
    7,
    7,
    6,
    7,
    6,
    9,
    7,
    9,
    10,
    12,
    8,
    12,
    15,
    14,
    12,
    12,
    12,
    17,
    19,
    16,
    17,
    19,
    18
  ],
  "latent_success_rate": [
    1.0,
    1.0,
    1.0,
    1.0,
    1.0,
    1.0,
    1.0,
    1.0,
    1.0,
    1.0,
    1.0,
    1.0,
    1.0,
    1.0,
    1.0,
    1.0,
    1.0,
    1.0,
    1.0,
    1.0,
    1.0,
    1.0,
    1.0,
    1.0
  ],
  "latent_success_count": [
    5,
    7,
    7,
    6,
    7,
    6,
    9,
    7,
    9,
    10,
    12,
    8,
    12,
    15,
    14,
    12,
    12,
    12,
    17,
    19,
    16,
    17,
    19,
    18
  ],
  "latent_true_mode_coverage": [
    2,
    2,
    3,
    3,
    2,
    3,
    3,
    2,
    1,
    2,
    1,
    2,
    1,
    2,
    2,
    1,
    1,
    2,
    2,
    2,
    2,
    2,
    2,
    1
  ]
}
