{"epoch": 0, "loss": 0.6234790161252022, "active_blocks": [0, 1, 2, 3], "multi_noise": 4, "cross_noise_weight": 0.1}
{"epoch": 25, "loss": 0.2795381471514702, "active_blocks": [0, 1, 2, 3], "multi_noise": 4, "cross_noise_weight": 0.1}
{"epoch": 50, "loss": 0.19762363657355309, "active_blocks": [0, 1, 2, 3], "multi_noise": 4, "cross_noise_weight": 0.1}
{"epoch": 75, "loss": 0.15101716294884682, "active_blocks": [0, 1, 2, 3], "multi_noise": 4, "cross_noise_weight": 0.1}
{"epoch": 100, "loss": 0.14835883304476738, "active_blocks": [0, 1, 2, 3], "multi_noise": 4, "cross_noise_weight": 0.1}
{"epoch": 125, "loss": 0.11738392524421215, "active_blocks": [0, 1, 2, 3], "multi_noise": 4, "cross_noise_weight": 0.1}
{"epoch": 150, "loss": 0.10005227476358414, "active_blocks": [0, 1, 2, 3], "multi_noise": 4, "cross_noise_weight": 0.1}
{"epoch": 175, "loss": 0.09098088555037975, "active_blocks": [0, 1, 2, 3], "multi_noise": 4, "cross_noise_weight": 0.1}
{"epoch": 200, "loss": 0.08984524756669998, "active_blocks": [0, 1, 2, 3], "multi_noise": 4, "cross_noise_weight": 0.1}
{"epoch": 225, "loss": 0.07547538168728352, "active_blocks": [0, 1, 2, 3], "multi_noise": 4, "cross_noise_weight": 0.1}
{"epoch": 250, "loss": 0.09032590128481388, "active_blocks": [0, 1, 2, 3], "multi_noise": 4, "cross_noise_weight": 0.1}
{"epoch": 275, "loss": 0.09617890976369381, "active_blocks": [0, 1, 2, 3], "multi_noise": 4, "cross_noise_weight": 0.1}
{"epoch": 300, "loss": 0.08180839382112026, "active_blocks": [0, 1, 2, 3], "multi_noise": 4, "cross_noise_weight": 0.1}
{"epoch": 325, "loss": 0.06161495018750429, "active_blocks": [0, 1, 2, 3], "multi_noise": 4, "cross_noise_weight": 0.1}
{"epoch": 350, "loss": 0.08859951049089432, "active_blocks": [0, 1, 2, 3], "multi_noise": 4, "cross_noise_weight": 0.1}
{"epoch": 375, "loss": 0.08341556414961815, "active_blocks": [0, 1, 2, 3], "multi_noise": 4, "cross_noise_weight": 0.1}
{"epoch": 400, "loss": 0.0628426680341363, "active_blocks": [0, 1, 2, 3], "multi_noise": 4, "cross_noise_weight": 0.1}
{"epoch": 425, "loss": 0.08489431347697973, "active_blocks": [0, 1, 2, 3], "multi_noise": 4, "cross_noise_weight": 0.1}
{"epoch": 450, "loss": 0.09272493980824947, "active_blocks": [0, 1, 2, 3], "multi_noise": 4, "cross_noise_weight": 0.1}
{"epoch": 475, "loss": 0.058710578829050064, "active_blocks": [0, 1, 2, 3], "multi_noise": 4, "cross_noise_weight": 0.1}
{"epoch": 500, "loss": 0.07352343946695328, "active_blocks": [0, 1, 2, 3], "multi_noise": 4, "cross_noise_weight": 0.1}
{"epoch": 525, "loss": 0.06024613045156002, "active_blocks": [0, 1, 2, 3], "multi_noise": 4, "cross_noise_weight": 0.1}
{"epoch": 550, "loss": 0.06351729296147823, "active_blocks": [0, 1, 2, 3], "multi_noise": 4, "cross_noise_weight": 0.1}
{"epoch": 575, "loss": 0.06915179081261158, "active_blocks": [0, 1, 2, 3], "multi_noise": 4, "cross_noise_weight": 0.1}
{"epoch": 600, "loss": 0.08124164864420891, "active_blocks": [0, 1, 2, 3], "multi_noise": 4, "cross_noise_weight": 0.1}
{"epoch": 625, "loss": 0.07869508862495422, "active_blocks": [0, 1, 2, 3], "multi_noise": 4, "cross_noise_weight": 0.1}
{"epoch": 650, "loss": 0.07849051244556904, "active_blocks": [0, 1, 2, 3], "multi_noise": 4, "cross_noise_weight": 0.1}
{"epoch": 675, "loss": 0.05900037009268999, "active_blocks": [0, 1, 2, 3], "multi_noise": 4, "cross_noise_weight": 0.1}
{"epoch": 0, "loss": 0.1211490910500288, "active_blocks": [0, 1, 2, 3], "multi_noise": 1, "cross_noise_weight": 0.0}
{"epoch": 25, "loss": 0.0552793238312006, "active_blocks": [0, 1, 2, 3], "multi_noise": 1, "cross_noise_weight": 0.0}
{"epoch": 50, "loss": 0.047833582386374474, "active_blocks": [0, 1, 2, 3], "multi_noise": 1, "cross_noise_weight": 0.0}
{"epoch": 75, "loss": 0.04236578568816185, "active_blocks": [0, 1, 2, 3], "multi_noise": 1, "cross_noise_weight": 0.0}
{"epoch": 100, "loss": 0.03569690231233835, "active_blocks": [0, 1, 2, 3], "multi_noise": 1, "cross_noise_weight": 0.0}
{"epoch": 125, "loss": 0.03780432417988777, "active_blocks": [0, 1, 2, 3], "multi_noise": 1, "cross_noise_weight": 0.0}
{"epoch": 150, "loss": 0.036892740055918694, "active_blocks": [0, 1, 2, 3], "multi_noise": 1, "cross_noise_weight": 0.0}
{"epoch": 175, "loss": 0.03414361551403999, "active_blocks": [0, 1, 2, 3], "multi_noise": 1, "cross_noise_weight": 0.0}
{"epoch": 200, "loss": 0.03595750592648983, "active_blocks": [0, 1, 2, 3], "multi_noise": 1, "cross_noise_weight": 0.0}
{"epoch": 225, "loss": 0.03447559755295515, "active_blocks": [0, 1, 2, 3], "multi_noise": 1, "cross_noise_weight": 0.0}
{"epoch": 250, "loss": 0.03384754341095686, "active_blocks": [0, 1, 2, 3], "multi_noise": 1, "cross_noise_weight": 0.0}
{"epoch": 275, "loss": 0.03410453721880913, "active_blocks": [0, 1, 2, 3], "multi_noise": 1, "cross_noise_weight": 0.0}
{
  "method": "teacher_assistant",
  "student_architecture": {
    "layers": 3,
    "embed_dim": 48,
    "heads": 3
  },
  "initialization": {
    "method": "teacher_assistant",
    "assistant_initialization": {
      "teacher_layers": [
        0,
        1,
        2,
        3
      ],
      "selected_heads": [
        0,
        1,
        2,
        3
      ],
      "selected_channels": [
        1,
        2,
        3,
        6,
        7,
        8,
        10,
        11,
        13,
        14,
        15,
        16,
        18,
        19,
        20,
        21,
        25,
        28,
        29,
        30,
        31,
        32,
        34,
        35,
        36,
        39,
        40,
        41,
        43,
        44,
        46,
        48,
        50,
        51,
        52,
        53,
        54,
        55,
        57,
        58,
        59,
        61,
        62,
        64,
        66,
        67,
        69,
        71
      ],
      "method": "width",
      "load_max_abs_diff": 0.0
    },
    "student_layer_map": [
      0,
      2,
      3
    ],
    "assistant_multi_noise": 4,
    "assistant_cross_noise_weight": 0.1
  },
  "stages": [
    {
      "source": "FM-4x72-16",
      "target": "FM-4x48-16",
      "epochs": 700,
      "best_loss": 0.051444102078676224
    },
    {
      "source": "FM-4x48-16",
      "target": "FM-3x48-16",
      "epochs": 300
    }
  ],
  "best_selection_loss": 0.031384109519422054,
  "uses_original_demonstrations": false,
  "uses_expert_actions": false,
  "buffer": "logs/avoiding/teacher_generated_transfer/transfer_buffer.pt"
}
