{"stage": "ctm", "method": "random", "epoch": 0, "ctm_loss": 0.06722206808626652, "pseudo_dsm_loss": 0.6051045432686806, "selection_loss": 0.12773252241313457}
{"stage": "ctm", "method": "random", "epoch": 25, "ctm_loss": 0.057875264436006546, "pseudo_dsm_loss": 0.5939309373497963, "selection_loss": 0.11726835817098619}
{"stage": "ctm", "method": "random", "epoch": 50, "ctm_loss": 0.05207324121147394, "pseudo_dsm_loss": 0.6076841130852699, "selection_loss": 0.11284165252000095}
{"stage": "ctm", "method": "random", "epoch": 75, "ctm_loss": 0.0543059166520834, "pseudo_dsm_loss": 0.44702064990997314, "selection_loss": 0.09900798164308072}
{"stage": "ctm", "method": "random", "epoch": 100, "ctm_loss": 0.05837145820260048, "pseudo_dsm_loss": 0.49782619811594486, "selection_loss": 0.10815407801419497}
{"stage": "ctm", "method": "random", "epoch": 125, "ctm_loss": 0.06003275513648987, "pseudo_dsm_loss": 0.5334462150931358, "selection_loss": 0.11337737664580345}
{"stage": "ctm", "method": "random", "epoch": 150, "ctm_loss": 0.06129370257258415, "pseudo_dsm_loss": 0.30902560241520405, "selection_loss": 0.09219626281410456}
{"stage": "ctm", "method": "random", "epoch": 175, "ctm_loss": 0.04874624963849783, "pseudo_dsm_loss": 0.5186745412647724, "selection_loss": 0.10061370376497508}
{"stage": "ctm", "method": "random", "epoch": 200, "ctm_loss": 0.04752722941339016, "pseudo_dsm_loss": 0.39197273924946785, "selection_loss": 0.08672450333833695}
{"stage": "ctm", "method": "random", "epoch": 225, "ctm_loss": 0.053955476731061935, "pseudo_dsm_loss": 0.4788808897137642, "selection_loss": 0.10184356570243835}
{"stage": "ctm", "method": "random", "epoch": 250, "ctm_loss": 0.046494209207594395, "pseudo_dsm_loss": 0.573721744120121, "selection_loss": 0.1038663836196065}
{"stage": "ctm", "method": "random", "epoch": 275, "ctm_loss": 0.04893827252089977, "pseudo_dsm_loss": 0.5131408460438251, "selection_loss": 0.1002523571252823}
{"stage": "ctm", "method": "random", "epoch": 300, "ctm_loss": 0.04199224058538675, "pseudo_dsm_loss": 0.3740069009363651, "selection_loss": 0.07939293067902327}
{"stage": "ctm", "method": "random", "epoch": 325, "ctm_loss": 0.043714314699172974, "pseudo_dsm_loss": 0.30853984877467155, "selection_loss": 0.07456829957664013}
{"stage": "ctm", "method": "random", "epoch": 350, "ctm_loss": 0.05329345352947712, "pseudo_dsm_loss": 0.3561834879219532, "selection_loss": 0.08891180232167245}
{"stage": "ctm", "method": "random", "epoch": 375, "ctm_loss": 0.0556901665404439, "pseudo_dsm_loss": 0.4305541142821312, "selection_loss": 0.09874557796865702}
{"stage": "ctm", "method": "random", "epoch": 400, "ctm_loss": 0.04777627158910036, "pseudo_dsm_loss": 0.3606223911046982, "selection_loss": 0.08383851069957018}
{"stage": "ctm", "method": "random", "epoch": 425, "ctm_loss": 0.04575534351170063, "pseudo_dsm_loss": 0.24199770018458366, "selection_loss": 0.069955113530159}
{"stage": "ctm", "method": "random", "epoch": 450, "ctm_loss": 0.049801033921539783, "pseudo_dsm_loss": 0.31721801310777664, "selection_loss": 0.08152283523231746}
{"stage": "ctm", "method": "random", "epoch": 475, "ctm_loss": 0.07217903714627028, "pseudo_dsm_loss": 0.4729658514261246, "selection_loss": 0.11947562228888273}
{
  "method": "random",
  "initialization": {
    "method": "random"
  },
  "uses_original_demonstrations": false,
  "uses_expert_actions": false,
  "buffer": "logs/avoiding/teacher_generated_transfer/transfer_buffer.pt",
  "structure_dynamic_pretraining": false,
  "pretrain_epochs": 0,
  "ctm_epochs": 500,
  "best_epoch": 406,
  "best_selection_loss": 0.0562437929213047
}
