{
  "episodes": 1000,
  "teacher": {
    "n_trajectories": 1000,
    "success_rate": 0.636,
    "successful_trajectories": 636,
    "unique_successful_modes": 24,
    "normalized_mode_entropy": 0.9440091603840921
  },
  "student": {
    "n_trajectories": 1000,
    "success_rate": 0.59,
    "successful_trajectories": 590,
    "unique_successful_modes": 24,
    "normalized_mode_entropy": 0.8873326144215672
  },
  "teacher_success_to_student_failure": 239,
  "teacher_success_to_student_failure_rate": 0.3757861635220126,
  "exact_mode_retention_over_teacher_success": 0.1792452830188679,
  "exact_mode_retention_when_both_succeed": 0.2871536523929471,
  "successful_mode_js_divergence": 0.04422478141470476,
  "mutual_information": 0.40757630142635365,
  "normalized_mutual_information": 0.1663803507391944,
  "student_given_teacher_entropy": 1.9330768256011162,
  "level_1_exact_retention_over_teacher_success": 0.49842767295597484,
  "level_2_exact_retention_over_teacher_success": 0.3223270440251572
}
