pybullet build time: Jan 29 2025 23:16:28
/jet/home/qzhou7/workspace/anaconda3/envs/d3il/lib/python3.10/site-packages/hydra/_internal/defaults_list.py:251: UserWarning: In 'avoiding_config': Defaults list is missing `_self_`. See https://hydra.cc/docs/upgrades/1.0_to_1.1/default_composition_order for more information
  warnings.warn(msg, UserWarning)
/jet/home/qzhou7/workspace/anaconda3/envs/d3il/lib/python3.10/site-packages/hydra/_internal/defaults_list.py:251: UserWarning: In 'avoiding_config': Defaults list is missing `_self_`. See https://hydra.cc/docs/upgrades/1.0_to_1.1/default_composition_order for more information
  warnings.warn(msg, UserWarning)
Final IK error (78 iterations):  7.2858622740646e-06
Final IK error (0 iterations):  7.2858622740646e-06
{"paired_progress": {"episode_start": 250, "completed": 10, "total": 250, "teacher_successes": 10, "student_successes": 10, "finished": false}}
{"paired_progress": {"episode_start": 250, "completed": 20, "total": 250, "teacher_successes": 20, "student_successes": 20, "finished": false}}
{"paired_progress": {"episode_start": 250, "completed": 30, "total": 250, "teacher_successes": 30, "student_successes": 29, "finished": false}}
{"paired_progress": {"episode_start": 250, "completed": 40, "total": 250, "teacher_successes": 39, "student_successes": 36, "finished": false}}
{"paired_progress": {"episode_start": 250, "completed": 50, "total": 250, "teacher_successes": 49, "student_successes": 46, "finished": false}}
{"paired_progress": {"episode_start": 250, "completed": 60, "total": 250, "teacher_successes": 58, "student_successes": 53, "finished": false}}
{"paired_progress": {"episode_start": 250, "completed": 70, "total": 250, "teacher_successes": 68, "student_successes": 61, "finished": false}}
{"paired_progress": {"episode_start": 250, "completed": 80, "total": 250, "teacher_successes": 78, "student_successes": 71, "finished": false}}
{"paired_progress": {"episode_start": 250, "completed": 90, "total": 250, "teacher_successes": 88, "student_successes": 80, "finished": false}}
{"paired_progress": {"episode_start": 250, "completed": 100, "total": 250, "teacher_successes": 98, "student_successes": 90, "finished": false}}
{"paired_progress": {"episode_start": 250, "completed": 110, "total": 250, "teacher_successes": 108, "student_successes": 99, "finished": false}}
{"paired_progress": {"episode_start": 250, "completed": 120, "total": 250, "teacher_successes": 118, "student_successes": 106, "finished": false}}
{"paired_progress": {"episode_start": 250, "completed": 130, "total": 250, "teacher_successes": 128, "student_successes": 114, "finished": false}}
{"paired_progress": {"episode_start": 250, "completed": 140, "total": 250, "teacher_successes": 137, "student_successes": 124, "finished": false}}
{"paired_progress": {"episode_start": 250, "completed": 150, "total": 250, "teacher_successes": 147, "student_successes": 131, "finished": false}}
{"paired_progress": {"episode_start": 250, "completed": 160, "total": 250, "teacher_successes": 157, "student_successes": 141, "finished": false}}
{"paired_progress": {"episode_start": 250, "completed": 170, "total": 250, "teacher_successes": 166, "student_successes": 151, "finished": false}}
{"paired_progress": {"episode_start": 250, "completed": 180, "total": 250, "teacher_successes": 176, "student_successes": 160, "finished": false}}
{"paired_progress": {"episode_start": 250, "completed": 190, "total": 250, "teacher_successes": 185, "student_successes": 169, "finished": false}}
{"paired_progress": {"episode_start": 250, "completed": 200, "total": 250, "teacher_successes": 193, "student_successes": 178, "finished": false}}
{"paired_progress": {"episode_start": 250, "completed": 210, "total": 250, "teacher_successes": 202, "student_successes": 186, "finished": false}}
{"paired_progress": {"episode_start": 250, "completed": 220, "total": 250, "teacher_successes": 212, "student_successes": 195, "finished": false}}
{"paired_progress": {"episode_start": 250, "completed": 230, "total": 250, "teacher_successes": 222, "student_successes": 203, "finished": false}}
{"paired_progress": {"episode_start": 250, "completed": 240, "total": 250, "teacher_successes": 232, "student_successes": 207, "finished": false}}
{"paired_progress": {"episode_start": 250, "completed": 250, "total": 250, "teacher_successes": 241, "student_successes": 216, "finished": true}}
