pybullet build time: Jan 29 2025 23:16:28
{
  "episodes": 1000,
  "teacher": {
    "n_trajectories": 1000,
    "success_rate": 0.935,
    "successful_trajectories": 935,
    "unique_successful_modes": 24,
    "normalized_mode_entropy": 0.9621558834121846
  },
  "student": {
    "n_trajectories": 1000,
    "success_rate": 0.776,
    "successful_trajectories": 776,
    "unique_successful_modes": 14,
    "normalized_mode_entropy": 0.1488934790328388
  },
  "teacher_success_to_student_failure": 206,
  "teacher_success_to_student_failure_rate": 0.22032085561497325,
  "exact_mode_retention_over_teacher_success": 0.07058823529411765,
  "exact_mode_retention_when_both_succeed": 0.09053497942386832,
  "successful_mode_js_divergence": 0.4657496068133057,
  "mutual_information": 0.14891169872372262,
  "normalized_mutual_information": 0.08920134955160028,
  "student_given_teacher_entropy": 0.7502091062715239
}
