[2026-07-17 02:10:28,093][agents.models.diffusion.diffusion_models][INFO] - number of parameters: 2.748260e+05
[2026-07-17 02:10:33,240][root][INFO] - Loading Sorting Dataset
[2026-07-17 02:10:35,236][root][INFO] - Loading Sorting Dataset
[2026-07-17 02:10:35,337][agents.utils.scaler][INFO] - Datset Info: state min: [-2.3854534  -1.52318297 -2.5436591  -1.47282681] and max: [2.68851348 1.91139402 2.31634682 1.92205774], action min: [-1.83908446 -2.15521727] and max: [1.93458139 0.68739523]
[2026-07-17 02:10:35,338][agents.utils.scaler][INFO] - Training dataset size: input (7305, 4) target (7305, 2)
[2026-07-17 02:10:35,338][agents.base_agent][INFO] - The model has a total amount of 274826 parameters
[2026-07-17 02:10:54,827][agents.ddpm_agent][INFO] - Epoch 9: Mean test mse is 0.2758592282022749
[2026-07-17 02:10:54,944][agents.ddpm_agent][INFO] - New best test loss. Stored weights have been updated!
[2026-07-17 02:10:58,926][agents.ddpm_agent][INFO] - Epoch 19: Mean test mse is 0.20753210357257298
[2026-07-17 02:10:58,945][agents.ddpm_agent][INFO] - New best test loss. Stored weights have been updated!
[2026-07-17 02:11:03,028][agents.ddpm_agent][INFO] - Epoch 29: Mean test mse is 0.17376567210469926
[2026-07-17 02:11:03,048][agents.ddpm_agent][INFO] - New best test loss. Stored weights have been updated!
[2026-07-17 02:11:07,304][agents.ddpm_agent][INFO] - Epoch 39: Mean test mse is 0.1613212866442544
[2026-07-17 02:11:07,324][agents.ddpm_agent][INFO] - New best test loss. Stored weights have been updated!
[2026-07-17 02:11:11,255][agents.ddpm_agent][INFO] - Epoch 49: Mean test mse is 0.1464837214776448
[2026-07-17 02:11:11,274][agents.ddpm_agent][INFO] - New best test loss. Stored weights have been updated!
[2026-07-17 02:11:15,350][agents.ddpm_agent][INFO] - Epoch 59: Mean test mse is 0.13733928011996405
[2026-07-17 02:11:15,368][agents.ddpm_agent][INFO] - New best test loss. Stored weights have been updated!
[2026-07-17 02:11:19,564][agents.ddpm_agent][INFO] - Epoch 69: Mean test mse is 0.1324439804468836
[2026-07-17 02:11:19,583][agents.ddpm_agent][INFO] - New best test loss. Stored weights have been updated!
[2026-07-17 02:11:23,702][agents.ddpm_agent][INFO] - Epoch 79: Mean test mse is 0.12678624902452743
[2026-07-17 02:11:23,720][agents.ddpm_agent][INFO] - New best test loss. Stored weights have been updated!
[2026-07-17 02:11:27,636][agents.ddpm_agent][INFO] - Epoch 89: Mean test mse is 0.12428380016769681
[2026-07-17 02:11:27,654][agents.ddpm_agent][INFO] - New best test loss. Stored weights have been updated!
[2026-07-17 02:11:31,807][agents.ddpm_agent][INFO] - Epoch 99: Mean test mse is 0.11687605721609932
[2026-07-17 02:11:31,827][agents.ddpm_agent][INFO] - New best test loss. Stored weights have been updated!
[2026-07-17 02:11:36,052][agents.ddpm_agent][INFO] - Epoch 109: Mean test mse is 0.11153306705611092
[2026-07-17 02:11:36,071][agents.ddpm_agent][INFO] - New best test loss. Stored weights have been updated!
[2026-07-17 02:11:40,193][agents.ddpm_agent][INFO] - Epoch 119: Mean test mse is 0.11023598377193723
[2026-07-17 02:11:40,209][agents.ddpm_agent][INFO] - New best test loss. Stored weights have been updated!
[2026-07-17 02:11:44,529][agents.ddpm_agent][INFO] - Epoch 129: Mean test mse is 0.11199743513550077
[2026-07-17 02:11:48,744][agents.ddpm_agent][INFO] - Epoch 139: Mean test mse is 0.10978998775993075
[2026-07-17 02:11:48,763][agents.ddpm_agent][INFO] - New best test loss. Stored weights have been updated!
[2026-07-17 02:11:53,060][agents.ddpm_agent][INFO] - Epoch 149: Mean test mse is 0.10653933989150184
[2026-07-17 02:11:53,079][agents.ddpm_agent][INFO] - New best test loss. Stored weights have been updated!
[2026-07-17 02:11:57,332][agents.ddpm_agent][INFO] - Epoch 159: Mean test mse is 0.10242808716637748
[2026-07-17 02:11:57,350][agents.ddpm_agent][INFO] - New best test loss. Stored weights have been updated!
[2026-07-17 02:12:01,502][agents.ddpm_agent][INFO] - Epoch 169: Mean test mse is 0.10334713969911848
[2026-07-17 02:12:05,633][agents.ddpm_agent][INFO] - Epoch 179: Mean test mse is 0.09873865438359124
[2026-07-17 02:12:05,651][agents.ddpm_agent][INFO] - New best test loss. Stored weights have been updated!
[2026-07-17 02:12:09,744][agents.ddpm_agent][INFO] - Epoch 189: Mean test mse is 0.09999969282320567
[2026-07-17 02:12:13,639][agents.ddpm_agent][INFO] - Epoch 199: Mean test mse is 0.09670487471989223
[2026-07-17 02:12:13,656][agents.ddpm_agent][INFO] - New best test loss. Stored weights have been updated!
[2026-07-17 02:12:17,676][agents.ddpm_agent][INFO] - Epoch 209: Mean test mse is 0.0992852311049189
[2026-07-17 02:12:21,747][agents.ddpm_agent][INFO] - Epoch 219: Mean test mse is 0.10021918160574776
[2026-07-17 02:12:25,682][agents.ddpm_agent][INFO] - Epoch 229: Mean test mse is 0.09627514864717211
[2026-07-17 02:12:25,701][agents.ddpm_agent][INFO] - New best test loss. Stored weights have been updated!
[2026-07-17 02:12:29,645][agents.ddpm_agent][INFO] - Epoch 239: Mean test mse is 0.09383677159036909
[2026-07-17 02:12:29,664][agents.ddpm_agent][INFO] - New best test loss. Stored weights have been updated!
[2026-07-17 02:12:33,675][agents.ddpm_agent][INFO] - Epoch 249: Mean test mse is 0.09383911000830787
[2026-07-17 02:12:37,645][agents.ddpm_agent][INFO] - Epoch 259: Mean test mse is 0.08903746626206807
[2026-07-17 02:12:37,666][agents.ddpm_agent][INFO] - New best test loss. Stored weights have been updated!
[2026-07-17 02:12:41,778][agents.ddpm_agent][INFO] - Epoch 269: Mean test mse is 0.0864889600447246
[2026-07-17 02:12:41,797][agents.ddpm_agent][INFO] - New best test loss. Stored weights have been updated!
[2026-07-17 02:12:46,026][agents.ddpm_agent][INFO] - Epoch 279: Mean test mse is 0.09066983312368393
[2026-07-17 02:12:50,137][agents.ddpm_agent][INFO] - Epoch 289: Mean test mse is 0.08858458910669599
[2026-07-17 02:12:54,208][agents.ddpm_agent][INFO] - Epoch 299: Mean test mse is 0.08743884520871299
[2026-07-17 02:12:58,058][agents.ddpm_agent][INFO] - Epoch 309: Mean test mse is 0.08643455590520586
[2026-07-17 02:12:58,077][agents.ddpm_agent][INFO] - New best test loss. Stored weights have been updated!
[2026-07-17 02:13:02,155][agents.ddpm_agent][INFO] - Epoch 319: Mean test mse is 0.0847185690488134
[2026-07-17 02:13:02,175][agents.ddpm_agent][INFO] - New best test loss. Stored weights have been updated!
[2026-07-17 02:13:06,381][agents.ddpm_agent][INFO] - Epoch 329: Mean test mse is 0.08730252406426839
[2026-07-17 02:13:10,524][agents.ddpm_agent][INFO] - Epoch 339: Mean test mse is 0.08501137154442924
[2026-07-17 02:13:14,751][agents.ddpm_agent][INFO] - Epoch 349: Mean test mse is 0.08293491069759641
[2026-07-17 02:13:14,768][agents.ddpm_agent][INFO] - New best test loss. Stored weights have been updated!
[2026-07-17 02:13:19,067][agents.ddpm_agent][INFO] - Epoch 359: Mean test mse is 0.08125427152429308
[2026-07-17 02:13:19,087][agents.ddpm_agent][INFO] - New best test loss. Stored weights have been updated!
[2026-07-17 02:13:23,156][agents.ddpm_agent][INFO] - Epoch 369: Mean test mse is 0.08036915851490838
[2026-07-17 02:13:23,175][agents.ddpm_agent][INFO] - New best test loss. Stored weights have been updated!
[2026-07-17 02:13:27,267][agents.ddpm_agent][INFO] - Epoch 379: Mean test mse is 0.07977893309933799
[2026-07-17 02:13:27,286][agents.ddpm_agent][INFO] - New best test loss. Stored weights have been updated!
[2026-07-17 02:13:31,190][agents.ddpm_agent][INFO] - Epoch 389: Mean test mse is 0.07890421897172928
[2026-07-17 02:13:31,206][agents.ddpm_agent][INFO] - New best test loss. Stored weights have been updated!
[2026-07-17 02:13:35,310][agents.ddpm_agent][INFO] - Epoch 399: Mean test mse is 0.07948202533381325
[2026-07-17 02:13:39,552][agents.ddpm_agent][INFO] - Epoch 409: Mean test mse is 0.0790079917226519
[2026-07-17 02:13:43,771][agents.ddpm_agent][INFO] - Epoch 419: Mean test mse is 0.07998021585600716
[2026-07-17 02:13:48,085][agents.ddpm_agent][INFO] - Epoch 429: Mean test mse is 0.08253670590264457
[2026-07-17 02:13:52,115][agents.ddpm_agent][INFO] - Epoch 439: Mean test mse is 0.07825367472001485
[2026-07-17 02:13:52,134][agents.ddpm_agent][INFO] - New best test loss. Stored weights have been updated!
[2026-07-17 02:13:56,223][agents.ddpm_agent][INFO] - Epoch 449: Mean test mse is 0.0738593435713223
[2026-07-17 02:13:56,242][agents.ddpm_agent][INFO] - New best test loss. Stored weights have been updated!
[2026-07-17 02:14:00,435][agents.ddpm_agent][INFO] - Epoch 459: Mean test mse is 0.07487226490463529
[2026-07-17 02:14:04,352][agents.ddpm_agent][INFO] - Epoch 469: Mean test mse is 0.07407023438385554
[2026-07-17 02:14:08,604][agents.ddpm_agent][INFO] - Epoch 479: Mean test mse is 0.07581573565091405
[2026-07-17 02:14:12,907][agents.ddpm_agent][INFO] - Epoch 489: Mean test mse is 0.077784392450537
[2026-07-17 02:14:17,058][agents.ddpm_agent][INFO] - Epoch 499: Mean test mse is 0.07638684553759438
[2026-07-17 02:14:20,910][agents.ddpm_agent][INFO] - Epoch 509: Mean test mse is 0.0763815598828452
[2026-07-17 02:14:25,141][agents.ddpm_agent][INFO] - Epoch 519: Mean test mse is 0.07318416876452309
[2026-07-17 02:14:25,521][agents.ddpm_agent][INFO] - New best test loss. Stored weights have been updated!
[2026-07-17 02:14:29,594][agents.ddpm_agent][INFO] - Epoch 529: Mean test mse is 0.07277744369847435
[2026-07-17 02:14:29,611][agents.ddpm_agent][INFO] - New best test loss. Stored weights have been updated!
[2026-07-17 02:14:33,489][agents.ddpm_agent][INFO] - Epoch 539: Mean test mse is 0.07132617916379656
[2026-07-17 02:14:33,507][agents.ddpm_agent][INFO] - New best test loss. Stored weights have been updated!
[2026-07-17 02:14:37,650][agents.ddpm_agent][INFO] - Epoch 549: Mean test mse is 0.07336855147566114
[2026-07-17 02:14:41,930][agents.ddpm_agent][INFO] - Epoch 559: Mean test mse is 0.07186127879789897
[2026-07-17 02:14:46,091][agents.ddpm_agent][INFO] - Epoch 569: Mean test mse is 0.07451552471944264
[2026-07-17 02:14:50,059][agents.ddpm_agent][INFO] - Epoch 579: Mean test mse is 0.07196062430739403
[2026-07-17 02:14:53,916][agents.ddpm_agent][INFO] - Epoch 589: Mean test mse is 0.07321935572794505
[2026-07-17 02:14:57,637][agents.ddpm_agent][INFO] - Epoch 599: Mean test mse is 0.07306765924607005
[2026-07-17 02:15:01,754][agents.ddpm_agent][INFO] - Epoch 609: Mean test mse is 0.07330128231218883
[2026-07-17 02:15:05,903][agents.ddpm_agent][INFO] - Epoch 619: Mean test mse is 0.0669551667358194
[2026-07-17 02:15:05,922][agents.ddpm_agent][INFO] - New best test loss. Stored weights have been updated!
[2026-07-17 02:15:09,888][agents.ddpm_agent][INFO] - Epoch 629: Mean test mse is 0.07041356712579727
[2026-07-17 02:15:14,115][agents.ddpm_agent][INFO] - Epoch 639: Mean test mse is 0.06434306768434388
[2026-07-17 02:15:14,134][agents.ddpm_agent][INFO] - New best test loss. Stored weights have been updated!
[2026-07-17 02:15:18,294][agents.ddpm_agent][INFO] - Epoch 649: Mean test mse is 0.06884959446532386
[2026-07-17 02:15:22,549][agents.ddpm_agent][INFO] - Epoch 659: Mean test mse is 0.07120974627988678
[2026-07-17 02:15:26,724][agents.ddpm_agent][INFO] - Epoch 669: Mean test mse is 0.06921766485486712
[2026-07-17 02:15:30,627][agents.ddpm_agent][INFO] - Epoch 679: Mean test mse is 0.07131772701229368
[2026-07-17 02:15:34,690][agents.ddpm_agent][INFO] - Epoch 689: Mean test mse is 0.06816744697945458
[2026-07-17 02:15:39,040][agents.ddpm_agent][INFO] - Epoch 699: Mean test mse is 0.06577726826071739
[2026-07-17 02:15:43,381][agents.ddpm_agent][INFO] - Epoch 709: Mean test mse is 0.06418898435575622
[2026-07-17 02:15:43,399][agents.ddpm_agent][INFO] - New best test loss. Stored weights have been updated!
[2026-07-17 02:15:47,465][agents.ddpm_agent][INFO] - Epoch 719: Mean test mse is 0.06789860927632876
[2026-07-17 02:15:51,929][agents.ddpm_agent][INFO] - Epoch 729: Mean test mse is 0.06433592417410441
[2026-07-17 02:15:55,940][agents.ddpm_agent][INFO] - Epoch 739: Mean test mse is 0.06404364215476173
[2026-07-17 02:15:55,959][agents.ddpm_agent][INFO] - New best test loss. Stored weights have been updated!
[2026-07-17 02:16:00,094][agents.ddpm_agent][INFO] - Epoch 749: Mean test mse is 0.06568246760538646
[2026-07-17 02:16:04,412][agents.ddpm_agent][INFO] - Epoch 759: Mean test mse is 0.06584967034203666
[2026-07-17 02:16:08,239][agents.ddpm_agent][INFO] - Epoch 769: Mean test mse is 0.06657224148511887
[2026-07-17 02:16:12,032][agents.ddpm_agent][INFO] - Epoch 779: Mean test mse is 0.0646986301456179
[2026-07-17 02:16:15,901][agents.ddpm_agent][INFO] - Epoch 789: Mean test mse is 0.06178834289312363
[2026-07-17 02:16:15,920][agents.ddpm_agent][INFO] - New best test loss. Stored weights have been updated!
[2026-07-17 02:16:19,914][agents.ddpm_agent][INFO] - Epoch 799: Mean test mse is 0.06261576392820903
[2026-07-17 02:16:24,248][agents.ddpm_agent][INFO] - Epoch 809: Mean test mse is 0.06525327637791634
[2026-07-17 02:16:28,472][agents.ddpm_agent][INFO] - Epoch 819: Mean test mse is 0.06377916463783809
[2026-07-17 02:16:32,572][agents.ddpm_agent][INFO] - Epoch 829: Mean test mse is 0.06042977103165218
[2026-07-17 02:16:32,590][agents.ddpm_agent][INFO] - New best test loss. Stored weights have been updated!
[2026-07-17 02:16:36,780][agents.ddpm_agent][INFO] - Epoch 839: Mean test mse is 0.06323199932064329
[2026-07-17 02:16:40,738][agents.ddpm_agent][INFO] - Epoch 849: Mean test mse is 0.06275162473320961
[2026-07-17 02:16:44,943][agents.ddpm_agent][INFO] - Epoch 859: Mean test mse is 0.06254216815744128
[2026-07-17 02:16:49,134][agents.ddpm_agent][INFO] - Epoch 869: Mean test mse is 0.06083409860730171
[2026-07-17 02:16:53,505][agents.ddpm_agent][INFO] - Epoch 879: Mean test mse is 0.06398352182337216
[2026-07-17 02:16:57,533][agents.ddpm_agent][INFO] - Epoch 889: Mean test mse is 0.06168460047670773
[2026-07-17 02:17:01,687][agents.ddpm_agent][INFO] - Epoch 899: Mean test mse is 0.058636760605233054
[2026-07-17 02:17:01,705][agents.ddpm_agent][INFO] - New best test loss. Stored weights have been updated!
[2026-07-17 02:17:06,023][agents.ddpm_agent][INFO] - Epoch 909: Mean test mse is 0.06228768825531006
[2026-07-17 02:17:10,311][agents.ddpm_agent][INFO] - Epoch 919: Mean test mse is 0.057530525007418225
[2026-07-17 02:17:10,521][agents.ddpm_agent][INFO] - New best test loss. Stored weights have been updated!
[2026-07-17 02:17:14,569][agents.ddpm_agent][INFO] - Epoch 929: Mean test mse is 0.06270528637937137
[2026-07-17 02:17:18,924][agents.ddpm_agent][INFO] - Epoch 939: Mean test mse is 0.06198001599737576
[2026-07-17 02:17:23,123][agents.ddpm_agent][INFO] - Epoch 949: Mean test mse is 0.06167753253664289
[2026-07-17 02:17:27,418][agents.ddpm_agent][INFO] - Epoch 959: Mean test mse is 0.06116680641259466
[2026-07-17 02:17:31,654][agents.ddpm_agent][INFO] - Epoch 969: Mean test mse is 0.058392781232084544
[2026-07-17 02:17:36,008][agents.ddpm_agent][INFO] - Epoch 979: Mean test mse is 0.060685516468116214
[2026-07-17 02:17:40,186][agents.ddpm_agent][INFO] - Epoch 989: Mean test mse is 0.058851483677114756
[2026-07-17 02:17:44,625][agents.ddpm_agent][INFO] - Epoch 999: Mean test mse is 0.05969285485999925
[2026-07-17 02:17:48,460][agents.ddpm_agent][INFO] - Epoch 1009: Mean test mse is 0.05945056304335594
[2026-07-17 02:17:52,900][agents.ddpm_agent][INFO] - Epoch 1019: Mean test mse is 0.05781190150550434
[2026-07-17 02:17:57,222][agents.ddpm_agent][INFO] - Epoch 1029: Mean test mse is 0.060041180146592
[2026-07-17 02:18:01,624][agents.ddpm_agent][INFO] - Epoch 1039: Mean test mse is 0.05878050731761115
[2026-07-17 02:18:05,922][agents.ddpm_agent][INFO] - Epoch 1049: Mean test mse is 0.05864146405032703
[2026-07-17 02:18:10,073][agents.ddpm_agent][INFO] - Epoch 1059: Mean test mse is 0.05886273458600044
[2026-07-17 02:18:14,413][agents.ddpm_agent][INFO] - Epoch 1069: Mean test mse is 0.05771114943282945
[2026-07-17 02:18:18,673][agents.ddpm_agent][INFO] - Epoch 1079: Mean test mse is 0.0579374512391431
[2026-07-17 02:18:22,757][agents.ddpm_agent][INFO] - Epoch 1089: Mean test mse is 0.059953158987419944
[2026-07-17 02:18:27,234][agents.ddpm_agent][INFO] - Epoch 1099: Mean test mse is 0.05643938375370843
[2026-07-17 02:18:27,253][agents.ddpm_agent][INFO] - New best test loss. Stored weights have been updated!
[2026-07-17 02:18:31,329][agents.ddpm_agent][INFO] - Epoch 1109: Mean test mse is 0.056626836104052405
[2026-07-17 02:18:35,590][agents.ddpm_agent][INFO] - Epoch 1119: Mean test mse is 0.05631665938666889
[2026-07-17 02:18:35,608][agents.ddpm_agent][INFO] - New best test loss. Stored weights have been updated!
[2026-07-17 02:18:39,772][agents.ddpm_agent][INFO] - Epoch 1129: Mean test mse is 0.055623315806899755
[2026-07-17 02:18:39,923][agents.ddpm_agent][INFO] - New best test loss. Stored weights have been updated!
[2026-07-17 02:18:44,071][agents.ddpm_agent][INFO] - Epoch 1139: Mean test mse is 0.05634395192776408
[2026-07-17 02:18:48,351][agents.ddpm_agent][INFO] - Epoch 1149: Mean test mse is 0.059313275452171056
[2026-07-17 02:18:52,451][agents.ddpm_agent][INFO] - Epoch 1159: Mean test mse is 0.05706459443484034
[2026-07-17 02:18:56,885][agents.ddpm_agent][INFO] - Epoch 1169: Mean test mse is 0.05888086557388306
[2026-07-17 02:19:01,251][agents.ddpm_agent][INFO] - Epoch 1179: Mean test mse is 0.05608367973140308
[2026-07-17 02:19:05,524][agents.ddpm_agent][INFO] - Epoch 1189: Mean test mse is 0.05632166191935539
[2026-07-17 02:19:09,782][agents.ddpm_agent][INFO] - Epoch 1199: Mean test mse is 0.057143082576138635
[2026-07-17 02:19:14,089][agents.ddpm_agent][INFO] - Epoch 1209: Mean test mse is 0.05807095606412206
[2026-07-17 02:19:18,468][agents.ddpm_agent][INFO] - Epoch 1219: Mean test mse is 0.052527272275515964
[2026-07-17 02:19:18,488][agents.ddpm_agent][INFO] - New best test loss. Stored weights have been updated!
[2026-07-17 02:19:22,909][agents.ddpm_agent][INFO] - Epoch 1229: Mean test mse is 0.05514729129416602
[2026-07-17 02:19:27,120][agents.ddpm_agent][INFO] - Epoch 1239: Mean test mse is 0.053674686167921336
[2026-07-17 02:19:31,188][agents.ddpm_agent][INFO] - Epoch 1249: Mean test mse is 0.05641865570630346
[2026-07-17 02:19:35,540][agents.ddpm_agent][INFO] - Epoch 1259: Mean test mse is 0.054468534886837006
[2026-07-17 02:19:39,938][agents.ddpm_agent][INFO] - Epoch 1269: Mean test mse is 0.0550361339535032
[2026-07-17 02:19:44,083][agents.ddpm_agent][INFO] - Epoch 1279: Mean test mse is 0.05303303790943963
[2026-07-17 02:19:48,339][agents.ddpm_agent][INFO] - Epoch 1289: Mean test mse is 0.055714137852191925
[2026-07-17 02:19:52,494][agents.ddpm_agent][INFO] - Epoch 1299: Mean test mse is 0.05655224780951228
[2026-07-17 02:19:56,199][agents.ddpm_agent][INFO] - Epoch 1309: Mean test mse is 0.053580500185489655
[2026-07-17 02:20:00,230][agents.ddpm_agent][INFO] - Epoch 1319: Mean test mse is 0.05423366225191525
[2026-07-17 02:20:04,435][agents.ddpm_agent][INFO] - Epoch 1329: Mean test mse is 0.05281736382416317
[2026-07-17 02:20:08,729][agents.ddpm_agent][INFO] - Epoch 1339: Mean test mse is 0.05428830906748772
[2026-07-17 02:20:13,087][agents.ddpm_agent][INFO] - Epoch 1349: Mean test mse is 0.05481554354940142
[2026-07-17 02:20:17,236][agents.ddpm_agent][INFO] - Epoch 1359: Mean test mse is 0.05234665210757937
[2026-07-17 02:20:17,256][agents.ddpm_agent][INFO] - New best test loss. Stored weights have been updated!
[2026-07-17 02:20:21,561][agents.ddpm_agent][INFO] - Epoch 1369: Mean test mse is 0.05478702059813908
[2026-07-17 02:20:26,096][agents.ddpm_agent][INFO] - Epoch 1379: Mean test mse is 0.05357053343738828
[2026-07-17 02:20:30,040][agents.ddpm_agent][INFO] - Epoch 1389: Mean test mse is 0.053237183817795346
[2026-07-17 02:20:33,858][agents.ddpm_agent][INFO] - Epoch 1399: Mean test mse is 0.05495443354759898
[2026-07-17 02:20:37,988][agents.ddpm_agent][INFO] - Epoch 1409: Mean test mse is 0.051242059894970486
[2026-07-17 02:20:38,007][agents.ddpm_agent][INFO] - New best test loss. Stored weights have been updated!
[2026-07-17 02:20:42,396][agents.ddpm_agent][INFO] - Epoch 1419: Mean test mse is 0.052901828927653174
[2026-07-17 02:20:46,560][agents.ddpm_agent][INFO] - Epoch 1429: Mean test mse is 0.052188431578023095
[2026-07-17 02:20:50,589][agents.ddpm_agent][INFO] - Epoch 1439: Mean test mse is 0.05399605152862413
[2026-07-17 02:20:54,485][agents.ddpm_agent][INFO] - Epoch 1449: Mean test mse is 0.051715699689728875
[2026-07-17 02:20:58,691][agents.ddpm_agent][INFO] - Epoch 1459: Mean test mse is 0.054577184574944634
[2026-07-17 02:21:02,921][agents.ddpm_agent][INFO] - Epoch 1469: Mean test mse is 0.0544516747551305
[2026-07-17 02:21:06,985][agents.ddpm_agent][INFO] - Epoch 1479: Mean test mse is 0.05258855915495327
[2026-07-17 02:21:11,055][agents.ddpm_agent][INFO] - Epoch 1489: Mean test mse is 0.05323123186826706
[2026-07-17 02:21:15,069][agents.ddpm_agent][INFO] - Epoch 1499: Mean test mse is 0.05368361941405705
[2026-07-17 02:21:19,280][agents.ddpm_agent][INFO] - Epoch 1509: Mean test mse is 0.053211103060415814
[2026-07-17 02:21:23,369][agents.ddpm_agent][INFO] - Epoch 1519: Mean test mse is 0.05389973255140441
[2026-07-17 02:21:27,546][agents.ddpm_agent][INFO] - Epoch 1529: Mean test mse is 0.05218711122870445
[2026-07-17 02:21:31,620][agents.ddpm_agent][INFO] - Epoch 1539: Mean test mse is 0.052933775420699804
[2026-07-17 02:21:35,952][agents.ddpm_agent][INFO] - Epoch 1549: Mean test mse is 0.05018469212310655
[2026-07-17 02:21:35,972][agents.ddpm_agent][INFO] - New best test loss. Stored weights have been updated!
[2026-07-17 02:21:40,023][agents.ddpm_agent][INFO] - Epoch 1559: Mean test mse is 0.04805683397821018
[2026-07-17 02:21:40,042][agents.ddpm_agent][INFO] - New best test loss. Stored weights have been updated!
[2026-07-17 02:21:44,206][agents.ddpm_agent][INFO] - Epoch 1569: Mean test mse is 0.05019434541463852
[2026-07-17 02:21:48,489][agents.ddpm_agent][INFO] - Epoch 1579: Mean test mse is 0.049860687128135135
[2026-07-17 02:21:52,894][agents.ddpm_agent][INFO] - Epoch 1589: Mean test mse is 0.05059310634221349
[2026-07-17 02:21:56,968][agents.ddpm_agent][INFO] - Epoch 1599: Mean test mse is 0.05157693848013878
[2026-07-17 02:22:00,985][agents.ddpm_agent][INFO] - Epoch 1609: Mean test mse is 0.05076794485960688
[2026-07-17 02:22:05,050][agents.ddpm_agent][INFO] - Epoch 1619: Mean test mse is 0.05099858130727496
[2026-07-17 02:22:09,384][agents.ddpm_agent][INFO] - Epoch 1629: Mean test mse is 0.05113618129066059
[2026-07-17 02:22:13,785][agents.ddpm_agent][INFO] - Epoch 1639: Mean test mse is 0.05161150598100254
[2026-07-17 02:22:17,863][agents.ddpm_agent][INFO] - Epoch 1649: Mean test mse is 0.05074730994445937
[2026-07-17 02:22:22,031][agents.ddpm_agent][INFO] - Epoch 1659: Mean test mse is 0.051909135920660834
[2026-07-17 02:22:26,386][agents.ddpm_agent][INFO] - Epoch 1669: Mean test mse is 0.04870593388165746
[2026-07-17 02:22:30,493][agents.ddpm_agent][INFO] - Epoch 1679: Mean test mse is 0.04925236052700451
[2026-07-17 02:22:34,348][agents.ddpm_agent][INFO] - Epoch 1689: Mean test mse is 0.0489455626479217
[2026-07-17 02:22:38,652][agents.ddpm_agent][INFO] - Epoch 1699: Mean test mse is 0.049530944653919766
[2026-07-17 02:22:42,763][agents.ddpm_agent][INFO] - Epoch 1709: Mean test mse is 0.04914276993700436
[2026-07-17 02:22:47,159][agents.ddpm_agent][INFO] - Epoch 1719: Mean test mse is 0.04817789260830198
[2026-07-17 02:22:51,172][agents.ddpm_agent][INFO] - Epoch 1729: Mean test mse is 0.04904095136693546
[2026-07-17 02:22:55,367][agents.ddpm_agent][INFO] - Epoch 1739: Mean test mse is 0.04891509562730789
[2026-07-17 02:22:59,536][agents.ddpm_agent][INFO] - Epoch 1749: Mean test mse is 0.05036300527197974
[2026-07-17 02:23:03,799][agents.ddpm_agent][INFO] - Epoch 1759: Mean test mse is 0.049347011638539176
[2026-07-17 02:23:08,334][agents.ddpm_agent][INFO] - Epoch 1769: Mean test mse is 0.04861606125320707
[2026-07-17 02:23:12,583][agents.ddpm_agent][INFO] - Epoch 1779: Mean test mse is 0.047202677599021366
[2026-07-17 02:23:12,602][agents.ddpm_agent][INFO] - New best test loss. Stored weights have been updated!
[2026-07-17 02:23:17,334][agents.ddpm_agent][INFO] - Epoch 1789: Mean test mse is 0.04761418913091932
[2026-07-17 02:23:22,308][agents.ddpm_agent][INFO] - Epoch 1799: Mean test mse is 0.04864738455840519
[2026-07-17 02:23:26,420][agents.ddpm_agent][INFO] - Epoch 1809: Mean test mse is 0.049100947699376514
[2026-07-17 02:23:30,750][agents.ddpm_agent][INFO] - Epoch 1819: Mean test mse is 0.04868130971278463
[2026-07-17 02:23:35,119][agents.ddpm_agent][INFO] - Epoch 1829: Mean test mse is 0.04957027254360063
[2026-07-17 02:23:40,213][agents.ddpm_agent][INFO] - Epoch 1839: Mean test mse is 0.04846690382276263
[2026-07-17 02:23:44,619][agents.ddpm_agent][INFO] - Epoch 1849: Mean test mse is 0.04768065629260881
[2026-07-17 02:23:50,054][agents.ddpm_agent][INFO] - Epoch 1859: Mean test mse is 0.04736307369811194
[2026-07-17 02:23:55,300][agents.ddpm_agent][INFO] - Epoch 1869: Mean test mse is 0.04726559455905642
[2026-07-17 02:23:59,764][agents.ddpm_agent][INFO] - Epoch 1879: Mean test mse is 0.046397152223757336
[2026-07-17 02:23:59,802][agents.ddpm_agent][INFO] - New best test loss. Stored weights have been updated!
[2026-07-17 02:24:04,208][agents.ddpm_agent][INFO] - Epoch 1889: Mean test mse is 0.04699068037526948
[2026-07-17 02:24:09,022][agents.ddpm_agent][INFO] - Epoch 1899: Mean test mse is 0.04639247166258948
[2026-07-17 02:24:09,041][agents.ddpm_agent][INFO] - New best test loss. Stored weights have been updated!
[2026-07-17 02:24:14,959][agents.ddpm_agent][INFO] - Epoch 1909: Mean test mse is 0.04846268945506641
[2026-07-17 02:24:19,456][agents.ddpm_agent][INFO] - Epoch 1919: Mean test mse is 0.04667169653943607
[2026-07-17 02:24:25,704][agents.ddpm_agent][INFO] - Epoch 1929: Mean test mse is 0.04638152942061424
[2026-07-17 02:24:25,724][agents.ddpm_agent][INFO] - New best test loss. Stored weights have been updated!
[2026-07-17 02:24:31,433][agents.ddpm_agent][INFO] - Epoch 1939: Mean test mse is 0.048157820744173865
[2026-07-17 02:24:35,830][agents.ddpm_agent][INFO] - Epoch 1949: Mean test mse is 0.048610491412026544
[2026-07-17 02:24:40,055][agents.ddpm_agent][INFO] - Epoch 1959: Mean test mse is 0.046096879456724436
[2026-07-17 02:24:40,074][agents.ddpm_agent][INFO] - New best test loss. Stored weights have been updated!
[2026-07-17 02:24:45,729][agents.ddpm_agent][INFO] - Epoch 1969: Mean test mse is 0.04816507601312229
[2026-07-17 02:24:51,882][agents.ddpm_agent][INFO] - Epoch 1979: Mean test mse is 0.049873238163334985
[2026-07-17 02:24:57,244][agents.ddpm_agent][INFO] - Epoch 1989: Mean test mse is 0.046242723507540565
[2026-07-17 02:25:03,465][agents.ddpm_agent][INFO] - Epoch 1999: Mean test mse is 0.046571364892380576
[2026-07-17 02:25:09,792][agents.ddpm_agent][INFO] - Epoch 2009: Mean test mse is 0.04747587335961206
[2026-07-17 02:25:14,698][agents.ddpm_agent][INFO] - Epoch 2019: Mean test mse is 0.04513336132679667
[2026-07-17 02:25:14,718][agents.ddpm_agent][INFO] - New best test loss. Stored weights have been updated!
[2026-07-17 02:25:19,724][agents.ddpm_agent][INFO] - Epoch 2029: Mean test mse is 0.04662112891674042
[2026-07-17 02:25:25,860][agents.ddpm_agent][INFO] - Epoch 2039: Mean test mse is 0.04553132078477314
[2026-07-17 02:25:31,782][agents.ddpm_agent][INFO] - Epoch 2049: Mean test mse is 0.04745621287396976
[2026-07-17 02:25:37,724][agents.ddpm_agent][INFO] - Epoch 2059: Mean test mse is 0.04606885037251881
[2026-07-17 02:25:44,107][agents.ddpm_agent][INFO] - Epoch 2069: Mean test mse is 0.044477199869496484
[2026-07-17 02:25:44,125][agents.ddpm_agent][INFO] - New best test loss. Stored weights have been updated!
[2026-07-17 02:25:50,244][agents.ddpm_agent][INFO] - Epoch 2079: Mean test mse is 0.04469253548554012
[2026-07-17 02:25:55,137][agents.ddpm_agent][INFO] - Epoch 2089: Mean test mse is 0.04410512638943536
[2026-07-17 02:25:55,156][agents.ddpm_agent][INFO] - New best test loss. Stored weights have been updated!
[2026-07-17 02:26:00,751][agents.ddpm_agent][INFO] - Epoch 2099: Mean test mse is 0.044685148767062595
[2026-07-17 02:26:06,918][agents.ddpm_agent][INFO] - Epoch 2109: Mean test mse is 0.04614881160003798
[2026-07-17 02:26:12,817][agents.ddpm_agent][INFO] - Epoch 2119: Mean test mse is 0.04419772646256855
[2026-07-17 02:26:18,917][agents.ddpm_agent][INFO] - Epoch 2129: Mean test mse is 0.04529776956353869
[2026-07-17 02:26:24,942][agents.ddpm_agent][INFO] - Epoch 2139: Mean test mse is 0.045912738889455795
[2026-07-17 02:26:31,137][agents.ddpm_agent][INFO] - Epoch 2149: Mean test mse is 0.0466206611267158
[2026-07-17 02:26:37,525][agents.ddpm_agent][INFO] - Epoch 2159: Mean test mse is 0.04448282825095313
[2026-07-17 02:26:41,648][agents.ddpm_agent][INFO] - Epoch 2169: Mean test mse is 0.04591423698834011
[2026-07-17 02:26:45,909][agents.ddpm_agent][INFO] - Epoch 2179: Mean test mse is 0.0450937311564173
[2026-07-17 02:26:50,256][agents.ddpm_agent][INFO] - Epoch 2189: Mean test mse is 0.044545705297163556
[2026-07-17 02:26:54,789][agents.ddpm_agent][INFO] - Epoch 2199: Mean test mse is 0.04520317965320179
[2026-07-17 02:26:58,979][agents.ddpm_agent][INFO] - Epoch 2209: Mean test mse is 0.043822294367211204
[2026-07-17 02:26:58,999][agents.ddpm_agent][INFO] - New best test loss. Stored weights have been updated!
[2026-07-17 02:27:03,304][agents.ddpm_agent][INFO] - Epoch 2219: Mean test mse is 0.04744822744812284
[2026-07-17 02:27:07,828][agents.ddpm_agent][INFO] - Epoch 2229: Mean test mse is 0.04408567984189306
[2026-07-17 02:27:12,230][agents.ddpm_agent][INFO] - Epoch 2239: Mean test mse is 0.04604567480938775
[2026-07-17 02:27:16,600][agents.ddpm_agent][INFO] - Epoch 2249: Mean test mse is 0.04480834252067974
[2026-07-17 02:27:21,018][agents.ddpm_agent][INFO] - Epoch 2259: Mean test mse is 0.04463628626295498
[2026-07-17 02:27:25,456][agents.ddpm_agent][INFO] - Epoch 2269: Mean test mse is 0.04291261253612382
[2026-07-17 02:27:25,476][agents.ddpm_agent][INFO] - New best test loss. Stored weights have been updated!
[2026-07-17 02:27:29,962][agents.ddpm_agent][INFO] - Epoch 2279: Mean test mse is 0.043728795434747426
[2026-07-17 02:27:33,973][agents.ddpm_agent][INFO] - Epoch 2289: Mean test mse is 0.04767587887389319
[2026-07-17 02:27:38,131][agents.ddpm_agent][INFO] - Epoch 2299: Mean test mse is 0.04266757890582085
[2026-07-17 02:27:38,152][agents.ddpm_agent][INFO] - New best test loss. Stored weights have been updated!
[2026-07-17 02:27:42,564][agents.ddpm_agent][INFO] - Epoch 2309: Mean test mse is 0.04296215942927769
[2026-07-17 02:27:47,070][agents.ddpm_agent][INFO] - Epoch 2319: Mean test mse is 0.04605983144470623
[2026-07-17 02:27:51,566][agents.ddpm_agent][INFO] - Epoch 2329: Mean test mse is 0.04359374354992594
[2026-07-17 02:27:55,776][agents.ddpm_agent][INFO] - Epoch 2339: Mean test mse is 0.04450407464589391
[2026-07-17 02:27:59,975][agents.ddpm_agent][INFO] - Epoch 2349: Mean test mse is 0.04150080627628735
[2026-07-17 02:27:59,995][agents.ddpm_agent][INFO] - New best test loss. Stored weights have been updated!
[2026-07-17 02:28:04,463][agents.ddpm_agent][INFO] - Epoch 2359: Mean test mse is 0.0432280498955931
[2026-07-17 02:28:08,752][agents.ddpm_agent][INFO] - Epoch 2369: Mean test mse is 0.04507367632218769
[2026-07-17 02:28:13,127][agents.ddpm_agent][INFO] - Epoch 2379: Mean test mse is 0.04470091100249972
[2026-07-17 02:28:17,432][agents.ddpm_agent][INFO] - Epoch 2389: Mean test mse is 0.044089319982698986
[2026-07-17 02:28:21,745][agents.ddpm_agent][INFO] - Epoch 2399: Mean test mse is 0.04270817392638752
[2026-07-17 02:28:25,777][agents.ddpm_agent][INFO] - Epoch 2409: Mean test mse is 0.045746791043451855
[2026-07-17 02:28:29,953][agents.ddpm_agent][INFO] - Epoch 2419: Mean test mse is 0.04307673392551286
[2026-07-17 02:28:34,236][agents.ddpm_agent][INFO] - Epoch 2429: Mean test mse is 0.043941378593444824
[2026-07-17 02:28:38,529][agents.ddpm_agent][INFO] - Epoch 2439: Mean test mse is 0.044831893273762295
[2026-07-17 02:28:42,418][agents.ddpm_agent][INFO] - Epoch 2449: Mean test mse is 0.0414693472640855
[2026-07-17 02:28:42,437][agents.ddpm_agent][INFO] - New best test loss. Stored weights have been updated!
[2026-07-17 02:28:46,677][agents.ddpm_agent][INFO] - Epoch 2459: Mean test mse is 0.04437595499413354
[2026-07-17 02:28:51,142][agents.ddpm_agent][INFO] - Epoch 2469: Mean test mse is 0.04470318130084446
[2026-07-17 02:28:55,694][agents.ddpm_agent][INFO] - Epoch 2479: Mean test mse is 0.04387406845177923
[2026-07-17 02:29:00,069][agents.ddpm_agent][INFO] - Epoch 2489: Mean test mse is 0.042458929653678625
[2026-07-17 02:29:04,511][agents.ddpm_agent][INFO] - Epoch 2499: Mean test mse is 0.04430399462580681
[2026-07-17 02:29:09,015][agents.ddpm_agent][INFO] - Epoch 2509: Mean test mse is 0.04117504560521671
[2026-07-17 02:29:09,034][agents.ddpm_agent][INFO] - New best test loss. Stored weights have been updated!
[2026-07-17 02:29:13,595][agents.ddpm_agent][INFO] - Epoch 2519: Mean test mse is 0.04213251120277813
[2026-07-17 02:29:17,697][agents.ddpm_agent][INFO] - Epoch 2529: Mean test mse is 0.041830770139183314
[2026-07-17 02:29:22,237][agents.ddpm_agent][INFO] - Epoch 2539: Mean test mse is 0.04546253755688667
[2026-07-17 02:29:26,748][agents.ddpm_agent][INFO] - Epoch 2549: Mean test mse is 0.04133591375180653
[2026-07-17 02:29:30,795][agents.ddpm_agent][INFO] - Epoch 2559: Mean test mse is 0.04344069851296289
[2026-07-17 02:29:35,151][agents.ddpm_agent][INFO] - Epoch 2569: Mean test mse is 0.04316349487219538
[2026-07-17 02:29:39,539][agents.ddpm_agent][INFO] - Epoch 2579: Mean test mse is 0.04171999543905258
[2026-07-17 02:29:43,747][agents.ddpm_agent][INFO] - Epoch 2589: Mean test mse is 0.04115671185510499
[2026-07-17 02:29:43,768][agents.ddpm_agent][INFO] - New best test loss. Stored weights have been updated!
[2026-07-17 02:29:48,059][agents.ddpm_agent][INFO] - Epoch 2599: Mean test mse is 0.041800551648650854
[2026-07-17 02:29:52,134][agents.ddpm_agent][INFO] - Epoch 2609: Mean test mse is 0.04406031061496053
[2026-07-17 02:29:56,500][agents.ddpm_agent][INFO] - Epoch 2619: Mean test mse is 0.041019177330391746
[2026-07-17 02:29:56,521][agents.ddpm_agent][INFO] - New best test loss. Stored weights have been updated!
[2026-07-17 02:30:00,889][agents.ddpm_agent][INFO] - Epoch 2629: Mean test mse is 0.04106621923191207
[2026-07-17 02:30:05,212][agents.ddpm_agent][INFO] - Epoch 2639: Mean test mse is 0.04391214145081384
[2026-07-17 02:30:09,508][agents.ddpm_agent][INFO] - Epoch 2649: Mean test mse is 0.04167829507163593
[2026-07-17 02:30:13,989][agents.ddpm_agent][INFO] - Epoch 2659: Mean test mse is 0.041089899837970734
[2026-07-17 02:30:18,389][agents.ddpm_agent][INFO] - Epoch 2669: Mean test mse is 0.04274324966328485
[2026-07-17 02:30:22,721][agents.ddpm_agent][INFO] - Epoch 2679: Mean test mse is 0.04225682467222214
[2026-07-17 02:30:27,084][agents.ddpm_agent][INFO] - Epoch 2689: Mean test mse is 0.04078270388501031
[2026-07-17 02:30:27,105][agents.ddpm_agent][INFO] - New best test loss. Stored weights have been updated!
[2026-07-17 02:30:31,615][agents.ddpm_agent][INFO] - Epoch 2699: Mean test mse is 0.03963235659258706
[2026-07-17 02:30:31,635][agents.ddpm_agent][INFO] - New best test loss. Stored weights have been updated!
[2026-07-17 02:30:35,888][agents.ddpm_agent][INFO] - Epoch 2709: Mean test mse is 0.04246213021022933
[2026-07-17 02:30:40,137][agents.ddpm_agent][INFO] - Epoch 2719: Mean test mse is 0.041081966034003665
[2026-07-17 02:30:44,577][agents.ddpm_agent][INFO] - Epoch 2729: Mean test mse is 0.03979458127702985
[2026-07-17 02:30:49,061][agents.ddpm_agent][INFO] - Epoch 2739: Mean test mse is 0.04115305095911026
[2026-07-17 02:30:53,096][agents.ddpm_agent][INFO] - Epoch 2749: Mean test mse is 0.03961429212774549
[2026-07-17 02:30:53,113][agents.ddpm_agent][INFO] - New best test loss. Stored weights have been updated!
[2026-07-17 02:30:57,506][agents.ddpm_agent][INFO] - Epoch 2759: Mean test mse is 0.04140659102371761
[2026-07-17 02:31:01,976][agents.ddpm_agent][INFO] - Epoch 2769: Mean test mse is 0.04112435930541584
[2026-07-17 02:31:06,271][agents.ddpm_agent][INFO] - Epoch 2779: Mean test mse is 0.04176449243511472
[2026-07-17 02:31:10,654][agents.ddpm_agent][INFO] - Epoch 2789: Mean test mse is 0.0398218823330743
[2026-07-17 02:31:14,900][agents.ddpm_agent][INFO] - Epoch 2799: Mean test mse is 0.03994058817625046
[2026-07-17 02:31:19,296][agents.ddpm_agent][INFO] - Epoch 2809: Mean test mse is 0.04048713882054601
[2026-07-17 02:31:23,788][agents.ddpm_agent][INFO] - Epoch 2819: Mean test mse is 0.04127407446503639
[2026-07-17 02:31:28,080][agents.ddpm_agent][INFO] - Epoch 2829: Mean test mse is 0.03781406980540071
[2026-07-17 02:31:28,100][agents.ddpm_agent][INFO] - New best test loss. Stored weights have been updated!
[2026-07-17 02:31:32,551][agents.ddpm_agent][INFO] - Epoch 2839: Mean test mse is 0.03978577522294862
[2026-07-17 02:31:36,847][agents.ddpm_agent][INFO] - Epoch 2849: Mean test mse is 0.04110619266118322
[2026-07-17 02:31:41,253][agents.ddpm_agent][INFO] - Epoch 2859: Mean test mse is 0.0387068475995745
[2026-07-17 02:31:45,561][agents.ddpm_agent][INFO] - Epoch 2869: Mean test mse is 0.037301083760602136
[2026-07-17 02:31:45,581][agents.ddpm_agent][INFO] - New best test loss. Stored weights have been updated!
[2026-07-17 02:31:50,023][agents.ddpm_agent][INFO] - Epoch 2879: Mean test mse is 0.040058065737996786
[2026-07-17 02:31:54,483][agents.ddpm_agent][INFO] - Epoch 2889: Mean test mse is 0.0378293762249606
[2026-07-17 02:31:58,449][agents.ddpm_agent][INFO] - Epoch 2899: Mean test mse is 0.037881405758006234
[2026-07-17 02:32:02,785][agents.ddpm_agent][INFO] - Epoch 2909: Mean test mse is 0.03864105099013874
[2026-07-17 02:32:07,195][agents.ddpm_agent][INFO] - Epoch 2919: Mean test mse is 0.0390274530010564
[2026-07-17 02:32:11,514][agents.ddpm_agent][INFO] - Epoch 2929: Mean test mse is 0.03872471409184592
[2026-07-17 02:32:15,671][agents.ddpm_agent][INFO] - Epoch 2939: Mean test mse is 0.03956219607165882
[2026-07-17 02:32:19,953][agents.ddpm_agent][INFO] - Epoch 2949: Mean test mse is 0.04022792247789247
[2026-07-17 02:32:24,250][agents.ddpm_agent][INFO] - Epoch 2959: Mean test mse is 0.03780884827886309
[2026-07-17 02:32:28,555][agents.ddpm_agent][INFO] - Epoch 2969: Mean test mse is 0.03968835675290653
[2026-07-17 02:32:32,880][agents.ddpm_agent][INFO] - Epoch 2979: Mean test mse is 0.03970104615603175
[2026-07-17 02:32:37,284][agents.ddpm_agent][INFO] - Epoch 2989: Mean test mse is 0.03781490320605891
[2026-07-17 02:32:41,653][agents.ddpm_agent][INFO] - Epoch 2999: Mean test mse is 0.03873928636312485
[2026-07-17 02:32:45,760][agents.ddpm_agent][INFO] - Epoch 3009: Mean test mse is 0.03768891255770411
[2026-07-17 02:32:50,094][agents.ddpm_agent][INFO] - Epoch 3019: Mean test mse is 0.03965124275003161
[2026-07-17 02:32:54,516][agents.ddpm_agent][INFO] - Epoch 3029: Mean test mse is 0.03956515608089311
[2026-07-17 02:32:59,055][agents.ddpm_agent][INFO] - Epoch 3039: Mean test mse is 0.03918331914714405
[2026-07-17 02:33:03,533][agents.ddpm_agent][INFO] - Epoch 3049: Mean test mse is 0.03915473499468395
[2026-07-17 02:33:07,971][agents.ddpm_agent][INFO] - Epoch 3059: Mean test mse is 0.03780498994248254
[2026-07-17 02:33:12,474][agents.ddpm_agent][INFO] - Epoch 3069: Mean test mse is 0.04001284709998539
[2026-07-17 02:33:16,643][agents.ddpm_agent][INFO] - Epoch 3079: Mean test mse is 0.0399825173829283
[2026-07-17 02:33:20,886][agents.ddpm_agent][INFO] - Epoch 3089: Mean test mse is 0.03698427283338138
[2026-07-17 02:33:20,905][agents.ddpm_agent][INFO] - New best test loss. Stored weights have been updated!
[2026-07-17 02:33:25,262][agents.ddpm_agent][INFO] - Epoch 3099: Mean test mse is 0.03923318747963224
[2026-07-17 02:33:29,270][agents.ddpm_agent][INFO] - Epoch 3109: Mean test mse is 0.037815616599151065
[2026-07-17 02:33:33,571][agents.ddpm_agent][INFO] - Epoch 3119: Mean test mse is 0.03946094693882125
[2026-07-17 02:33:37,867][agents.ddpm_agent][INFO] - Epoch 3129: Mean test mse is 0.0381497996194022
[2026-07-17 02:33:42,236][agents.ddpm_agent][INFO] - Epoch 3139: Mean test mse is 0.03795761615037918
[2026-07-17 02:33:46,680][agents.ddpm_agent][INFO] - Epoch 3149: Mean test mse is 0.03874135283487184
[2026-07-17 02:33:50,880][agents.ddpm_agent][INFO] - Epoch 3159: Mean test mse is 0.03904674734388079
[2026-07-17 02:33:55,306][agents.ddpm_agent][INFO] - Epoch 3169: Mean test mse is 0.03872593172958919
[2026-07-17 02:33:59,621][agents.ddpm_agent][INFO] - Epoch 3179: Mean test mse is 0.03871852106281689
[2026-07-17 02:34:03,822][agents.ddpm_agent][INFO] - Epoch 3189: Mean test mse is 0.038327187831912725
[2026-07-17 02:34:08,068][agents.ddpm_agent][INFO] - Epoch 3199: Mean test mse is 0.03751674986311367
[2026-07-17 02:34:12,592][agents.ddpm_agent][INFO] - Epoch 3209: Mean test mse is 0.03758821317127773
[2026-07-17 02:34:16,926][agents.ddpm_agent][INFO] - Epoch 3219: Mean test mse is 0.038808947162968774
[2026-07-17 02:34:21,279][agents.ddpm_agent][INFO] - Epoch 3229: Mean test mse is 0.03966569687638964
[2026-07-17 02:34:25,828][agents.ddpm_agent][INFO] - Epoch 3239: Mean test mse is 0.03993167249219758
[2026-07-17 02:34:30,225][agents.ddpm_agent][INFO] - Epoch 3249: Mean test mse is 0.036445778395448415
[2026-07-17 02:34:30,243][agents.ddpm_agent][INFO] - New best test loss. Stored weights have been updated!
[2026-07-17 02:34:34,276][agents.ddpm_agent][INFO] - Epoch 3259: Mean test mse is 0.03842939276780401
[2026-07-17 02:34:38,629][agents.ddpm_agent][INFO] - Epoch 3269: Mean test mse is 0.03715690917202404
[2026-07-17 02:34:42,876][agents.ddpm_agent][INFO] - Epoch 3279: Mean test mse is 0.03771823272109032
[2026-07-17 02:34:47,258][agents.ddpm_agent][INFO] - Epoch 3289: Mean test mse is 0.037095335977418084
[2026-07-17 02:34:51,542][agents.ddpm_agent][INFO] - Epoch 3299: Mean test mse is 0.03574633704764502
[2026-07-17 02:34:51,562][agents.ddpm_agent][INFO] - New best test loss. Stored weights have been updated!
[2026-07-17 02:34:56,036][agents.ddpm_agent][INFO] - Epoch 3309: Mean test mse is 0.03961937874555588
[2026-07-17 02:35:00,479][agents.ddpm_agent][INFO] - Epoch 3319: Mean test mse is 0.03782931715250015
[2026-07-17 02:35:04,941][agents.ddpm_agent][INFO] - Epoch 3329: Mean test mse is 0.03801766836217472
[2026-07-17 02:35:09,334][agents.ddpm_agent][INFO] - Epoch 3339: Mean test mse is 0.03810335083731583
[2026-07-17 02:35:13,694][agents.ddpm_agent][INFO] - Epoch 3349: Mean test mse is 0.036299330315419605
[2026-07-17 02:35:18,068][agents.ddpm_agent][INFO] - Epoch 3359: Mean test mse is 0.03577828673379762
[2026-07-17 02:35:22,522][agents.ddpm_agent][INFO] - Epoch 3369: Mean test mse is 0.035073205296482356
[2026-07-17 02:35:22,542][agents.ddpm_agent][INFO] - New best test loss. Stored weights have been updated!
[2026-07-17 02:35:26,784][agents.ddpm_agent][INFO] - Epoch 3379: Mean test mse is 0.03691961669496128
[2026-07-17 02:35:31,310][agents.ddpm_agent][INFO] - Epoch 3389: Mean test mse is 0.03768576468740191
[2026-07-17 02:35:35,801][agents.ddpm_agent][INFO] - Epoch 3399: Mean test mse is 0.036081306104149134
[2026-07-17 02:35:40,057][agents.ddpm_agent][INFO] - Epoch 3409: Mean test mse is 0.03640978676932199
[2026-07-17 02:35:44,441][agents.ddpm_agent][INFO] - Epoch 3419: Mean test mse is 0.037297338247299194
[2026-07-17 02:35:48,712][agents.ddpm_agent][INFO] - Epoch 3429: Mean test mse is 0.03698914125561714
[2026-07-17 02:35:53,237][agents.ddpm_agent][INFO] - Epoch 3439: Mean test mse is 0.03454424334423883
[2026-07-17 02:35:53,256][agents.ddpm_agent][INFO] - New best test loss. Stored weights have been updated!
[2026-07-17 02:35:57,587][agents.ddpm_agent][INFO] - Epoch 3449: Mean test mse is 0.0367658936551639
[2026-07-17 02:36:01,877][agents.ddpm_agent][INFO] - Epoch 3459: Mean test mse is 0.03928511642983982
[2026-07-17 02:36:06,209][agents.ddpm_agent][INFO] - Epoch 3469: Mean test mse is 0.033910424315503666
[2026-07-17 02:36:06,229][agents.ddpm_agent][INFO] - New best test loss. Stored weights have been updated!
[2026-07-17 02:36:10,563][agents.ddpm_agent][INFO] - Epoch 3479: Mean test mse is 0.03663770428725651
[2026-07-17 02:36:14,985][agents.ddpm_agent][INFO] - Epoch 3489: Mean test mse is 0.036588874246392934
[2026-07-17 02:36:19,260][agents.ddpm_agent][INFO] - Epoch 3499: Mean test mse is 0.03676753384726388
[2026-07-17 02:36:23,802][agents.ddpm_agent][INFO] - Epoch 3509: Mean test mse is 0.03670450911990234
[2026-07-17 02:36:28,219][agents.ddpm_agent][INFO] - Epoch 3519: Mean test mse is 0.03593160877270358
[2026-07-17 02:36:32,463][agents.ddpm_agent][INFO] - Epoch 3529: Mean test mse is 0.035930732531206946
[2026-07-17 02:36:36,675][agents.ddpm_agent][INFO] - Epoch 3539: Mean test mse is 0.03423183251704488
[2026-07-17 02:36:41,226][agents.ddpm_agent][INFO] - Epoch 3549: Mean test mse is 0.0357012293700661
[2026-07-17 02:36:45,558][agents.ddpm_agent][INFO] - Epoch 3559: Mean test mse is 0.03497457184961864
[2026-07-17 02:36:49,851][agents.ddpm_agent][INFO] - Epoch 3569: Mean test mse is 0.034289194004876275
[2026-07-17 02:36:54,313][agents.ddpm_agent][INFO] - Epoch 3579: Mean test mse is 0.03389857629580157
[2026-07-17 02:36:54,333][agents.ddpm_agent][INFO] - New best test loss. Stored weights have been updated!
[2026-07-17 02:36:58,933][agents.ddpm_agent][INFO] - Epoch 3589: Mean test mse is 0.03700825305921691
[2026-07-17 02:37:03,286][agents.ddpm_agent][INFO] - Epoch 3599: Mean test mse is 0.036005268937775066
[2026-07-17 02:37:07,522][agents.ddpm_agent][INFO] - Epoch 3609: Mean test mse is 0.034119147275175364
[2026-07-17 02:37:11,911][agents.ddpm_agent][INFO] - Epoch 3619: Mean test mse is 0.035729646416647096
[2026-07-17 02:37:16,139][agents.ddpm_agent][INFO] - Epoch 3629: Mean test mse is 0.03442568491612162
[2026-07-17 02:37:20,473][agents.ddpm_agent][INFO] - Epoch 3639: Mean test mse is 0.03455135119812829
[2026-07-17 02:37:24,877][agents.ddpm_agent][INFO] - Epoch 3649: Mean test mse is 0.03574778086372784
[2026-07-17 02:37:29,244][agents.ddpm_agent][INFO] - Epoch 3659: Mean test mse is 0.03610310171331678
[2026-07-17 02:37:33,778][agents.ddpm_agent][INFO] - Epoch 3669: Mean test mse is 0.03603214557681765
[2026-07-17 02:37:38,067][agents.ddpm_agent][INFO] - Epoch 3679: Mean test mse is 0.034064912370273044
[2026-07-17 02:37:42,275][agents.ddpm_agent][INFO] - Epoch 3689: Mean test mse is 0.036300385636942725
[2026-07-17 02:37:46,560][agents.ddpm_agent][INFO] - Epoch 3699: Mean test mse is 0.03503195329436234
[2026-07-17 02:37:50,983][agents.ddpm_agent][INFO] - Epoch 3709: Mean test mse is 0.034315728183303564
[2026-07-17 02:37:55,525][agents.ddpm_agent][INFO] - Epoch 3719: Mean test mse is 0.03475337954504149
[2026-07-17 02:37:59,772][agents.ddpm_agent][INFO] - Epoch 3729: Mean test mse is 0.034695660163249285
[2026-07-17 02:38:04,241][agents.ddpm_agent][INFO] - Epoch 3739: Mean test mse is 0.03435648259307657
[2026-07-17 02:38:08,583][agents.ddpm_agent][INFO] - Epoch 3749: Mean test mse is 0.0349227993616036
[2026-07-17 02:38:12,870][agents.ddpm_agent][INFO] - Epoch 3759: Mean test mse is 0.03382007724472454
[2026-07-17 02:38:12,888][agents.ddpm_agent][INFO] - New best test loss. Stored weights have been updated!
[2026-07-17 02:38:17,154][agents.ddpm_agent][INFO] - Epoch 3769: Mean test mse is 0.03293893539479801
[2026-07-17 02:38:17,173][agents.ddpm_agent][INFO] - New best test loss. Stored weights have been updated!
[2026-07-17 02:38:21,739][agents.ddpm_agent][INFO] - Epoch 3779: Mean test mse is 0.034621166331427436
[2026-07-17 02:38:26,183][agents.ddpm_agent][INFO] - Epoch 3789: Mean test mse is 0.03540713739182268
[2026-07-17 02:38:30,324][agents.ddpm_agent][INFO] - Epoch 3799: Mean test mse is 0.03391017605151449
[2026-07-17 02:38:34,606][agents.ddpm_agent][INFO] - Epoch 3809: Mean test mse is 0.03293315188160965
[2026-07-17 02:38:34,625][agents.ddpm_agent][INFO] - New best test loss. Stored weights have been updated!
[2026-07-17 02:38:38,989][agents.ddpm_agent][INFO] - Epoch 3819: Mean test mse is 0.034485050077949254
[2026-07-17 02:38:43,333][agents.ddpm_agent][INFO] - Epoch 3829: Mean test mse is 0.03462368276502405
[2026-07-17 02:38:47,469][agents.ddpm_agent][INFO] - Epoch 3839: Mean test mse is 0.03573548634137426
[2026-07-17 02:38:51,795][agents.ddpm_agent][INFO] - Epoch 3849: Mean test mse is 0.034725816920399666
[2026-07-17 02:38:56,416][agents.ddpm_agent][INFO] - Epoch 3859: Mean test mse is 0.035180230758019855
[2026-07-17 02:39:00,722][agents.ddpm_agent][INFO] - Epoch 3869: Mean test mse is 0.03460422184850488
[2026-07-17 02:39:05,087][agents.ddpm_agent][INFO] - Epoch 3879: Mean test mse is 0.0343105247510331
[2026-07-17 02:39:09,590][agents.ddpm_agent][INFO] - Epoch 3889: Mean test mse is 0.03408663187708173
[2026-07-17 02:39:13,956][agents.ddpm_agent][INFO] - Epoch 3899: Mean test mse is 0.033611085531967025
[2026-07-17 02:39:18,236][agents.ddpm_agent][INFO] - Epoch 3909: Mean test mse is 0.03277735225856304
[2026-07-17 02:39:18,258][agents.ddpm_agent][INFO] - New best test loss. Stored weights have been updated!
[2026-07-17 02:39:22,527][agents.ddpm_agent][INFO] - Epoch 3919: Mean test mse is 0.03288654237985611
[2026-07-17 02:39:26,893][agents.ddpm_agent][INFO] - Epoch 3929: Mean test mse is 0.033855216045464785
[2026-07-17 02:39:31,340][agents.ddpm_agent][INFO] - Epoch 3939: Mean test mse is 0.033532604042972834
[2026-07-17 02:39:35,530][agents.ddpm_agent][INFO] - Epoch 3949: Mean test mse is 0.034014757722616196
[2026-07-17 02:39:39,852][agents.ddpm_agent][INFO] - Epoch 3959: Mean test mse is 0.03252182129238333
[2026-07-17 02:39:39,873][agents.ddpm_agent][INFO] - New best test loss. Stored weights have been updated!
[2026-07-17 02:39:44,292][agents.ddpm_agent][INFO] - Epoch 3969: Mean test mse is 0.03368492344660418
[2026-07-17 02:39:48,757][agents.ddpm_agent][INFO] - Epoch 3979: Mean test mse is 0.03639040967183454
[2026-07-17 02:39:53,185][agents.ddpm_agent][INFO] - Epoch 3989: Mean test mse is 0.03387925560985293
[2026-07-17 02:39:57,577][agents.ddpm_agent][INFO] - Epoch 3999: Mean test mse is 0.03253812529146671
[2026-07-17 02:40:01,887][agents.ddpm_agent][INFO] - Epoch 4009: Mean test mse is 0.03507404029369354
[2026-07-17 02:40:06,346][agents.ddpm_agent][INFO] - Epoch 4019: Mean test mse is 0.03331907678927694
[2026-07-17 02:40:10,844][agents.ddpm_agent][INFO] - Epoch 4029: Mean test mse is 0.03340425368930612
[2026-07-17 02:40:15,340][agents.ddpm_agent][INFO] - Epoch 4039: Mean test mse is 0.03467391112021038
[2026-07-17 02:40:19,684][agents.ddpm_agent][INFO] - Epoch 4049: Mean test mse is 0.03272070815520627
[2026-07-17 02:40:23,727][agents.ddpm_agent][INFO] - Epoch 4059: Mean test mse is 0.033093980114374845
[2026-07-17 02:40:28,053][agents.ddpm_agent][INFO] - Epoch 4069: Mean test mse is 0.03172766497092588
[2026-07-17 02:40:28,073][agents.ddpm_agent][INFO] - New best test loss. Stored weights have been updated!
[2026-07-17 02:40:32,433][agents.ddpm_agent][INFO] - Epoch 4079: Mean test mse is 0.032761359587311745
[2026-07-17 02:40:36,675][agents.ddpm_agent][INFO] - Epoch 4089: Mean test mse is 0.033593048208526204
[2026-07-17 02:40:41,039][agents.ddpm_agent][INFO] - Epoch 4099: Mean test mse is 0.03085070608982018
[2026-07-17 02:40:41,060][agents.ddpm_agent][INFO] - New best test loss. Stored weights have been updated!
[2026-07-17 02:40:45,623][agents.ddpm_agent][INFO] - Epoch 4109: Mean test mse is 0.031091928482055664
[2026-07-17 02:40:49,976][agents.ddpm_agent][INFO] - Epoch 4119: Mean test mse is 0.03130789872791086
[2026-07-17 02:40:54,032][agents.ddpm_agent][INFO] - Epoch 4129: Mean test mse is 0.03548228740692139
[2026-07-17 02:40:58,266][agents.ddpm_agent][INFO] - Epoch 4139: Mean test mse is 0.03345857001841068
[2026-07-17 02:41:02,694][agents.ddpm_agent][INFO] - Epoch 4149: Mean test mse is 0.0322460907378367
[2026-07-17 02:41:07,218][agents.ddpm_agent][INFO] - Epoch 4159: Mean test mse is 0.03254190858985696
[2026-07-17 02:41:11,367][agents.ddpm_agent][INFO] - Epoch 4169: Mean test mse is 0.031636759106601985
[2026-07-17 02:41:15,873][agents.ddpm_agent][INFO] - Epoch 4179: Mean test mse is 0.03203032511685576
[2026-07-17 02:41:20,401][agents.ddpm_agent][INFO] - Epoch 4189: Mean test mse is 0.03447196472968374
[2026-07-17 02:41:24,883][agents.ddpm_agent][INFO] - Epoch 4199: Mean test mse is 0.031887687742710114
[2026-07-17 02:41:29,378][agents.ddpm_agent][INFO] - Epoch 4209: Mean test mse is 0.03200924236859594
[2026-07-17 02:41:33,760][agents.ddpm_agent][INFO] - Epoch 4219: Mean test mse is 0.03293285811586039
[2026-07-17 02:41:38,155][agents.ddpm_agent][INFO] - Epoch 4229: Mean test mse is 0.032889737614563534
[2026-07-17 02:41:42,461][agents.ddpm_agent][INFO] - Epoch 4239: Mean test mse is 0.0313147058976548
[2026-07-17 02:41:46,725][agents.ddpm_agent][INFO] - Epoch 4249: Mean test mse is 0.031280581440244405
[2026-07-17 02:41:51,207][agents.ddpm_agent][INFO] - Epoch 4259: Mean test mse is 0.03171380263354097
[2026-07-17 02:41:55,263][agents.ddpm_agent][INFO] - Epoch 4269: Mean test mse is 0.03177294214921338
[2026-07-17 02:41:59,402][agents.ddpm_agent][INFO] - Epoch 4279: Mean test mse is 0.03184083875800882
[2026-07-17 02:42:03,875][agents.ddpm_agent][INFO] - Epoch 4289: Mean test mse is 0.030747947416135242
[2026-07-17 02:42:03,894][agents.ddpm_agent][INFO] - New best test loss. Stored weights have been updated!
[2026-07-17 02:42:08,108][agents.ddpm_agent][INFO] - Epoch 4299: Mean test mse is 0.03136996312865189
[2026-07-17 02:42:12,595][agents.ddpm_agent][INFO] - Epoch 4309: Mean test mse is 0.03184558158474309
[2026-07-17 02:42:17,064][agents.ddpm_agent][INFO] - Epoch 4319: Mean test mse is 0.03098516379083906
[2026-07-17 02:42:21,463][agents.ddpm_agent][INFO] - Epoch 4329: Mean test mse is 0.03225002411220755
[2026-07-17 02:42:26,005][agents.ddpm_agent][INFO] - Epoch 4339: Mean test mse is 0.0313157465841089
[2026-07-17 02:42:30,243][agents.ddpm_agent][INFO] - Epoch 4349: Mean test mse is 0.031513994825737815
[2026-07-17 02:42:34,586][agents.ddpm_agent][INFO] - Epoch 4359: Mean test mse is 0.03373503392296178
[2026-07-17 02:42:39,047][agents.ddpm_agent][INFO] - Epoch 4369: Mean test mse is 0.0330317531313215
[2026-07-17 02:42:43,516][agents.ddpm_agent][INFO] - Epoch 4379: Mean test mse is 0.031009762414864132
[2026-07-17 02:42:47,786][agents.ddpm_agent][INFO] - Epoch 4389: Mean test mse is 0.030036098456808498
[2026-07-17 02:42:47,806][agents.ddpm_agent][INFO] - New best test loss. Stored weights have been updated!
[2026-07-17 02:42:52,089][agents.ddpm_agent][INFO] - Epoch 4399: Mean test mse is 0.030979765046920096
[2026-07-17 02:42:56,414][agents.ddpm_agent][INFO] - Epoch 4409: Mean test mse is 0.029944241046905518
[2026-07-17 02:42:56,434][agents.ddpm_agent][INFO] - New best test loss. Stored weights have been updated!
[2026-07-17 02:43:00,859][agents.ddpm_agent][INFO] - Epoch 4419: Mean test mse is 0.03174530741359506
[2026-07-17 02:43:05,192][agents.ddpm_agent][INFO] - Epoch 4429: Mean test mse is 0.03272594617945807
[2026-07-17 02:43:09,613][agents.ddpm_agent][INFO] - Epoch 4439: Mean test mse is 0.030852964680109705
[2026-07-17 02:43:13,965][agents.ddpm_agent][INFO] - Epoch 4449: Mean test mse is 0.03222370014658996
[2026-07-17 02:43:18,270][agents.ddpm_agent][INFO] - Epoch 4459: Mean test mse is 0.02885874094707625
[2026-07-17 02:43:18,287][agents.ddpm_agent][INFO] - New best test loss. Stored weights have been updated!
[2026-07-17 02:43:22,616][agents.ddpm_agent][INFO] - Epoch 4469: Mean test mse is 0.03144410492054054
[2026-07-17 02:43:27,116][agents.ddpm_agent][INFO] - Epoch 4479: Mean test mse is 0.032183807875428884
[2026-07-17 02:43:31,676][agents.ddpm_agent][INFO] - Epoch 4489: Mean test mse is 0.03109762684575149
[2026-07-17 02:43:35,969][agents.ddpm_agent][INFO] - Epoch 4499: Mean test mse is 0.03141679215644087
[2026-07-17 02:43:40,336][agents.ddpm_agent][INFO] - Epoch 4509: Mean test mse is 0.03056624292262963
[2026-07-17 02:43:44,755][agents.ddpm_agent][INFO] - Epoch 4519: Mean test mse is 0.030765689111181667
[2026-07-17 02:43:49,028][agents.ddpm_agent][INFO] - Epoch 4529: Mean test mse is 0.03347054549625942
[2026-07-17 02:43:53,386][agents.ddpm_agent][INFO] - Epoch 4539: Mean test mse is 0.032500352444393296
[2026-07-17 02:43:57,817][agents.ddpm_agent][INFO] - Epoch 4549: Mean test mse is 0.03168383666447231
[2026-07-17 02:44:02,190][agents.ddpm_agent][INFO] - Epoch 4559: Mean test mse is 0.03054789107825075
[2026-07-17 02:44:06,350][agents.ddpm_agent][INFO] - Epoch 4569: Mean test mse is 0.03106829071683543
[2026-07-17 02:44:10,765][agents.ddpm_agent][INFO] - Epoch 4579: Mean test mse is 0.029933970953736986
[2026-07-17 02:44:15,092][agents.ddpm_agent][INFO] - Epoch 4589: Mean test mse is 0.030353855341672897
[2026-07-17 02:44:19,655][agents.ddpm_agent][INFO] - Epoch 4599: Mean test mse is 0.030929036172372953
[2026-07-17 02:44:23,949][agents.ddpm_agent][INFO] - Epoch 4609: Mean test mse is 0.030837514304689
[2026-07-17 02:44:28,390][agents.ddpm_agent][INFO] - Epoch 4619: Mean test mse is 0.028977314542446817
[2026-07-17 02:44:32,822][agents.ddpm_agent][INFO] - Epoch 4629: Mean test mse is 0.029864893161824772
[2026-07-17 02:44:37,075][agents.ddpm_agent][INFO] - Epoch 4639: Mean test mse is 0.03237263884927545
[2026-07-17 02:44:41,296][agents.ddpm_agent][INFO] - Epoch 4649: Mean test mse is 0.030469358233468875
[2026-07-17 02:44:45,335][agents.ddpm_agent][INFO] - Epoch 4659: Mean test mse is 0.030179966507213458
[2026-07-17 02:44:49,559][agents.ddpm_agent][INFO] - Epoch 4669: Mean test mse is 0.03274123104555266
[2026-07-17 02:44:53,851][agents.ddpm_agent][INFO] - Epoch 4679: Mean test mse is 0.028960139889802252
[2026-07-17 02:44:58,189][agents.ddpm_agent][INFO] - Epoch 4689: Mean test mse is 0.030220363289117813
[2026-07-17 02:45:02,551][agents.ddpm_agent][INFO] - Epoch 4699: Mean test mse is 0.030376193512763296
[2026-07-17 02:45:06,923][agents.ddpm_agent][INFO] - Epoch 4709: Mean test mse is 0.0298511731837477
[2026-07-17 02:45:11,204][agents.ddpm_agent][INFO] - Epoch 4719: Mean test mse is 0.029572967173797742
[2026-07-17 02:45:15,204][agents.ddpm_agent][INFO] - Epoch 4729: Mean test mse is 0.028759453711765155
[2026-07-17 02:45:15,242][agents.ddpm_agent][INFO] - New best test loss. Stored weights have been updated!
[2026-07-17 02:45:19,670][agents.ddpm_agent][INFO] - Epoch 4739: Mean test mse is 0.02843553972031389
[2026-07-17 02:45:19,690][agents.ddpm_agent][INFO] - New best test loss. Stored weights have been updated!
[2026-07-17 02:45:24,084][agents.ddpm_agent][INFO] - Epoch 4749: Mean test mse is 0.029508849073733603
[2026-07-17 02:45:28,533][agents.ddpm_agent][INFO] - Epoch 4759: Mean test mse is 0.03042792236166341
[2026-07-17 02:45:32,750][agents.ddpm_agent][INFO] - Epoch 4769: Mean test mse is 0.030705695173570087
[2026-07-17 02:45:37,150][agents.ddpm_agent][INFO] - Epoch 4779: Mean test mse is 0.028910149953195026
[2026-07-17 02:45:41,522][agents.ddpm_agent][INFO] - Epoch 4789: Mean test mse is 0.031007484665938785
[2026-07-17 02:45:45,824][agents.ddpm_agent][INFO] - Epoch 4799: Mean test mse is 0.030079708833779608
[2026-07-17 02:45:50,225][agents.ddpm_agent][INFO] - Epoch 4809: Mean test mse is 0.03135469742119312
[2026-07-17 02:45:54,632][agents.ddpm_agent][INFO] - Epoch 4819: Mean test mse is 0.029039950243064334
[2026-07-17 02:45:59,125][agents.ddpm_agent][INFO] - Epoch 4829: Mean test mse is 0.029834861201899394
[2026-07-17 02:46:03,500][agents.ddpm_agent][INFO] - Epoch 4839: Mean test mse is 0.029804305572594916
[2026-07-17 02:46:07,786][agents.ddpm_agent][INFO] - Epoch 4849: Mean test mse is 0.03084362085376467
[2026-07-17 02:46:12,379][agents.ddpm_agent][INFO] - Epoch 4859: Mean test mse is 0.03164945063846452
[2026-07-17 02:46:16,777][agents.ddpm_agent][INFO] - Epoch 4869: Mean test mse is 0.03028852865099907
[2026-07-17 02:46:21,106][agents.ddpm_agent][INFO] - Epoch 4879: Mean test mse is 0.03049617526786668
[2026-07-17 02:46:25,243][agents.ddpm_agent][INFO] - Epoch 4889: Mean test mse is 0.031694142147898674
[2026-07-17 02:46:29,650][agents.ddpm_agent][INFO] - Epoch 4899: Mean test mse is 0.028753848480326787
[2026-07-17 02:46:33,707][agents.ddpm_agent][INFO] - Epoch 4909: Mean test mse is 0.029638719611934254
[2026-07-17 02:46:37,911][agents.ddpm_agent][INFO] - Epoch 4919: Mean test mse is 0.031715044751763344
[2026-07-17 02:46:42,098][agents.ddpm_agent][INFO] - Epoch 4929: Mean test mse is 0.030893570876547267
[2026-07-17 02:46:46,445][agents.ddpm_agent][INFO] - Epoch 4939: Mean test mse is 0.030841243852462088
[2026-07-17 02:46:50,724][agents.ddpm_agent][INFO] - Epoch 4949: Mean test mse is 0.028843439849359647
[2026-07-17 02:46:55,004][agents.ddpm_agent][INFO] - Epoch 4959: Mean test mse is 0.029139489733747075
[2026-07-17 02:46:59,442][agents.ddpm_agent][INFO] - Epoch 4969: Mean test mse is 0.028860243037343025
[2026-07-17 02:47:03,772][agents.ddpm_agent][INFO] - Epoch 4979: Mean test mse is 0.029618788776653155
[2026-07-17 02:47:08,033][agents.ddpm_agent][INFO] - Epoch 4989: Mean test mse is 0.029559529785599028
[2026-07-17 02:47:12,412][agents.ddpm_agent][INFO] - Epoch 4999: Mean test mse is 0.031025427792753493
[2026-07-17 02:47:16,747][agents.ddpm_agent][INFO] - Epoch 5009: Mean test mse is 0.028633533311741694
[2026-07-17 02:47:21,169][agents.ddpm_agent][INFO] - Epoch 5019: Mean test mse is 0.02856024993317468
[2026-07-17 02:47:25,658][agents.ddpm_agent][INFO] - Epoch 5029: Mean test mse is 0.029506268511925424
[2026-07-17 02:47:29,893][agents.ddpm_agent][INFO] - Epoch 5039: Mean test mse is 0.02785856170313699
[2026-07-17 02:47:29,913][agents.ddpm_agent][INFO] - New best test loss. Stored weights have been updated!
[2026-07-17 02:47:34,068][agents.ddpm_agent][INFO] - Epoch 5049: Mean test mse is 0.028514102367418154
[2026-07-17 02:47:38,394][agents.ddpm_agent][INFO] - Epoch 5059: Mean test mse is 0.030412711735282625
[2026-07-17 02:47:42,516][agents.ddpm_agent][INFO] - Epoch 5069: Mean test mse is 0.029254938874925886
[2026-07-17 02:47:46,862][agents.ddpm_agent][INFO] - Epoch 5079: Mean test mse is 0.02704321326954024
[2026-07-17 02:47:46,881][agents.ddpm_agent][INFO] - New best test loss. Stored weights have been updated!
[2026-07-17 02:47:51,298][agents.ddpm_agent][INFO] - Epoch 5089: Mean test mse is 0.030308431812695096
[2026-07-17 02:47:55,763][agents.ddpm_agent][INFO] - Epoch 5099: Mean test mse is 0.029011416115931103
[2026-07-17 02:47:59,699][agents.ddpm_agent][INFO] - Epoch 5109: Mean test mse is 0.029068745938794955
[2026-07-17 02:48:04,156][agents.ddpm_agent][INFO] - Epoch 5119: Mean test mse is 0.029117897152900696
[2026-07-17 02:48:08,478][agents.ddpm_agent][INFO] - Epoch 5129: Mean test mse is 0.028857544330613955
[2026-07-17 02:48:12,853][agents.ddpm_agent][INFO] - Epoch 5139: Mean test mse is 0.029199621241007532
[2026-07-17 02:48:17,122][agents.ddpm_agent][INFO] - Epoch 5149: Mean test mse is 0.029080862711582865
[2026-07-17 02:48:21,416][agents.ddpm_agent][INFO] - Epoch 5159: Mean test mse is 0.02837142481335572
[2026-07-17 02:48:25,934][agents.ddpm_agent][INFO] - Epoch 5169: Mean test mse is 0.031017288831727847
[2026-07-17 02:48:30,320][agents.ddpm_agent][INFO] - Epoch 5179: Mean test mse is 0.028426047414541245
[2026-07-17 02:48:34,585][agents.ddpm_agent][INFO] - Epoch 5189: Mean test mse is 0.02975879529757159
[2026-07-17 02:48:39,130][agents.ddpm_agent][INFO] - Epoch 5199: Mean test mse is 0.028273899906447957
[2026-07-17 02:48:43,431][agents.ddpm_agent][INFO] - Epoch 5209: Mean test mse is 0.0298404475407941
[2026-07-17 02:48:47,693][agents.ddpm_agent][INFO] - Epoch 5219: Mean test mse is 0.028390739911368916
[2026-07-17 02:48:51,960][agents.ddpm_agent][INFO] - Epoch 5229: Mean test mse is 0.02919626741537026
[2026-07-17 02:48:56,457][agents.ddpm_agent][INFO] - Epoch 5239: Mean test mse is 0.03085144156856196
[2026-07-17 02:49:00,966][agents.ddpm_agent][INFO] - Epoch 5249: Mean test mse is 0.028752475710851804
[2026-07-17 02:49:05,289][agents.ddpm_agent][INFO] - Epoch 5259: Mean test mse is 0.028622808999248912
[2026-07-17 02:49:09,331][agents.ddpm_agent][INFO] - Epoch 5269: Mean test mse is 0.02931856204356466
[2026-07-17 02:49:13,547][agents.ddpm_agent][INFO] - Epoch 5279: Mean test mse is 0.028338309111339704
[2026-07-17 02:49:17,880][agents.ddpm_agent][INFO] - Epoch 5289: Mean test mse is 0.029439393164856092
[2026-07-17 02:49:22,137][agents.ddpm_agent][INFO] - Epoch 5299: Mean test mse is 0.027047529284443175
[2026-07-17 02:49:26,566][agents.ddpm_agent][INFO] - Epoch 5309: Mean test mse is 0.02931241558066436
[2026-07-17 02:49:30,513][agents.ddpm_agent][INFO] - Epoch 5319: Mean test mse is 0.028007315205676214
[2026-07-17 02:49:34,948][agents.ddpm_agent][INFO] - Epoch 5329: Mean test mse is 0.02837760453777654
[2026-07-17 02:49:39,166][agents.ddpm_agent][INFO] - Epoch 5339: Mean test mse is 0.027289794757962227
[2026-07-17 02:49:43,327][agents.ddpm_agent][INFO] - Epoch 5349: Mean test mse is 0.02884052587406976
[2026-07-17 02:49:47,622][agents.ddpm_agent][INFO] - Epoch 5359: Mean test mse is 0.02690586873463222
[2026-07-17 02:49:47,643][agents.ddpm_agent][INFO] - New best test loss. Stored weights have been updated!
[2026-07-17 02:49:51,824][agents.ddpm_agent][INFO] - Epoch 5369: Mean test mse is 0.02958372128861291
[2026-07-17 02:49:55,955][agents.ddpm_agent][INFO] - Epoch 5379: Mean test mse is 0.028870248900992528
[2026-07-17 02:50:00,033][agents.ddpm_agent][INFO] - Epoch 5389: Mean test mse is 0.02472584880888462
[2026-07-17 02:50:00,056][agents.ddpm_agent][INFO] - New best test loss. Stored weights have been updated!
[2026-07-17 02:50:04,228][agents.ddpm_agent][INFO] - Epoch 5399: Mean test mse is 0.0281376734908138
[2026-07-17 02:50:08,156][agents.ddpm_agent][INFO] - Epoch 5409: Mean test mse is 0.028350827151111195
[2026-07-17 02:50:12,540][agents.ddpm_agent][INFO] - Epoch 5419: Mean test mse is 0.027969254979065487
[2026-07-17 02:50:16,943][agents.ddpm_agent][INFO] - Epoch 5429: Mean test mse is 0.027416944237692014
[2026-07-17 02:50:21,271][agents.ddpm_agent][INFO] - Epoch 5439: Mean test mse is 0.029253904840775898
[2026-07-17 02:50:25,760][agents.ddpm_agent][INFO] - Epoch 5449: Mean test mse is 0.027419877371617725
[2026-07-17 02:50:30,199][agents.ddpm_agent][INFO] - Epoch 5459: Mean test mse is 0.029187743152890886
[2026-07-17 02:50:34,614][agents.ddpm_agent][INFO] - Epoch 5469: Mean test mse is 0.028023479506373405
[2026-07-17 02:50:38,842][agents.ddpm_agent][INFO] - Epoch 5479: Mean test mse is 0.027240335941314697
[2026-07-17 02:50:43,348][agents.ddpm_agent][INFO] - Epoch 5489: Mean test mse is 0.027710301535470144
[2026-07-17 02:50:47,714][agents.ddpm_agent][INFO] - Epoch 5499: Mean test mse is 0.028752645211560384
[2026-07-17 02:50:52,119][agents.ddpm_agent][INFO] - Epoch 5509: Mean test mse is 0.028489054313727787
[2026-07-17 02:50:56,449][agents.ddpm_agent][INFO] - Epoch 5519: Mean test mse is 0.026760603434273174
[2026-07-17 02:51:00,893][agents.ddpm_agent][INFO] - Epoch 5529: Mean test mse is 0.028248820719974383
[2026-07-17 02:51:05,000][agents.ddpm_agent][INFO] - Epoch 5539: Mean test mse is 0.02883187814482621
[2026-07-17 02:51:09,271][agents.ddpm_agent][INFO] - Epoch 5549: Mean test mse is 0.027737882254379138
[2026-07-17 02:51:13,696][agents.ddpm_agent][INFO] - Epoch 5559: Mean test mse is 0.027380844045962607
[2026-07-17 02:51:18,020][agents.ddpm_agent][INFO] - Epoch 5569: Mean test mse is 0.0290574420775686
[2026-07-17 02:51:22,484][agents.ddpm_agent][INFO] - Epoch 5579: Mean test mse is 0.029297656512686183
[2026-07-17 02:51:26,625][agents.ddpm_agent][INFO] - Epoch 5589: Mean test mse is 0.027154588805777684
[2026-07-17 02:51:30,815][agents.ddpm_agent][INFO] - Epoch 5599: Mean test mse is 0.02831248433462211
[2026-07-17 02:51:34,957][agents.ddpm_agent][INFO] - Epoch 5609: Mean test mse is 0.02763647586107254
[2026-07-17 02:51:39,442][agents.ddpm_agent][INFO] - Epoch 5619: Mean test mse is 0.02607852460018226
[2026-07-17 02:51:43,664][agents.ddpm_agent][INFO] - Epoch 5629: Mean test mse is 0.027194529505712644
[2026-07-17 02:51:47,991][agents.ddpm_agent][INFO] - Epoch 5639: Mean test mse is 0.027335106528231075
[2026-07-17 02:51:52,351][agents.ddpm_agent][INFO] - Epoch 5649: Mean test mse is 0.028180982119270732
[2026-07-17 02:51:56,576][agents.ddpm_agent][INFO] - Epoch 5659: Mean test mse is 0.026422032288142612
[2026-07-17 02:52:00,833][agents.ddpm_agent][INFO] - Epoch 5669: Mean test mse is 0.027965360720242773
[2026-07-17 02:52:05,276][agents.ddpm_agent][INFO] - Epoch 5679: Mean test mse is 0.02746121133012431
[2026-07-17 02:52:09,355][agents.ddpm_agent][INFO] - Epoch 5689: Mean test mse is 0.02836487681737968
[2026-07-17 02:52:13,544][agents.ddpm_agent][INFO] - Epoch 5699: Mean test mse is 0.02821890956589154
[2026-07-17 02:52:17,937][agents.ddpm_agent][INFO] - Epoch 5709: Mean test mse is 0.02745789528957435
[2026-07-17 02:52:22,135][agents.ddpm_agent][INFO] - Epoch 5719: Mean test mse is 0.02733247940029417
[2026-07-17 02:52:26,529][agents.ddpm_agent][INFO] - Epoch 5729: Mean test mse is 0.02768681012094021
[2026-07-17 02:52:31,006][agents.ddpm_agent][INFO] - Epoch 5739: Mean test mse is 0.025212532175438746
[2026-07-17 02:52:35,361][agents.ddpm_agent][INFO] - Epoch 5749: Mean test mse is 0.027035613943423544
[2026-07-17 02:52:39,622][agents.ddpm_agent][INFO] - Epoch 5759: Mean test mse is 0.027230372120227133
[2026-07-17 02:52:43,678][agents.ddpm_agent][INFO] - Epoch 5769: Mean test mse is 0.026872758886643817
[2026-07-17 02:52:48,079][agents.ddpm_agent][INFO] - Epoch 5779: Mean test mse is 0.02673532228384699
[2026-07-17 02:52:52,314][agents.ddpm_agent][INFO] - Epoch 5789: Mean test mse is 0.026509042030998638
[2026-07-17 02:52:56,701][agents.ddpm_agent][INFO] - Epoch 5799: Mean test mse is 0.028249848367912427
[2026-07-17 02:53:00,889][agents.ddpm_agent][INFO] - Epoch 5809: Mean test mse is 0.026698713323899677
[2026-07-17 02:53:05,135][agents.ddpm_agent][INFO] - Epoch 5819: Mean test mse is 0.028059752924101695
[2026-07-17 02:53:09,566][agents.ddpm_agent][INFO] - Epoch 5829: Mean test mse is 0.027915950066276958
[2026-07-17 02:53:13,742][agents.ddpm_agent][INFO] - Epoch 5839: Mean test mse is 0.027871383087975637
[2026-07-17 02:53:18,052][agents.ddpm_agent][INFO] - Epoch 5849: Mean test mse is 0.0266127809882164
[2026-07-17 02:53:22,417][agents.ddpm_agent][INFO] - Epoch 5859: Mean test mse is 0.028206312762839452
[2026-07-17 02:53:26,587][agents.ddpm_agent][INFO] - Epoch 5869: Mean test mse is 0.02588585950434208
[2026-07-17 02:53:30,788][agents.ddpm_agent][INFO] - Epoch 5879: Mean test mse is 0.02748913610620158
[2026-07-17 02:53:34,976][agents.ddpm_agent][INFO] - Epoch 5889: Mean test mse is 0.02749285740511758
[2026-07-17 02:53:39,223][agents.ddpm_agent][INFO] - Epoch 5899: Mean test mse is 0.026784346838082587
[2026-07-17 02:53:43,513][agents.ddpm_agent][INFO] - Epoch 5909: Mean test mse is 0.028136038088372776
[2026-07-17 02:53:47,937][agents.ddpm_agent][INFO] - Epoch 5919: Mean test mse is 0.027010058984160423
[2026-07-17 02:53:52,264][agents.ddpm_agent][INFO] - Epoch 5929: Mean test mse is 0.026730983651110103
[2026-07-17 02:53:56,689][agents.ddpm_agent][INFO] - Epoch 5939: Mean test mse is 0.025779552491647855
[2026-07-17 02:54:00,744][agents.ddpm_agent][INFO] - Epoch 5949: Mean test mse is 0.026107451745441983
[2026-07-17 02:54:05,046][agents.ddpm_agent][INFO] - Epoch 5959: Mean test mse is 0.026355793699622154
[2026-07-17 02:54:09,624][agents.ddpm_agent][INFO] - Epoch 5969: Mean test mse is 0.027106805837580135
[2026-07-17 02:54:14,022][agents.ddpm_agent][INFO] - Epoch 5979: Mean test mse is 0.026964848062821796
[2026-07-17 02:54:18,279][agents.ddpm_agent][INFO] - Epoch 5989: Mean test mse is 0.02569639709378992
[2026-07-17 02:54:22,674][agents.ddpm_agent][INFO] - Epoch 5999: Mean test mse is 0.027221370222313062
[2026-07-17 02:54:26,837][agents.ddpm_agent][INFO] - Epoch 6009: Mean test mse is 0.02644476986357144
[2026-07-17 02:54:30,912][agents.ddpm_agent][INFO] - Epoch 6019: Mean test mse is 0.026887415509138788
[2026-07-17 02:54:35,131][agents.ddpm_agent][INFO] - Epoch 6029: Mean test mse is 0.02629971823522023
[2026-07-17 02:54:39,571][agents.ddpm_agent][INFO] - Epoch 6039: Mean test mse is 0.02777227227176939
[2026-07-17 02:54:44,057][agents.ddpm_agent][INFO] - Epoch 6049: Mean test mse is 0.025869874017579213
[2026-07-17 02:54:48,020][agents.ddpm_agent][INFO] - Epoch 6059: Mean test mse is 0.026726503989526203
[2026-07-17 02:54:52,279][agents.ddpm_agent][INFO] - Epoch 6069: Mean test mse is 0.02628720924258232
[2026-07-17 02:54:56,635][agents.ddpm_agent][INFO] - Epoch 6079: Mean test mse is 0.027907315641641617
[2026-07-17 02:55:00,680][agents.ddpm_agent][INFO] - Epoch 6089: Mean test mse is 0.027922642284205983
[2026-07-17 02:55:05,121][agents.ddpm_agent][INFO] - Epoch 6099: Mean test mse is 0.025971597326653346
[2026-07-17 02:55:09,499][agents.ddpm_agent][INFO] - Epoch 6109: Mean test mse is 0.027326167694159915
[2026-07-17 02:55:13,898][agents.ddpm_agent][INFO] - Epoch 6119: Mean test mse is 0.026446412184408734
[2026-07-17 02:55:18,161][agents.ddpm_agent][INFO] - Epoch 6129: Mean test mse is 0.026240084320306778
[2026-07-17 02:55:22,427][agents.ddpm_agent][INFO] - Epoch 6139: Mean test mse is 0.026955998901809965
[2026-07-17 02:55:26,676][agents.ddpm_agent][INFO] - Epoch 6149: Mean test mse is 0.025865355506539345
[2026-07-17 02:55:31,138][agents.ddpm_agent][INFO] - Epoch 6159: Mean test mse is 0.028251919629318372
[2026-07-17 02:55:35,107][agents.ddpm_agent][INFO] - Epoch 6169: Mean test mse is 0.02677993636046137
[2026-07-17 02:55:39,268][agents.ddpm_agent][INFO] - Epoch 6179: Mean test mse is 0.026109836463417326
[2026-07-17 02:55:43,407][agents.ddpm_agent][INFO] - Epoch 6189: Mean test mse is 0.02695150939481599
[2026-07-17 02:55:47,822][agents.ddpm_agent][INFO] - Epoch 6199: Mean test mse is 0.02817523798772267
[2026-07-17 02:55:51,841][agents.ddpm_agent][INFO] - Epoch 6209: Mean test mse is 0.025397046336105893
[2026-07-17 02:55:56,008][agents.ddpm_agent][INFO] - Epoch 6219: Mean test mse is 0.025920342387897626
[2026-07-17 02:56:00,298][agents.ddpm_agent][INFO] - Epoch 6229: Mean test mse is 0.026623047622186796
[2026-07-17 02:56:04,298][agents.ddpm_agent][INFO] - Epoch 6239: Mean test mse is 0.02584403194487095
[2026-07-17 02:56:08,396][agents.ddpm_agent][INFO] - Epoch 6249: Mean test mse is 0.025866304923381125
[2026-07-17 02:56:12,706][agents.ddpm_agent][INFO] - Epoch 6259: Mean test mse is 0.02444525621831417
[2026-07-17 02:56:12,726][agents.ddpm_agent][INFO] - New best test loss. Stored weights have been updated!
[2026-07-17 02:56:16,988][agents.ddpm_agent][INFO] - Epoch 6269: Mean test mse is 0.028642534411379268
[2026-07-17 02:56:21,345][agents.ddpm_agent][INFO] - Epoch 6279: Mean test mse is 0.027095460998160497
[2026-07-17 02:56:25,390][agents.ddpm_agent][INFO] - Epoch 6289: Mean test mse is 0.026637190420712744
[2026-07-17 02:56:29,570][agents.ddpm_agent][INFO] - Epoch 6299: Mean test mse is 0.02729891160769122
[2026-07-17 02:56:33,929][agents.ddpm_agent][INFO] - Epoch 6309: Mean test mse is 0.02582283184996673
[2026-07-17 02:56:38,199][agents.ddpm_agent][INFO] - Epoch 6319: Mean test mse is 0.02641154160456998
[2026-07-17 02:56:42,203][agents.ddpm_agent][INFO] - Epoch 6329: Mean test mse is 0.025931784617049352
[2026-07-17 02:56:46,456][agents.ddpm_agent][INFO] - Epoch 6339: Mean test mse is 0.025249323674610684
[2026-07-17 02:56:50,787][agents.ddpm_agent][INFO] - Epoch 6349: Mean test mse is 0.02679273140217577
[2026-07-17 02:56:54,932][agents.ddpm_agent][INFO] - Epoch 6359: Mean test mse is 0.025447961475167955
[2026-07-17 02:56:59,107][agents.ddpm_agent][INFO] - Epoch 6369: Mean test mse is 0.02556531796497958
[2026-07-17 02:57:03,259][agents.ddpm_agent][INFO] - Epoch 6379: Mean test mse is 0.02567006807242121
[2026-07-17 02:57:07,532][agents.ddpm_agent][INFO] - Epoch 6389: Mean test mse is 0.027185505788241113
[2026-07-17 02:57:11,749][agents.ddpm_agent][INFO] - Epoch 6399: Mean test mse is 0.026951206848025322
[2026-07-17 02:57:15,887][agents.ddpm_agent][INFO] - Epoch 6409: Mean test mse is 0.02629322186112404
[2026-07-17 02:57:20,176][agents.ddpm_agent][INFO] - Epoch 6419: Mean test mse is 0.027004764282277653
[2026-07-17 02:57:24,516][agents.ddpm_agent][INFO] - Epoch 6429: Mean test mse is 0.02490822066153799
[2026-07-17 02:57:28,683][agents.ddpm_agent][INFO] - Epoch 6439: Mean test mse is 0.025509315143738474
[2026-07-17 02:57:32,900][agents.ddpm_agent][INFO] - Epoch 6449: Mean test mse is 0.026335295023662702
[2026-07-17 02:57:37,200][agents.ddpm_agent][INFO] - Epoch 6459: Mean test mse is 0.025681594918881143
[2026-07-17 02:57:41,601][agents.ddpm_agent][INFO] - Epoch 6469: Mean test mse is 0.027782073776636804
[2026-07-17 02:57:45,917][agents.ddpm_agent][INFO] - Epoch 6479: Mean test mse is 0.027554277064544812
[2026-07-17 02:57:49,982][agents.ddpm_agent][INFO] - Epoch 6489: Mean test mse is 0.02635530169521059
[2026-07-17 02:57:54,076][agents.ddpm_agent][INFO] - Epoch 6499: Mean test mse is 0.02589655321623598
[2026-07-17 02:57:58,348][agents.ddpm_agent][INFO] - Epoch 6509: Mean test mse is 0.026573090414915766
[2026-07-17 02:58:02,691][agents.ddpm_agent][INFO] - Epoch 6519: Mean test mse is 0.026004414473261152
[2026-07-17 02:58:06,923][agents.ddpm_agent][INFO] - Epoch 6529: Mean test mse is 0.027031973004341125
[2026-07-17 02:58:11,265][agents.ddpm_agent][INFO] - Epoch 6539: Mean test mse is 0.02666975265102727
[2026-07-17 02:58:15,524][agents.ddpm_agent][INFO] - Epoch 6549: Mean test mse is 0.026566178937043463
[2026-07-17 02:58:19,727][agents.ddpm_agent][INFO] - Epoch 6559: Mean test mse is 0.025295978944216455
[2026-07-17 02:58:23,815][agents.ddpm_agent][INFO] - Epoch 6569: Mean test mse is 0.025661139882036617
[2026-07-17 02:58:28,005][agents.ddpm_agent][INFO] - Epoch 6579: Mean test mse is 0.02567008643278054
[2026-07-17 02:58:32,215][agents.ddpm_agent][INFO] - Epoch 6589: Mean test mse is 0.026980851643851826
[2026-07-17 02:58:36,490][agents.ddpm_agent][INFO] - Epoch 6599: Mean test mse is 0.02544827652829034
[2026-07-17 02:58:40,619][agents.ddpm_agent][INFO] - Epoch 6609: Mean test mse is 0.02469907993716853
[2026-07-17 02:58:44,820][agents.ddpm_agent][INFO] - Epoch 6619: Mean test mse is 0.027035048231482506
[2026-07-17 02:58:49,186][agents.ddpm_agent][INFO] - Epoch 6629: Mean test mse is 0.02606086672416755
[2026-07-17 02:58:54,651][agents.ddpm_agent][INFO] - Epoch 6639: Mean test mse is 0.02642181861613478
[2026-07-17 02:58:58,734][agents.ddpm_agent][INFO] - Epoch 6649: Mean test mse is 0.0271329829203231
[2026-07-17 02:59:03,047][agents.ddpm_agent][INFO] - Epoch 6659: Mean test mse is 0.02489375855241503
[2026-07-17 02:59:07,367][agents.ddpm_agent][INFO] - Epoch 6669: Mean test mse is 0.026924019945519313
[2026-07-17 02:59:12,621][agents.ddpm_agent][INFO] - Epoch 6679: Mean test mse is 0.025076519963996752
[2026-07-17 02:59:16,888][agents.ddpm_agent][INFO] - Epoch 6689: Mean test mse is 0.026283256443483487
[2026-07-17 02:59:21,465][agents.ddpm_agent][INFO] - Epoch 6699: Mean test mse is 0.026408073093209947
[2026-07-17 02:59:27,548][agents.ddpm_agent][INFO] - Epoch 6709: Mean test mse is 0.02763920197529452
[2026-07-17 02:59:31,591][agents.ddpm_agent][INFO] - Epoch 6719: Mean test mse is 0.02513533112193857
[2026-07-17 02:59:35,602][agents.ddpm_agent][INFO] - Epoch 6729: Mean test mse is 0.027163452601858547
[2026-07-17 02:59:39,314][agents.ddpm_agent][INFO] - Epoch 6739: Mean test mse is 0.025821228378585408
[2026-07-17 02:59:44,763][agents.ddpm_agent][INFO] - Epoch 6749: Mean test mse is 0.02565286122262478
[2026-07-17 02:59:49,260][agents.ddpm_agent][INFO] - Epoch 6759: Mean test mse is 0.02656718609588487
[2026-07-17 02:59:54,504][agents.ddpm_agent][INFO] - Epoch 6769: Mean test mse is 0.026767489101205553
[2026-07-17 03:00:00,919][agents.ddpm_agent][INFO] - Epoch 6779: Mean test mse is 0.026961914662803923
[2026-07-17 03:00:05,274][agents.ddpm_agent][INFO] - Epoch 6789: Mean test mse is 0.026015759844865118
[2026-07-17 03:00:09,530][agents.ddpm_agent][INFO] - Epoch 6799: Mean test mse is 0.02676979106451784
[2026-07-17 03:00:14,313][agents.ddpm_agent][INFO] - Epoch 6809: Mean test mse is 0.02589520812034607
[2026-07-17 03:00:20,257][agents.ddpm_agent][INFO] - Epoch 6819: Mean test mse is 0.025842115815196718
[2026-07-17 03:00:25,206][agents.ddpm_agent][INFO] - Epoch 6829: Mean test mse is 0.025128490424581935
[2026-07-17 03:00:31,262][agents.ddpm_agent][INFO] - Epoch 6839: Mean test mse is 0.02588492285992418
[2026-07-17 03:00:37,634][agents.ddpm_agent][INFO] - Epoch 6849: Mean test mse is 0.026452141680887768
[2026-07-17 03:00:43,314][agents.ddpm_agent][INFO] - Epoch 6859: Mean test mse is 0.025854783664856638
[2026-07-17 03:00:47,396][agents.ddpm_agent][INFO] - Epoch 6869: Mean test mse is 0.02547705625849111
[2026-07-17 03:00:53,067][agents.ddpm_agent][INFO] - Epoch 6879: Mean test mse is 0.02444104983338288
[2026-07-17 03:00:53,088][agents.ddpm_agent][INFO] - New best test loss. Stored weights have been updated!
[2026-07-17 03:00:59,178][agents.ddpm_agent][INFO] - Epoch 6889: Mean test mse is 0.02485200416828905
[2026-07-17 03:01:04,852][agents.ddpm_agent][INFO] - Epoch 6899: Mean test mse is 0.024732004585010663
[2026-07-17 03:01:10,922][agents.ddpm_agent][INFO] - Epoch 6909: Mean test mse is 0.027188345789909363
[2026-07-17 03:01:17,198][agents.ddpm_agent][INFO] - Epoch 6919: Mean test mse is 0.02445061265357903
[2026-07-17 03:01:22,768][agents.ddpm_agent][INFO] - Epoch 6929: Mean test mse is 0.02660853069807802
[2026-07-17 03:01:27,727][agents.ddpm_agent][INFO] - Epoch 6939: Mean test mse is 0.02448613116783755
[2026-07-17 03:01:33,792][agents.ddpm_agent][INFO] - Epoch 6949: Mean test mse is 0.02501493719007288
[2026-07-17 03:01:39,480][agents.ddpm_agent][INFO] - Epoch 6959: Mean test mse is 0.025662743353417942
[2026-07-17 03:01:45,676][agents.ddpm_agent][INFO] - Epoch 6969: Mean test mse is 0.025562532246112823
[2026-07-17 03:01:51,780][agents.ddpm_agent][INFO] - Epoch 6979: Mean test mse is 0.024441873654723167
[2026-07-17 03:01:57,734][agents.ddpm_agent][INFO] - Epoch 6989: Mean test mse is 0.025012372061610222
[2026-07-17 03:02:03,999][agents.ddpm_agent][INFO] - Epoch 6999: Mean test mse is 0.024215675092169216
[2026-07-17 03:02:04,022][agents.ddpm_agent][INFO] - New best test loss. Stored weights have been updated!
[2026-07-17 03:02:09,124][agents.ddpm_agent][INFO] - Epoch 7009: Mean test mse is 0.024788050247090205
[2026-07-17 03:02:13,205][agents.ddpm_agent][INFO] - Epoch 7019: Mean test mse is 0.025993139616080692
[2026-07-17 03:02:17,506][agents.ddpm_agent][INFO] - Epoch 7029: Mean test mse is 0.024234754432524954
[2026-07-17 03:02:21,863][agents.ddpm_agent][INFO] - Epoch 7039: Mean test mse is 0.0270161045981305
[2026-07-17 03:02:25,937][agents.ddpm_agent][INFO] - Epoch 7049: Mean test mse is 0.02534271776676178
[2026-07-17 03:02:30,132][agents.ddpm_agent][INFO] - Epoch 7059: Mean test mse is 0.025491163666759218
[2026-07-17 03:02:34,263][agents.ddpm_agent][INFO] - Epoch 7069: Mean test mse is 0.025166820202554976
[2026-07-17 03:02:38,563][agents.ddpm_agent][INFO] - Epoch 7079: Mean test mse is 0.025244072345750674
[2026-07-17 03:02:42,743][agents.ddpm_agent][INFO] - Epoch 7089: Mean test mse is 0.02573531759636743
[2026-07-17 03:02:46,907][agents.ddpm_agent][INFO] - Epoch 7099: Mean test mse is 0.025264028193695203
[2026-07-17 03:02:51,182][agents.ddpm_agent][INFO] - Epoch 7109: Mean test mse is 0.024832662727151598
[2026-07-17 03:02:55,541][agents.ddpm_agent][INFO] - Epoch 7119: Mean test mse is 0.02435740110065256
[2026-07-17 03:02:59,648][agents.ddpm_agent][INFO] - Epoch 7129: Mean test mse is 0.02500367271048682
[2026-07-17 03:03:03,918][agents.ddpm_agent][INFO] - Epoch 7139: Mean test mse is 0.02723087796143123
[2026-07-17 03:03:08,095][agents.ddpm_agent][INFO] - Epoch 7149: Mean test mse is 0.024960326829126904
[2026-07-17 03:03:12,348][agents.ddpm_agent][INFO] - Epoch 7159: Mean test mse is 0.02600832815681185
[2026-07-17 03:03:16,630][agents.ddpm_agent][INFO] - Epoch 7169: Mean test mse is 0.02440633252263069
[2026-07-17 03:03:20,589][agents.ddpm_agent][INFO] - Epoch 7179: Mean test mse is 0.027631741017103195
[2026-07-17 03:03:24,779][agents.ddpm_agent][INFO] - Epoch 7189: Mean test mse is 0.029139066647206033
[2026-07-17 03:03:29,258][agents.ddpm_agent][INFO] - Epoch 7199: Mean test mse is 0.02449443138071469
[2026-07-17 03:03:33,777][agents.ddpm_agent][INFO] - Epoch 7209: Mean test mse is 0.025169343820640018
[2026-07-17 03:03:37,974][agents.ddpm_agent][INFO] - Epoch 7219: Mean test mse is 0.026477426822696413
[2026-07-17 03:03:42,299][agents.ddpm_agent][INFO] - Epoch 7229: Mean test mse is 0.024552978043045317
[2026-07-17 03:03:46,781][agents.ddpm_agent][INFO] - Epoch 7239: Mean test mse is 0.02484115958213806
[2026-07-17 03:03:50,920][agents.ddpm_agent][INFO] - Epoch 7249: Mean test mse is 0.02496113734585898
[2026-07-17 03:03:54,948][agents.ddpm_agent][INFO] - Epoch 7259: Mean test mse is 0.02521487564912864
[2026-07-17 03:03:59,240][agents.ddpm_agent][INFO] - Epoch 7269: Mean test mse is 0.02507685257920197
[2026-07-17 03:04:03,616][agents.ddpm_agent][INFO] - Epoch 7279: Mean test mse is 0.02558454658303942
[2026-07-17 03:04:07,674][agents.ddpm_agent][INFO] - Epoch 7289: Mean test mse is 0.02524713320391519
[2026-07-17 03:04:12,087][agents.ddpm_agent][INFO] - Epoch 7299: Mean test mse is 0.024732864328793118
[2026-07-17 03:04:16,386][agents.ddpm_agent][INFO] - Epoch 7309: Mean test mse is 0.02608859964779445
[2026-07-17 03:04:20,781][agents.ddpm_agent][INFO] - Epoch 7319: Mean test mse is 0.0251617825457028
[2026-07-17 03:04:25,151][agents.ddpm_agent][INFO] - Epoch 7329: Mean test mse is 0.023907147347927094
[2026-07-17 03:04:25,171][agents.ddpm_agent][INFO] - New best test loss. Stored weights have been updated!
[2026-07-17 03:04:29,553][agents.ddpm_agent][INFO] - Epoch 7339: Mean test mse is 0.024849786556192806
[2026-07-17 03:04:33,639][agents.ddpm_agent][INFO] - Epoch 7349: Mean test mse is 0.024887385911175182
[2026-07-17 03:04:37,952][agents.ddpm_agent][INFO] - Epoch 7359: Mean test mse is 0.02411216577248914
[2026-07-17 03:04:42,288][agents.ddpm_agent][INFO] - Epoch 7369: Mean test mse is 0.02461323221879346
[2026-07-17 03:04:46,368][agents.ddpm_agent][INFO] - Epoch 7379: Mean test mse is 0.02327964242015566
[2026-07-17 03:04:46,388][agents.ddpm_agent][INFO] - New best test loss. Stored weights have been updated!
[2026-07-17 03:04:50,673][agents.ddpm_agent][INFO] - Epoch 7389: Mean test mse is 0.025193617280040468
[2026-07-17 03:04:55,012][agents.ddpm_agent][INFO] - Epoch 7399: Mean test mse is 0.02524829682494913
[2026-07-17 03:04:59,191][agents.ddpm_agent][INFO] - Epoch 7409: Mean test mse is 0.02339999856693404
[2026-07-17 03:05:03,491][agents.ddpm_agent][INFO] - Epoch 7419: Mean test mse is 0.02467019749539239
[2026-07-17 03:05:07,791][agents.ddpm_agent][INFO] - Epoch 7429: Mean test mse is 0.024557736835309436
[2026-07-17 03:05:12,242][agents.ddpm_agent][INFO] - Epoch 7439: Mean test mse is 0.02411856475685324
[2026-07-17 03:05:16,495][agents.ddpm_agent][INFO] - Epoch 7449: Mean test mse is 0.025200258940458298
[2026-07-17 03:05:20,745][agents.ddpm_agent][INFO] - Epoch 7459: Mean test mse is 0.02559953315981797
[2026-07-17 03:05:25,299][agents.ddpm_agent][INFO] - Epoch 7469: Mean test mse is 0.025687214519296373
[2026-07-17 03:05:29,731][agents.ddpm_agent][INFO] - Epoch 7479: Mean test mse is 0.024114534258842468
[2026-07-17 03:05:33,968][agents.ddpm_agent][INFO] - Epoch 7489: Mean test mse is 0.02500167622097901
[2026-07-17 03:05:38,315][agents.ddpm_agent][INFO] - Epoch 7499: Mean test mse is 0.02614962203162057
[2026-07-17 03:05:42,711][agents.ddpm_agent][INFO] - Epoch 7509: Mean test mse is 0.023826908320188522
[2026-07-17 03:05:46,845][agents.ddpm_agent][INFO] - Epoch 7519: Mean test mse is 0.024777737046991075
[2026-07-17 03:05:51,053][agents.ddpm_agent][INFO] - Epoch 7529: Mean test mse is 0.02548484770315034
[2026-07-17 03:05:55,163][agents.ddpm_agent][INFO] - Epoch 7539: Mean test mse is 0.024290591744439944
[2026-07-17 03:05:59,478][agents.ddpm_agent][INFO] - Epoch 7549: Mean test mse is 0.02523786441556045
[2026-07-17 03:06:03,811][agents.ddpm_agent][INFO] - Epoch 7559: Mean test mse is 0.025037944050771848
[2026-07-17 03:06:07,815][agents.ddpm_agent][INFO] - Epoch 7569: Mean test mse is 0.024857808968850544
[2026-07-17 03:06:12,099][agents.ddpm_agent][INFO] - Epoch 7579: Mean test mse is 0.026765593460627964
[2026-07-17 03:06:16,496][agents.ddpm_agent][INFO] - Epoch 7589: Mean test mse is 0.024426046226705824
[2026-07-17 03:06:20,861][agents.ddpm_agent][INFO] - Epoch 7599: Mean test mse is 0.02318869424717767
[2026-07-17 03:06:20,899][agents.ddpm_agent][INFO] - New best test loss. Stored weights have been updated!
[2026-07-17 03:06:25,253][agents.ddpm_agent][INFO] - Epoch 7609: Mean test mse is 0.024149084197623388
[2026-07-17 03:06:29,254][agents.ddpm_agent][INFO] - Epoch 7619: Mean test mse is 0.024732931916202818
[2026-07-17 03:06:33,496][agents.ddpm_agent][INFO] - Epoch 7629: Mean test mse is 0.023253519354122027
[2026-07-17 03:06:37,738][agents.ddpm_agent][INFO] - Epoch 7639: Mean test mse is 0.028021832928061485
[2026-07-17 03:06:42,142][agents.ddpm_agent][INFO] - Epoch 7649: Mean test mse is 0.0239977269832577
[2026-07-17 03:06:46,482][agents.ddpm_agent][INFO] - Epoch 7659: Mean test mse is 0.02510602612580572
[2026-07-17 03:06:50,741][agents.ddpm_agent][INFO] - Epoch 7669: Mean test mse is 0.0247712747326919
[2026-07-17 03:06:55,132][agents.ddpm_agent][INFO] - Epoch 7679: Mean test mse is 0.024031619408300946
[2026-07-17 03:06:59,333][agents.ddpm_agent][INFO] - Epoch 7689: Mean test mse is 0.02380312154335635
[2026-07-17 03:07:03,670][agents.ddpm_agent][INFO] - Epoch 7699: Mean test mse is 0.025525827226894244
[2026-07-17 03:07:07,956][agents.ddpm_agent][INFO] - Epoch 7709: Mean test mse is 0.02549727527158601
[2026-07-17 03:07:12,208][agents.ddpm_agent][INFO] - Epoch 7719: Mean test mse is 0.024731711617537906
[2026-07-17 03:07:16,363][agents.ddpm_agent][INFO] - Epoch 7729: Mean test mse is 0.025450791099241803
[2026-07-17 03:07:20,605][agents.ddpm_agent][INFO] - Epoch 7739: Mean test mse is 0.024641092866659164
[2026-07-17 03:07:25,042][agents.ddpm_agent][INFO] - Epoch 7749: Mean test mse is 0.025726842294846262
[2026-07-17 03:07:29,434][agents.ddpm_agent][INFO] - Epoch 7759: Mean test mse is 0.024139224418572018
[2026-07-17 03:07:33,724][agents.ddpm_agent][INFO] - Epoch 7769: Mean test mse is 0.024492964148521423
[2026-07-17 03:07:37,861][agents.ddpm_agent][INFO] - Epoch 7779: Mean test mse is 0.025807820792709078
[2026-07-17 03:07:42,117][agents.ddpm_agent][INFO] - Epoch 7789: Mean test mse is 0.025674243324569294
[2026-07-17 03:07:46,535][agents.ddpm_agent][INFO] - Epoch 7799: Mean test mse is 0.02482386039836066
[2026-07-17 03:07:51,170][agents.ddpm_agent][INFO] - Epoch 7809: Mean test mse is 0.02504888629274709
[2026-07-17 03:07:55,149][agents.ddpm_agent][INFO] - Epoch 7819: Mean test mse is 0.024551323748060634
[2026-07-17 03:07:59,726][agents.ddpm_agent][INFO] - Epoch 7829: Mean test mse is 0.02449711598455906
[2026-07-17 03:08:04,023][agents.ddpm_agent][INFO] - Epoch 7839: Mean test mse is 0.024258214182087352
[2026-07-17 03:08:08,216][agents.ddpm_agent][INFO] - Epoch 7849: Mean test mse is 0.02581736259162426
[2026-07-17 03:08:12,328][agents.ddpm_agent][INFO] - Epoch 7859: Mean test mse is 0.02535773121884891
[2026-07-17 03:08:16,608][agents.ddpm_agent][INFO] - Epoch 7869: Mean test mse is 0.02494578914982932
[2026-07-17 03:08:20,585][agents.ddpm_agent][INFO] - Epoch 7879: Mean test mse is 0.024772425581301962
[2026-07-17 03:08:24,765][agents.ddpm_agent][INFO] - Epoch 7889: Mean test mse is 0.025091179247413362
[2026-07-17 03:08:28,890][agents.ddpm_agent][INFO] - Epoch 7899: Mean test mse is 0.027726413682103157
[2026-07-17 03:08:33,275][agents.ddpm_agent][INFO] - Epoch 7909: Mean test mse is 0.02329989948443004
[2026-07-17 03:08:37,532][agents.ddpm_agent][INFO] - Epoch 7919: Mean test mse is 0.02445692675454276
[2026-07-17 03:08:41,622][agents.ddpm_agent][INFO] - Epoch 7929: Mean test mse is 0.024462460141096796
[2026-07-17 03:08:45,933][agents.ddpm_agent][INFO] - Epoch 7939: Mean test mse is 0.02527954801917076
[2026-07-17 03:08:50,114][agents.ddpm_agent][INFO] - Epoch 7949: Mean test mse is 0.025561113442693437
[2026-07-17 03:08:54,094][agents.ddpm_agent][INFO] - Epoch 7959: Mean test mse is 0.024838081427982876
[2026-07-17 03:08:58,175][agents.ddpm_agent][INFO] - Epoch 7969: Mean test mse is 0.024641961923667362
[2026-07-17 03:09:02,220][agents.ddpm_agent][INFO] - Epoch 7979: Mean test mse is 0.02489705623260566
[2026-07-17 03:09:06,415][agents.ddpm_agent][INFO] - Epoch 7989: Mean test mse is 0.023230945957558497
[2026-07-17 03:09:10,564][agents.ddpm_agent][INFO] - Epoch 7999: Mean test mse is 0.024971884010093554
[2026-07-17 03:09:10,905][agents.ddpm_agent][INFO] - Training done!
[2026-07-17 03:09:10,906][__main__][INFO] - Training-only mode enabled; skipping simulation.
