{"epoch": 0, "loss": 0.6506524682044983, "active_blocks": [0, 1, 2, 3], "multi_noise": 1, "cross_noise_weight": 0.0}
{"epoch": 25, "loss": 0.2779276520013809, "active_blocks": [0, 1, 2, 3], "multi_noise": 1, "cross_noise_weight": 0.0}
{"epoch": 50, "loss": 0.19710169732570648, "active_blocks": [0, 1, 2, 3], "multi_noise": 1, "cross_noise_weight": 0.0}
{"epoch": 75, "loss": 0.13900607824325562, "active_blocks": [0, 1, 2, 3], "multi_noise": 1, "cross_noise_weight": 0.0}
{"epoch": 100, "loss": 0.14492857083678246, "active_blocks": [0, 1, 2, 3], "multi_noise": 1, "cross_noise_weight": 0.0}
{"epoch": 125, "loss": 0.10607687942683697, "active_blocks": [0, 1, 2, 3], "multi_noise": 1, "cross_noise_weight": 0.0}
{"epoch": 150, "loss": 0.09149996377527714, "active_blocks": [0, 1, 2, 3], "multi_noise": 1, "cross_noise_weight": 0.0}
{"epoch": 175, "loss": 0.08850219659507275, "active_blocks": [0, 1, 2, 3], "multi_noise": 1, "cross_noise_weight": 0.0}
{"epoch": 200, "loss": 0.08247504942119122, "active_blocks": [0, 1, 2, 3], "multi_noise": 1, "cross_noise_weight": 0.0}
{"epoch": 225, "loss": 0.07188236713409424, "active_blocks": [0, 1, 2, 3], "multi_noise": 1, "cross_noise_weight": 0.0}
{"epoch": 250, "loss": 0.08579695783555508, "active_blocks": [0, 1, 2, 3], "multi_noise": 1, "cross_noise_weight": 0.0}
{"epoch": 275, "loss": 0.09289351850748062, "active_blocks": [0, 1, 2, 3], "multi_noise": 1, "cross_noise_weight": 0.0}
{"epoch": 300, "loss": 0.07466849125921726, "active_blocks": [0, 1, 2, 3], "multi_noise": 1, "cross_noise_weight": 0.0}
{"epoch": 325, "loss": 0.055377415381371975, "active_blocks": [0, 1, 2, 3], "multi_noise": 1, "cross_noise_weight": 0.0}
{"epoch": 350, "loss": 0.08536500297486782, "active_blocks": [0, 1, 2, 3], "multi_noise": 1, "cross_noise_weight": 0.0}
{"epoch": 375, "loss": 0.07600234262645245, "active_blocks": [0, 1, 2, 3], "multi_noise": 1, "cross_noise_weight": 0.0}
{"epoch": 400, "loss": 0.057122327387332916, "active_blocks": [0, 1, 2, 3], "multi_noise": 1, "cross_noise_weight": 0.0}
{"epoch": 425, "loss": 0.07607842236757278, "active_blocks": [0, 1, 2, 3], "multi_noise": 1, "cross_noise_weight": 0.0}
{"epoch": 450, "loss": 0.08449600823223591, "active_blocks": [0, 1, 2, 3], "multi_noise": 1, "cross_noise_weight": 0.0}
{"epoch": 475, "loss": 0.04919886589050293, "active_blocks": [0, 1, 2, 3], "multi_noise": 1, "cross_noise_weight": 0.0}
{"epoch": 500, "loss": 0.06354689039289951, "active_blocks": [0, 1, 2, 3], "multi_noise": 1, "cross_noise_weight": 0.0}
{"epoch": 525, "loss": 0.04979717265814543, "active_blocks": [0, 1, 2, 3], "multi_noise": 1, "cross_noise_weight": 0.0}
{"epoch": 550, "loss": 0.05755899287760258, "active_blocks": [0, 1, 2, 3], "multi_noise": 1, "cross_noise_weight": 0.0}
{"epoch": 575, "loss": 0.057373376563191414, "active_blocks": [0, 1, 2, 3], "multi_noise": 1, "cross_noise_weight": 0.0}
{"epoch": 600, "loss": 0.0700383149087429, "active_blocks": [0, 1, 2, 3], "multi_noise": 1, "cross_noise_weight": 0.0}
{"epoch": 625, "loss": 0.06528204772621393, "active_blocks": [0, 1, 2, 3], "multi_noise": 1, "cross_noise_weight": 0.0}
{"epoch": 650, "loss": 0.06632942333817482, "active_blocks": [0, 1, 2, 3], "multi_noise": 1, "cross_noise_weight": 0.0}
{"epoch": 675, "loss": 0.0511375879868865, "active_blocks": [0, 1, 2, 3], "multi_noise": 1, "cross_noise_weight": 0.0}
{"epoch": 700, "loss": 0.05055583640933037, "active_blocks": [0, 1, 2, 3], "multi_noise": 1, "cross_noise_weight": 0.0}
{"epoch": 725, "loss": 0.06581858359277248, "active_blocks": [0, 1, 2, 3], "multi_noise": 1, "cross_noise_weight": 0.0}
{"epoch": 750, "loss": 0.06225988920778036, "active_blocks": [0, 1, 2, 3], "multi_noise": 1, "cross_noise_weight": 0.0}
{"epoch": 775, "loss": 0.06631849147379398, "active_blocks": [0, 1, 2, 3], "multi_noise": 1, "cross_noise_weight": 0.0}
{"epoch": 800, "loss": 0.041028955951333046, "active_blocks": [0, 1, 2, 3], "multi_noise": 1, "cross_noise_weight": 0.0}
{"epoch": 825, "loss": 0.050548271276056767, "active_blocks": [0, 1, 2, 3], "multi_noise": 1, "cross_noise_weight": 0.0}
{"epoch": 850, "loss": 0.06280350126326084, "active_blocks": [0, 1, 2, 3], "multi_noise": 1, "cross_noise_weight": 0.0}
{"epoch": 875, "loss": 0.057417917996644974, "active_blocks": [0, 1, 2, 3], "multi_noise": 1, "cross_noise_weight": 0.0}
{"epoch": 900, "loss": 0.04841692466288805, "active_blocks": [0, 1, 2, 3], "multi_noise": 1, "cross_noise_weight": 0.0}
{"epoch": 925, "loss": 0.0519020389765501, "active_blocks": [0, 1, 2, 3], "multi_noise": 1, "cross_noise_weight": 0.0}
{"epoch": 950, "loss": 0.04190688394010067, "active_blocks": [0, 1, 2, 3], "multi_noise": 1, "cross_noise_weight": 0.0}
{"epoch": 975, "loss": 0.056458055041730404, "active_blocks": [0, 1, 2, 3], "multi_noise": 1, "cross_noise_weight": 0.0}
{"epoch": 0, "loss": 0.11888125352561474, "active_blocks": [0, 1, 2, 3], "multi_noise": 1, "cross_noise_weight": 0.0}
{"epoch": 25, "loss": 0.048128669150173664, "active_blocks": [0, 1, 2, 3], "multi_noise": 1, "cross_noise_weight": 0.0}
{"epoch": 50, "loss": 0.040168484672904015, "active_blocks": [0, 1, 2, 3], "multi_noise": 1, "cross_noise_weight": 0.0}
{"epoch": 75, "loss": 0.03929290547966957, "active_blocks": [0, 1, 2, 3], "multi_noise": 1, "cross_noise_weight": 0.0}
{"epoch": 100, "loss": 0.0314711551181972, "active_blocks": [0, 1, 2, 3], "multi_noise": 1, "cross_noise_weight": 0.0}
{"epoch": 125, "loss": 0.033645590767264366, "active_blocks": [0, 1, 2, 3], "multi_noise": 1, "cross_noise_weight": 0.0}
{"epoch": 150, "loss": 0.03316802252084017, "active_blocks": [0, 1, 2, 3], "multi_noise": 1, "cross_noise_weight": 0.0}
{"epoch": 175, "loss": 0.03897613659501076, "active_blocks": [0, 1, 2, 3], "multi_noise": 1, "cross_noise_weight": 0.0}
{"epoch": 200, "loss": 0.028057231102138758, "active_blocks": [0, 1, 2, 3], "multi_noise": 1, "cross_noise_weight": 0.0}
{"epoch": 225, "loss": 0.03492920286953449, "active_blocks": [0, 1, 2, 3], "multi_noise": 1, "cross_noise_weight": 0.0}
{"epoch": 250, "loss": 0.030152265448123217, "active_blocks": [0, 1, 2, 3], "multi_noise": 1, "cross_noise_weight": 0.0}
{"epoch": 275, "loss": 0.033918038941919804, "active_blocks": [0, 1, 2, 3], "multi_noise": 1, "cross_noise_weight": 0.0}
{
  "method": "teacher_assistant",
  "student_architecture": {
    "layers": 3,
    "embed_dim": 48,
    "heads": 3
  },
  "initialization": {
    "method": "teacher_assistant",
    "assistant_initialization": {
      "teacher_layers": [
        0,
        1,
        2,
        3
      ],
      "selected_heads": [
        0,
        1,
        2,
        3
      ],
      "selected_channels": [
        1,
        2,
        3,
        6,
        7,
        8,
        10,
        11,
        13,
        14,
        15,
        16,
        18,
        19,
        20,
        21,
        25,
        28,
        29,
        30,
        31,
        32,
        34,
        35,
        36,
        39,
        40,
        41,
        43,
        44,
        46,
        48,
        50,
        51,
        52,
        53,
        54,
        55,
        57,
        58,
        59,
        61,
        62,
        64,
        66,
        67,
        69,
        71
      ],
      "method": "width",
      "load_max_abs_diff": 0.0
    },
    "student_layer_map": [
      0,
      2,
      3
    ],
    "assistant_multi_noise": 1,
    "assistant_cross_noise_weight": 0.0
  },
  "stages": [
    {
      "source": "FM-4x72-16",
      "target": "FM-4x48-16",
      "epochs": 1000,
      "best_loss": 0.038060860708355904
    },
    {
      "source": "FM-4x48-16",
      "target": "FM-3x48-16",
      "epochs": 300
    }
  ],
  "best_selection_loss": 0.027052769903093576,
  "uses_original_demonstrations": false,
  "uses_expert_actions": false,
  "buffer": "logs/avoiding/teacher_generated_transfer/transfer_buffer.pt"
}
