pybullet build time: Jan 29 2025 23:16:28
/jet/home/qzhou7/workspace/anaconda3/envs/d3il/lib/python3.10/site-packages/hydra/_internal/defaults_list.py:251: UserWarning: In 'avoiding_config': Defaults list is missing `_self_`. See https://hydra.cc/docs/upgrades/1.0_to_1.1/default_composition_order for more information
  warnings.warn(msg, UserWarning)
Final IK error (78 iterations):  7.2858622740646e-06
Final IK error (0 iterations):  7.2858622740646e-06
{"rollout_progress": {"completed": 10, "total": 120, "successful_so_far": 8, "elapsed_seconds": 59.55985071393661, "finished": false}}
{"rollout_progress": {"completed": 20, "total": 120, "successful_so_far": 16, "elapsed_seconds": 117.0021456789691, "finished": false}}
{"rollout_progress": {"completed": 30, "total": 120, "successful_so_far": 24, "elapsed_seconds": 177.1717884578975, "finished": false}}
{"rollout_progress": {"completed": 40, "total": 120, "successful_so_far": 31, "elapsed_seconds": 228.97788971289992, "finished": false}}
{"rollout_progress": {"completed": 50, "total": 120, "successful_so_far": 40, "elapsed_seconds": 282.72116454399657, "finished": false}}
{"rollout_progress": {"completed": 60, "total": 120, "successful_so_far": 50, "elapsed_seconds": 339.9982069559628, "finished": false}}
{"rollout_progress": {"completed": 70, "total": 120, "successful_so_far": 58, "elapsed_seconds": 395.2115762399044, "finished": false}}
{"rollout_progress": {"completed": 80, "total": 120, "successful_so_far": 68, "elapsed_seconds": 446.6116140629165, "finished": false}}
{"rollout_progress": {"completed": 90, "total": 120, "successful_so_far": 78, "elapsed_seconds": 509.7351594499778, "finished": false}}
{"rollout_progress": {"completed": 100, "total": 120, "successful_so_far": 87, "elapsed_seconds": 573.4552271299763, "finished": false}}
{"rollout_progress": {"completed": 110, "total": 120, "successful_so_far": 97, "elapsed_seconds": 630.4525928229559, "finished": false}}
{"rollout_progress": {"completed": 120, "total": 120, "successful_so_far": 107, "elapsed_seconds": 694.4504221199313, "finished": true}}
{
  "Flow-Matching": {
    "n_trajectories": 120,
    "success_rate": 0.8916666666666667,
    "successful_trajectories": 107,
    "unique_successful_modes": 6,
    "normalized_mode_entropy": 0.24568497570703157
  }
}
