pybullet build time: Jan 29 2025 23:16:28
/jet/home/qzhou7/workspace/anaconda3/envs/d3il/lib/python3.10/site-packages/hydra/_internal/defaults_list.py:251: UserWarning: In 'avoiding_config': Defaults list is missing `_self_`. See https://hydra.cc/docs/upgrades/1.0_to_1.1/default_composition_order for more information
  warnings.warn(msg, UserWarning)
Final IK error (78 iterations):  7.2858622740646e-06
Final IK error (0 iterations):  7.2858622740646e-06
{"rollout_progress": {"completed": 10, "total": 120, "successful_so_far": 7, "elapsed_seconds": 57.97110850503668, "finished": false}}
{"rollout_progress": {"completed": 20, "total": 120, "successful_so_far": 16, "elapsed_seconds": 117.47384605102707, "finished": false}}
{"rollout_progress": {"completed": 30, "total": 120, "successful_so_far": 25, "elapsed_seconds": 174.80247386510018, "finished": false}}
{"rollout_progress": {"completed": 40, "total": 120, "successful_so_far": 31, "elapsed_seconds": 219.24621098709758, "finished": false}}
{"rollout_progress": {"completed": 50, "total": 120, "successful_so_far": 41, "elapsed_seconds": 286.182593222009, "finished": false}}
{"rollout_progress": {"completed": 60, "total": 120, "successful_so_far": 51, "elapsed_seconds": 340.4052159670973, "finished": false}}
{"rollout_progress": {"completed": 70, "total": 120, "successful_so_far": 59, "elapsed_seconds": 398.0615607270738, "finished": false}}
{"rollout_progress": {"completed": 80, "total": 120, "successful_so_far": 67, "elapsed_seconds": 454.2916625740472, "finished": false}}
{"rollout_progress": {"completed": 90, "total": 120, "successful_so_far": 75, "elapsed_seconds": 512.728417536011, "finished": false}}
{"rollout_progress": {"completed": 100, "total": 120, "successful_so_far": 82, "elapsed_seconds": 562.9999558361014, "finished": false}}
{"rollout_progress": {"completed": 110, "total": 120, "successful_so_far": 90, "elapsed_seconds": 624.355722994078, "finished": false}}
{"rollout_progress": {"completed": 120, "total": 120, "successful_so_far": 96, "elapsed_seconds": 678.3825966049917, "finished": true}}
{
  "Flow-Matching": {
    "n_trajectories": 120,
    "success_rate": 0.8,
    "successful_trajectories": 96,
    "unique_successful_modes": 8,
    "normalized_mode_entropy": 0.3323538454079603
  }
}
