pybullet build time: Jan 29 2025 23:16:28
/jet/home/qzhou7/workspace/anaconda3/envs/d3il/lib/python3.10/site-packages/hydra/_internal/defaults_list.py:251: UserWarning: In 'avoiding_config': Defaults list is missing `_self_`. See https://hydra.cc/docs/upgrades/1.0_to_1.1/default_composition_order for more information
  warnings.warn(msg, UserWarning)
Final IK error (78 iterations):  7.2858622740646e-06
Final IK error (0 iterations):  7.2858622740646e-06
{"rollout_progress": {"completed": 10, "total": 120, "successful_so_far": 9, "elapsed_seconds": 53.1901479579974, "finished": false}}
{"rollout_progress": {"completed": 20, "total": 120, "successful_so_far": 13, "elapsed_seconds": 122.18809379404411, "finished": false}}
{"rollout_progress": {"completed": 30, "total": 120, "successful_so_far": 22, "elapsed_seconds": 182.67979816906154, "finished": false}}
{"rollout_progress": {"completed": 40, "total": 120, "successful_so_far": 31, "elapsed_seconds": 237.77784492995124, "finished": false}}
{"rollout_progress": {"completed": 50, "total": 120, "successful_so_far": 39, "elapsed_seconds": 289.29649642901495, "finished": false}}
{"rollout_progress": {"completed": 60, "total": 120, "successful_so_far": 48, "elapsed_seconds": 353.78806556703057, "finished": false}}
{"rollout_progress": {"completed": 70, "total": 120, "successful_so_far": 56, "elapsed_seconds": 407.85456413496286, "finished": false}}
{"rollout_progress": {"completed": 80, "total": 120, "successful_so_far": 65, "elapsed_seconds": 466.42663735803217, "finished": false}}
{"rollout_progress": {"completed": 90, "total": 120, "successful_so_far": 71, "elapsed_seconds": 523.1058834600262, "finished": false}}
{"rollout_progress": {"completed": 100, "total": 120, "successful_so_far": 79, "elapsed_seconds": 581.1034063299885, "finished": false}}
{"rollout_progress": {"completed": 110, "total": 120, "successful_so_far": 84, "elapsed_seconds": 642.4474681330612, "finished": false}}
{"rollout_progress": {"completed": 120, "total": 120, "successful_so_far": 93, "elapsed_seconds": 699.9308150119614, "finished": true}}
{
  "Flow-Matching": {
    "n_trajectories": 120,
    "success_rate": 0.775,
    "successful_trajectories": 93,
    "unique_successful_modes": 8,
    "normalized_mode_entropy": 0.3528916928037886
  }
}
