pybullet build time: Jan 29 2025 23:16:28
/jet/home/qzhou7/workspace/anaconda3/envs/d3il/lib/python3.10/site-packages/hydra/_internal/defaults_list.py:251: UserWarning: In 'avoiding_config': Defaults list is missing `_self_`. See https://hydra.cc/docs/upgrades/1.0_to_1.1/default_composition_order for more information
  warnings.warn(msg, UserWarning)
Final IK error (78 iterations):  7.2858622740646e-06
Final IK error (0 iterations):  7.2858622740646e-06
{"rollout_progress": {"completed": 10, "total": 120, "successful_so_far": 9, "elapsed_seconds": 62.63491945399437, "finished": false}}
{"rollout_progress": {"completed": 20, "total": 120, "successful_so_far": 15, "elapsed_seconds": 120.44130342500284, "finished": false}}
{"rollout_progress": {"completed": 30, "total": 120, "successful_so_far": 23, "elapsed_seconds": 185.3270866270177, "finished": false}}
{"rollout_progress": {"completed": 40, "total": 120, "successful_so_far": 32, "elapsed_seconds": 251.85567079600878, "finished": false}}
{"rollout_progress": {"completed": 50, "total": 120, "successful_so_far": 42, "elapsed_seconds": 311.8728261869401, "finished": false}}
{"rollout_progress": {"completed": 60, "total": 120, "successful_so_far": 51, "elapsed_seconds": 368.64065273001324, "finished": false}}
{"rollout_progress": {"completed": 70, "total": 120, "successful_so_far": 57, "elapsed_seconds": 420.8146350380266, "finished": false}}
{"rollout_progress": {"completed": 80, "total": 120, "successful_so_far": 66, "elapsed_seconds": 464.28550723800436, "finished": false}}
{"rollout_progress": {"completed": 90, "total": 120, "successful_so_far": 74, "elapsed_seconds": 511.1754404179519, "finished": false}}
{"rollout_progress": {"completed": 100, "total": 120, "successful_so_far": 82, "elapsed_seconds": 560.0933921940159, "finished": false}}
{"rollout_progress": {"completed": 110, "total": 120, "successful_so_far": 91, "elapsed_seconds": 613.5372631249484, "finished": false}}
{"rollout_progress": {"completed": 120, "total": 120, "successful_so_far": 99, "elapsed_seconds": 675.1367824829649, "finished": true}}
{
  "Flow-Matching": {
    "n_trajectories": 120,
    "success_rate": 0.825,
    "successful_trajectories": 99,
    "unique_successful_modes": 9,
    "normalized_mode_entropy": 0.38663042583263396
  }
}
