{"stage": "structure", "method": "width_combined", "epoch": 0, "loss": 4.357587075233459}
{"stage": "structure", "method": "width_combined", "epoch": 25, "loss": 1.7979029136896134}
{"stage": "structure", "method": "width_combined", "epoch": 50, "loss": 1.1614427207410336}
{"stage": "structure", "method": "width_combined", "epoch": 75, "loss": 0.9567697302997112}
{"stage": "structure", "method": "width_combined", "epoch": 100, "loss": 0.768560282215476}
{"stage": "structure", "method": "width_combined", "epoch": 125, "loss": 0.7579584114998579}
{"stage": "structure", "method": "width_combined", "epoch": 150, "loss": 0.6680332462489605}
{"stage": "structure", "method": "width_combined", "epoch": 175, "loss": 0.6361298027634621}
{"stage": "structure", "method": "width_combined", "epoch": 200, "loss": 0.6197463056445122}
{"stage": "structure", "method": "width_combined", "epoch": 225, "loss": 0.6728642448037863}
{"stage": "structure", "method": "width_combined", "epoch": 250, "loss": 0.5826750865578652}
{"stage": "structure", "method": "width_combined", "epoch": 275, "loss": 0.6362520765513182}
{"stage": "ctm", "method": "width_combined", "epoch": 0, "ctm_loss": 0.07294852193444967, "pseudo_dsm_loss": 0.24229426681995392, "selection_loss": 0.09717794861644506}
{"stage": "ctm", "method": "width_combined", "epoch": 25, "ctm_loss": 0.061115242540836334, "pseudo_dsm_loss": 0.25407304242253304, "selection_loss": 0.08652254678308964}
{"stage": "ctm", "method": "width_combined", "epoch": 50, "ctm_loss": 0.08979690168052912, "pseudo_dsm_loss": 0.30765921249985695, "selection_loss": 0.12056282293051482}
{"stage": "ctm", "method": "width_combined", "epoch": 75, "ctm_loss": 0.05608731787651777, "pseudo_dsm_loss": 0.1878772471100092, "selection_loss": 0.07487504258751869}
{"stage": "ctm", "method": "width_combined", "epoch": 100, "ctm_loss": 0.09169204067438841, "pseudo_dsm_loss": 0.3029682580381632, "selection_loss": 0.12198886647820473}
{"stage": "ctm", "method": "width_combined", "epoch": 125, "ctm_loss": 0.05012709088623524, "pseudo_dsm_loss": 0.25928520783782005, "selection_loss": 0.07605561167001725}
{"stage": "ctm", "method": "width_combined", "epoch": 150, "ctm_loss": 0.055985502898693085, "pseudo_dsm_loss": 0.3051261343061924, "selection_loss": 0.08649811632931233}
{"stage": "ctm", "method": "width_combined", "epoch": 175, "ctm_loss": 0.07046511955559254, "pseudo_dsm_loss": 0.2172389142215252, "selection_loss": 0.09218901097774505}
{"stage": "ctm", "method": "width_combined", "epoch": 200, "ctm_loss": 0.03905189340002835, "pseudo_dsm_loss": 0.31238847598433495, "selection_loss": 0.07029074099846185}
{"stage": "ctm", "method": "width_combined", "epoch": 225, "ctm_loss": 0.029859826434403658, "pseudo_dsm_loss": 0.26332832500338554, "selection_loss": 0.056192658934742214}
{"stage": "ctm", "method": "width_combined", "epoch": 250, "ctm_loss": 0.047264691442251205, "pseudo_dsm_loss": 0.22423924878239632, "selection_loss": 0.06968861632049084}
{"stage": "ctm", "method": "width_combined", "epoch": 275, "ctm_loss": 0.04723803419619799, "pseudo_dsm_loss": 0.302006458863616, "selection_loss": 0.07743868008255958}
{"stage": "ctm", "method": "width_combined", "epoch": 300, "ctm_loss": 0.05119695654138923, "pseudo_dsm_loss": 0.20226354151964188, "selection_loss": 0.07142331069335342}
{"stage": "ctm", "method": "width_combined", "epoch": 325, "ctm_loss": 0.034583934815600514, "pseudo_dsm_loss": 0.24100135825574398, "selection_loss": 0.05868407064117491}
{"stage": "ctm", "method": "width_combined", "epoch": 350, "ctm_loss": 0.06380928587168455, "pseudo_dsm_loss": 0.28352686017751694, "selection_loss": 0.09216197188943624}
{"stage": "ctm", "method": "width_combined", "epoch": 375, "ctm_loss": 0.05081098014488816, "pseudo_dsm_loss": 0.21606919914484024, "selection_loss": 0.07241790005937218}
{"stage": "ctm", "method": "width_combined", "epoch": 400, "ctm_loss": 0.0593188488855958, "pseudo_dsm_loss": 0.32788578420877457, "selection_loss": 0.09210742730647326}
{"stage": "ctm", "method": "width_combined", "epoch": 425, "ctm_loss": 0.06809475226327777, "pseudo_dsm_loss": 0.3174063041806221, "selection_loss": 0.09983538268133998}
{"stage": "ctm", "method": "width_combined", "epoch": 450, "ctm_loss": 0.0399818979203701, "pseudo_dsm_loss": 0.24772102385759354, "selection_loss": 0.06475400030612946}
{"stage": "ctm", "method": "width_combined", "epoch": 475, "ctm_loss": 0.04864884493872523, "pseudo_dsm_loss": 0.2627791315317154, "selection_loss": 0.07492675809189678}
{
  "method": "width_combined",
  "student_architecture": {
    "layers": 4,
    "embed_dim": 48,
    "heads": 4
  },
  "multi_noise": 4,
  "endpoint_weight": 0.03,
  "mode_balanced_sampling": true,
  "stratified_multitime": true,
  "initialization": {
    "teacher_layers": [
      0,
      1,
      2,
      3
    ],
    "selected_heads": [
      0,
      1,
      2,
      3
    ],
    "selected_channels": [
      1,
      2,
      3,
      6,
      7,
      8,
      10,
      11,
      13,
      14,
      15,
      16,
      18,
      19,
      20,
      21,
      25,
      28,
      29,
      30,
      31,
      32,
      34,
      35,
      36,
      39,
      40,
      41,
      43,
      44,
      46,
      48,
      50,
      51,
      52,
      53,
      54,
      55,
      57,
      58,
      59,
      61,
      62,
      64,
      66,
      67,
      69,
      71
    ],
    "method": "width",
    "load_max_abs_diff": 0.0
  },
  "uses_original_demonstrations": false,
  "uses_expert_actions": false,
  "buffer": "logs/avoiding/teacher_generated_transfer/transfer_buffer.pt",
  "structure_dynamic_pretraining": true,
  "pretrain_epochs": 300,
  "ctm_epochs": 500,
  "best_epoch": 484,
  "best_selection_loss": 0.046210918389260766
}
