{
  "method": "offline_trajectory_bmd_proxy",
  "full_paper_ppo_steering": false,
  "uses_original_demonstrations": false,
  "uses_ground_truth_modes_for_training": false,
  "ground_truth_modes_used_for_posthoc_evaluation": true,
  "clusters": 16,
  "seed": 43,
  "episodes": 480,
  "successful_episodes": 276,
  "silhouette": 0.19620025894531481,
  "gmm_bic": 15451.220872837988,
  "nmi_all": 0.7713619849462374,
  "ari_all": 0.5410382460323775,
  "nmi_success": 0.8511338173807779,
  "ari_success": 0.7625091858006751,
  "purity_success": 0.7681159420289855,
  "occupied_latents": 16,
  "min_latent_size": 6,
  "max_latent_size": 75,
  "latent_occupancy": [
    75,
    21,
    51,
    6,
    28,
    28,
    23,
    55,
    16,
    9,
    59,
    37,
    13,
    35,
    12,
    12
  ],
  "latent_success_rate": [
    0.26666666666666666,
    0.2857142857142857,
    0.0,
    0.0,
    0.9285714285714286,
    0.0,
    1.0,
    1.0,
    1.0,
    1.0,
    1.0,
    0.7837837837837838,
    0.8461538461538461,
    0.0,
    0.8333333333333334,
    1.0
  ],
  "latent_true_mode_coverage": [
    4,
    3,
    0,
    0,
    2,
    0,
    1,
    6,
    2,
    2,
    1,
    3,
    2,
    0,
    3,
    1
  ]
}
