[2026-07-23 04:09:37,845][agents.models.diffusion.diffusion_models][INFO] - number of parameters: 3.798200e+04
[2026-07-23 04:09:40,932][root][INFO] - Loading Sorting Dataset
[2026-07-23 04:09:43,147][root][INFO] - Loading Sorting Dataset
[2026-07-23 04:09:43,455][agents.utils.scaler][INFO] - Datset Info: state min: [-2.3854534  -1.52318297 -2.5436591  -1.47282681] and max: [2.68851348 1.91139402 2.31634682 1.92205774], action min: [-1.83908446 -2.15521727] and max: [1.93458139 0.68739523]
[2026-07-23 04:09:43,456][agents.utils.scaler][INFO] - Training dataset size: input (7305, 4) target (7305, 2)
[2026-07-23 04:09:43,456][agents.base_agent][INFO] - The model has a total amount of 37982 parameters
[2026-07-23 04:10:16,587][agents.ddpm_agent][INFO] - Epoch 49: Mean test mse is 0.6201047716396195
[2026-07-23 04:10:16,780][agents.ddpm_agent][INFO] - New best test loss. Stored weights have been updated!
[2026-07-23 04:10:37,944][agents.ddpm_agent][INFO] - Epoch 99: Mean test mse is 0.5227816168751035
[2026-07-23 04:10:37,954][agents.ddpm_agent][INFO] - New best test loss. Stored weights have been updated!
[2026-07-23 04:10:59,027][agents.ddpm_agent][INFO] - Epoch 149: Mean test mse is 0.4766284057072231
[2026-07-23 04:10:59,037][agents.ddpm_agent][INFO] - New best test loss. Stored weights have been updated!
[2026-07-23 04:11:20,125][agents.ddpm_agent][INFO] - Epoch 199: Mean test mse is 0.43325517752340864
[2026-07-23 04:11:20,135][agents.ddpm_agent][INFO] - New best test loss. Stored weights have been updated!
[2026-07-23 04:11:41,250][agents.ddpm_agent][INFO] - Epoch 249: Mean test mse is 0.43144822652850834
[2026-07-23 04:11:41,259][agents.ddpm_agent][INFO] - New best test loss. Stored weights have been updated!
[2026-07-23 04:12:02,332][agents.ddpm_agent][INFO] - Epoch 299: Mean test mse is 0.40930591630084173
[2026-07-23 04:12:02,342][agents.ddpm_agent][INFO] - New best test loss. Stored weights have been updated!
[2026-07-23 04:12:23,487][agents.ddpm_agent][INFO] - Epoch 349: Mean test mse is 0.4039438728775297
[2026-07-23 04:12:23,496][agents.ddpm_agent][INFO] - New best test loss. Stored weights have been updated!
[2026-07-23 04:12:44,659][agents.ddpm_agent][INFO] - Epoch 399: Mean test mse is 0.37916471170527594
[2026-07-23 04:12:44,668][agents.ddpm_agent][INFO] - New best test loss. Stored weights have been updated!
[2026-07-23 04:13:05,789][agents.ddpm_agent][INFO] - Epoch 449: Mean test mse is 0.3664082544190543
[2026-07-23 04:13:05,798][agents.ddpm_agent][INFO] - New best test loss. Stored weights have been updated!
[2026-07-23 04:13:26,879][agents.ddpm_agent][INFO] - Epoch 499: Mean test mse is 0.3498046153358051
[2026-07-23 04:13:26,888][agents.ddpm_agent][INFO] - New best test loss. Stored weights have been updated!
[2026-07-23 04:13:48,028][agents.ddpm_agent][INFO] - Epoch 549: Mean test mse is 0.33683937628354343
[2026-07-23 04:13:48,037][agents.ddpm_agent][INFO] - New best test loss. Stored weights have been updated!
[2026-07-23 04:14:09,109][agents.ddpm_agent][INFO] - Epoch 599: Mean test mse is 0.32844037669045584
[2026-07-23 04:14:09,119][agents.ddpm_agent][INFO] - New best test loss. Stored weights have been updated!
[2026-07-23 04:14:30,230][agents.ddpm_agent][INFO] - Epoch 649: Mean test mse is 0.3206554837524891
[2026-07-23 04:14:30,239][agents.ddpm_agent][INFO] - New best test loss. Stored weights have been updated!
[2026-07-23 04:14:51,365][agents.ddpm_agent][INFO] - Epoch 699: Mean test mse is 0.33268925866910387
[2026-07-23 04:15:12,454][agents.ddpm_agent][INFO] - Epoch 749: Mean test mse is 0.3418010494538716
[2026-07-23 04:15:33,500][agents.ddpm_agent][INFO] - Epoch 799: Mean test mse is 0.31518034796629635
[2026-07-23 04:15:33,510][agents.ddpm_agent][INFO] - New best test loss. Stored weights have been updated!
[2026-07-23 04:15:54,606][agents.ddpm_agent][INFO] - Epoch 849: Mean test mse is 0.3294671028852463
[2026-07-23 04:16:15,679][agents.ddpm_agent][INFO] - Epoch 899: Mean test mse is 0.313259626605681
[2026-07-23 04:16:15,688][agents.ddpm_agent][INFO] - New best test loss. Stored weights have been updated!
[2026-07-23 04:16:36,766][agents.ddpm_agent][INFO] - Epoch 949: Mean test mse is 0.2905733792909554
[2026-07-23 04:16:36,775][agents.ddpm_agent][INFO] - New best test loss. Stored weights have been updated!
[2026-07-23 04:16:57,827][agents.ddpm_agent][INFO] - Epoch 999: Mean test mse is 0.3089471592434815
[2026-07-23 04:17:18,884][agents.ddpm_agent][INFO] - Epoch 1049: Mean test mse is 0.27718168230993406
[2026-07-23 04:17:18,894][agents.ddpm_agent][INFO] - New best test loss. Stored weights have been updated!
[2026-07-23 04:17:39,987][agents.ddpm_agent][INFO] - Epoch 1099: Mean test mse is 0.31733458010213716
[2026-07-23 04:18:01,146][agents.ddpm_agent][INFO] - Epoch 1149: Mean test mse is 0.28686573409608435
[2026-07-23 04:18:22,118][agents.ddpm_agent][INFO] - Epoch 1199: Mean test mse is 0.2888776074562754
[2026-07-23 04:18:43,180][agents.ddpm_agent][INFO] - Epoch 1249: Mean test mse is 0.2837831298155444
[2026-07-23 04:19:04,173][agents.ddpm_agent][INFO] - Epoch 1299: Mean test mse is 0.27851472262825283
[2026-07-23 04:19:25,121][agents.ddpm_agent][INFO] - Epoch 1349: Mean test mse is 0.27582609706691336
[2026-07-23 04:19:25,130][agents.ddpm_agent][INFO] - New best test loss. Stored weights have been updated!
[2026-07-23 04:19:46,128][agents.ddpm_agent][INFO] - Epoch 1399: Mean test mse is 0.2781827806362084
[2026-07-23 04:20:07,100][agents.ddpm_agent][INFO] - Epoch 1449: Mean test mse is 0.26364543767912046
[2026-07-23 04:20:07,110][agents.ddpm_agent][INFO] - New best test loss. Stored weights have been updated!
[2026-07-23 04:20:28,028][agents.ddpm_agent][INFO] - Epoch 1499: Mean test mse is 0.28398530398096355
[2026-07-23 04:20:49,006][agents.ddpm_agent][INFO] - Epoch 1549: Mean test mse is 0.2711237594485283
[2026-07-23 04:21:09,960][agents.ddpm_agent][INFO] - Epoch 1599: Mean test mse is 0.2772259669644492
[2026-07-23 04:21:30,845][agents.ddpm_agent][INFO] - Epoch 1649: Mean test mse is 0.2656947353056499
[2026-07-23 04:21:51,791][agents.ddpm_agent][INFO] - Epoch 1699: Mean test mse is 0.2623573328767504
[2026-07-23 04:21:51,800][agents.ddpm_agent][INFO] - New best test loss. Stored weights have been updated!
[2026-07-23 04:22:12,676][agents.ddpm_agent][INFO] - Epoch 1749: Mean test mse is 0.2785788300846304
[2026-07-23 04:22:33,561][agents.ddpm_agent][INFO] - Epoch 1799: Mean test mse is 0.27276371685521944
[2026-07-23 04:22:57,041][agents.ddpm_agent][INFO] - Epoch 1849: Mean test mse is 0.2713544363422053
[2026-07-23 04:23:21,691][agents.ddpm_agent][INFO] - Epoch 1899: Mean test mse is 0.2630625617291246
[2026-07-23 04:23:44,259][agents.ddpm_agent][INFO] - Epoch 1949: Mean test mse is 0.2679882640285151
[2026-07-23 04:24:06,472][agents.ddpm_agent][INFO] - Epoch 1999: Mean test mse is 0.28175401421529905
[2026-07-23 04:24:28,480][agents.ddpm_agent][INFO] - Epoch 2049: Mean test mse is 0.26816271245479584
[2026-07-23 04:24:50,273][agents.ddpm_agent][INFO] - Epoch 2099: Mean test mse is 0.2534223991845335
[2026-07-23 04:24:50,282][agents.ddpm_agent][INFO] - New best test loss. Stored weights have been updated!
[2026-07-23 04:25:12,082][agents.ddpm_agent][INFO] - Epoch 2149: Mean test mse is 0.2574270894484861
[2026-07-23 04:25:33,697][agents.ddpm_agent][INFO] - Epoch 2199: Mean test mse is 0.25411083708916393
[2026-07-23 04:25:55,192][agents.ddpm_agent][INFO] - Epoch 2249: Mean test mse is 0.2632486346576895
[2026-07-23 04:26:16,585][agents.ddpm_agent][INFO] - Epoch 2299: Mean test mse is 0.25447419711521696
[2026-07-23 04:26:37,953][agents.ddpm_agent][INFO] - Epoch 2349: Mean test mse is 0.2620212196239403
[2026-07-23 04:26:59,272][agents.ddpm_agent][INFO] - Epoch 2399: Mean test mse is 0.2687548202063356
[2026-07-23 04:27:20,525][agents.ddpm_agent][INFO] - Epoch 2449: Mean test mse is 0.2782101317175797
[2026-07-23 04:27:41,901][agents.ddpm_agent][INFO] - Epoch 2499: Mean test mse is 0.2659626491367817
[2026-07-23 04:28:03,621][agents.ddpm_agent][INFO] - Epoch 2549: Mean test mse is 0.25556776353291105
[2026-07-23 04:28:25,272][agents.ddpm_agent][INFO] - Epoch 2599: Mean test mse is 0.23568349331617355
[2026-07-23 04:28:25,281][agents.ddpm_agent][INFO] - New best test loss. Stored weights have been updated!
[2026-07-23 04:28:46,610][agents.ddpm_agent][INFO] - Epoch 2649: Mean test mse is 0.2513568874980722
[2026-07-23 04:29:07,882][agents.ddpm_agent][INFO] - Epoch 2699: Mean test mse is 0.2507663422397205
[2026-07-23 04:29:29,210][agents.ddpm_agent][INFO] - Epoch 2749: Mean test mse is 0.25491612617458614
[2026-07-23 04:29:50,594][agents.ddpm_agent][INFO] - Epoch 2799: Mean test mse is 0.2605662979185581
[2026-07-23 04:30:11,935][agents.ddpm_agent][INFO] - Epoch 2849: Mean test mse is 0.23754361484731948
[2026-07-23 04:30:33,095][agents.ddpm_agent][INFO] - Epoch 2899: Mean test mse is 0.24398403401885713
[2026-07-23 04:30:54,295][agents.ddpm_agent][INFO] - Epoch 2949: Mean test mse is 0.24331416189670563
[2026-07-23 04:31:15,508][agents.ddpm_agent][INFO] - Epoch 2999: Mean test mse is 0.2433423288166523
[2026-07-23 04:31:36,677][agents.ddpm_agent][INFO] - Epoch 3049: Mean test mse is 0.26444332354835104
[2026-07-23 04:31:57,833][agents.ddpm_agent][INFO] - Epoch 3099: Mean test mse is 0.2417041121848992
[2026-07-23 04:32:19,001][agents.ddpm_agent][INFO] - Epoch 3149: Mean test mse is 0.2502474460218634
[2026-07-23 04:32:40,152][agents.ddpm_agent][INFO] - Epoch 3199: Mean test mse is 0.2428175328033311
[2026-07-23 04:33:01,272][agents.ddpm_agent][INFO] - Epoch 3249: Mean test mse is 0.2495750587965761
[2026-07-23 04:33:22,443][agents.ddpm_agent][INFO] - Epoch 3299: Mean test mse is 0.23799183485763414
[2026-07-23 04:33:43,683][agents.ddpm_agent][INFO] - Epoch 3349: Mean test mse is 0.2502478744302477
[2026-07-23 04:34:04,882][agents.ddpm_agent][INFO] - Epoch 3399: Mean test mse is 0.25564377275960787
[2026-07-23 04:34:26,075][agents.ddpm_agent][INFO] - Epoch 3449: Mean test mse is 0.2334865778684616
[2026-07-23 04:34:26,085][agents.ddpm_agent][INFO] - New best test loss. Stored weights have been updated!
[2026-07-23 04:34:47,273][agents.ddpm_agent][INFO] - Epoch 3499: Mean test mse is 0.24811837768980435
[2026-07-23 04:35:08,460][agents.ddpm_agent][INFO] - Epoch 3549: Mean test mse is 0.2270935598228659
[2026-07-23 04:35:08,469][agents.ddpm_agent][INFO] - New best test loss. Stored weights have been updated!
[2026-07-23 04:35:29,701][agents.ddpm_agent][INFO] - Epoch 3599: Mean test mse is 0.24568212085536548
[2026-07-23 04:35:50,994][agents.ddpm_agent][INFO] - Epoch 3649: Mean test mse is 0.25384159120065825
[2026-07-23 04:36:12,241][agents.ddpm_agent][INFO] - Epoch 3699: Mean test mse is 0.23286074559603417
[2026-07-23 04:36:33,428][agents.ddpm_agent][INFO] - Epoch 3749: Mean test mse is 0.23527138999530248
[2026-07-23 04:36:54,596][agents.ddpm_agent][INFO] - Epoch 3799: Mean test mse is 0.23873388660805567
[2026-07-23 04:37:15,760][agents.ddpm_agent][INFO] - Epoch 3849: Mean test mse is 0.2261155050780092
[2026-07-23 04:37:15,769][agents.ddpm_agent][INFO] - New best test loss. Stored weights have been updated!
[2026-07-23 04:37:36,906][agents.ddpm_agent][INFO] - Epoch 3899: Mean test mse is 0.2443900273314544
[2026-07-23 04:37:58,037][agents.ddpm_agent][INFO] - Epoch 3949: Mean test mse is 0.24594892827527864
[2026-07-23 04:38:19,322][agents.ddpm_agent][INFO] - Epoch 3999: Mean test mse is 0.23972728422709874
[2026-07-23 04:38:40,559][agents.ddpm_agent][INFO] - Epoch 4049: Mean test mse is 0.22056574214782035
[2026-07-23 04:38:40,568][agents.ddpm_agent][INFO] - New best test loss. Stored weights have been updated!
[2026-07-23 04:39:04,168][agents.ddpm_agent][INFO] - Epoch 4099: Mean test mse is 0.23589436869536126
[2026-07-23 04:39:28,413][agents.ddpm_agent][INFO] - Epoch 4149: Mean test mse is 0.2556848722909178
[2026-07-23 04:39:49,538][agents.ddpm_agent][INFO] - Epoch 4199: Mean test mse is 0.2341684496828488
[2026-07-23 04:40:10,690][agents.ddpm_agent][INFO] - Epoch 4249: Mean test mse is 0.23456683648484095
[2026-07-23 04:40:31,908][agents.ddpm_agent][INFO] - Epoch 4299: Mean test mse is 0.22228009732706205
[2026-07-23 04:40:53,082][agents.ddpm_agent][INFO] - Epoch 4349: Mean test mse is 0.24936008240495408
[2026-07-23 04:41:14,194][agents.ddpm_agent][INFO] - Epoch 4399: Mean test mse is 0.22713921910950116
[2026-07-23 04:41:35,334][agents.ddpm_agent][INFO] - Epoch 4449: Mean test mse is 0.22800277492829732
[2026-07-23 04:41:56,584][agents.ddpm_agent][INFO] - Epoch 4499: Mean test mse is 0.23947638326457568
[2026-07-23 04:42:17,717][agents.ddpm_agent][INFO] - Epoch 4549: Mean test mse is 0.235392404454095
[2026-07-23 04:42:38,822][agents.ddpm_agent][INFO] - Epoch 4599: Mean test mse is 0.22489708449159349
[2026-07-23 04:42:59,915][agents.ddpm_agent][INFO] - Epoch 4649: Mean test mse is 0.21058011587177003
[2026-07-23 04:42:59,940][agents.ddpm_agent][INFO] - New best test loss. Stored weights have been updated!
[2026-07-23 04:43:21,097][agents.ddpm_agent][INFO] - Epoch 4699: Mean test mse is 0.22506969847849437
[2026-07-23 04:43:42,235][agents.ddpm_agent][INFO] - Epoch 4749: Mean test mse is 0.23958580089466913
[2026-07-23 04:44:03,323][agents.ddpm_agent][INFO] - Epoch 4799: Mean test mse is 0.2263983360358647
[2026-07-23 04:44:24,403][agents.ddpm_agent][INFO] - Epoch 4849: Mean test mse is 0.23075224831700325
[2026-07-23 04:44:45,552][agents.ddpm_agent][INFO] - Epoch 4899: Mean test mse is 0.21295128922377313
[2026-07-23 04:45:06,634][agents.ddpm_agent][INFO] - Epoch 4949: Mean test mse is 0.21693616466862814
[2026-07-23 04:45:27,778][agents.ddpm_agent][INFO] - Epoch 4999: Mean test mse is 0.22039557035480226
[2026-07-23 04:45:28,214][agents.ddpm_agent][INFO] - Training done!
[2026-07-23 04:45:28,216][__main__][INFO] - Training-only mode enabled; skipping simulation.
