{
  "method": "offline_trajectory_bmd_proxy",
  "full_paper_ppo_steering": false,
  "uses_original_demonstrations": false,
  "uses_ground_truth_modes_for_training": false,
  "ground_truth_modes_used_for_posthoc_evaluation": true,
  "feature_kind": "basic",
  "pca_whiten": true,
  "clusterer": "gmm_diag",
  "hierarchical_success": true,
  "uses_binary_success_feedback_for_partition": true,
  "failure_clusters": 4,
  "clusters": 24,
  "seed": 42,
  "episodes": 2400,
  "successful_episodes": 1426,
  "silhouette": 0.2405533423266176,
  "gmm_bic": 34639.61387062153,
  "failure_gmm_bic": 25072.658805018338,
  "nmi_all": 0.7385232637654142,
  "ari_all": 0.27541541584929335,
  "nmi_success": 0.8386300461682914,
  "ari_success": 0.6520425145353774,
  "purity_success": 0.8906030855539971,
  "occupied_latents": 24,
  "min_latent_size": 17,
  "max_latent_size": 160,
  "latent_occupancy": [
    98,
    106,
    74,
    30,
    49,
    111,
    48,
    73,
    24,
    78,
    56,
    53,
    51,
    29,
    90,
    17,
    49,
    33,
    57,
    26,
    24,
    26,
    64,
    160
  ],
  "latent_success_rate": [
    1.0,
    1.0,
    1.0,
    1.0,
    1.0,
    1.0,
    1.0,
    1.0,
    1.0,
    1.0,
    1.0,
    1.0,
    1.0,
    1.0,
    1.0,
    1.0,
    1.0,
    1.0,
    1.0,
    1.0,
    1.0,
    1.0,
    1.0,
    1.0
  ],
  "latent_success_count": [
    98,
    106,
    74,
    30,
    49,
    111,
    48,
    73,
    24,
    78,
    56,
    53,
    51,
    29,
    90,
    17,
    49,
    33,
    57,
    26,
    24,
    26,
    64,
    160
  ],
  "latent_true_mode_coverage": [
    2,
    1,
    1,
    1,
    2,
    1,
    1,
    1,
    1,
    1,
    1,
    1,
    2,
    2,
    5,
    1,
    17,
    3,
    1,
    1,
    2,
    2,
    3,
    1
  ]
}
