{
  "method": "offline_trajectory_bmd_proxy",
  "full_paper_ppo_steering": false,
  "uses_original_demonstrations": false,
  "uses_ground_truth_modes_for_training": false,
  "ground_truth_modes_used_for_posthoc_evaluation": true,
  "feature_kind": "kinematic",
  "pca_whiten": false,
  "clusterer": "gmm_full",
  "hierarchical_success": true,
  "uses_binary_success_feedback_for_partition": true,
  "failure_clusters": 4,
  "clusters": 24,
  "seed": 43,
  "episodes": 2400,
  "successful_episodes": 1426,
  "silhouette": 0.3224113375849894,
  "gmm_bic": 69604.79583604525,
  "failure_gmm_bic": 44963.91980419592,
  "nmi_all": 0.751656868227559,
  "ari_all": 0.3124296849403641,
  "nmi_success": 0.8625415381365739,
  "ari_success": 0.7728617904566858,
  "purity_success": 0.9011220196353437,
  "occupied_latents": 24,
  "min_latent_size": 6,
  "max_latent_size": 257,
  "latent_occupancy": [
    50,
    26,
    81,
    85,
    69,
    53,
    47,
    25,
    83,
    49,
    55,
    29,
    9,
    139,
    6,
    30,
    16,
    257,
    52,
    45,
    56,
    42,
    75,
    47
  ],
  "latent_success_rate": [
    1.0,
    1.0,
    1.0,
    1.0,
    1.0,
    1.0,
    1.0,
    1.0,
    1.0,
    1.0,
    1.0,
    1.0,
    1.0,
    1.0,
    1.0,
    1.0,
    1.0,
    1.0,
    1.0,
    1.0,
    1.0,
    1.0,
    1.0,
    1.0
  ],
  "latent_success_count": [
    50,
    26,
    81,
    85,
    69,
    53,
    47,
    25,
    83,
    49,
    55,
    29,
    9,
    139,
    6,
    30,
    16,
    257,
    52,
    45,
    56,
    42,
    75,
    47
  ],
  "latent_true_mode_coverage": [
    2,
    3,
    1,
    1,
    2,
    2,
    2,
    1,
    2,
    1,
    2,
    2,
    2,
    3,
    3,
    4,
    1,
    2,
    4,
    3,
    2,
    2,
    2,
    1
  ]
}
