pybullet build time: Jan 29 2025 23:16:28
{
  "episodes": 1000,
  "teacher": {
    "n_trajectories": 1000,
    "success_rate": 0.965,
    "successful_trajectories": 965,
    "unique_successful_modes": 24,
    "normalized_mode_entropy": 0.9310655578487397
  },
  "student": {
    "n_trajectories": 1000,
    "success_rate": 0.896,
    "successful_trajectories": 896,
    "unique_successful_modes": 24,
    "normalized_mode_entropy": 0.8489720068177488
  },
  "teacher_success_to_student_failure": 98,
  "teacher_success_to_student_failure_rate": 0.10155440414507771,
  "exact_mode_retention_over_teacher_success": 0.10673575129533679,
  "exact_mode_retention_when_both_succeed": 0.11880046136101499,
  "successful_mode_js_divergence": 0.08724665407063817,
  "mutual_information": 0.43146433859625255,
  "normalized_mutual_information": 0.15000406167895816,
  "student_given_teacher_entropy": 2.3197982262099384,
  "level_1_exact_retention_over_teacher_success": 0.6766839378238342,
  "level_2_exact_retention_over_teacher_success": 0.2932642487046632
}
