pybullet build time: Jan 29 2025 23:16:28
{
  "episodes": 1000,
  "teacher": {
    "n_trajectories": 1000,
    "success_rate": 0.965,
    "successful_trajectories": 965,
    "unique_successful_modes": 24,
    "normalized_mode_entropy": 0.9310655578487397
  },
  "student": {
    "n_trajectories": 1000,
    "success_rate": 0.901,
    "successful_trajectories": 901,
    "unique_successful_modes": 24,
    "normalized_mode_entropy": 0.8493917641738542
  },
  "teacher_success_to_student_failure": 95,
  "teacher_success_to_student_failure_rate": 0.09844559585492228,
  "exact_mode_retention_over_teacher_success": 0.12435233160621761,
  "exact_mode_retention_when_both_succeed": 0.13793103448275862,
  "successful_mode_js_divergence": 0.08372921823408888,
  "mutual_information": 0.4546522062160862,
  "normalized_mutual_information": 0.15795690237628066,
  "student_given_teacher_entropy": 2.300398857886057,
  "level_1_exact_retention_over_teacher_success": 0.6849740932642487,
  "level_2_exact_retention_over_teacher_success": 0.30466321243523314
}
