{
  "method": "offline_trajectory_bmd_proxy",
  "full_paper_ppo_steering": false,
  "uses_original_demonstrations": false,
  "uses_ground_truth_modes_for_training": false,
  "ground_truth_modes_used_for_posthoc_evaluation": true,
  "feature_kind": "basic",
  "pca_whiten": false,
  "clusterer": "gmm_full",
  "clusters": 24,
  "seed": 43,
  "episodes": 480,
  "successful_episodes": 276,
  "silhouette": 0.46555160318007494,
  "gmm_bic": 19891.273149324512,
  "nmi_all": 0.8484729222751516,
  "ari_all": 0.6972945974394841,
  "nmi_success": 0.9229584466846468,
  "ari_success": 0.9078593153995079,
  "purity_success": 0.9057971014492754,
  "occupied_latents": 24,
  "min_latent_size": 6,
  "max_latent_size": 61,
  "latent_occupancy": [
    15,
    42,
    31,
    20,
    61,
    25,
    23,
    30,
    31,
    9,
    13,
    12,
    15,
    8,
    25,
    12,
    27,
    12,
    15,
    20,
    13,
    7,
    6,
    8
  ],
  "latent_success_rate": [
    0.0,
    0.0,
    0.9354838709677419,
    1.0,
    1.0,
    0.0,
    1.0,
    0.9666666666666667,
    0.0,
    1.0,
    0.15384615384615385,
    1.0,
    1.0,
    0.875,
    0.04,
    0.4166666666666667,
    1.0,
    0.9166666666666666,
    0.0,
    0.0,
    0.8461538461538461,
    0.8571428571428571,
    1.0,
    0.25
  ],
  "latent_success_count": [
    0,
    0,
    29,
    20,
    61,
    0,
    23,
    29,
    0,
    9,
    2,
    12,
    15,
    7,
    1,
    5,
    27,
    11,
    0,
    0,
    11,
    6,
    6,
    2
  ],
  "latent_true_mode_coverage": [
    0,
    0,
    2,
    1,
    1,
    0,
    1,
    3,
    0,
    1,
    2,
    1,
    1,
    2,
    1,
    2,
    4,
    1,
    0,
    0,
    2,
    1,
    2,
    1
  ]
}
