{
  "method": "offline_trajectory_bmd_proxy",
  "full_paper_ppo_steering": false,
  "uses_original_demonstrations": false,
  "uses_ground_truth_modes_for_training": false,
  "ground_truth_modes_used_for_posthoc_evaluation": true,
  "feature_kind": "basic",
  "pca_whiten": true,
  "clusterer": "gmm_diag",
  "clusters": 24,
  "seed": 43,
  "episodes": 480,
  "successful_episodes": 276,
  "silhouette": 0.26064838453888084,
  "gmm_bic": 14460.487787522321,
  "nmi_all": 0.8206949054917575,
  "ari_all": 0.5728570007189552,
  "nmi_success": 0.8766905497922113,
  "ari_success": 0.7222868838090062,
  "purity_success": 0.8586956521739131,
  "occupied_latents": 24,
  "min_latent_size": 6,
  "max_latent_size": 59,
  "latent_occupancy": [
    20,
    28,
    37,
    14,
    28,
    23,
    59,
    9,
    26,
    22,
    26,
    12,
    6,
    7,
    6,
    19,
    25,
    35,
    29,
    8,
    8,
    6,
    6,
    21
  ],
  "latent_success_rate": [
    1.0,
    0.0,
    1.0,
    0.42857142857142855,
    0.9285714285714286,
    1.0,
    0.05084745762711865,
    1.0,
    0.0,
    1.0,
    1.0,
    1.0,
    0.0,
    0.0,
    1.0,
    1.0,
    0.0,
    0.0,
    1.0,
    0.875,
    0.0,
    1.0,
    0.6666666666666666,
    1.0
  ],
  "latent_success_count": [
    20,
    0,
    37,
    6,
    26,
    23,
    3,
    9,
    0,
    22,
    26,
    12,
    0,
    0,
    6,
    19,
    0,
    0,
    29,
    7,
    0,
    6,
    4,
    21
  ],
  "latent_true_mode_coverage": [
    1,
    0,
    1,
    3,
    2,
    1,
    3,
    1,
    0,
    3,
    1,
    1,
    0,
    0,
    3,
    2,
    0,
    0,
    3,
    2,
    0,
    2,
    2,
    1
  ]
}
