{
  "method": "offline_trajectory_bmd_proxy",
  "full_paper_ppo_steering": false,
  "uses_original_demonstrations": false,
  "uses_ground_truth_modes_for_training": false,
  "ground_truth_modes_used_for_posthoc_evaluation": true,
  "feature_kind": "kinematic",
  "pca_whiten": false,
  "clusterer": "gmm_full",
  "clusters": 24,
  "seed": 43,
  "episodes": 480,
  "successful_episodes": 276,
  "silhouette": 0.4241502534450005,
  "gmm_bic": 28863.290994561867,
  "nmi_all": 0.8388885265884932,
  "ari_all": 0.6876861123692839,
  "nmi_success": 0.8944449584573722,
  "ari_success": 0.8678437810001325,
  "purity_success": 0.8514492753623188,
  "occupied_latents": 24,
  "min_latent_size": 5,
  "max_latent_size": 61,
  "latent_occupancy": [
    28,
    15,
    61,
    46,
    30,
    23,
    28,
    13,
    14,
    8,
    22,
    29,
    13,
    15,
    9,
    8,
    10,
    23,
    27,
    26,
    6,
    8,
    13,
    5
  ],
  "latent_success_rate": [
    1.0,
    0.06666666666666667,
    1.0,
    0.0,
    0.9666666666666667,
    0.0,
    0.9285714285714286,
    0.5384615384615384,
    1.0,
    1.0,
    1.0,
    1.0,
    1.0,
    0.0,
    0.0,
    0.75,
    0.0,
    0.9565217391304348,
    0.0,
    0.0,
    0.6666666666666666,
    0.0,
    0.07692307692307693,
    1.0
  ],
  "latent_success_count": [
    28,
    1,
    61,
    0,
    29,
    0,
    26,
    7,
    14,
    8,
    22,
    29,
    13,
    0,
    0,
    6,
    0,
    22,
    0,
    0,
    4,
    0,
    1,
    5
  ],
  "latent_true_mode_coverage": [
    4,
    1,
    1,
    0,
    2,
    0,
    2,
    1,
    2,
    2,
    1,
    3,
    1,
    0,
    0,
    2,
    0,
    2,
    0,
    0,
    2,
    0,
    1,
    2
  ]
}
