{"stage": "ctm", "method": "minilmv2_relation", "epoch": 0, "ctm_loss": 0.04400018835440278, "pseudo_dsm_loss": 0.21653113141655922, "endpoint_anchor_loss": 0.0, "mode_gram_loss": 0.0, "endpoint_mmd_loss": 0.0, "selection_loss": 0.0656533014960587}
{"stage": "ctm", "method": "minilmv2_relation", "epoch": 25, "ctm_loss": 0.05271332897245884, "pseudo_dsm_loss": 0.20931086502969265, "endpoint_anchor_loss": 0.0, "mode_gram_loss": 0.0, "endpoint_mmd_loss": 0.0, "selection_loss": 0.0736444154754281}
{"stage": "ctm", "method": "minilmv2_relation", "epoch": 50, "ctm_loss": 0.04770365194417536, "pseudo_dsm_loss": 0.23142800107598305, "endpoint_anchor_loss": 0.0, "mode_gram_loss": 0.0, "endpoint_mmd_loss": 0.0, "selection_loss": 0.07084645205177367}
{"stage": "ctm", "method": "minilmv2_relation", "epoch": 75, "ctm_loss": 0.033476665150374174, "pseudo_dsm_loss": 0.20822575315833092, "endpoint_anchor_loss": 0.0, "mode_gram_loss": 0.0, "endpoint_mmd_loss": 0.0, "selection_loss": 0.054299240466207266}
{"stage": "ctm", "method": "minilmv2_relation", "epoch": 100, "ctm_loss": 0.03860927629284561, "pseudo_dsm_loss": 0.20610791072249413, "endpoint_anchor_loss": 0.0, "mode_gram_loss": 0.0, "endpoint_mmd_loss": 0.0, "selection_loss": 0.059220067365095025}
{"stage": "ctm", "method": "minilmv2_relation", "epoch": 125, "ctm_loss": 0.04361117898952216, "pseudo_dsm_loss": 0.1736939512193203, "endpoint_anchor_loss": 0.0, "mode_gram_loss": 0.0, "endpoint_mmd_loss": 0.0, "selection_loss": 0.06098057411145419}
{"stage": "ctm", "method": "minilmv2_relation", "epoch": 150, "ctm_loss": 0.02236089250072837, "pseudo_dsm_loss": 0.17385093495249748, "endpoint_anchor_loss": 0.0, "mode_gram_loss": 0.0, "endpoint_mmd_loss": 0.0, "selection_loss": 0.03974598599597812}
{"stage": "ctm", "method": "minilmv2_relation", "epoch": 175, "ctm_loss": 0.03526473930105567, "pseudo_dsm_loss": 0.14788611978292465, "endpoint_anchor_loss": 0.0, "mode_gram_loss": 0.0, "endpoint_mmd_loss": 0.0, "selection_loss": 0.05005335127934814}
{"stage": "ctm", "method": "minilmv2_relation", "epoch": 200, "ctm_loss": 0.06119951419532299, "pseudo_dsm_loss": 0.1938300058245659, "endpoint_anchor_loss": 0.0, "mode_gram_loss": 0.0, "endpoint_mmd_loss": 0.0, "selection_loss": 0.08058251477777958}
{"stage": "ctm", "method": "minilmv2_relation", "epoch": 225, "ctm_loss": 0.037560683907940984, "pseudo_dsm_loss": 0.1797538734972477, "endpoint_anchor_loss": 0.0, "mode_gram_loss": 0.0, "endpoint_mmd_loss": 0.0, "selection_loss": 0.055536071257665756}
{"stage": "ctm", "method": "minilmv2_relation", "epoch": 250, "ctm_loss": 0.03590223367791623, "pseudo_dsm_loss": 0.20702245831489563, "endpoint_anchor_loss": 0.0, "mode_gram_loss": 0.0, "endpoint_mmd_loss": 0.0, "selection_loss": 0.056604479509405795}
{"stage": "ctm", "method": "minilmv2_relation", "epoch": 275, "ctm_loss": 0.02793090627528727, "pseudo_dsm_loss": 0.1978517584502697, "endpoint_anchor_loss": 0.0, "mode_gram_loss": 0.0, "endpoint_mmd_loss": 0.0, "selection_loss": 0.04771608212031424}
{"stage": "ctm", "method": "minilmv2_relation", "epoch": 300, "ctm_loss": 0.03426426649093628, "pseudo_dsm_loss": 0.14402883872389793, "endpoint_anchor_loss": 0.0, "mode_gram_loss": 0.0, "endpoint_mmd_loss": 0.0, "selection_loss": 0.04866715036332607}
{"stage": "ctm", "method": "minilmv2_relation", "epoch": 325, "ctm_loss": 0.043105300748720765, "pseudo_dsm_loss": 0.15559539943933487, "endpoint_anchor_loss": 0.0, "mode_gram_loss": 0.0, "endpoint_mmd_loss": 0.0, "selection_loss": 0.05866484069265425}
{"stage": "ctm", "method": "minilmv2_relation", "epoch": 350, "ctm_loss": 0.06066320464015007, "pseudo_dsm_loss": 0.21153593808412552, "endpoint_anchor_loss": 0.0, "mode_gram_loss": 0.0, "endpoint_mmd_loss": 0.0, "selection_loss": 0.08181679844856263}
{"stage": "ctm", "method": "minilmv2_relation", "epoch": 375, "ctm_loss": 0.006726971361786127, "pseudo_dsm_loss": 0.20896606892347336, "endpoint_anchor_loss": 0.0, "mode_gram_loss": 0.0, "endpoint_mmd_loss": 0.0, "selection_loss": 0.027623578254133464}
{"stage": "ctm", "method": "minilmv2_relation", "epoch": 400, "ctm_loss": 0.03900307649746537, "pseudo_dsm_loss": 0.22220579534769058, "endpoint_anchor_loss": 0.0, "mode_gram_loss": 0.0, "endpoint_mmd_loss": 0.0, "selection_loss": 0.06122365603223443}
{"stage": "ctm", "method": "minilmv2_relation", "epoch": 425, "ctm_loss": 0.052144765853881836, "pseudo_dsm_loss": 0.15405555441975594, "endpoint_anchor_loss": 0.0, "mode_gram_loss": 0.0, "endpoint_mmd_loss": 0.0, "selection_loss": 0.06755032129585743}
{"stage": "ctm", "method": "minilmv2_relation", "epoch": 450, "ctm_loss": 0.020095903193578124, "pseudo_dsm_loss": 0.19792450964450836, "endpoint_anchor_loss": 0.0, "mode_gram_loss": 0.0, "endpoint_mmd_loss": 0.0, "selection_loss": 0.039888354158028966}
{"stage": "ctm", "method": "minilmv2_relation", "epoch": 475, "ctm_loss": 0.03658918524160981, "pseudo_dsm_loss": 0.2159394435584545, "endpoint_anchor_loss": 0.0, "mode_gram_loss": 0.0, "endpoint_mmd_loss": 0.0, "selection_loss": 0.058183129597455266}
{
  "method": "minilmv2_relation",
  "experiment_label": "demonstration_free_ctm",
  "demonstration_free": true,
  "ctm_data_source": "rollout",
  "ctm_balance_kind": "bmd_latent",
  "ctm_latent_labels": "logs/avoiding/bmd_velocity250/discovery/k16_seed42/discovery.npz",
  "ctm_success_only": false,
  "demonstration_mixture_probability": 0.0,
  "student_architecture": {
    "layers": 3,
    "embed_dim": 48,
    "heads": 3
  },
  "multi_noise": 1,
  "endpoint_weight": 0.0,
  "mode_balanced_sampling": false,
  "stratified_multitime": false,
  "initialization": {
    "teacher_layers": [
      0,
      1,
      2
    ],
    "selected_heads": [
      0,
      1,
      2
    ],
    "selected_channels": [
      0,
      1,
      2,
      3,
      4,
      6,
      7,
      8,
      10,
      11,
      12,
      13,
      14,
      15,
      16,
      17,
      18,
      19,
      20,
      21,
      22,
      23,
      25,
      27,
      28,
      29,
      30,
      31,
      32,
      33,
      34,
      35,
      36,
      37,
      38,
      39,
      40,
      41,
      42,
      43,
      44,
      46,
      47,
      48,
      50,
      51,
      52,
      53
    ],
    "method": "early",
    "load_max_abs_diff": 0.0,
    "pretrained_structure": "logs/avoiding/teacher_generated_minilmv2_repair_accuracy/velocity_w1/model/pretrain_epoch_0250.pth"
  },
  "uses_original_demonstrations": false,
  "uses_expert_actions": false,
  "demonstration_dir": null,
  "buffer": "logs/avoiding/bmd_velocity250/transfer_buffer.pt",
  "structure_dynamic_pretraining": false,
  "pretrain_epochs": 0,
  "ctm_epochs": 500,
  "ctm_dsm_weight": 0.1,
  "ctm_endpoint_anchor_weight": 0.0,
  "ctm_mode_weight": 0.0,
  "ctm_endpoint_mmd_weight": 0.0,
  "ctm_conditional_samples": 4,
  "ctm_milestones": [
    100,
    250,
    500
  ],
  "best_epoch": 375,
  "best_selection_loss": 0.027623578254133464
}
