pybullet build time: Jan 29 2025 23:16:28
/jet/home/qzhou7/workspace/anaconda3/envs/d3il/lib/python3.10/site-packages/hydra/_internal/defaults_list.py:251: UserWarning: In 'avoiding_config': Defaults list is missing `_self_`. See https://hydra.cc/docs/upgrades/1.0_to_1.1/default_composition_order for more information
  warnings.warn(msg, UserWarning)
Final IK error (78 iterations):  7.2858622740627195e-06
Final IK error (0 iterations):  7.2858622740627195e-06
{"rollout_progress": {"completed": 10, "total": 120, "successful_so_far": 9, "elapsed_seconds": 38.94129425600113, "finished": false}}
{"rollout_progress": {"completed": 20, "total": 120, "successful_so_far": 18, "elapsed_seconds": 79.18936568799836, "finished": false}}
{"rollout_progress": {"completed": 30, "total": 120, "successful_so_far": 27, "elapsed_seconds": 119.35363126700395, "finished": false}}
{"rollout_progress": {"completed": 40, "total": 120, "successful_so_far": 37, "elapsed_seconds": 159.80803223999828, "finished": false}}
{"rollout_progress": {"completed": 50, "total": 120, "successful_so_far": 47, "elapsed_seconds": 194.85049120499752, "finished": false}}
{"rollout_progress": {"completed": 60, "total": 120, "successful_so_far": 56, "elapsed_seconds": 230.3244039429992, "finished": false}}
{"rollout_progress": {"completed": 70, "total": 120, "successful_so_far": 66, "elapsed_seconds": 271.49548142000276, "finished": false}}
{"rollout_progress": {"completed": 80, "total": 120, "successful_so_far": 76, "elapsed_seconds": 308.2419841919982, "finished": false}}
{"rollout_progress": {"completed": 90, "total": 120, "successful_so_far": 85, "elapsed_seconds": 347.0278347580024, "finished": false}}
{"rollout_progress": {"completed": 100, "total": 120, "successful_so_far": 95, "elapsed_seconds": 388.33302673300204, "finished": false}}
{"rollout_progress": {"completed": 110, "total": 120, "successful_so_far": 105, "elapsed_seconds": 426.3747079750028, "finished": false}}
{"rollout_progress": {"completed": 120, "total": 120, "successful_so_far": 115, "elapsed_seconds": 465.29632539900194, "finished": true}}
{
  "Flow-Matching": {
    "n_trajectories": 120,
    "success_rate": 0.9583333333333334,
    "successful_trajectories": 115,
    "unique_successful_modes": 18,
    "normalized_mode_entropy": 0.7926845287656938
  }
}
