pybullet build time: Jan 29 2025 23:16:28
/jet/home/qzhou7/workspace/anaconda3/envs/d3il/lib/python3.10/site-packages/hydra/_internal/defaults_list.py:251: UserWarning: In 'avoiding_config': Defaults list is missing `_self_`. See https://hydra.cc/docs/upgrades/1.0_to_1.1/default_composition_order for more information
  warnings.warn(msg, UserWarning)
Final IK error (78 iterations):  7.2858622740627195e-06
Final IK error (0 iterations):  7.2858622740627195e-06
{"rollout_progress": {"completed": 10, "total": 120, "successful_so_far": 10, "elapsed_seconds": 58.828937524995126, "finished": false}}
{"rollout_progress": {"completed": 20, "total": 120, "successful_so_far": 20, "elapsed_seconds": 113.29546411799674, "finished": false}}
{"rollout_progress": {"completed": 30, "total": 120, "successful_so_far": 30, "elapsed_seconds": 168.4107285669961, "finished": false}}
{"rollout_progress": {"completed": 40, "total": 120, "successful_so_far": 39, "elapsed_seconds": 220.37297893399955, "finished": false}}
{"rollout_progress": {"completed": 50, "total": 120, "successful_so_far": 48, "elapsed_seconds": 266.5883460729965, "finished": false}}
{"rollout_progress": {"completed": 60, "total": 120, "successful_so_far": 58, "elapsed_seconds": 319.15995157, "finished": false}}
{"rollout_progress": {"completed": 70, "total": 120, "successful_so_far": 68, "elapsed_seconds": 377.7249136169994, "finished": false}}
{"rollout_progress": {"completed": 80, "total": 120, "successful_so_far": 77, "elapsed_seconds": 429.568190263999, "finished": false}}
{"rollout_progress": {"completed": 90, "total": 120, "successful_so_far": 86, "elapsed_seconds": 483.1244918750017, "finished": false}}
{"rollout_progress": {"completed": 100, "total": 120, "successful_so_far": 96, "elapsed_seconds": 537.0570991599961, "finished": false}}
{"rollout_progress": {"completed": 110, "total": 120, "successful_so_far": 106, "elapsed_seconds": 592.9476720489984, "finished": false}}
{"rollout_progress": {"completed": 120, "total": 120, "successful_so_far": 116, "elapsed_seconds": 652.0644039019971, "finished": true}}
{
  "Flow-Matching": {
    "n_trajectories": 120,
    "success_rate": 0.9666666666666667,
    "successful_trajectories": 116,
    "unique_successful_modes": 24,
    "normalized_mode_entropy": 0.9454734948255654
  }
}
