pybullet build time: Jan 29 2025 23:16:28
/jet/home/qzhou7/workspace/anaconda3/envs/d3il/lib/python3.10/site-packages/hydra/_internal/defaults_list.py:251: UserWarning: In 'avoiding_config': Defaults list is missing `_self_`. See https://hydra.cc/docs/upgrades/1.0_to_1.1/default_composition_order for more information
  warnings.warn(msg, UserWarning)
Final IK error (78 iterations):  7.2858622740627195e-06
Final IK error (0 iterations):  7.2858622740627195e-06
{"rollout_progress": {"completed": 10, "total": 120, "successful_so_far": 10, "elapsed_seconds": 44.21307484599674, "finished": false}}
{"rollout_progress": {"completed": 20, "total": 120, "successful_so_far": 20, "elapsed_seconds": 88.95818045699707, "finished": false}}
{"rollout_progress": {"completed": 30, "total": 120, "successful_so_far": 29, "elapsed_seconds": 136.8765403360012, "finished": false}}
{"rollout_progress": {"completed": 40, "total": 120, "successful_so_far": 38, "elapsed_seconds": 182.8613134900006, "finished": false}}
{"rollout_progress": {"completed": 50, "total": 120, "successful_so_far": 48, "elapsed_seconds": 223.71595124699525, "finished": false}}
{"rollout_progress": {"completed": 60, "total": 120, "successful_so_far": 58, "elapsed_seconds": 267.7874023760014, "finished": false}}
{"rollout_progress": {"completed": 70, "total": 120, "successful_so_far": 67, "elapsed_seconds": 311.4199037419967, "finished": false}}
{"rollout_progress": {"completed": 80, "total": 120, "successful_so_far": 77, "elapsed_seconds": 352.1281787830012, "finished": false}}
{"rollout_progress": {"completed": 90, "total": 120, "successful_so_far": 87, "elapsed_seconds": 394.9953628949952, "finished": false}}
{"rollout_progress": {"completed": 100, "total": 120, "successful_so_far": 97, "elapsed_seconds": 438.9945133069996, "finished": false}}
{"rollout_progress": {"completed": 110, "total": 120, "successful_so_far": 107, "elapsed_seconds": 483.4163075280012, "finished": false}}
{"rollout_progress": {"completed": 120, "total": 120, "successful_so_far": 115, "elapsed_seconds": 527.1193304369954, "finished": true}}
{
  "Flow-Matching": {
    "n_trajectories": 120,
    "success_rate": 0.9583333333333334,
    "successful_trajectories": 115,
    "unique_successful_modes": 23,
    "normalized_mode_entropy": 0.927267968147057
  }
}
