{"stage": "structure", "method": "activation_dynamic", "epoch": 0, "loss": 3.1092697978019714}
{"stage": "structure", "method": "activation_dynamic", "epoch": 25, "loss": 1.9285102784633636}
{"stage": "structure", "method": "activation_dynamic", "epoch": 50, "loss": 1.6279828548431396}
{"stage": "structure", "method": "activation_dynamic", "epoch": 75, "loss": 1.1081213653087616}
{"stage": "structure", "method": "activation_dynamic", "epoch": 100, "loss": 1.0111373960971832}
{"stage": "structure", "method": "activation_dynamic", "epoch": 125, "loss": 1.126462608575821}
{"stage": "structure", "method": "activation_dynamic", "epoch": 150, "loss": 0.6659135222434998}
{"stage": "structure", "method": "activation_dynamic", "epoch": 175, "loss": 0.8493140190839767}
{"stage": "structure", "method": "activation_dynamic", "epoch": 200, "loss": 0.6016892045736313}
{"stage": "structure", "method": "activation_dynamic", "epoch": 225, "loss": 0.8582632839679718}
{"stage": "structure", "method": "activation_dynamic", "epoch": 250, "loss": 0.7778701484203339}
{"stage": "structure", "method": "activation_dynamic", "epoch": 275, "loss": 0.694760300219059}
{"stage": "ctm", "method": "activation_dynamic", "epoch": 0, "ctm_loss": 0.06282680109143257, "pseudo_dsm_loss": 0.33385147899389267, "selection_loss": 0.09621194899082183}
{"stage": "ctm", "method": "activation_dynamic", "epoch": 25, "ctm_loss": 0.09083836805075407, "pseudo_dsm_loss": 0.39820103719830513, "selection_loss": 0.1306584717705846}
{"stage": "ctm", "method": "activation_dynamic", "epoch": 50, "ctm_loss": 0.059956356417387724, "pseudo_dsm_loss": 0.4676399379968643, "selection_loss": 0.10672035021707416}
{"stage": "ctm", "method": "activation_dynamic", "epoch": 75, "ctm_loss": 0.06544762570410967, "pseudo_dsm_loss": 0.41930436715483665, "selection_loss": 0.10737806241959333}
{"stage": "ctm", "method": "activation_dynamic", "epoch": 100, "ctm_loss": 0.045982810202986, "pseudo_dsm_loss": 0.31875255331397057, "selection_loss": 0.07785806553438307}
{"stage": "ctm", "method": "activation_dynamic", "epoch": 125, "ctm_loss": 0.047610563691705465, "pseudo_dsm_loss": 0.28954337537288666, "selection_loss": 0.07656490122899413}
{"stage": "ctm", "method": "activation_dynamic", "epoch": 150, "ctm_loss": 0.06687625404447317, "pseudo_dsm_loss": 0.31374630704522133, "selection_loss": 0.0982508847489953}
{"stage": "ctm", "method": "activation_dynamic", "epoch": 175, "ctm_loss": 0.06835185969248414, "pseudo_dsm_loss": 0.369172815233469, "selection_loss": 0.10526914121583104}
{"stage": "ctm", "method": "activation_dynamic", "epoch": 200, "ctm_loss": 0.0513943019323051, "pseudo_dsm_loss": 0.3338305354118347, "selection_loss": 0.08477735547348858}
{"stage": "ctm", "method": "activation_dynamic", "epoch": 225, "ctm_loss": 0.0488117691129446, "pseudo_dsm_loss": 0.23378466442227364, "selection_loss": 0.07219023555517197}
{"stage": "ctm", "method": "activation_dynamic", "epoch": 250, "ctm_loss": 0.05357756558805704, "pseudo_dsm_loss": 0.2799413036555052, "selection_loss": 0.08157169595360755}
{"stage": "ctm", "method": "activation_dynamic", "epoch": 275, "ctm_loss": 0.08308103634044528, "pseudo_dsm_loss": 0.4005473181605339, "selection_loss": 0.12313576815649868}
{"stage": "ctm", "method": "activation_dynamic", "epoch": 300, "ctm_loss": 0.047900011762976646, "pseudo_dsm_loss": 0.3278383780270815, "selection_loss": 0.0806838495656848}
{"stage": "ctm", "method": "activation_dynamic", "epoch": 325, "ctm_loss": 0.040308729745447636, "pseudo_dsm_loss": 0.28269027173519135, "selection_loss": 0.06857775691896677}
{"stage": "ctm", "method": "activation_dynamic", "epoch": 350, "ctm_loss": 0.04611917631700635, "pseudo_dsm_loss": 0.4009072780609131, "selection_loss": 0.08620990412309766}
{"stage": "ctm", "method": "activation_dynamic", "epoch": 375, "ctm_loss": 0.041523804888129234, "pseudo_dsm_loss": 0.3539278768002987, "selection_loss": 0.07691659256815911}
{"stage": "ctm", "method": "activation_dynamic", "epoch": 400, "ctm_loss": 0.057824148796498775, "pseudo_dsm_loss": 0.3351658470928669, "selection_loss": 0.09134073350578548}
{"stage": "ctm", "method": "activation_dynamic", "epoch": 425, "ctm_loss": 0.04240309167653322, "pseudo_dsm_loss": 0.31766869127750397, "selection_loss": 0.07416996080428362}
{"stage": "ctm", "method": "activation_dynamic", "epoch": 450, "ctm_loss": 0.04030385334044695, "pseudo_dsm_loss": 0.1651291511952877, "selection_loss": 0.05681676845997572}
{"stage": "ctm", "method": "activation_dynamic", "epoch": 475, "ctm_loss": 0.034483599942177534, "pseudo_dsm_loss": 0.2946900390088558, "selection_loss": 0.06395260384306312}
{
  "method": "activation_dynamic",
  "student_architecture": {
    "layers": 3,
    "embed_dim": 48,
    "heads": 3
  },
  "multi_noise": 1,
  "endpoint_weight": 0.0,
  "mode_balanced_sampling": false,
  "stratified_multitime": false,
  "initialization": {
    "teacher_layers": [
      0,
      2,
      3
    ],
    "selected_heads": [
      0,
      1,
      2
    ],
    "selected_channels": [
      0,
      1,
      2,
      3,
      4,
      6,
      7,
      8,
      10,
      11,
      12,
      13,
      14,
      15,
      16,
      17,
      18,
      19,
      20,
      21,
      22,
      23,
      25,
      27,
      28,
      29,
      30,
      31,
      32,
      33,
      34,
      35,
      36,
      37,
      38,
      39,
      40,
      41,
      42,
      43,
      44,
      46,
      47,
      48,
      50,
      51,
      52,
      53
    ],
    "method": "activation",
    "load_max_abs_diff": 0.0
  },
  "uses_original_demonstrations": false,
  "uses_expert_actions": false,
  "buffer": "logs/avoiding/teacher_generated_transfer/transfer_buffer.pt",
  "structure_dynamic_pretraining": true,
  "pretrain_epochs": 300,
  "ctm_epochs": 500,
  "best_epoch": 483,
  "best_selection_loss": 0.054933483712375164
}
