pybullet build time: Jan 29 2025 23:16:28
/jet/home/qzhou7/workspace/anaconda3/envs/d3il/lib/python3.10/site-packages/hydra/_internal/defaults_list.py:251: UserWarning: In 'avoiding_config': Defaults list is missing `_self_`. See https://hydra.cc/docs/upgrades/1.0_to_1.1/default_composition_order for more information
  warnings.warn(msg, UserWarning)
Final IK error (78 iterations):  7.2858622740646e-06
Final IK error (0 iterations):  7.2858622740646e-06
{"rollout_progress": {"completed": 10, "total": 120, "successful_so_far": 9, "elapsed_seconds": 39.77571239392273, "finished": false}}
{"rollout_progress": {"completed": 20, "total": 120, "successful_so_far": 17, "elapsed_seconds": 78.59172688494436, "finished": false}}
{"rollout_progress": {"completed": 30, "total": 120, "successful_so_far": 27, "elapsed_seconds": 121.52865029394161, "finished": false}}
{"rollout_progress": {"completed": 40, "total": 120, "successful_so_far": 37, "elapsed_seconds": 161.90341253695078, "finished": false}}
{"rollout_progress": {"completed": 50, "total": 120, "successful_so_far": 46, "elapsed_seconds": 203.00693841301836, "finished": false}}
{"rollout_progress": {"completed": 60, "total": 120, "successful_so_far": 55, "elapsed_seconds": 240.14401095092762, "finished": false}}
{"rollout_progress": {"completed": 70, "total": 120, "successful_so_far": 64, "elapsed_seconds": 278.04274823796004, "finished": false}}
{"rollout_progress": {"completed": 80, "total": 120, "successful_so_far": 73, "elapsed_seconds": 314.4907508059405, "finished": false}}
{"rollout_progress": {"completed": 90, "total": 120, "successful_so_far": 83, "elapsed_seconds": 355.12718143791426, "finished": false}}
{"rollout_progress": {"completed": 100, "total": 120, "successful_so_far": 92, "elapsed_seconds": 396.279148134985, "finished": false}}
{"rollout_progress": {"completed": 110, "total": 120, "successful_so_far": 102, "elapsed_seconds": 435.4798046660144, "finished": false}}
{"rollout_progress": {"completed": 120, "total": 120, "successful_so_far": 111, "elapsed_seconds": 471.66556541994214, "finished": true}}
{
  "Flow-Matching": {
    "n_trajectories": 120,
    "success_rate": 0.925,
    "successful_trajectories": 111,
    "unique_successful_modes": 21,
    "normalized_mode_entropy": 0.8662175130708247
  }
}
