pybullet build time: Jan 29 2025 23:16:28
/jet/home/qzhou7/workspace/anaconda3/envs/d3il/lib/python3.10/site-packages/hydra/_internal/defaults_list.py:251: UserWarning: In 'avoiding_config': Defaults list is missing `_self_`. See https://hydra.cc/docs/upgrades/1.0_to_1.1/default_composition_order for more information
  warnings.warn(msg, UserWarning)
Final IK error (78 iterations):  7.2858622740646e-06
Final IK error (0 iterations):  7.2858622740646e-06
{"rollout_progress": {"completed": 10, "total": 120, "successful_so_far": 10, "elapsed_seconds": 37.785589664941654, "finished": false}}
{"rollout_progress": {"completed": 20, "total": 120, "successful_so_far": 20, "elapsed_seconds": 77.5273657249054, "finished": false}}
{"rollout_progress": {"completed": 30, "total": 120, "successful_so_far": 30, "elapsed_seconds": 114.88454134797212, "finished": false}}
{"rollout_progress": {"completed": 40, "total": 120, "successful_so_far": 40, "elapsed_seconds": 155.24713229900226, "finished": false}}
{"rollout_progress": {"completed": 50, "total": 120, "successful_so_far": 48, "elapsed_seconds": 188.05255456198938, "finished": false}}
{"rollout_progress": {"completed": 60, "total": 120, "successful_so_far": 58, "elapsed_seconds": 224.28473679500166, "finished": false}}
{"rollout_progress": {"completed": 70, "total": 120, "successful_so_far": 65, "elapsed_seconds": 258.3806543959072, "finished": false}}
{"rollout_progress": {"completed": 80, "total": 120, "successful_so_far": 74, "elapsed_seconds": 295.07283299497794, "finished": false}}
{"rollout_progress": {"completed": 90, "total": 120, "successful_so_far": 83, "elapsed_seconds": 329.9665369299473, "finished": false}}
{"rollout_progress": {"completed": 100, "total": 120, "successful_so_far": 93, "elapsed_seconds": 367.1645929259248, "finished": false}}
{"rollout_progress": {"completed": 110, "total": 120, "successful_so_far": 101, "elapsed_seconds": 403.58388250297867, "finished": false}}
{"rollout_progress": {"completed": 120, "total": 120, "successful_so_far": 109, "elapsed_seconds": 439.8774608318927, "finished": true}}
{
  "Flow-Matching": {
    "n_trajectories": 120,
    "success_rate": 0.9083333333333333,
    "successful_trajectories": 109,
    "unique_successful_modes": 19,
    "normalized_mode_entropy": 0.784651046488195
  }
}
