pybullet build time: Jan 29 2025 23:16:28
/jet/home/qzhou7/workspace/anaconda3/envs/d3il/lib/python3.10/site-packages/hydra/_internal/defaults_list.py:251: UserWarning: In 'avoiding_config': Defaults list is missing `_self_`. See https://hydra.cc/docs/upgrades/1.0_to_1.1/default_composition_order for more information
  warnings.warn(msg, UserWarning)
Final IK error (78 iterations):  7.2858622740646e-06
Final IK error (0 iterations):  7.2858622740646e-06
{"rollout_progress": {"completed": 10, "total": 120, "successful_so_far": 10, "elapsed_seconds": 41.84443720197305, "finished": false}}
{"rollout_progress": {"completed": 20, "total": 120, "successful_so_far": 19, "elapsed_seconds": 79.91917420295067, "finished": false}}
{"rollout_progress": {"completed": 30, "total": 120, "successful_so_far": 29, "elapsed_seconds": 118.901447107899, "finished": false}}
{"rollout_progress": {"completed": 40, "total": 120, "successful_so_far": 38, "elapsed_seconds": 156.49116384494118, "finished": false}}
{"rollout_progress": {"completed": 50, "total": 120, "successful_so_far": 47, "elapsed_seconds": 196.41134970798157, "finished": false}}
{"rollout_progress": {"completed": 60, "total": 120, "successful_so_far": 57, "elapsed_seconds": 235.062113259919, "finished": false}}
{"rollout_progress": {"completed": 70, "total": 120, "successful_so_far": 66, "elapsed_seconds": 271.33076548192184, "finished": false}}
{"rollout_progress": {"completed": 80, "total": 120, "successful_so_far": 74, "elapsed_seconds": 306.3371055049356, "finished": false}}
{"rollout_progress": {"completed": 90, "total": 120, "successful_so_far": 84, "elapsed_seconds": 345.1581069129752, "finished": false}}
{"rollout_progress": {"completed": 100, "total": 120, "successful_so_far": 92, "elapsed_seconds": 384.2674217429012, "finished": false}}
{"rollout_progress": {"completed": 110, "total": 120, "successful_so_far": 102, "elapsed_seconds": 424.0504987789318, "finished": false}}
{"rollout_progress": {"completed": 120, "total": 120, "successful_so_far": 112, "elapsed_seconds": 464.0184475489659, "finished": true}}
{
  "Flow-Matching": {
    "n_trajectories": 120,
    "success_rate": 0.9333333333333333,
    "successful_trajectories": 112,
    "unique_successful_modes": 18,
    "normalized_mode_entropy": 0.7922069173982726
  }
}
