pybullet build time: Jan 29 2025 23:16:28
/jet/home/qzhou7/workspace/anaconda3/envs/d3il/lib/python3.10/site-packages/hydra/_internal/defaults_list.py:251: UserWarning: In 'avoiding_config': Defaults list is missing `_self_`. See https://hydra.cc/docs/upgrades/1.0_to_1.1/default_composition_order for more information
  warnings.warn(msg, UserWarning)
Final IK error (78 iterations):  7.2858622740646e-06
Final IK error (0 iterations):  7.2858622740646e-06
{"rollout_progress": {"completed": 10, "total": 120, "successful_so_far": 10, "elapsed_seconds": 38.94145563605707, "finished": false}}
{"rollout_progress": {"completed": 20, "total": 120, "successful_so_far": 20, "elapsed_seconds": 78.93974385201, "finished": false}}
{"rollout_progress": {"completed": 30, "total": 120, "successful_so_far": 30, "elapsed_seconds": 115.92232538107783, "finished": false}}
{"rollout_progress": {"completed": 40, "total": 120, "successful_so_far": 40, "elapsed_seconds": 157.45171776600182, "finished": false}}
{"rollout_progress": {"completed": 50, "total": 120, "successful_so_far": 49, "elapsed_seconds": 194.42493147100322, "finished": false}}
{"rollout_progress": {"completed": 60, "total": 120, "successful_so_far": 57, "elapsed_seconds": 229.7267059040023, "finished": false}}
{"rollout_progress": {"completed": 70, "total": 120, "successful_so_far": 65, "elapsed_seconds": 268.6309829209931, "finished": false}}
{"rollout_progress": {"completed": 80, "total": 120, "successful_so_far": 75, "elapsed_seconds": 306.740679665003, "finished": false}}
{"rollout_progress": {"completed": 90, "total": 120, "successful_so_far": 85, "elapsed_seconds": 346.356066760025, "finished": false}}
{"rollout_progress": {"completed": 100, "total": 120, "successful_so_far": 94, "elapsed_seconds": 384.1077739109751, "finished": false}}
{"rollout_progress": {"completed": 110, "total": 120, "successful_so_far": 103, "elapsed_seconds": 419.8391119170701, "finished": false}}
{"rollout_progress": {"completed": 120, "total": 120, "successful_so_far": 113, "elapsed_seconds": 458.2234372959938, "finished": true}}
{
  "Flow-Matching": {
    "n_trajectories": 120,
    "success_rate": 0.9416666666666667,
    "successful_trajectories": 113,
    "unique_successful_modes": 22,
    "normalized_mode_entropy": 0.8635155687395747
  }
}
