pybullet build time: Jan 29 2025 23:16:28
/jet/home/qzhou7/workspace/anaconda3/envs/d3il/lib/python3.10/site-packages/hydra/_internal/defaults_list.py:251: UserWarning: In 'avoiding_config': Defaults list is missing `_self_`. See https://hydra.cc/docs/upgrades/1.0_to_1.1/default_composition_order for more information
  warnings.warn(msg, UserWarning)
/jet/home/qzhou7/workspace/anaconda3/envs/d3il/lib/python3.10/site-packages/hydra/_internal/defaults_list.py:251: UserWarning: In 'avoiding_config': Defaults list is missing `_self_`. See https://hydra.cc/docs/upgrades/1.0_to_1.1/default_composition_order for more information
  warnings.warn(msg, UserWarning)
Final IK error (78 iterations):  7.2858622740646e-06
Final IK error (0 iterations):  7.2858622740646e-06
{"paired_progress": {"episode_start": 250, "completed": 10, "total": 250, "teacher_successes": 10, "student_successes": 8, "finished": false}}
{"paired_progress": {"episode_start": 250, "completed": 20, "total": 250, "teacher_successes": 20, "student_successes": 18, "finished": false}}
{"paired_progress": {"episode_start": 250, "completed": 30, "total": 250, "teacher_successes": 30, "student_successes": 25, "finished": false}}
{"paired_progress": {"episode_start": 250, "completed": 40, "total": 250, "teacher_successes": 39, "student_successes": 31, "finished": false}}
{"paired_progress": {"episode_start": 250, "completed": 50, "total": 250, "teacher_successes": 49, "student_successes": 41, "finished": false}}
{"paired_progress": {"episode_start": 250, "completed": 60, "total": 250, "teacher_successes": 58, "student_successes": 50, "finished": false}}
{"paired_progress": {"episode_start": 250, "completed": 70, "total": 250, "teacher_successes": 68, "student_successes": 58, "finished": false}}
{"paired_progress": {"episode_start": 250, "completed": 80, "total": 250, "teacher_successes": 78, "student_successes": 65, "finished": false}}
{"paired_progress": {"episode_start": 250, "completed": 90, "total": 250, "teacher_successes": 88, "student_successes": 73, "finished": false}}
{"paired_progress": {"episode_start": 250, "completed": 100, "total": 250, "teacher_successes": 98, "student_successes": 81, "finished": false}}
{"paired_progress": {"episode_start": 250, "completed": 110, "total": 250, "teacher_successes": 108, "student_successes": 88, "finished": false}}
{"paired_progress": {"episode_start": 250, "completed": 120, "total": 250, "teacher_successes": 118, "student_successes": 96, "finished": false}}
{"paired_progress": {"episode_start": 250, "completed": 130, "total": 250, "teacher_successes": 128, "student_successes": 103, "finished": false}}
{"paired_progress": {"episode_start": 250, "completed": 140, "total": 250, "teacher_successes": 137, "student_successes": 113, "finished": false}}
{"paired_progress": {"episode_start": 250, "completed": 150, "total": 250, "teacher_successes": 147, "student_successes": 117, "finished": false}}
{"paired_progress": {"episode_start": 250, "completed": 160, "total": 250, "teacher_successes": 157, "student_successes": 124, "finished": false}}
{"paired_progress": {"episode_start": 250, "completed": 170, "total": 250, "teacher_successes": 166, "student_successes": 131, "finished": false}}
{"paired_progress": {"episode_start": 250, "completed": 180, "total": 250, "teacher_successes": 176, "student_successes": 139, "finished": false}}
{"paired_progress": {"episode_start": 250, "completed": 190, "total": 250, "teacher_successes": 185, "student_successes": 148, "finished": false}}
{"paired_progress": {"episode_start": 250, "completed": 200, "total": 250, "teacher_successes": 193, "student_successes": 153, "finished": false}}
{"paired_progress": {"episode_start": 250, "completed": 210, "total": 250, "teacher_successes": 202, "student_successes": 159, "finished": false}}
{"paired_progress": {"episode_start": 250, "completed": 220, "total": 250, "teacher_successes": 212, "student_successes": 169, "finished": false}}
{"paired_progress": {"episode_start": 250, "completed": 230, "total": 250, "teacher_successes": 222, "student_successes": 176, "finished": false}}
{"paired_progress": {"episode_start": 250, "completed": 240, "total": 250, "teacher_successes": 232, "student_successes": 185, "finished": false}}
{"paired_progress": {"episode_start": 250, "completed": 250, "total": 250, "teacher_successes": 241, "student_successes": 194, "finished": true}}
