{
  "protocol": "Standard-120: require SR>=0.75 and coverage>=20; then maximize SR, coverage, entropy",
  "rows": [
    {
      "epoch": 50,
      "success_rate": 0.65,
      "coverage": 17,
      "entropy": 0.7732789607356614,
      "metrics": "logs/avoiding/p6_intervention_dagger_repair/h4_all/eval120_epoch50/metrics.json",
      "passed_gate": false
    },
    {
      "epoch": 100,
      "success_rate": 0.6333333333333333,
      "coverage": 16,
      "entropy": 0.7518668823777093,
      "metrics": "logs/avoiding/p6_intervention_dagger_repair/h4_all/eval120_epoch100/metrics.json"
    },
    {
      "epoch": 250,
      "success_rate": 0.6416666666666667,
      "coverage": 18,
      "entropy": 0.7849949624936478,
      "metrics": "logs/avoiding/p6_intervention_dagger_repair/h4_all/eval120_epoch250/metrics.json"
    }
  ],
  "selected": {
    "epoch": 50,
    "success_rate": 0.65,
    "coverage": 17,
    "entropy": 0.7732789607356614,
    "metrics": "logs/avoiding/p6_intervention_dagger_repair/h4_all/eval120_epoch50/metrics.json",
    "passed_gate": false
  }
}
