{"stage": "structure", "method": "early_combined", "epoch": 0, "loss": 3.556739362478256}
{"stage": "structure", "method": "early_combined", "epoch": 25, "loss": 1.8867731243371964}
{"stage": "structure", "method": "early_combined", "epoch": 50, "loss": 1.5037393170595168}
{"stage": "structure", "method": "early_combined", "epoch": 75, "loss": 1.252460708320141}
{"stage": "structure", "method": "early_combined", "epoch": 100, "loss": 1.0945977760851384}
{"stage": "structure", "method": "early_combined", "epoch": 125, "loss": 0.9842646083235741}
{"stage": "structure", "method": "early_combined", "epoch": 150, "loss": 0.9371967294812202}
{"stage": "structure", "method": "early_combined", "epoch": 175, "loss": 0.9563968580961227}
{"stage": "structure", "method": "early_combined", "epoch": 200, "loss": 0.9134521068632603}
{"stage": "structure", "method": "early_combined", "epoch": 225, "loss": 0.8955631665885448}
{"stage": "structure", "method": "early_combined", "epoch": 250, "loss": 0.8884255775809288}
{"stage": "structure", "method": "early_combined", "epoch": 275, "loss": 0.8299803283810615}
{"stage": "ctm", "method": "early_combined", "epoch": 0, "ctm_loss": 0.16406684648245573, "pseudo_dsm_loss": 0.5478167161345482, "selection_loss": 0.21884851809591055}
{"stage": "ctm", "method": "early_combined", "epoch": 25, "ctm_loss": 0.05801306199282408, "pseudo_dsm_loss": 0.25796668976545334, "selection_loss": 0.08380973096936942}
{"stage": "ctm", "method": "early_combined", "epoch": 50, "ctm_loss": 0.05760249961167574, "pseudo_dsm_loss": 0.3653906472027302, "selection_loss": 0.09414156433194876}
{"stage": "ctm", "method": "early_combined", "epoch": 75, "ctm_loss": 0.0650589819997549, "pseudo_dsm_loss": 0.29162120819091797, "selection_loss": 0.0942211028188467}
{"stage": "ctm", "method": "early_combined", "epoch": 100, "ctm_loss": 0.05957883317023516, "pseudo_dsm_loss": 0.34704434126615524, "selection_loss": 0.09428326729685069}
{"stage": "ctm", "method": "early_combined", "epoch": 125, "ctm_loss": 0.054241036996245384, "pseudo_dsm_loss": 0.335283488035202, "selection_loss": 0.08776938579976559}
{"stage": "ctm", "method": "early_combined", "epoch": 150, "ctm_loss": 0.06276888772845268, "pseudo_dsm_loss": 0.3075976390391588, "selection_loss": 0.09352865163236856}
{"stage": "ctm", "method": "early_combined", "epoch": 175, "ctm_loss": 0.04719546064734459, "pseudo_dsm_loss": 0.3860762417316437, "selection_loss": 0.08580308482050897}
{"stage": "ctm", "method": "early_combined", "epoch": 200, "ctm_loss": 0.0997886206023395, "pseudo_dsm_loss": 0.41114897280931473, "selection_loss": 0.140903517883271}
{"stage": "ctm", "method": "early_combined", "epoch": 225, "ctm_loss": 0.03891669353470206, "pseudo_dsm_loss": 0.24186871573328972, "selection_loss": 0.06310356510803103}
{"stage": "ctm", "method": "early_combined", "epoch": 250, "ctm_loss": 0.076984035782516, "pseudo_dsm_loss": 0.26792894676327705, "selection_loss": 0.1037769304588437}
{"stage": "ctm", "method": "early_combined", "epoch": 275, "ctm_loss": 0.04991364665329456, "pseudo_dsm_loss": 0.23965729214251041, "selection_loss": 0.0738793758675456}
{"stage": "ctm", "method": "early_combined", "epoch": 300, "ctm_loss": 0.05469077359884977, "pseudo_dsm_loss": 0.3503015823662281, "selection_loss": 0.08972093183547258}
{"stage": "ctm", "method": "early_combined", "epoch": 325, "ctm_loss": 0.035012346226722, "pseudo_dsm_loss": 0.43600038439035416, "selection_loss": 0.07861238466575743}
{"stage": "ctm", "method": "early_combined", "epoch": 350, "ctm_loss": 0.04601757042109966, "pseudo_dsm_loss": 0.2926685381680727, "selection_loss": 0.07528442423790693}
{"stage": "ctm", "method": "early_combined", "epoch": 375, "ctm_loss": 0.04855611966922879, "pseudo_dsm_loss": 0.29800381511449814, "selection_loss": 0.0783565011806786}
{"stage": "ctm", "method": "early_combined", "epoch": 400, "ctm_loss": 0.04366941470652819, "pseudo_dsm_loss": 0.2461876142770052, "selection_loss": 0.0682881761342287}
{"stage": "ctm", "method": "early_combined", "epoch": 425, "ctm_loss": 0.05735017545521259, "pseudo_dsm_loss": 0.2530904859304428, "selection_loss": 0.08265922404825687}
{"stage": "ctm", "method": "early_combined", "epoch": 450, "ctm_loss": 0.06794808339327574, "pseudo_dsm_loss": 0.2977869864553213, "selection_loss": 0.09772678203880787}
{"stage": "ctm", "method": "early_combined", "epoch": 475, "ctm_loss": 0.07985484972596169, "pseudo_dsm_loss": 0.36845989525318146, "selection_loss": 0.11670083925127983}
{
  "method": "early_combined",
  "student_architecture": {
    "layers": 3,
    "embed_dim": 48,
    "heads": 3
  },
  "multi_noise": 4,
  "endpoint_weight": 0.03,
  "mode_balanced_sampling": true,
  "stratified_multitime": true,
  "initialization": {
    "teacher_layers": [
      0,
      1,
      2
    ],
    "selected_heads": [
      0,
      1,
      2
    ],
    "selected_channels": [
      0,
      1,
      2,
      3,
      4,
      6,
      7,
      8,
      10,
      11,
      12,
      13,
      14,
      15,
      16,
      17,
      18,
      19,
      20,
      21,
      22,
      23,
      25,
      27,
      28,
      29,
      30,
      31,
      32,
      33,
      34,
      35,
      36,
      37,
      38,
      39,
      40,
      41,
      42,
      43,
      44,
      46,
      47,
      48,
      50,
      51,
      52,
      53
    ],
    "method": "early",
    "load_max_abs_diff": 0.0
  },
  "uses_original_demonstrations": false,
  "uses_expert_actions": false,
  "buffer": "logs/avoiding/teacher_generated_transfer/transfer_buffer.pt",
  "structure_dynamic_pretraining": true,
  "pretrain_epochs": 300,
  "ctm_epochs": 500,
  "best_epoch": 497,
  "best_selection_loss": 0.057188468426465994
}
