pybullet build time: Jan 29 2025 23:16:28
/jet/home/qzhou7/workspace/anaconda3/envs/d3il/lib/python3.10/site-packages/hydra/_internal/defaults_list.py:251: UserWarning: In 'avoiding_config': Defaults list is missing `_self_`. See https://hydra.cc/docs/upgrades/1.0_to_1.1/default_composition_order for more information
  warnings.warn(msg, UserWarning)
Final IK error (78 iterations):  7.2858622740646e-06
Final IK error (0 iterations):  7.2858622740646e-06
{"rollout_progress": {"completed": 10, "total": 120, "successful_so_far": 10, "elapsed_seconds": 37.62944649299607, "finished": false}}
{"rollout_progress": {"completed": 20, "total": 120, "successful_so_far": 18, "elapsed_seconds": 69.20744348003063, "finished": false}}
{"rollout_progress": {"completed": 30, "total": 120, "successful_so_far": 28, "elapsed_seconds": 106.9667710660724, "finished": false}}
{"rollout_progress": {"completed": 40, "total": 120, "successful_so_far": 37, "elapsed_seconds": 141.64404085406568, "finished": false}}
{"rollout_progress": {"completed": 50, "total": 120, "successful_so_far": 45, "elapsed_seconds": 175.8379275900079, "finished": false}}
{"rollout_progress": {"completed": 60, "total": 120, "successful_so_far": 54, "elapsed_seconds": 211.4133214140311, "finished": false}}
{"rollout_progress": {"completed": 70, "total": 120, "successful_so_far": 62, "elapsed_seconds": 243.64600150706246, "finished": false}}
{"rollout_progress": {"completed": 80, "total": 120, "successful_so_far": 72, "elapsed_seconds": 278.75882602704223, "finished": false}}
{"rollout_progress": {"completed": 90, "total": 120, "successful_so_far": 80, "elapsed_seconds": 312.8428906130139, "finished": false}}
{"rollout_progress": {"completed": 100, "total": 120, "successful_so_far": 89, "elapsed_seconds": 347.2912451099837, "finished": false}}
{"rollout_progress": {"completed": 110, "total": 120, "successful_so_far": 99, "elapsed_seconds": 383.1709266700782, "finished": false}}
{"rollout_progress": {"completed": 120, "total": 120, "successful_so_far": 109, "elapsed_seconds": 421.3148146100575, "finished": true}}
{
  "Flow-Matching": {
    "n_trajectories": 120,
    "success_rate": 0.9083333333333333,
    "successful_trajectories": 109,
    "unique_successful_modes": 12,
    "normalized_mode_entropy": 0.49324110576557123
  }
}
