pybullet build time: Jan 29 2025 23:16:28
/jet/home/qzhou7/workspace/anaconda3/envs/d3il/lib/python3.10/site-packages/hydra/_internal/defaults_list.py:251: UserWarning: In 'avoiding_config': Defaults list is missing `_self_`. See https://hydra.cc/docs/upgrades/1.0_to_1.1/default_composition_order for more information
  warnings.warn(msg, UserWarning)
Final IK error (78 iterations):  7.2858622740646e-06
Final IK error (0 iterations):  7.2858622740646e-06
{"rollout_progress": {"completed": 10, "total": 120, "successful_so_far": 8, "elapsed_seconds": 35.38755598803982, "finished": false}}
{"rollout_progress": {"completed": 20, "total": 120, "successful_so_far": 17, "elapsed_seconds": 69.42142819904257, "finished": false}}
{"rollout_progress": {"completed": 30, "total": 120, "successful_so_far": 25, "elapsed_seconds": 103.71092120802496, "finished": false}}
{"rollout_progress": {"completed": 40, "total": 120, "successful_so_far": 34, "elapsed_seconds": 140.71003377402667, "finished": false}}
{"rollout_progress": {"completed": 50, "total": 120, "successful_so_far": 43, "elapsed_seconds": 176.79520494909957, "finished": false}}
{"rollout_progress": {"completed": 60, "total": 120, "successful_so_far": 52, "elapsed_seconds": 212.227807348012, "finished": false}}
{"rollout_progress": {"completed": 70, "total": 120, "successful_so_far": 61, "elapsed_seconds": 248.38800737005658, "finished": false}}
{"rollout_progress": {"completed": 80, "total": 120, "successful_so_far": 69, "elapsed_seconds": 282.39290002407506, "finished": false}}
{"rollout_progress": {"completed": 90, "total": 120, "successful_so_far": 78, "elapsed_seconds": 315.1997425870504, "finished": false}}
{"rollout_progress": {"completed": 100, "total": 120, "successful_so_far": 85, "elapsed_seconds": 347.3018070490798, "finished": false}}
{"rollout_progress": {"completed": 110, "total": 120, "successful_so_far": 93, "elapsed_seconds": 381.63888111303095, "finished": false}}
{"rollout_progress": {"completed": 120, "total": 120, "successful_so_far": 102, "elapsed_seconds": 416.5971930749947, "finished": true}}
{
  "Flow-Matching": {
    "n_trajectories": 120,
    "success_rate": 0.85,
    "successful_trajectories": 102,
    "unique_successful_modes": 10,
    "normalized_mode_entropy": 0.48711385836256166
  }
}
