pybullet build time: Jan 29 2025 23:16:28
/jet/home/qzhou7/workspace/anaconda3/envs/d3il/lib/python3.10/site-packages/hydra/_internal/defaults_list.py:251: UserWarning: In 'avoiding_config': Defaults list is missing `_self_`. See https://hydra.cc/docs/upgrades/1.0_to_1.1/default_composition_order for more information
  warnings.warn(msg, UserWarning)
Final IK error (78 iterations):  7.2858622740646e-06
Final IK error (0 iterations):  7.2858622740646e-06
{"rollout_progress": {"completed": 10, "total": 120, "successful_so_far": 7, "elapsed_seconds": 34.0004492510343, "finished": false}}
{"rollout_progress": {"completed": 20, "total": 120, "successful_so_far": 17, "elapsed_seconds": 70.25468197802547, "finished": false}}
{"rollout_progress": {"completed": 30, "total": 120, "successful_so_far": 23, "elapsed_seconds": 103.49352815200109, "finished": false}}
{"rollout_progress": {"completed": 40, "total": 120, "successful_so_far": 29, "elapsed_seconds": 136.82532252406236, "finished": false}}
{"rollout_progress": {"completed": 50, "total": 120, "successful_so_far": 38, "elapsed_seconds": 169.4753995060455, "finished": false}}
{"rollout_progress": {"completed": 60, "total": 120, "successful_so_far": 47, "elapsed_seconds": 205.72969671699684, "finished": false}}
{"rollout_progress": {"completed": 70, "total": 120, "successful_so_far": 55, "elapsed_seconds": 240.1292703259969, "finished": false}}
{"rollout_progress": {"completed": 80, "total": 120, "successful_so_far": 62, "elapsed_seconds": 276.96784396097064, "finished": false}}
{"rollout_progress": {"completed": 90, "total": 120, "successful_so_far": 70, "elapsed_seconds": 310.3963324649958, "finished": false}}
{"rollout_progress": {"completed": 100, "total": 120, "successful_so_far": 77, "elapsed_seconds": 344.219154795981, "finished": false}}
{"rollout_progress": {"completed": 110, "total": 120, "successful_so_far": 83, "elapsed_seconds": 375.33699015306775, "finished": false}}
{"rollout_progress": {"completed": 120, "total": 120, "successful_so_far": 93, "elapsed_seconds": 410.80263509601355, "finished": true}}
{
  "Flow-Matching": {
    "n_trajectories": 120,
    "success_rate": 0.775,
    "successful_trajectories": 93,
    "unique_successful_modes": 8,
    "normalized_mode_entropy": 0.5038206149631284
  }
}
