pybullet build time: Jan 29 2025 23:16:28
/jet/home/qzhou7/workspace/anaconda3/envs/d3il/lib/python3.10/site-packages/hydra/_internal/defaults_list.py:251: UserWarning: In 'avoiding_config': Defaults list is missing `_self_`. See https://hydra.cc/docs/upgrades/1.0_to_1.1/default_composition_order for more information
  warnings.warn(msg, UserWarning)
Final IK error (78 iterations):  7.2858622740646e-06
Final IK error (0 iterations):  7.2858622740646e-06
{"rollout_progress": {"completed": 10, "total": 120, "successful_so_far": 9, "elapsed_seconds": 38.12386068305932, "finished": false}}
{"rollout_progress": {"completed": 20, "total": 120, "successful_so_far": 19, "elapsed_seconds": 75.72827795206103, "finished": false}}
{"rollout_progress": {"completed": 30, "total": 120, "successful_so_far": 27, "elapsed_seconds": 110.60907400003634, "finished": false}}
{"rollout_progress": {"completed": 40, "total": 120, "successful_so_far": 34, "elapsed_seconds": 144.2545390180312, "finished": false}}
{"rollout_progress": {"completed": 50, "total": 120, "successful_so_far": 41, "elapsed_seconds": 175.45598651200999, "finished": false}}
{"rollout_progress": {"completed": 60, "total": 120, "successful_so_far": 48, "elapsed_seconds": 207.43587852898054, "finished": false}}
{"rollout_progress": {"completed": 70, "total": 120, "successful_so_far": 56, "elapsed_seconds": 243.50353528303094, "finished": false}}
{"rollout_progress": {"completed": 80, "total": 120, "successful_so_far": 63, "elapsed_seconds": 277.4665027980227, "finished": false}}
{"rollout_progress": {"completed": 90, "total": 120, "successful_so_far": 71, "elapsed_seconds": 311.9164223279804, "finished": false}}
{"rollout_progress": {"completed": 100, "total": 120, "successful_so_far": 81, "elapsed_seconds": 347.58328516804613, "finished": false}}
{"rollout_progress": {"completed": 110, "total": 120, "successful_so_far": 91, "elapsed_seconds": 382.3331530360738, "finished": false}}
{"rollout_progress": {"completed": 120, "total": 120, "successful_so_far": 99, "elapsed_seconds": 416.7339181860443, "finished": true}}
{
  "Flow-Matching": {
    "n_trajectories": 120,
    "success_rate": 0.825,
    "successful_trajectories": 99,
    "unique_successful_modes": 10,
    "normalized_mode_entropy": 0.5311984421369285
  }
}
